Archive member included to satisfy reference by file (symbol)

c:/intelfpga/17.1/nios2eds/bin/gnu/h-x86_64-mingw32/bin/../lib/gcc/nios2-elf/5.3.0\libgcc.a(lib2-divmod.o)
                              obj/default/src/isr.o (__modsi3)
c:/intelfpga/17.1/nios2eds/bin/gnu/h-x86_64-mingw32/bin/../lib/gcc/nios2-elf/5.3.0/../../../../../H-x86_64-mingw32/nios2-elf/lib\libc.a(lib_a-exit.o)
                              obj/default/src/alt_ucosii_simple_error_check.o (exit)
c:/intelfpga/17.1/nios2eds/bin/gnu/h-x86_64-mingw32/bin/../lib/gcc/nios2-elf/5.3.0/../../../../../H-x86_64-mingw32/nios2-elf/lib\libc.a(lib_a-fprintf.o)
                              obj/default/src/alt_ucosii_simple_error_check.o (fprintf)
c:/intelfpga/17.1/nios2eds/bin/gnu/h-x86_64-mingw32/bin/../lib/gcc/nios2-elf/5.3.0/../../../../../H-x86_64-mingw32/nios2-elf/lib\libc.a(lib_a-fwrite.o)
                              obj/default/src/alt_ucosii_simple_error_check.o (fwrite)
c:/intelfpga/17.1/nios2eds/bin/gnu/h-x86_64-mingw32/bin/../lib/gcc/nios2-elf/5.3.0/../../../../../H-x86_64-mingw32/nios2-elf/lib\libc.a(lib_a-impure.o)
                              c:/intelfpga/17.1/nios2eds/bin/gnu/h-x86_64-mingw32/bin/../lib/gcc/nios2-elf/5.3.0/../../../../../H-x86_64-mingw32/nios2-elf/lib\libc.a(lib_a-exit.o) (_global_impure_ptr)
c:/intelfpga/17.1/nios2eds/bin/gnu/h-x86_64-mingw32/bin/../lib/gcc/nios2-elf/5.3.0/../../../../../H-x86_64-mingw32/nios2-elf/lib\libc.a(lib_a-printf.o)
                              obj/default/src/isr.o (printf)
c:/intelfpga/17.1/nios2eds/bin/gnu/h-x86_64-mingw32/bin/../lib/gcc/nios2-elf/5.3.0/../../../../../H-x86_64-mingw32/nios2-elf/lib\libc.a(lib_a-puts.o)
                              obj/default/src/alt_ucosii_simple_error_check.o (puts)
c:/intelfpga/17.1/nios2eds/bin/gnu/h-x86_64-mingw32/bin/../lib/gcc/nios2-elf/5.3.0/../../../../../H-x86_64-mingw32/nios2-elf/lib\libc.a(lib_a-sprintf.o)
                              obj/default/src/sdcard.o (sprintf)
c:/intelfpga/17.1/nios2eds/bin/gnu/h-x86_64-mingw32/bin/../lib/gcc/nios2-elf/5.3.0/../../../../../H-x86_64-mingw32/nios2-elf/lib\libc.a(lib_a-strcpy.o)
                              obj/default/src/sdcard.o (strcpy)
c:/intelfpga/17.1/nios2eds/bin/gnu/h-x86_64-mingw32/bin/../lib/gcc/nios2-elf/5.3.0/../../../../../H-x86_64-mingw32/nios2-elf/lib\libc.a(lib_a-strlen.o)
                              c:/intelfpga/17.1/nios2eds/bin/gnu/h-x86_64-mingw32/bin/../lib/gcc/nios2-elf/5.3.0/../../../../../H-x86_64-mingw32/nios2-elf/lib\libc.a(lib_a-puts.o) (strlen)
c:/intelfpga/17.1/nios2eds/bin/gnu/h-x86_64-mingw32/bin/../lib/gcc/nios2-elf/5.3.0/../../../../../H-x86_64-mingw32/nios2-elf/lib\libc.a(lib_a-strstr.o)
                              obj/default/src/sdcard.o (strstr)
c:/intelfpga/17.1/nios2eds/bin/gnu/h-x86_64-mingw32/bin/../lib/gcc/nios2-elf/5.3.0/../../../../../H-x86_64-mingw32/nios2-elf/lib\libc.a(lib_a-svfprintf.o)
                              c:/intelfpga/17.1/nios2eds/bin/gnu/h-x86_64-mingw32/bin/../lib/gcc/nios2-elf/5.3.0/../../../../../H-x86_64-mingw32/nios2-elf/lib\libc.a(lib_a-sprintf.o) (___svfprintf_internal_r)
c:/intelfpga/17.1/nios2eds/bin/gnu/h-x86_64-mingw32/bin/../lib/gcc/nios2-elf/5.3.0/../../../../../H-x86_64-mingw32/nios2-elf/lib\libc.a(lib_a-vfprintf.o)
                              c:/intelfpga/17.1/nios2eds/bin/gnu/h-x86_64-mingw32/bin/../lib/gcc/nios2-elf/5.3.0/../../../../../H-x86_64-mingw32/nios2-elf/lib\libc.a(lib_a-printf.o) (___vfprintf_internal_r)
c:/intelfpga/17.1/nios2eds/bin/gnu/h-x86_64-mingw32/bin/../lib/gcc/nios2-elf/5.3.0/../../../../../H-x86_64-mingw32/nios2-elf/lib\libc.a(lib_a-wsetup.o)
                              c:/intelfpga/17.1/nios2eds/bin/gnu/h-x86_64-mingw32/bin/../lib/gcc/nios2-elf/5.3.0/../../../../../H-x86_64-mingw32/nios2-elf/lib\libc.a(lib_a-vfprintf.o) (__swsetup_r)
c:/intelfpga/17.1/nios2eds/bin/gnu/h-x86_64-mingw32/bin/../lib/gcc/nios2-elf/5.3.0/../../../../../H-x86_64-mingw32/nios2-elf/lib\libc.a(lib_a-__call_atexit.o)
                              c:/intelfpga/17.1/nios2eds/bin/gnu/h-x86_64-mingw32/bin/../lib/gcc/nios2-elf/5.3.0/../../../../../H-x86_64-mingw32/nios2-elf/lib\libc.a(lib_a-exit.o) (__call_exitprocs)
c:/intelfpga/17.1/nios2eds/bin/gnu/h-x86_64-mingw32/bin/../lib/gcc/nios2-elf/5.3.0/../../../../../H-x86_64-mingw32/nios2-elf/lib\libc.a(lib_a-dtoa.o)
                              c:/intelfpga/17.1/nios2eds/bin/gnu/h-x86_64-mingw32/bin/../lib/gcc/nios2-elf/5.3.0/../../../../../H-x86_64-mingw32/nios2-elf/lib\libc.a(lib_a-svfprintf.o) (_dtoa_r)
c:/intelfpga/17.1/nios2eds/bin/gnu/h-x86_64-mingw32/bin/../lib/gcc/nios2-elf/5.3.0/../../../../../H-x86_64-mingw32/nios2-elf/lib\libc.a(lib_a-fflush.o)
                              c:/intelfpga/17.1/nios2eds/bin/gnu/h-x86_64-mingw32/bin/../lib/gcc/nios2-elf/5.3.0/../../../../../H-x86_64-mingw32/nios2-elf/lib\libc.a(lib_a-vfprintf.o) (_fflush_r)
[...]
Memory Configuration

Name             Origin             Length             Attributes
reset            0x0000000000000000 0x0000000000000020
sdram            0x0000000000000020 0x0000000007ffffe0
flash_controller 0x0000000008000000 0x0000000000800000
onchip_memory    0x0000000008800000 0x0000000000008000
*default*        0x0000000000000000 0xffffffffffffffff

Linker script and memory map

LOAD C:/Users/dagarbl2/Documents/GitHub/proyecto_CHS/software/nios_software_bsp//obj/HAL/src/crt0.o
LOAD obj/default/main.o
LOAD obj/default/src/alt_ucosii_simple_error_check.o
LOAD obj/default/src/app_config.o
LOAD obj/default/src/isr.o
LOAD obj/default/src/sdcard.o
LOAD obj/default/src/task_config.o
LOAD c:/intelfpga/17.1/nios2eds/bin/gnu/h-x86_64-mingw32/bin/../lib/gcc/nios2-elf/5.3.0/../../../../../H-x86_64-mingw32/nios2-elf/lib\libstdc++.a
LOAD c:/intelfpga/17.1/nios2eds/bin/gnu/h-x86_64-mingw32/bin/../lib/gcc/nios2-elf/5.3.0/../../../../../H-x86_64-mingw32/nios2-elf/lib\libm.a
LOAD c:/intelfpga/17.1/nios2eds/bin/gnu/h-x86_64-mingw32/bin/../lib/gcc/nios2-elf/5.3.0\libgcc.a
START GROUP
LOAD c:/intelfpga/17.1/nios2eds/bin/gnu/h-x86_64-mingw32/bin/../lib/gcc/nios2-elf/5.3.0/../../../../../H-x86_64-mingw32/nios2-elf/lib\libc.a
LOAD c:/intelfpga/17.1/nios2eds/bin/gnu/h-x86_64-mingw32/bin/../lib/gcc/nios2-elf/5.3.0\libgcc.a
LOAD C:/Users/dagarbl2/Documents/GitHub/proyecto_CHS/software/nios_software_bsp/\libucosii_bsp.a
LOAD c:/intelfpga/17.1/nios2eds/bin/gnu/h-x86_64-mingw32/bin/../lib/gcc/nios2-elf/5.3.0/../../../../../H-x86_64-mingw32/nios2-elf/lib\libm.a
END GROUP
LOAD c:/intelfpga/17.1/nios2eds/bin/gnu/h-x86_64-mingw32/bin/../lib/gcc/nios2-elf/5.3.0\libgcc.a
                0x0000000000000000                __alt_mem_sdram = 0x0
                0x0000000008000000                __alt_mem_flash_controller = 0x8000000
                0x0000000008800000                __alt_mem_onchip_memory = 0x8800000

.entry          0x0000000000000000       0x20
 *(.entry)
 .entry         0x0000000000000000       0x20 C:/Users/dagarbl2/Documents/GitHub/proyecto_CHS/software/nios_software_bsp//obj/HAL/src/crt0.o
                0x0000000000000000                __reset

.exceptions     0x0000000000000020      0x228
                0x0000000000000020                PROVIDE (__ram_exceptions_start, ABSOLUTE (.))
                0x0000000000000020                . = ALIGN (0x20)
 *(.irq)
 *(.exceptions.entry.label)
 .exceptions.entry.label
                0x0000000000000020        0x0 C:/Users/dagarbl2/Documents/GitHub/proyecto_CHS/software/nios_software_bsp/\libucosii_bsp.a(alt_irq_entry.o)
                0x0000000000000020                alt_irq_entry
 .exceptions.entry.label
                0x0000000000000020        0x0 C:/Users/dagarbl2/Documents/GitHub/proyecto_CHS/software/nios_software_bsp/\libucosii_bsp.a(alt_exception_entry.o)
                0x0000000000000020                alt_exception
 *(.exceptions.entry.user)
 *(.exceptions.entry.ecc_fatal)
 *(.exceptions.entry)
 .exceptions.entry
                0x0000000000000020       0x54 C:/Users/dagarbl2/Documents/GitHub/proyecto_CHS/software/nios_software_bsp/\libucosii_bsp.a(alt_exception_entry.o)
 *(.exceptions.irqtest.user)
 *(.exceptions.irqtest)
 .exceptions.irqtest
                0x0000000000000074       0x10 C:/Users/dagarbl2/Documents/GitHub/proyecto_CHS/software/nios_software_bsp/\libucosii_bsp.a(alt_irq_entry.o)
 *(.exceptions.irqhandler.user)
 *(.exceptions.irqhandler)
 .exceptions.irqhandler
                0x0000000000000084        0x4 C:/Users/dagarbl2/Documents/GitHub/proyecto_CHS/software/nios_software_bsp/\libucosii_bsp.a(alt_irq_entry.o)
 *(.exceptions.irqreturn.user)
 *(.exceptions.irqreturn)
 .exceptions.irqreturn
                0x0000000000000088        0x4 C:/Users/dagarbl2/Documents/GitHub/proyecto_CHS/software/nios_software_bsp/\libucosii_bsp.a(alt_irq_entry.o)
 *(.exceptions.notirq.label)
 .exceptions.notirq.label
                0x000000000000008c        0x0 C:/Users/dagarbl2/Documents/GitHub/proyecto_CHS/software/nios_software_bsp/\libucosii_bsp.a(alt_irq_entry.o)
 *(.exceptions.notirq.user)
 *(.exceptions.notirq)
 .exceptions.notirq
                0x000000000000008c        0x8 C:/Users/dagarbl2/Documents/GitHub/proyecto_CHS/software/nios_software_bsp/\libucosii_bsp.a(alt_exception_entry.o)
 *(.exceptions.soft.user)
 *(.exceptions.soft)
 *(.exceptions.unknown.user)
 *(.exceptions.unknown)
 .exceptions.unknown
                0x0000000000000094       0x14 C:/Users/dagarbl2/Documents/GitHub/proyecto_CHS/software/nios_software_bsp/\libucosii_bsp.a(alt_exception_entry.o)
 *(.exceptions.exit.label)
 .exceptions.exit.label
                0x00000000000000a8        0x0 C:/Users/dagarbl2/Documents/GitHub/proyecto_CHS/software/nios_software_bsp/\libucosii_bsp.a(alt_irq_entry.o)
 .exceptions.exit.label
                0x00000000000000a8        0x0 C:/Users/dagarbl2/Documents/GitHub/proyecto_CHS/software/nios_software_bsp/\libucosii_bsp.a(alt_exception_entry.o)
 *(.exceptions.exit.user)
 *(.exceptions.exit)
 .exceptions.exit
                0x00000000000000a8       0x54 C:/Users/dagarbl2/Documents/GitHub/proyecto_CHS/software/nios_software_bsp/\libucosii_bsp.a(alt_exception_entry.o)
 *(.exceptions)
 .exceptions    0x00000000000000fc       0xd8 C:/Users/dagarbl2/Documents/GitHub/proyecto_CHS/software/nios_software_bsp/\libucosii_bsp.a(alt_irq_handler.o)
                0x00000000000000fc                alt_irq_handler
 .exceptions    0x00000000000001d4       0x74 C:/Users/dagarbl2/Documents/GitHub/proyecto_CHS/software/nios_software_bsp/\libucosii_bsp.a(alt_instruction_exception_entry.o)
                0x00000000000001d4                alt_instruction_exception_entry
                0x0000000000000248                PROVIDE (__ram_exceptions_end, ABSOLUTE (.))
                0x0000000000000020                PROVIDE (__flash_exceptions_start, LOADADDR (.exceptions))

.text           0x0000000000000248    0x257e4
                [!provide]                        PROVIDE (stext, ABSOLUTE (.))
 *(.interp)
 *(.hash)
 *(.dynsym)
 *(.dynstr)
 *(.gnu.version)
 *(.gnu.version_d)
 *(.gnu.version_r)
 *(.rel.init)
 *(.rela.init)
 *(.rel.text .rel.text.* .rel.gnu.linkonce.t.*)
 *(.rela.text .rela.text.* .rela.gnu.linkonce.t.*)
 *(.rel.fini)
 *(.rela.fini)
 *(.rel.rodata .rel.rodata.* .rel.gnu.linkonce.r.*)
 *(.rela.rodata .rela.rodata.* .rela.gnu.linkonce.r.*)
 *(.rel.data .rel.data.* .rel.gnu.linkonce.d.*)
 *(.rela.data .rela.data.* .rela.gnu.linkonce.d.*)
 *(.rel.tdata .rel.tdata.* .rel.gnu.linkonce.td.*)
 *(.rela.tdata .rela.tdata.* .rela.gnu.linkonce.td.*)
 *(.rel.tbss .rel.tbss.* .rel.gnu.linkonce.tb.*)
 *(.rela.tbss .rela.tbss.* .rela.gnu.linkonce.tb.*)
 *(.rel.ctors)
 *(.rela.ctors)
 *(.rel.dtors)
 *(.rela.dtors)
 *(.rel.got)
 *(.rela.got)
 *(.rel.sdata .rel.sdata.* .rel.gnu.linkonce.s.*)
 *(.rela.sdata .rela.sdata.* .rela.gnu.linkonce.s.*)
 *(.rel.sbss .rel.sbss.* .rel.gnu.linkonce.sb.*)
 *(.rela.sbss .rela.sbss.* .rela.gnu.linkonce.sb.*)
 *(.rel.sdata2 .rel.sdata2.* .rel.gnu.linkonce.s2.*)
 *(.rela.sdata2 .rela.sdata2.* .rela.gnu.linkonce.s2.*)
 *(.rel.sbss2 .rel.sbss2.* .rel.gnu.linkonce.sb2.*)
 *(.rela.sbss2 .rela.sbss2.* .rela.gnu.linkonce.sb2.*)
 *(.rel.bss .rel.bss.* .rel.gnu.linkonce.b.*)
 *(.rela.bss .rela.bss.* .rela.gnu.linkonce.b.*)
 *(.rel.plt)
 *(.rela.plt)
 *(.rel.dyn)
 *(.init)
 *(.plt)
 *(.text .stub .text.* .gnu.linkonce.t.*)
 .text          0x0000000000000248       0x4c C:/Users/dagarbl2/Documents/GitHub/proyecto_CHS/software/nios_software_bsp//obj/HAL/src/crt0.o
                0x0000000000000248                _start
 .text          0x0000000000000294       0x34 obj/default/main.o
                0x0000000000000294                main
 .text          0x00000000000002c8      0x4a4 obj/default/src/alt_ucosii_simple_error_check.o
                0x00000000000002c8                alt_ucosii_check_return_code
                0x0000000000000314                alt_ucosii_simple_error_handler
 .text          0x000000000000076c       0x90 obj/default/src/app_config.o
                0x000000000000076c                Init_App
 .text          0x00000000000007fc      0x40c obj/default/src/isr.o
                0x00000000000007fc                capture_isr
                0x0000000000000844                pushbutton_isr
 .text          0x0000000000000c08      0xd10 obj/default/src/sdcard.o
                0x0000000000000c08                getWord
                0x0000000000000d18                writeWord
                0x0000000000000e14                writeShort
                0x0000000000000eac                getShort
                0x0000000000000f38                isBMP
                0x000000000000104c                getFileheader
                0x00000000000010c0                setFileheader
                0x000000000000113c                getInfoheader
                0x0000000000001248                setInfoheader
                0x000000000000135c                loadFiles
                0x00000000000014cc                TaskSdcard
                0x0000000000001768                TaskSaveImg
 .text          0x0000000000001918      0x150 obj/default/src/task_config.o
                0x0000000000001918                CreateTasks
                0x0000000000001994                TaskInit
                0x00000000000019e0                initCreateTasks
 .text          0x0000000000001a68      0x1b4 c:/intelfpga/17.1/nios2eds/bin/gnu/h-x86_64-mingw32/bin/../lib/gcc/nios2-elf/5.3.0\libgcc.a(lib2-divmod.o)
                0x0000000000001a68                __divsi3
                0x0000000000001aec                __modsi3
                0x0000000000001b60                __udivsi3
                0x0000000000001bc4                __umodsi3
 .text          0x0000000000001c1c        0x0 c:/intelfpga/17.1/nios2eds/bin/gnu/h-x86_64-mingw32/bin/../lib/gcc/nios2-elf/5.3.0/../../../../../H-x86_64-mingw32/nios2-elf/lib\libc.a(lib_a-exit.o)
 .text.exit     0x0000000000001c1c       0x38 c:/intelfpga/17.1/nios2eds/bin/gnu/h-x86_64-mingw32/bin/../lib/gcc/nios2-elf/5.3.0/../../../../../H-x86_64-mingw32/nios2-elf/lib\libc.a(lib_a-exit.o)
                0x0000000000001c1c                exit
 .text          0x0000000000001c54        0x0 c:/intelfpga/17.1/nios2eds/bin/gnu/h-x86_64-mingw32/bin/../lib/gcc/nios2-elf/5.3.0/../../../../../H-x86_64-mingw32/nios2-elf/lib\libc.a(lib_a-fprintf.o)
 .text._fprintf_r
                0x0000000000001c54       0x28 c:/intelfpga/17.1/nios2eds/bin/gnu/h-x86_64-mingw32/bin/../lib/gcc/nios2-elf/5.3.0/../../../../../H-x86_64-mingw32/nios2-elf/lib\libc.a(lib_a-fprintf.o)
                0x0000000000001c54                _fprintf_r
 .text.fprintf  0x0000000000001c7c       0x24 c:/intelfpga/17.1/nios2eds/bin/gnu/h-x86_64-mingw32/bin/../lib/gcc/nios2-elf/5.3.0/../../../../../H-x86_64-mingw32/nios2-elf/lib\libc.a(lib_a-fprintf.o)
                0x0000000000001c7c                fprintf
 .text          0x0000000000001ca0        0x0 c:/intelfpga/17.1/nios2eds/bin/gnu/h-x86_64-mingw32/bin/../lib/gcc/nios2-elf/5.3.0/../../../../../H-x86_64-mingw32/nios2-elf/lib\libc.a(lib_a-fwrite.o)
 .text._fwrite_r
                0x0000000000001ca0       0xcc c:/intelfpga/17.1/nios2eds/bin/gnu/h-x86_64-mingw32/bin/../lib/gcc/nios2-elf/5.3.0/../../../../../H-x86_64-mingw32/nios2-elf/lib\libc.a(lib_a-fwrite.o)
                0x0000000000001ca0                _fwrite_r
 .text.fwrite   0x0000000000001d6c       0x34 c:/intelfpga/17.1/nios2eds/bin/gnu/h-x86_64-mingw32/bin/../lib/gcc/nios2-elf/5.3.0/../../../../../H-x86_64-mingw32/nios2-elf/lib\libc.a(lib_a-fwrite.o)
                0x0000000000001d6c                fwrite
 .text          0x0000000000001da0        0x0 c:/intelfpga/17.1/nios2eds/bin/gnu/h-x86_64-mingw32/bin/../lib/gcc/nios2-elf/5.3.0/../../../../../H-x86_64-mingw32/nios2-elf/lib\libc.a(lib_a-impure.o)
 .text          0x0000000000001da0        0x0 c:/intelfpga/17.1/nios2eds/bin/gnu/h-x86_64-mingw32/bin/../lib/gcc/nios2-elf/5.3.0/../../../../../H-x86_64-mingw32/nios2-elf/lib\libc.a(lib_a-printf.o)
 .text._printf_r
                0x0000000000001da0       0x30 c:/intelfpga/17.1/nios2eds/bin/gnu/h-x86_64-mingw32/bin/../lib/gcc/nios2-elf/5.3.0/../../../../../H-x86_64-mingw32/nios2-elf/lib\libc.a(lib_a-printf.o)
                0x0000000000001da0                _printf_r
 .text.printf   0x0000000000001dd0       0x3c c:/intelfpga/17.1/nios2eds/bin/gnu/h-x86_64-mingw32/bin/../lib/gcc/nios2-elf/5.3.0/../../../../../H-x86_64-mingw32/nios2-elf/lib\libc.a(lib_a-printf.o)
                0x0000000000001dd0                printf
 .text          0x0000000000001e0c        0x0 c:/intelfpga/17.1/nios2eds/bin/gnu/h-x86_64-mingw32/bin/../lib/gcc/nios2-elf/5.3.0/../../../../../H-x86_64-mingw32/nios2-elf/lib\libc.a(lib_a-puts.o)
 .text._puts_r  0x0000000000001e0c       0xc0 c:/intelfpga/17.1/nios2eds/bin/gnu/h-x86_64-mingw32/bin/../lib/gcc/nios2-elf/5.3.0/../../../../../H-x86_64-mingw32/nios2-elf/lib\libc.a(lib_a-puts.o)
                0x0000000000001e0c                _puts_r
 .text.puts     0x0000000000001ecc       0x14 c:/intelfpga/17.1/nios2eds/bin/gnu/h-x86_64-mingw32/bin/../lib/gcc/nios2-elf/5.3.0/../../../../../H-x86_64-mingw32/nios2-elf/lib\libc.a(lib_a-puts.o)
                0x0000000000001ecc                puts
 .text          0x0000000000001ee0        0x0 c:/intelfpga/17.1/nios2eds/bin/gnu/h-x86_64-mingw32/bin/../lib/gcc/nios2-elf/5.3.0/../../../../../H-x86_64-mingw32/nios2-elf/lib\libc.a(lib_a-sprintf.o)
 .text._sprintf_r
                0x0000000000001ee0       0x58 c:/intelfpga/17.1/nios2eds/bin/gnu/h-x86_64-mingw32/bin/../lib/gcc/nios2-elf/5.3.0/../../../../../H-x86_64-mingw32/nios2-elf/lib\libc.a(lib_a-sprintf.o)
                0x0000000000001ee0                _sprintf_r
 .text.sprintf  0x0000000000001f38       0x6c c:/intelfpga/17.1/nios2eds/bin/gnu/h-x86_64-mingw32/bin/../lib/gcc/nios2-elf/5.3.0/../../../../../H-x86_64-mingw32/nios2-elf/lib\libc.a(lib_a-sprintf.o)
                0x0000000000001f38                sprintf
 .text          0x0000000000001fa4        0x0 c:/intelfpga/17.1/nios2eds/bin/gnu/h-x86_64-mingw32/bin/../lib/gcc/nios2-elf/5.3.0/../../../../../H-x86_64-mingw32/nios2-elf/lib\libc.a(lib_a-strcpy.o)
 .text.strcpy   0x0000000000001fa4       0x90 c:/intelfpga/17.1/nios2eds/bin/gnu/h-x86_64-mingw32/bin/../lib/gcc/nios2-elf/5.3.0/../../../../../H-x86_64-mingw32/nios2-elf/lib\libc.a(lib_a-strcpy.o)
                0x0000000000001fa4                strcpy
 .text          0x0000000000002034        0x0 c:/intelfpga/17.1/nios2eds/bin/gnu/h-x86_64-mingw32/bin/../lib/gcc/nios2-elf/5.3.0/../../../../../H-x86_64-mingw32/nios2-elf/lib\libc.a(lib_a-strlen.o)
 .text.strlen   0x0000000000002034       0x98 c:/intelfpga/17.1/nios2eds/bin/gnu/h-x86_64-mingw32/bin/../lib/gcc/nios2-elf/5.3.0/../../../../../H-x86_64-mingw32/nios2-elf/lib\libc.a(lib_a-strlen.o)
                0x0000000000002034                strlen
 .text          0x00000000000020cc        0x0 c:/intelfpga/17.1/nios2eds/bin/gnu/h-x86_64-mingw32/bin/../lib/gcc/nios2-elf/5.3.0/../../../../../H-x86_64-mingw32/nios2-elf/lib\libc.a(lib_a-strstr.o)
 .text.critical_factorization
                0x00000000000020cc      0x104 c:/intelfpga/17.1/nios2eds/bin/gnu/h-x86_64-mingw32/bin/../lib/gcc/nios2-elf/5.3.0/../../../../../H-x86_64-mingw32/nios2-elf/lib\libc.a(lib_a-strstr.o)
 .text.two_way_long_needle
                0x00000000000021d0      0x3b0 c:/intelfpga/17.1/nios2eds/bin/gnu/h-x86_64-mingw32/bin/../lib/gcc/nios2-elf/5.3.0/../../../../../H-x86_64-mingw32/nios2-elf/lib\libc.a(lib_a-strstr.o)
 .text.strstr   0x0000000000002580      0x3b0 c:/intelfpga/17.1/nios2eds/bin/gnu/h-x86_64-mingw32/bin/../lib/gcc/nios2-elf/5.3.0/../../../../../H-x86_64-mingw32/nios2-elf/lib\libc.a(lib_a-strstr.o)
                0x0000000000002580                strstr
 .text          0x0000000000002930        0x0 c:/intelfpga/17.1/nios2eds/bin/gnu/h-x86_64-mingw32/bin/../lib/gcc/nios2-elf/5.3.0/../../../../../H-x86_64-mingw32/nios2-elf/lib\libc.a(lib_a-svfprintf.o)
 .text.___svfprintf_internal_r
                0x0000000000002930     0x21d8 c:/intelfpga/17.1/nios2eds/bin/gnu/h-x86_64-mingw32/bin/../lib/gcc/nios2-elf/5.3.0/../../../../../H-x86_64-mingw32/nios2-elf/lib\libc.a(lib_a-svfprintf.o)
                0x0000000000002930                ___svfprintf_internal_r
 .text          0x0000000000004b08        0x0 c:/intelfpga/17.1/nios2eds/bin/gnu/h-x86_64-mingw32/bin/../lib/gcc/nios2-elf/5.3.0/../../../../../H-x86_64-mingw32/nios2-elf/lib\libc.a(lib_a-vfprintf.o)
 .text.___vfprintf_internal_r
                0x0000000000004b08     0x21f8 c:/intelfpga/17.1/nios2eds/bin/gnu/h-x86_64-mingw32/bin/../lib/gcc/nios2-elf/5.3.0/../../../../../H-x86_64-mingw32/nios2-elf/lib\libc.a(lib_a-vfprintf.o)
                0x0000000000004b08                ___vfprintf_internal_r
 .text.__vfprintf_internal
                0x0000000000006d00       0x1c c:/intelfpga/17.1/nios2eds/bin/gnu/h-x86_64-mingw32/bin/../lib/gcc/nios2-elf/5.3.0/../../../../../H-x86_64-mingw32/nios2-elf/lib\libc.a(lib_a-vfprintf.o)
                0x0000000000006d00                __vfprintf_internal
 .text.__sbprintf
                0x0000000000006d1c       0xbc c:/intelfpga/17.1/nios2eds/bin/gnu/h-x86_64-mingw32/bin/../lib/gcc/nios2-elf/5.3.0/../../../../../H-x86_64-mingw32/nios2-elf/lib\libc.a(lib_a-vfprintf.o)
 .text          0x0000000000006dd8        0x0 c:/intelfpga/17.1/nios2eds/bin/gnu/h-x86_64-mingw32/bin/../lib/gcc/nios2-elf/5.3.0/../../../../../H-x86_64-mingw32/nios2-elf/lib\libc.a(lib_a-wsetup.o)
 .text.__swsetup_r
                0x0000000000006dd8      0x154 c:/intelfpga/17.1/nios2eds/bin/gnu/h-x86_64-mingw32/bin/../lib/gcc/nios2-elf/5.3.0/../../../../../H-x86_64-mingw32/nios2-elf/lib\libc.a(lib_a-wsetup.o)
                0x0000000000006dd8                __swsetup_r
 .text          0x0000000000006f2c        0x0 c:/intelfpga/17.1/nios2eds/bin/gnu/h-x86_64-mingw32/bin/../lib/gcc/nios2-elf/5.3.0/../../../../../H-x86_64-mingw32/nios2-elf/lib\libc.a(lib_a-__call_atexit.o)
 .text.__call_exitprocs
                0x0000000000006f2c      0x180 c:/intelfpga/17.1/nios2eds/bin/gnu/h-x86_64-mingw32/bin/../lib/gcc/nios2-elf/5.3.0/../../../../../H-x86_64-mingw32/nios2-elf/lib\libc.a(lib_a-__call_atexit.o)
                0x0000000000006f2c                __call_exitprocs
 .text          0x00000000000070ac        0x0 c:/intelfpga/17.1/nios2eds/bin/gnu/h-x86_64-mingw32/bin/../lib/gcc/nios2-elf/5.3.0/../../../../../H-x86_64-mingw32/nios2-elf/lib\libc.a(lib_a-dtoa.o)
 .text.quorem   0x00000000000070ac      0x200 c:/intelfpga/17.1/nios2eds/bin/gnu/h-x86_64-mingw32/bin/../lib/gcc/nios2-elf/5.3.0/../../../../../H-x86_64-mingw32/nios2-elf/lib\libc.a(lib_a-dtoa.o)
 .text._dtoa_r  0x00000000000072ac     0x1688 c:/intelfpga/17.1/nios2eds/bin/gnu/h-x86_64-mingw32/bin/../lib/gcc/nios2-elf/5.3.0/../../../../../H-x86_64-mingw32/nios2-elf/lib\libc.a(lib_a-dtoa.o)
                0x00000000000072ac                _dtoa_r
 .text          0x0000000000008934        0x0 c:/intelfpga/17.1/nios2eds/bin/gnu/h-x86_64-mingw32/bin/../lib/gcc/nios2-elf/5.3.0/../../../../../H-x86_64-mingw32/nios2-elf/lib\libc.a(lib_a-fflush.o)
 .text.__sflush_r
                0x0000000000008934      0x21c c:/intelfpga/17.1/nios2eds/bin/gnu/h-x86_64-mingw32/bin/../lib/gcc/nios2-elf/5.3.0/../../../../../H-x86_64-mingw32/nios2-elf/lib\libc.a(lib_a-fflush.o)
                0x0000000000008934                __sflush_r
 .text._fflush_r
                0x0000000000008b50       0x5c c:/intelfpga/17.1/nios2eds/bin/gnu/h-x86_64-mingw32/bin/../lib/gcc/nios2-elf/5.3.0/../../../../../H-x86_64-mingw32/nios2-elf/lib\libc.a(lib_a-fflush.o)
                0x0000000000008b50                _fflush_r
 .text.fflush   0x0000000000008bac       0x30 c:/intelfpga/17.1/nios2eds/bin/gnu/h-x86_64-mingw32/bin/../lib/gcc/nios2-elf/5.3.0/../../../../../H-x86_64-mingw32/nios2-elf/lib\libc.a(lib_a-fflush.o)
                0x0000000000008bac                fflush
 .text          0x0000000000008bdc        0x0 c:/intelfpga/17.1/nios2eds/bin/gnu/h-x86_64-mingw32/bin/../lib/gcc/nios2-elf/5.3.0/../../../../../H-x86_64-mingw32/nios2-elf/lib\libc.a(lib_a-findfp.o)
 .text.__fp_unlock
                0x0000000000008bdc        0x8 c:/intelfpga/17.1/nios2eds/bin/gnu/h-x86_64-mingw32/bin/../lib/gcc/nios2-elf/5.3.0/../../../../../H-x86_64-mingw32/nios2-elf/lib\libc.a(lib_a-findfp.o)
 .text._cleanup_r
                0x0000000000008be4        0xc c:/intelfpga/17.1/nios2eds/bin/gnu/h-x86_64-mingw32/bin/../lib/gcc/nios2-elf/5.3.0/../../../../../H-x86_64-mingw32/nios2-elf/lib\libc.a(lib_a-findfp.o)
                0x0000000000008be4                _cleanup_r
 .text.__sinit.part.1
                0x0000000000008bf0      0x19c c:/intelfpga/17.1/nios2eds/bin/gnu/h-x86_64-mingw32/bin/../lib/gcc/nios2-elf/5.3.0/../../../../../H-x86_64-mingw32/nios2-elf/lib\libc.a(lib_a-findfp.o)
 .text.__fp_lock
                0x0000000000008d8c        0x8 c:/intelfpga/17.1/nios2eds/bin/gnu/h-x86_64-mingw32/bin/../lib/gcc/nios2-elf/5.3.0/../../../../../H-x86_64-mingw32/nios2-elf/lib\libc.a(lib_a-findfp.o)
 .text.__sfmoreglue
                0x0000000000008d94       0x68 c:/intelfpga/17.1/nios2eds/bin/gnu/h-x86_64-mingw32/bin/../lib/gcc/nios2-elf/5.3.0/../../../../../H-x86_64-mingw32/nios2-elf/lib\libc.a(lib_a-findfp.o)
                0x0000000000008d94                __sfmoreglue
 .text.__sfp    0x0000000000008dfc      0x118 c:/intelfpga/17.1/nios2eds/bin/gnu/h-x86_64-mingw32/bin/../lib/gcc/nios2-elf/5.3.0/../../../../../H-x86_64-mingw32/nios2-elf/lib\libc.a(lib_a-findfp.o)
                0x0000000000008dfc                __sfp
 .text._cleanup
                0x0000000000008f14       0x18 c:/intelfpga/17.1/nios2eds/bin/gnu/h-x86_64-mingw32/bin/../lib/gcc/nios2-elf/5.3.0/../../../../../H-x86_64-mingw32/nios2-elf/lib\libc.a(lib_a-findfp.o)
                0x0000000000008f14                _cleanup
 .text.__sinit  0x0000000000008f2c       0x10 c:/intelfpga/17.1/nios2eds/bin/gnu/h-x86_64-mingw32/bin/../lib/gcc/nios2-elf/5.3.0/../../../../../H-x86_64-mingw32/nios2-elf/lib\libc.a(lib_a-findfp.o)
                0x0000000000008f2c                __sinit
 .text.__sfp_lock_acquire
                0x0000000000008f3c        0x4 c:/intelfpga/17.1/nios2eds/bin/gnu/h-x86_64-mingw32/bin/../lib/gcc/nios2-elf/5.3.0/../../../../../H-x86_64-mingw32/nios2-elf/lib\libc.a(lib_a-findfp.o)
                0x0000000000008f3c                __sfp_lock_acquire
 .text.__sfp_lock_release
                0x0000000000008f40        0x4 c:/intelfpga/17.1/nios2eds/bin/gnu/h-x86_64-mingw32/bin/../lib/gcc/nios2-elf/5.3.0/../../../../../H-x86_64-mingw32/nios2-elf/lib\libc.a(lib_a-findfp.o)
                0x0000000000008f40                __sfp_lock_release
 .text.__sinit_lock_acquire
                0x0000000000008f44        0x4 c:/intelfpga/17.1/nios2eds/bin/gnu/h-x86_64-mingw32/bin/../lib/gcc/nios2-elf/5.3.0/../../../../../H-x86_64-mingw32/nios2-elf/lib\libc.a(lib_a-findfp.o)
                0x0000000000008f44                __sinit_lock_acquire
 .text.__sinit_lock_release
                0x0000000000008f48        0x4 c:/intelfpga/17.1/nios2eds/bin/gnu/h-x86_64-mingw32/bin/../lib/gcc/nios2-elf/5.3.0/../../../../../H-x86_64-mingw32/nios2-elf/lib\libc.a(lib_a-findfp.o)
                0x0000000000008f48                __sinit_lock_release
 .text.__fp_lock_all
                0x0000000000008f4c       0x18 c:/intelfpga/17.1/nios2eds/bin/gnu/h-x86_64-mingw32/bin/../lib/gcc/nios2-elf/5.3.0/../../../../../H-x86_64-mingw32/nios2-elf/lib\libc.a(lib_a-findfp.o)
                0x0000000000008f4c                __fp_lock_all
 .text.__fp_unlock_all
                0x0000000000008f64       0x18 c:/intelfpga/17.1/nios2eds/bin/gnu/h-x86_64-mingw32/bin/../lib/gcc/nios2-elf/5.3.0/../../../../../H-x86_64-mingw32/nios2-elf/lib\libc.a(lib_a-findfp.o)
                0x0000000000008f64                __fp_unlock_all
 .text          0x0000000000008f7c        0x0 c:/intelfpga/17.1/nios2eds/bin/gnu/h-x86_64-mingw32/bin/../lib/gcc/nios2-elf/5.3.0/../../../../../H-x86_64-mingw32/nios2-elf/lib\libc.a(lib_a-freer.o)
 .text._malloc_trim_r
                0x0000000000008f7c      0x124 c:/intelfpga/17.1/nios2eds/bin/gnu/h-x86_64-mingw32/bin/../lib/gcc/nios2-elf/5.3.0/../../../../../H-x86_64-mingw32/nios2-elf/lib\libc.a(lib_a-freer.o)
                0x0000000000008f7c                _malloc_trim_r
 .text._free_r  0x00000000000090a0      0x310 c:/intelfpga/17.1/nios2eds/bin/gnu/h-x86_64-mingw32/bin/../lib/gcc/nios2-elf/5.3.0/../../../../../H-x86_64-mingw32/nios2-elf/lib\libc.a(lib_a-freer.o)
                0x00000000000090a0                _free_r
 .text          0x00000000000093b0        0x0 c:/intelfpga/17.1/nios2eds/bin/gnu/h-x86_64-mingw32/bin/../lib/gcc/nios2-elf/5.3.0/../../../../../H-x86_64-mingw32/nios2-elf/lib\libc.a(lib_a-fvwrite.o)
 .text.__sfvwrite_r
                0x00000000000093b0      0x4bc c:/intelfpga/17.1/nios2eds/bin/gnu/h-x86_64-mingw32/bin/../lib/gcc/nios2-elf/5.3.0/../../../../../H-x86_64-mingw32/nios2-elf/lib\libc.a(lib_a-fvwrite.o)
                0x00000000000093b0                __sfvwrite_r
 .text          0x000000000000986c        0x0 c:/intelfpga/17.1/nios2eds/bin/gnu/h-x86_64-mingw32/bin/../lib/gcc/nios2-elf/5.3.0/../../../../../H-x86_64-mingw32/nios2-elf/lib\libc.a(lib_a-fwalk.o)
 .text._fwalk   0x000000000000986c       0xc4 c:/intelfpga/17.1/nios2eds/bin/gnu/h-x86_64-mingw32/bin/../lib/gcc/nios2-elf/5.3.0/../../../../../H-x86_64-mingw32/nios2-elf/lib\libc.a(lib_a-fwalk.o)
                0x000000000000986c                _fwalk
 .text._fwalk_reent
                0x0000000000009930       0xc4 c:/intelfpga/17.1/nios2eds/bin/gnu/h-x86_64-mingw32/bin/../lib/gcc/nios2-elf/5.3.0/../../../../../H-x86_64-mingw32/nios2-elf/lib\libc.a(lib_a-fwalk.o)
                0x0000000000009930                _fwalk_reent
 .text          0x00000000000099f4        0x0 c:/intelfpga/17.1/nios2eds/bin/gnu/h-x86_64-mingw32/bin/../lib/gcc/nios2-elf/5.3.0/../../../../../H-x86_64-mingw32/nios2-elf/lib\libc.a(lib_a-locale.o)
 .text._setlocale_r
                0x00000000000099f4       0x7c c:/intelfpga/17.1/nios2eds/bin/gnu/h-x86_64-mingw32/bin/../lib/gcc/nios2-elf/5.3.0/../../../../../H-x86_64-mingw32/nios2-elf/lib\libc.a(lib_a-locale.o)
                0x00000000000099f4                _setlocale_r
 .text.__locale_charset
                0x0000000000009a70        0xc c:/intelfpga/17.1/nios2eds/bin/gnu/h-x86_64-mingw32/bin/../lib/gcc/nios2-elf/5.3.0/../../../../../H-x86_64-mingw32/nios2-elf/lib\libc.a(lib_a-locale.o)
                0x0000000000009a70                __locale_charset
 .text.__locale_mb_cur_max
                0x0000000000009a7c       0x10 c:/intelfpga/17.1/nios2eds/bin/gnu/h-x86_64-mingw32/bin/../lib/gcc/nios2-elf/5.3.0/../../../../../H-x86_64-mingw32/nios2-elf/lib\libc.a(lib_a-locale.o)
                0x0000000000009a7c                __locale_mb_cur_max
 .text.__locale_msgcharset
                0x0000000000009a8c        0xc c:/intelfpga/17.1/nios2eds/bin/gnu/h-x86_64-mingw32/bin/../lib/gcc/nios2-elf/5.3.0/../../../../../H-x86_64-mingw32/nios2-elf/lib\libc.a(lib_a-locale.o)
                0x0000000000009a8c                __locale_msgcharset
 .text.__locale_cjk_lang
                0x0000000000009a98        0x8 c:/intelfpga/17.1/nios2eds/bin/gnu/h-x86_64-mingw32/bin/../lib/gcc/nios2-elf/5.3.0/../../../../../H-x86_64-mingw32/nios2-elf/lib\libc.a(lib_a-locale.o)
                0x0000000000009a98                __locale_cjk_lang
 .text._localeconv_r
                0x0000000000009aa0        0xc c:/intelfpga/17.1/nios2eds/bin/gnu/h-x86_64-mingw32/bin/../lib/gcc/nios2-elf/5.3.0/../../../../../H-x86_64-mingw32/nios2-elf/lib\libc.a(lib_a-locale.o)
                0x0000000000009aa0                _localeconv_r
 .text.setlocale
                0x0000000000009aac       0x18 c:/intelfpga/17.1/nios2eds/bin/gnu/h-x86_64-mingw32/bin/../lib/gcc/nios2-elf/5.3.0/../../../../../H-x86_64-mingw32/nios2-elf/lib\libc.a(lib_a-locale.o)
                0x0000000000009aac                setlocale
 .text.localeconv
                0x0000000000009ac4        0xc c:/intelfpga/17.1/nios2eds/bin/gnu/h-x86_64-mingw32/bin/../lib/gcc/nios2-elf/5.3.0/../../../../../H-x86_64-mingw32/nios2-elf/lib\libc.a(lib_a-locale.o)
                0x0000000000009ac4                localeconv
 .text          0x0000000000009ad0        0x0 c:/intelfpga/17.1/nios2eds/bin/gnu/h-x86_64-mingw32/bin/../lib/gcc/nios2-elf/5.3.0/../../../../../H-x86_64-mingw32/nios2-elf/lib\libc.a(lib_a-makebuf.o)
 .text.__smakebuf_r
                0x0000000000009ad0      0x1bc c:/intelfpga/17.1/nios2eds/bin/gnu/h-x86_64-mingw32/bin/../lib/gcc/nios2-elf/5.3.0/../../../../../H-x86_64-mingw32/nios2-elf/lib\libc.a(lib_a-makebuf.o)
                0x0000000000009ad0                __smakebuf_r
 .text          0x0000000000009c8c        0x0 c:/intelfpga/17.1/nios2eds/bin/gnu/h-x86_64-mingw32/bin/../lib/gcc/nios2-elf/5.3.0/../../../../../H-x86_64-mingw32/nios2-elf/lib\libc.a(lib_a-mallocr.o)
 .text._malloc_r
                0x0000000000009c8c      0x80c c:/intelfpga/17.1/nios2eds/bin/gnu/h-x86_64-mingw32/bin/../lib/gcc/nios2-elf/5.3.0/../../../../../H-x86_64-mingw32/nios2-elf/lib\libc.a(lib_a-mallocr.o)
                0x0000000000009c8c                _malloc_r
 .text          0x000000000000a498        0x0 c:/intelfpga/17.1/nios2eds/bin/gnu/h-x86_64-mingw32/bin/../lib/gcc/nios2-elf/5.3.0/../../../../../H-x86_64-mingw32/nios2-elf/lib\libc.a(lib_a-memchr.o)
 .text.memchr   0x000000000000a498       0xe4 c:/intelfpga/17.1/nios2eds/bin/gnu/h-x86_64-mingw32/bin/../lib/gcc/nios2-elf/5.3.0/../../../../../H-x86_64-mingw32/nios2-elf/lib\libc.a(lib_a-memchr.o)
                0x000000000000a498                memchr
 .text          0x000000000000a57c        0x0 c:/intelfpga/17.1/nios2eds/bin/gnu/h-x86_64-mingw32/bin/../lib/gcc/nios2-elf/5.3.0/../../../../../H-x86_64-mingw32/nios2-elf/lib\libc.a(lib_a-memcmp.o)
 .text.memcmp   0x000000000000a57c       0x7c c:/intelfpga/17.1/nios2eds/bin/gnu/h-x86_64-mingw32/bin/../lib/gcc/nios2-elf/5.3.0/../../../../../H-x86_64-mingw32/nios2-elf/lib\libc.a(lib_a-memcmp.o)
                0x000000000000a57c                memcmp
 .text          0x000000000000a5f8        0x0 c:/intelfpga/17.1/nios2eds/bin/gnu/h-x86_64-mingw32/bin/../lib/gcc/nios2-elf/5.3.0/../../../../../H-x86_64-mingw32/nios2-elf/lib\libc.a(lib_a-memcpy.o)
 .text.memcpy   0x000000000000a5f8      0x148 c:/intelfpga/17.1/nios2eds/bin/gnu/h-x86_64-mingw32/bin/../lib/gcc/nios2-elf/5.3.0/../../../../../H-x86_64-mingw32/nios2-elf/lib\libc.a(lib_a-memcpy.o)
                0x000000000000a5f8                memcpy
 .text          0x000000000000a740        0x0 c:/intelfpga/17.1/nios2eds/bin/gnu/h-x86_64-mingw32/bin/../lib/gcc/nios2-elf/5.3.0/../../../../../H-x86_64-mingw32/nios2-elf/lib\libc.a(lib_a-memmove.o)
 .text.memmove  0x000000000000a740      0x15c c:/intelfpga/17.1/nios2eds/bin/gnu/h-x86_64-mingw32/bin/../lib/gcc/nios2-elf/5.3.0/../../../../../H-x86_64-mingw32/nios2-elf/lib\libc.a(lib_a-memmove.o)
                0x000000000000a740                memmove
 .text          0x000000000000a89c        0x0 c:/intelfpga/17.1/nios2eds/bin/gnu/h-x86_64-mingw32/bin/../lib/gcc/nios2-elf/5.3.0/../../../../../H-x86_64-mingw32/nios2-elf/lib\libc.a(lib_a-memset.o)
 .text.memset   0x000000000000a89c      0x128 c:/intelfpga/17.1/nios2eds/bin/gnu/h-x86_64-mingw32/bin/../lib/gcc/nios2-elf/5.3.0/../../../../../H-x86_64-mingw32/nios2-elf/lib\libc.a(lib_a-memset.o)
                0x000000000000a89c                memset
 .text          0x000000000000a9c4        0x0 c:/intelfpga/17.1/nios2eds/bin/gnu/h-x86_64-mingw32/bin/../lib/gcc/nios2-elf/5.3.0/../../../../../H-x86_64-mingw32/nios2-elf/lib\libc.a(lib_a-mprec.o)
 .text._Balloc  0x000000000000a9c4       0xa8 c:/intelfpga/17.1/nios2eds/bin/gnu/h-x86_64-mingw32/bin/../lib/gcc/nios2-elf/5.3.0/../../../../../H-x86_64-mingw32/nios2-elf/lib\libc.a(lib_a-mprec.o)
                0x000000000000a9c4                _Balloc
 .text._Bfree   0x000000000000aa6c       0x28 c:/intelfpga/17.1/nios2eds/bin/gnu/h-x86_64-mingw32/bin/../lib/gcc/nios2-elf/5.3.0/../../../../../H-x86_64-mingw32/nios2-elf/lib\libc.a(lib_a-mprec.o)
                0x000000000000aa6c                _Bfree
 .text.__multadd
                0x000000000000aa94      0x120 c:/intelfpga/17.1/nios2eds/bin/gnu/h-x86_64-mingw32/bin/../lib/gcc/nios2-elf/5.3.0/../../../../../H-x86_64-mingw32/nios2-elf/lib\libc.a(lib_a-mprec.o)
                0x000000000000aa94                __multadd
 .text.__s2b    0x000000000000abb4      0x104 c:/intelfpga/17.1/nios2eds/bin/gnu/h-x86_64-mingw32/bin/../lib/gcc/nios2-elf/5.3.0/../../../../../H-x86_64-mingw32/nios2-elf/lib\libc.a(lib_a-mprec.o)
                0x000000000000abb4                __s2b
 .text.__hi0bits
                0x000000000000acb8       0x68 c:/intelfpga/17.1/nios2eds/bin/gnu/h-x86_64-mingw32/bin/../lib/gcc/nios2-elf/5.3.0/../../../../../H-x86_64-mingw32/nios2-elf/lib\libc.a(lib_a-mprec.o)
                0x000000000000acb8                __hi0bits
 .text.__lo0bits
                0x000000000000ad20       0xb0 c:/intelfpga/17.1/nios2eds/bin/gnu/h-x86_64-mingw32/bin/../lib/gcc/nios2-elf/5.3.0/../../../../../H-x86_64-mingw32/nios2-elf/lib\libc.a(lib_a-mprec.o)
                0x000000000000ad20                __lo0bits
 .text.__i2b    0x000000000000add0       0x3c c:/intelfpga/17.1/nios2eds/bin/gnu/h-x86_64-mingw32/bin/../lib/gcc/nios2-elf/5.3.0/../../../../../H-x86_64-mingw32/nios2-elf/lib\libc.a(lib_a-mprec.o)
                0x000000000000add0                __i2b
 .text.__multiply
                0x000000000000ae0c      0x1f8 c:/intelfpga/17.1/nios2eds/bin/gnu/h-x86_64-mingw32/bin/../lib/gcc/nios2-elf/5.3.0/../../../../../H-x86_64-mingw32/nios2-elf/lib\libc.a(lib_a-mprec.o)
                0x000000000000ae0c                __multiply
 .text.__pow5mult
                0x000000000000b004      0x140 c:/intelfpga/17.1/nios2eds/bin/gnu/h-x86_64-mingw32/bin/../lib/gcc/nios2-elf/5.3.0/../../../../../H-x86_64-mingw32/nios2-elf/lib\libc.a(lib_a-mprec.o)
                0x000000000000b004                __pow5mult
 .text.__lshift
                0x000000000000b144      0x148 c:/intelfpga/17.1/nios2eds/bin/gnu/h-x86_64-mingw32/bin/../lib/gcc/nios2-elf/5.3.0/../../../../../H-x86_64-mingw32/nios2-elf/lib\libc.a(lib_a-mprec.o)
                0x000000000000b144                __lshift
 .text.__mcmp   0x000000000000b28c       0x60 c:/intelfpga/17.1/nios2eds/bin/gnu/h-x86_64-mingw32/bin/../lib/gcc/nios2-elf/5.3.0/../../../../../H-x86_64-mingw32/nios2-elf/lib\libc.a(lib_a-mprec.o)
                0x000000000000b28c                __mcmp
 .text.__mdiff  0x000000000000b2ec      0x1fc c:/intelfpga/17.1/nios2eds/bin/gnu/h-x86_64-mingw32/bin/../lib/gcc/nios2-elf/5.3.0/../../../../../H-x86_64-mingw32/nios2-elf/lib\libc.a(lib_a-mprec.o)
                0x000000000000b2ec                __mdiff
 .text.__ulp    0x000000000000b4e8       0x64 c:/intelfpga/17.1/nios2eds/bin/gnu/h-x86_64-mingw32/bin/../lib/gcc/nios2-elf/5.3.0/../../../../../H-x86_64-mingw32/nios2-elf/lib\libc.a(lib_a-mprec.o)
                0x000000000000b4e8                __ulp
 .text.__b2d    0x000000000000b54c      0x10c c:/intelfpga/17.1/nios2eds/bin/gnu/h-x86_64-mingw32/bin/../lib/gcc/nios2-elf/5.3.0/../../../../../H-x86_64-mingw32/nios2-elf/lib\libc.a(lib_a-mprec.o)
                0x000000000000b54c                __b2d
 .text.__d2b    0x000000000000b658      0x14c c:/intelfpga/17.1/nios2eds/bin/gnu/h-x86_64-mingw32/bin/../lib/gcc/nios2-elf/5.3.0/../../../../../H-x86_64-mingw32/nios2-elf/lib\libc.a(lib_a-mprec.o)
                0x000000000000b658                __d2b
 .text.__ratio  0x000000000000b7a4       0xa4 c:/intelfpga/17.1/nios2eds/bin/gnu/h-x86_64-mingw32/bin/../lib/gcc/nios2-elf/5.3.0/../../../../../H-x86_64-mingw32/nios2-elf/lib\libc.a(lib_a-mprec.o)
                0x000000000000b7a4                __ratio
 .text._mprec_log10
                0x000000000000b848       0x74 c:/intelfpga/17.1/nios2eds/bin/gnu/h-x86_64-mingw32/bin/../lib/gcc/nios2-elf/5.3.0/../../../../../H-x86_64-mingw32/nios2-elf/lib\libc.a(lib_a-mprec.o)
                0x000000000000b848                _mprec_log10
 .text.__copybits
                0x000000000000b8bc       0x78 c:/intelfpga/17.1/nios2eds/bin/gnu/h-x86_64-mingw32/bin/../lib/gcc/nios2-elf/5.3.0/../../../../../H-x86_64-mingw32/nios2-elf/lib\libc.a(lib_a-mprec.o)
                0x000000000000b8bc                __copybits
 .text.__any_on
                0x000000000000b934       0x8c c:/intelfpga/17.1/nios2eds/bin/gnu/h-x86_64-mingw32/bin/../lib/gcc/nios2-elf/5.3.0/../../../../../H-x86_64-mingw32/nios2-elf/lib\libc.a(lib_a-mprec.o)
                0x000000000000b934                __any_on
 .text          0x000000000000b9c0        0x0 c:/intelfpga/17.1/nios2eds/bin/gnu/h-x86_64-mingw32/bin/../lib/gcc/nios2-elf/5.3.0/../../../../../H-x86_64-mingw32/nios2-elf/lib\libc.a(lib_a-reallocr.o)
 .text._realloc_r
                0x000000000000b9c0      0x564 c:/intelfpga/17.1/nios2eds/bin/gnu/h-x86_64-mingw32/bin/../lib/gcc/nios2-elf/5.3.0/../../../../../H-x86_64-mingw32/nios2-elf/lib\libc.a(lib_a-reallocr.o)
                0x000000000000b9c0                _realloc_r
 .text          0x000000000000bf24        0x0 c:/intelfpga/17.1/nios2eds/bin/gnu/h-x86_64-mingw32/bin/../lib/gcc/nios2-elf/5.3.0/../../../../../H-x86_64-mingw32/nios2-elf/lib\libc.a(lib_a-s_fpclassify.o)
 .text.__fpclassifyd
                0x000000000000bf24       0x74 c:/intelfpga/17.1/nios2eds/bin/gnu/h-x86_64-mingw32/bin/../lib/gcc/nios2-elf/5.3.0/../../../../../H-x86_64-mingw32/nios2-elf/lib\libc.a(lib_a-s_fpclassify.o)
                0x000000000000bf24                __fpclassifyd
 .text          0x000000000000bf98        0x0 c:/intelfpga/17.1/nios2eds/bin/gnu/h-x86_64-mingw32/bin/../lib/gcc/nios2-elf/5.3.0/../../../../../H-x86_64-mingw32/nios2-elf/lib\libc.a(lib_a-sbrkr.o)
 .text._sbrk_r  0x000000000000bf98       0x54 c:/intelfpga/17.1/nios2eds/bin/gnu/h-x86_64-mingw32/bin/../lib/gcc/nios2-elf/5.3.0/../../../../../H-x86_64-mingw32/nios2-elf/lib\libc.a(lib_a-sbrkr.o)
                0x000000000000bf98                _sbrk_r
 .text          0x000000000000bfec        0x0 c:/intelfpga/17.1/nios2eds/bin/gnu/h-x86_64-mingw32/bin/../lib/gcc/nios2-elf/5.3.0/../../../../../H-x86_64-mingw32/nios2-elf/lib\libc.a(lib_a-stdio.o)
 .text.__sread  0x000000000000bfec       0x54 c:/intelfpga/17.1/nios2eds/bin/gnu/h-x86_64-mingw32/bin/../lib/gcc/nios2-elf/5.3.0/../../../../../H-x86_64-mingw32/nios2-elf/lib\libc.a(lib_a-stdio.o)
                0x000000000000bfec                __sread
 .text.__seofread
                0x000000000000c040        0x8 c:/intelfpga/17.1/nios2eds/bin/gnu/h-x86_64-mingw32/bin/../lib/gcc/nios2-elf/5.3.0/../../../../../H-x86_64-mingw32/nios2-elf/lib\libc.a(lib_a-stdio.o)
                0x000000000000c040                __seofread
 .text.__swrite
                0x000000000000c048       0x7c c:/intelfpga/17.1/nios2eds/bin/gnu/h-x86_64-mingw32/bin/../lib/gcc/nios2-elf/5.3.0/../../../../../H-x86_64-mingw32/nios2-elf/lib\libc.a(lib_a-stdio.o)
                0x000000000000c048                __swrite
 .text.__sseek  0x000000000000c0c4       0x5c c:/intelfpga/17.1/nios2eds/bin/gnu/h-x86_64-mingw32/bin/../lib/gcc/nios2-elf/5.3.0/../../../../../H-x86_64-mingw32/nios2-elf/lib\libc.a(lib_a-stdio.o)
                0x000000000000c0c4                __sseek
 .text.__sclose
                0x000000000000c120        0x8 c:/intelfpga/17.1/nios2eds/bin/gnu/h-x86_64-mingw32/bin/../lib/gcc/nios2-elf/5.3.0/../../../../../H-x86_64-mingw32/nios2-elf/lib\libc.a(lib_a-stdio.o)
                0x000000000000c120                __sclose
 .text          0x000000000000c128        0x0 c:/intelfpga/17.1/nios2eds/bin/gnu/h-x86_64-mingw32/bin/../lib/gcc/nios2-elf/5.3.0/../../../../../H-x86_64-mingw32/nios2-elf/lib\libc.a(lib_a-strchr.o)
 .text.strchr   0x000000000000c128      0x164 c:/intelfpga/17.1/nios2eds/bin/gnu/h-x86_64-mingw32/bin/../lib/gcc/nios2-elf/5.3.0/../../../../../H-x86_64-mingw32/nios2-elf/lib\libc.a(lib_a-strchr.o)
                0x000000000000c128                strchr
 .text          0x000000000000c28c        0x0 c:/intelfpga/17.1/nios2eds/bin/gnu/h-x86_64-mingw32/bin/../lib/gcc/nios2-elf/5.3.0/../../../../../H-x86_64-mingw32/nios2-elf/lib\libc.a(lib_a-strcmp.o)
 .text.strcmp   0x000000000000c28c       0xdc c:/intelfpga/17.1/nios2eds/bin/gnu/h-x86_64-mingw32/bin/../lib/gcc/nios2-elf/5.3.0/../../../../../H-x86_64-mingw32/nios2-elf/lib\libc.a(lib_a-strcmp.o)
                0x000000000000c28c                strcmp
 .text          0x000000000000c368        0x0 c:/intelfpga/17.1/nios2eds/bin/gnu/h-x86_64-mingw32/bin/../lib/gcc/nios2-elf/5.3.0/../../../../../H-x86_64-mingw32/nios2-elf/lib\libc.a(lib_a-svfiprintf.o)
 .text.__ssprint_r
                0x000000000000c368      0x1d0 c:/intelfpga/17.1/nios2eds/bin/gnu/h-x86_64-mingw32/bin/../lib/gcc/nios2-elf/5.3.0/../../../../../H-x86_64-mingw32/nios2-elf/lib\libc.a(lib_a-svfiprintf.o)
                0x000000000000c368                __ssprint_r
 .text.___svfiprintf_internal_r
                0x000000000000c538     0x123c c:/intelfpga/17.1/nios2eds/bin/gnu/h-x86_64-mingw32/bin/../lib/gcc/nios2-elf/5.3.0/../../../../../H-x86_64-mingw32/nios2-elf/lib\libc.a(lib_a-svfiprintf.o)
                0x000000000000c538                ___svfiprintf_internal_r
 .text          0x000000000000d774        0x0 c:/intelfpga/17.1/nios2eds/bin/gnu/h-x86_64-mingw32/bin/../lib/gcc/nios2-elf/5.3.0/../../../../../H-x86_64-mingw32/nios2-elf/lib\libc.a(lib_a-vfiprintf.o)
 .text.__sprint_r.part.0
                0x000000000000d774       0xfc c:/intelfpga/17.1/nios2eds/bin/gnu/h-x86_64-mingw32/bin/../lib/gcc/nios2-elf/5.3.0/../../../../../H-x86_64-mingw32/nios2-elf/lib\libc.a(lib_a-vfiprintf.o)
 .text.__sprint_r
                0x000000000000d870       0x18 c:/intelfpga/17.1/nios2eds/bin/gnu/h-x86_64-mingw32/bin/../lib/gcc/nios2-elf/5.3.0/../../../../../H-x86_64-mingw32/nios2-elf/lib\libc.a(lib_a-vfiprintf.o)
                0x000000000000d870                __sprint_r
 .text.___vfiprintf_internal_r
                0x000000000000d888     0x145c c:/intelfpga/17.1/nios2eds/bin/gnu/h-x86_64-mingw32/bin/../lib/gcc/nios2-elf/5.3.0/../../../../../H-x86_64-mingw32/nios2-elf/lib\libc.a(lib_a-vfiprintf.o)
                0x000000000000d888                ___vfiprintf_internal_r
 .text.__vfiprintf_internal
                0x000000000000ece4       0x1c c:/intelfpga/17.1/nios2eds/bin/gnu/h-x86_64-mingw32/bin/../lib/gcc/nios2-elf/5.3.0/../../../../../H-x86_64-mingw32/nios2-elf/lib\libc.a(lib_a-vfiprintf.o)
                0x000000000000ece4                __vfiprintf_internal
 .text.__sbprintf
                0x000000000000ed00       0xbc c:/intelfpga/17.1/nios2eds/bin/gnu/h-x86_64-mingw32/bin/../lib/gcc/nios2-elf/5.3.0/../../../../../H-x86_64-mingw32/nios2-elf/lib\libc.a(lib_a-vfiprintf.o)
 .text          0x000000000000edbc        0x0 c:/intelfpga/17.1/nios2eds/bin/gnu/h-x86_64-mingw32/bin/../lib/gcc/nios2-elf/5.3.0/../../../../../H-x86_64-mingw32/nios2-elf/lib\libc.a(lib_a-writer.o)
 .text._write_r
                0x000000000000edbc       0x60 c:/intelfpga/17.1/nios2eds/bin/gnu/h-x86_64-mingw32/bin/../lib/gcc/nios2-elf/5.3.0/../../../../../H-x86_64-mingw32/nios2-elf/lib\libc.a(lib_a-writer.o)
                0x000000000000edbc                _write_r
 .text          0x000000000000ee1c        0x0 c:/intelfpga/17.1/nios2eds/bin/gnu/h-x86_64-mingw32/bin/../lib/gcc/nios2-elf/5.3.0/../../../../../H-x86_64-mingw32/nios2-elf/lib\libc.a(closer.o)
 .text._close_r
                0x000000000000ee1c       0x54 c:/intelfpga/17.1/nios2eds/bin/gnu/h-x86_64-mingw32/bin/../lib/gcc/nios2-elf/5.3.0/../../../../../H-x86_64-mingw32/nios2-elf/lib\libc.a(closer.o)
                0x000000000000ee1c                _close_r
 .text          0x000000000000ee70        0x0 c:/intelfpga/17.1/nios2eds/bin/gnu/h-x86_64-mingw32/bin/../lib/gcc/nios2-elf/5.3.0/../../../../../H-x86_64-mingw32/nios2-elf/lib\libc.a(lib_a-callocr.o)
 .text._calloc_r
                0x000000000000ee70       0xc4 c:/intelfpga/17.1/nios2eds/bin/gnu/h-x86_64-mingw32/bin/../lib/gcc/nios2-elf/5.3.0/../../../../../H-x86_64-mingw32/nios2-elf/lib\libc.a(lib_a-callocr.o)
                0x000000000000ee70                _calloc_r
 .text          0x000000000000ef34        0x0 c:/intelfpga/17.1/nios2eds/bin/gnu/h-x86_64-mingw32/bin/../lib/gcc/nios2-elf/5.3.0/../../../../../H-x86_64-mingw32/nios2-elf/lib\libc.a(lib_a-fclose.o)
 .text._fclose_r
                0x000000000000ef34       0xf0 c:/intelfpga/17.1/nios2eds/bin/gnu/h-x86_64-mingw32/bin/../lib/gcc/nios2-elf/5.3.0/../../../../../H-x86_64-mingw32/nios2-elf/lib\libc.a(lib_a-fclose.o)
                0x000000000000ef34                _fclose_r
 .text.fclose   0x000000000000f024       0x14 c:/intelfpga/17.1/nios2eds/bin/gnu/h-x86_64-mingw32/bin/../lib/gcc/nios2-elf/5.3.0/../../../../../H-x86_64-mingw32/nios2-elf/lib\libc.a(lib_a-fclose.o)
                0x000000000000f024                fclose
 .text          0x000000000000f038        0x0 c:/intelfpga/17.1/nios2eds/bin/gnu/h-x86_64-mingw32/bin/../lib/gcc/nios2-elf/5.3.0/../../../../../H-x86_64-mingw32/nios2-elf/lib\libc.a(lib_a-fputwc.o)
 .text.__fputwc
                0x000000000000f038      0x164 c:/intelfpga/17.1/nios2eds/bin/gnu/h-x86_64-mingw32/bin/../lib/gcc/nios2-elf/5.3.0/../../../../../H-x86_64-mingw32/nios2-elf/lib\libc.a(lib_a-fputwc.o)
                0x000000000000f038                __fputwc
 .text._fputwc_r
                0x000000000000f19c       0x24 c:/intelfpga/17.1/nios2eds/bin/gnu/h-x86_64-mingw32/bin/../lib/gcc/nios2-elf/5.3.0/../../../../../H-x86_64-mingw32/nios2-elf/lib\libc.a(lib_a-fputwc.o)
                0x000000000000f19c                _fputwc_r
 .text.fputwc   0x000000000000f1c0       0x80 c:/intelfpga/17.1/nios2eds/bin/gnu/h-x86_64-mingw32/bin/../lib/gcc/nios2-elf/5.3.0/../../../../../H-x86_64-mingw32/nios2-elf/lib\libc.a(lib_a-fputwc.o)
                0x000000000000f1c0                fputwc
 .text          0x000000000000f240        0x0 c:/intelfpga/17.1/nios2eds/bin/gnu/h-x86_64-mingw32/bin/../lib/gcc/nios2-elf/5.3.0/../../../../../H-x86_64-mingw32/nios2-elf/lib\libc.a(lib_a-fstatr.o)
 .text._fstat_r
                0x000000000000f240       0x5c c:/intelfpga/17.1/nios2eds/bin/gnu/h-x86_64-mingw32/bin/../lib/gcc/nios2-elf/5.3.0/../../../../../H-x86_64-mingw32/nios2-elf/lib\libc.a(lib_a-fstatr.o)
                0x000000000000f240                _fstat_r
 .text          0x000000000000f29c        0x0 c:/intelfpga/17.1/nios2eds/bin/gnu/h-x86_64-mingw32/bin/../lib/gcc/nios2-elf/5.3.0/../../../../../H-x86_64-mingw32/nios2-elf/lib\libc.a(lib_a-int_errno.o)
 .text          0x000000000000f29c        0x0 c:/intelfpga/17.1/nios2eds/bin/gnu/h-x86_64-mingw32/bin/../lib/gcc/nios2-elf/5.3.0/../../../../../H-x86_64-mingw32/nios2-elf/lib\libc.a(lib_a-isattyr.o)
 .text._isatty_r
                0x000000000000f29c       0x54 c:/intelfpga/17.1/nios2eds/bin/gnu/h-x86_64-mingw32/bin/../lib/gcc/nios2-elf/5.3.0/../../../../../H-x86_64-mingw32/nios2-elf/lib\libc.a(lib_a-isattyr.o)
                0x000000000000f29c                _isatty_r
 .text          0x000000000000f2f0        0x0 c:/intelfpga/17.1/nios2eds/bin/gnu/h-x86_64-mingw32/bin/../lib/gcc/nios2-elf/5.3.0/../../../../../H-x86_64-mingw32/nios2-elf/lib\libc.a(lib_a-lseekr.o)
 .text._lseek_r
                0x000000000000f2f0       0x60 c:/intelfpga/17.1/nios2eds/bin/gnu/h-x86_64-mingw32/bin/../lib/gcc/nios2-elf/5.3.0/../../../../../H-x86_64-mingw32/nios2-elf/lib\libc.a(lib_a-lseekr.o)
                0x000000000000f2f0                _lseek_r
 .text          0x000000000000f350        0x0 c:/intelfpga/17.1/nios2eds/bin/gnu/h-x86_64-mingw32/bin/../lib/gcc/nios2-elf/5.3.0/../../../../../H-x86_64-mingw32/nios2-elf/lib\libc.a(lib_a-readr.o)
 .text._read_r  0x000000000000f350       0x60 c:/intelfpga/17.1/nios2eds/bin/gnu/h-x86_64-mingw32/bin/../lib/gcc/nios2-elf/5.3.0/../../../../../H-x86_64-mingw32/nios2-elf/lib\libc.a(lib_a-readr.o)
                0x000000000000f350                _read_r
 .text          0x000000000000f3b0        0x0 c:/intelfpga/17.1/nios2eds/bin/gnu/h-x86_64-mingw32/bin/../lib/gcc/nios2-elf/5.3.0/../../../../../H-x86_64-mingw32/nios2-elf/lib\libc.a(lib_a-wbuf.o)
 .text.__swbuf_r
                0x000000000000f3b0      0x140 c:/intelfpga/17.1/nios2eds/bin/gnu/h-x86_64-mingw32/bin/../lib/gcc/nios2-elf/5.3.0/../../../../../H-x86_64-mingw32/nios2-elf/lib\libc.a(lib_a-wbuf.o)
                0x000000000000f3b0                __swbuf_r
 .text.__swbuf  0x000000000000f4f0       0x18 c:/intelfpga/17.1/nios2eds/bin/gnu/h-x86_64-mingw32/bin/../lib/gcc/nios2-elf/5.3.0/../../../../../H-x86_64-mingw32/nios2-elf/lib\libc.a(lib_a-wbuf.o)
                0x000000000000f4f0                __swbuf
 .text          0x000000000000f508        0x0 c:/intelfpga/17.1/nios2eds/bin/gnu/h-x86_64-mingw32/bin/../lib/gcc/nios2-elf/5.3.0/../../../../../H-x86_64-mingw32/nios2-elf/lib\libc.a(lib_a-wcrtomb.o)
 .text._wcrtomb_r
                0x000000000000f508       0x9c c:/intelfpga/17.1/nios2eds/bin/gnu/h-x86_64-mingw32/bin/../lib/gcc/nios2-elf/5.3.0/../../../../../H-x86_64-mingw32/nios2-elf/lib\libc.a(lib_a-wcrtomb.o)
                0x000000000000f508                _wcrtomb_r
 .text.wcrtomb  0x000000000000f5a4       0xc0 c:/intelfpga/17.1/nios2eds/bin/gnu/h-x86_64-mingw32/bin/../lib/gcc/nios2-elf/5.3.0/../../../../../H-x86_64-mingw32/nios2-elf/lib\libc.a(lib_a-wcrtomb.o)
                0x000000000000f5a4                wcrtomb
 .text          0x000000000000f664        0x0 c:/intelfpga/17.1/nios2eds/bin/gnu/h-x86_64-mingw32/bin/../lib/gcc/nios2-elf/5.3.0/../../../../../H-x86_64-mingw32/nios2-elf/lib\libc.a(lib_a-wctomb_r.o)
 .text.__ascii_wctomb
                0x000000000000f664       0x30 c:/intelfpga/17.1/nios2eds/bin/gnu/h-x86_64-mingw32/bin/../lib/gcc/nios2-elf/5.3.0/../../../../../H-x86_64-mingw32/nios2-elf/lib\libc.a(lib_a-wctomb_r.o)
                0x000000000000f664                __ascii_wctomb
 .text._wctomb_r
                0x000000000000f694       0x5c c:/intelfpga/17.1/nios2eds/bin/gnu/h-x86_64-mingw32/bin/../lib/gcc/nios2-elf/5.3.0/../../../../../H-x86_64-mingw32/nios2-elf/lib\libc.a(lib_a-wctomb_r.o)
                0x000000000000f694                _wctomb_r
 .text          0x000000000000f6f0      0x578 c:/intelfpga/17.1/nios2eds/bin/gnu/h-x86_64-mingw32/bin/../lib/gcc/nios2-elf/5.3.0\libgcc.a(_udivdi3.o)
                0x000000000000f6f0                __udivdi3
 .text          0x000000000000fc68      0x538 c:/intelfpga/17.1/nios2eds/bin/gnu/h-x86_64-mingw32/bin/../lib/gcc/nios2-elf/5.3.0\libgcc.a(_umoddi3.o)
                0x000000000000fc68                __umoddi3
 .text          0x00000000000101a0      0x8ac c:/intelfpga/17.1/nios2eds/bin/gnu/h-x86_64-mingw32/bin/../lib/gcc/nios2-elf/5.3.0\libgcc.a(adddf3.o)
                0x00000000000101a0                __adddf3
 .text          0x0000000000010a4c      0x8e8 c:/intelfpga/17.1/nios2eds/bin/gnu/h-x86_64-mingw32/bin/../lib/gcc/nios2-elf/5.3.0\libgcc.a(divdf3.o)
                0x0000000000010a4c                __divdf3
 .text          0x0000000000011334       0x88 c:/intelfpga/17.1/nios2eds/bin/gnu/h-x86_64-mingw32/bin/../lib/gcc/nios2-elf/5.3.0\libgcc.a(eqdf2.o)
                0x0000000000011334                __nedf2
                0x0000000000011334                __eqdf2
 .text          0x00000000000113bc       0xdc c:/intelfpga/17.1/nios2eds/bin/gnu/h-x86_64-mingw32/bin/../lib/gcc/nios2-elf/5.3.0\libgcc.a(gedf2.o)
                0x00000000000113bc                __gedf2
                0x00000000000113bc                __gtdf2
 .text          0x0000000000011498       0xf4 c:/intelfpga/17.1/nios2eds/bin/gnu/h-x86_64-mingw32/bin/../lib/gcc/nios2-elf/5.3.0\libgcc.a(ledf2.o)
                0x0000000000011498                __ledf2
                0x0000000000011498                __ltdf2
 .text          0x000000000001158c      0x718 c:/intelfpga/17.1/nios2eds/bin/gnu/h-x86_64-mingw32/bin/../lib/gcc/nios2-elf/5.3.0\libgcc.a(muldf3.o)
                0x000000000001158c                __muldf3
 .text          0x0000000000011ca4      0x8fc c:/intelfpga/17.1/nios2eds/bin/gnu/h-x86_64-mingw32/bin/../lib/gcc/nios2-elf/5.3.0\libgcc.a(subdf3.o)
                0x0000000000011ca4                __subdf3
 .text          0x00000000000125a0       0x80 c:/intelfpga/17.1/nios2eds/bin/gnu/h-x86_64-mingw32/bin/../lib/gcc/nios2-elf/5.3.0\libgcc.a(fixdfsi.o)
                0x00000000000125a0                __fixdfsi
 .text          0x0000000000012620       0xdc c:/intelfpga/17.1/nios2eds/bin/gnu/h-x86_64-mingw32/bin/../lib/gcc/nios2-elf/5.3.0\libgcc.a(floatsidf.o)
                0x0000000000012620                __floatsidf
 .text          0x00000000000126fc       0xa8 c:/intelfpga/17.1/nios2eds/bin/gnu/h-x86_64-mingw32/bin/../lib/gcc/nios2-elf/5.3.0\libgcc.a(floatunsidf.o)
                0x00000000000126fc                __floatunsidf
 .text          0x00000000000127a4        0x0 c:/intelfpga/17.1/nios2eds/bin/gnu/h-x86_64-mingw32/bin/../lib/gcc/nios2-elf/5.3.0\libgcc.a(_clz.o)
 .text          0x00000000000127a4       0x64 c:/intelfpga/17.1/nios2eds/bin/gnu/h-x86_64-mingw32/bin/../lib/gcc/nios2-elf/5.3.0\libgcc.a(_clzsi2.o)
                0x00000000000127a4                __clzsi2
 .text          0x0000000000012808      0x10c C:/Users/dagarbl2/Documents/GitHub/proyecto_CHS/software/nios_software_bsp/\libucosii_bsp.a(alt_close.o)
                0x0000000000012844                close
 .text          0x0000000000012914       0x2c C:/Users/dagarbl2/Documents/GitHub/proyecto_CHS/software/nios_software_bsp/\libucosii_bsp.a(alt_dev.o)
 .text          0x0000000000012940        0x0 C:/Users/dagarbl2/Documents/GitHub/proyecto_CHS/software/nios_software_bsp/\libucosii_bsp.a(alt_errno.o)
 .text          0x0000000000012940       0x34 C:/Users/dagarbl2/Documents/GitHub/proyecto_CHS/software/nios_software_bsp/\libucosii_bsp.a(alt_exit.o)
                0x0000000000012940                _exit
 .text          0x0000000000012974       0xec C:/Users/dagarbl2/Documents/GitHub/proyecto_CHS/software/nios_software_bsp/\libucosii_bsp.a(alt_fstat.o)
                0x00000000000129b0                fstat
 .text          0x0000000000012a60      0x180 C:/Users/dagarbl2/Documents/GitHub/proyecto_CHS/software/nios_software_bsp/\libucosii_bsp.a(alt_irq_register.o)
                0x0000000000012a60                alt_irq_register
 .text          0x0000000000012be0        0x0 C:/Users/dagarbl2/Documents/GitHub/proyecto_CHS/software/nios_software_bsp/\libucosii_bsp.a(alt_irq_vars.o)
 .text          0x0000000000012be0       0xe0 C:/Users/dagarbl2/Documents/GitHub/proyecto_CHS/software/nios_software_bsp/\libucosii_bsp.a(alt_isatty.o)
                0x0000000000012c1c                isatty
 .text          0x0000000000012cc0       0xec C:/Users/dagarbl2/Documents/GitHub/proyecto_CHS/software/nios_software_bsp/\libucosii_bsp.a(alt_load.o)
                0x0000000000012d28                alt_load
 .text          0x0000000000012dac      0x110 C:/Users/dagarbl2/Documents/GitHub/proyecto_CHS/software/nios_software_bsp/\libucosii_bsp.a(alt_lseek.o)
                0x0000000000012de8                lseek
 .text          0x0000000000012ebc       0xbc C:/Users/dagarbl2/Documents/GitHub/proyecto_CHS/software/nios_software_bsp/\libucosii_bsp.a(alt_main.o)
                0x0000000000012ebc                alt_main
 .text          0x0000000000012f78      0x138 C:/Users/dagarbl2/Documents/GitHub/proyecto_CHS/software/nios_software_bsp/\libucosii_bsp.a(alt_read.o)
                0x0000000000012fb4                read
 .text          0x00000000000130b0       0x64 C:/Users/dagarbl2/Documents/GitHub/proyecto_CHS/software/nios_software_bsp/\libucosii_bsp.a(alt_release_fd.o)
                0x00000000000130b0                alt_release_fd
 .text          0x0000000000013114       0xb0 C:/Users/dagarbl2/Documents/GitHub/proyecto_CHS/software/nios_software_bsp/\libucosii_bsp.a(alt_sbrk.o)
                0x0000000000013114                sbrk
 .text          0x00000000000131c4      0x134 C:/Users/dagarbl2/Documents/GitHub/proyecto_CHS/software/nios_software_bsp/\libucosii_bsp.a(alt_write.o)
                0x0000000000013200                write
 .text          0x00000000000132f8      0x124 C:/Users/dagarbl2/Documents/GitHub/proyecto_CHS/software/nios_software_bsp/\libucosii_bsp.a(alt_env_lock.o)
                0x00000000000132f8                __env_lock
                0x00000000000133bc                __env_unlock
 .text          0x000000000001341c      0x1ec C:/Users/dagarbl2/Documents/GitHub/proyecto_CHS/software/nios_software_bsp/\libucosii_bsp.a(alt_malloc_lock.o)
                0x000000000001341c                __malloc_lock
                0x000000000001353c                __malloc_unlock
 .text          0x0000000000013608     0x2014 C:/Users/dagarbl2/Documents/GitHub/proyecto_CHS/software/nios_software_bsp/\libucosii_bsp.a(os_core.o)
                0x0000000000013608                OSEventNameGet
                0x0000000000013728                OSEventNameSet
                0x0000000000013868                OSEventPendMulti
                0x0000000000013e78                OSInit
                0x0000000000013ed0                OSIntEnter
                0x0000000000013f1c                OSIntExit
                0x0000000000014014                OSSchedLock
                0x00000000000140a0                OSSchedUnlock
                0x000000000001417c                OSStart
                0x00000000000141ec                OSStatInit
                0x000000000001429c                OSTimeTick
                0x00000000000144bc                OSVersion
                0x00000000000144dc                OS_Dummy
                0x00000000000144fc                OS_EventTaskRdy
                0x0000000000014694                OS_EventTaskWait
                0x00000000000147a4                OS_EventTaskWaitMulti
                0x00000000000148f4                OS_EventTaskRemove
                0x00000000000149ac                OS_EventTaskRemoveMulti
                0x0000000000014aac                OS_EventWaitListInit
                0x0000000000014e8c                OS_MemClr
                0x0000000000014ee0                OS_MemCopy
                0x0000000000014f48                OS_Sched
                0x000000000001508c                OS_StrCopy
                0x0000000000015100                OS_StrLen
                0x0000000000015154                OS_TaskIdle
                0x00000000000151b0                OS_TaskStat
                0x000000000001527c                OS_TaskStatStkChk
                0x0000000000015348                OS_TCBInit
 .text          0x000000000001561c      0x190 C:/Users/dagarbl2/Documents/GitHub/proyecto_CHS/software/nios_software_bsp/\libucosii_bsp.a(os_dbg.o)
                0x000000000001561c                OSDebugInit
 .text          0x00000000000157ac     0x1714 C:/Users/dagarbl2/Documents/GitHub/proyecto_CHS/software/nios_software_bsp/\libucosii_bsp.a(os_flag.o)
                0x00000000000157ac                OSFlagAccept
                0x0000000000015ab4                OSFlagCreate
                0x0000000000015bbc                OSFlagDel
                0x0000000000015e04                OSFlagNameGet
                0x0000000000015f2c                OSFlagNameSet
                0x0000000000016078                OSFlagPend
                0x0000000000016630                OSFlagPendGetFlagsRdy
                0x0000000000016690                OSFlagPost
                0x0000000000016a24                OSFlagQuery
                0x0000000000016c48                OS_FlagInit
                0x0000000000016e1c                OS_FlagUnlink
 .text          0x0000000000016ec0      0xac8 C:/Users/dagarbl2/Documents/GitHub/proyecto_CHS/software/nios_software_bsp/\libucosii_bsp.a(os_mbox.o)
                0x0000000000016ec0                OSMboxAccept
                0x0000000000016f58                OSMboxCreate
                0x000000000001702c                OSMboxDel
                0x000000000001726c                OSMboxPend
                0x00000000000174a0                OSMboxPendAbort
                0x000000000001760c                OSMboxPost
                0x000000000001771c                OSMboxPostOpt
                0x0000000000017878                OSMboxQuery
 .text          0x0000000000017988      0x754 C:/Users/dagarbl2/Documents/GitHub/proyecto_CHS/software/nios_software_bsp/\libucosii_bsp.a(os_mem.o)
                0x0000000000017988                OSMemCreate
                0x0000000000017b5c                OSMemGet
                0x0000000000017c4c                OSMemNameGet
                0x0000000000017d3c                OSMemNameSet
                0x0000000000017e50                OSMemPut
                0x0000000000017f28                OSMemQuery
                0x0000000000018010                OS_MemInit
 .text          0x00000000000180dc     0x1104 C:/Users/dagarbl2/Documents/GitHub/proyecto_CHS/software/nios_software_bsp/\libucosii_bsp.a(os_q.o)
                0x00000000000180dc                OSQAccept
                0x000000000001821c                OSQCreate
                0x00000000000183c8                OSQDel
                0x0000000000018648                OSQFlush
                0x0000000000018700                OSQPend
                0x000000000001898c                OSQPendAbort
                0x0000000000018af8                OSQPost
                0x0000000000018c60                OSQPostFront
                0x0000000000018dd0                OSQPostOpt
                0x0000000000018fdc                OSQQuery
                0x0000000000019138                OS_QInit
 .text          0x00000000000191e0      0xa60 C:/Users/dagarbl2/Documents/GitHub/proyecto_CHS/software/nios_software_bsp/\libucosii_bsp.a(os_sem.o)
                0x00000000000191e0                OSSemAccept
                0x0000000000019290                OSSemCreate
                0x0000000000019368                OSSemDel
                0x00000000000195a8                OSSemPend
                0x00000000000197b4                OSSemPendAbort
                0x0000000000019920                OSSemPost
                0x0000000000019a30                OSSemQuery
                0x0000000000019b40                OSSemSet
 .text          0x0000000000019c40     0x176c C:/Users/dagarbl2/Documents/GitHub/proyecto_CHS/software/nios_software_bsp/\libucosii_bsp.a(os_task.o)
                0x0000000000019c40                OSTaskChangePrio
                0x000000000001a130                OSTaskCreate
                0x000000000001a2dc                OSTaskCreateExt
                0x000000000001a4c0                OSTaskDel
                0x000000000001a804                OSTaskDelReq
                0x000000000001a954                OSTaskNameGet
                0x000000000001aaec                OSTaskNameSet
                0x000000000001aca0                OSTaskResume
                0x000000000001ae74                OSTaskStkChk
                0x000000000001b034                OSTaskSuspend
                0x000000000001b218                OSTaskQuery
                0x000000000001b33c                OS_TaskStkClr
 .text          0x000000000001b3ac      0x4e8 C:/Users/dagarbl2/Documents/GitHub/proyecto_CHS/software/nios_software_bsp/\libucosii_bsp.a(os_time.o)
                0x000000000001b3ac                OSTimeDly
                0x000000000001b4b0                OSTimeDlyHMSM
                0x000000000001b604                OSTimeDlyResume
                0x000000000001b7d8                OSTimeGet
                0x000000000001b834                OSTimeSet
 .text          0x000000000001b894      0x440 C:/Users/dagarbl2/Documents/GitHub/proyecto_CHS/software/nios_software_bsp/\libucosii_bsp.a(alt_sys_init.o)
                0x000000000001b8c8                alt_irq_init
                0x000000000001b900                alt_sys_init
 .text          0x000000000001bcd4     0x432c C:/Users/dagarbl2/Documents/GitHub/proyecto_CHS/software/nios_software_bsp/\libucosii_bsp.a(Altera_UP_SD_Card_Avalon_Interface.o)
                0x000000000001bcd4                Write_Sector_Data
                0x000000000001bd88                Save_Modified_Sector
                0x000000000001bdd4                Read_Sector_Data
                0x000000000001beac                get_cluster_flag
                0x000000000001bf60                mark_cluster
                0x000000000001c040                Check_for_Master_Boot_Record
                0x000000000001c1e4                Read_File_Record_At_Offset
                0x000000000001c460                Write_File_Record_At_Offset
                0x000000000001c6ec                Check_for_DOS_FAT
                0x000000000001cd8c                Look_for_FAT16
                0x000000000001ce78                filename_to_upper_case
                0x000000000001cf3c                check_file_name_for_FAT16_compliance
                0x000000000001d1a8                get_dir_divider_location
                0x000000000001d260                match_file_record_to_name_ext
                0x000000000001d4fc                get_home_directory_cluster_for_file
                0x000000000001da3c                find_file_in_directory
                0x000000000001deb8                find_first_empty_cluster
                0x000000000001e074                find_first_empty_record_in_a_subdirectory
                0x000000000001e2c0                find_first_empty_record_in_root_directory
                0x000000000001e3f4                convert_filename_to_name_extension
                0x000000000001e580                create_file
                0x000000000001e848                copy_file_record_name_to_string
                0x000000000001e990                alt_up_sd_card_open_dev
                0x000000000001ea4c                alt_up_sd_card_is_Present
                0x000000000001eb10                alt_up_sd_card_is_FAT16
                0x000000000001eb7c                alt_up_sd_card_find_first
                0x000000000001ec4c                alt_up_sd_card_find_next
                0x000000000001f00c                alt_up_sd_card_fopen
                0x000000000001f388                alt_up_sd_card_set_attributes
                0x000000000001f410                alt_up_sd_card_get_attributes
                0x000000000001f498                alt_up_sd_card_read
                0x000000000001f810                alt_up_sd_card_write
                0x000000000001fe44                alt_up_sd_card_fclose
 .text          0x0000000000020000      0x898 C:/Users/dagarbl2/Documents/GitHub/proyecto_CHS/software/nios_software_bsp/\libucosii_bsp.a(altera_avalon_cfi_flash.o)
                0x0000000000020034                alt_flash_cfi_init
                0x00000000000200c4                alt_flash_cfi_write
                0x000000000002036c                alt_flash_cfi_get_info
                0x00000000000203f8                alt_flash_cfi_read
                0x000000000002045c                alt_write_value_to_flash
                0x00000000000205b8                alt_flash_program_block
 .text          0x0000000000020898     0x1448 C:/Users/dagarbl2/Documents/GitHub/proyecto_CHS/software/nios_software_bsp/\libucosii_bsp.a(altera_avalon_cfi_flash_table.o)
                0x0000000000020898                alt_read_query_entry_8bit
                0x00000000000208d4                alt_read_query_entry_16bit
                0x0000000000020914                alt_read_query_entry_32bit
                0x0000000000020954                alt_write_flash_command_8bit_device_8bit_mode
                0x0000000000020998                alt_write_flash_command_16bit_device_8bit_mode
                0x0000000000020a10                alt_write_flash_command_32bit_device_8bit_mode
                0x0000000000020a60                alt_write_flash_command_16bit_device_16bit_mode
                0x0000000000020aac                alt_write_flash_command_32bit_device_16bit_mode
                0x0000000000020afc                alt_write_flash_command_32bit_device_32bit_mode
                0x0000000000020b4c                alt_write_native_8bit
                0x0000000000020b84                alt_write_native_16bit
                0x0000000000020bbc                alt_write_native_32bit
                0x0000000000020bf0                alt_set_flash_width_func
                0x0000000000020db4                alt_set_flash_algorithm_func
                0x0000000000020ed0                alt_read_cfi_table
                0x0000000000021498                alt_read_cfi_width
                0x0000000000021c08                alt_check_primary_table
 .text          0x0000000000021ce0      0x164 C:/Users/dagarbl2/Documents/GitHub/proyecto_CHS/software/nios_software_bsp/\libucosii_bsp.a(altera_avalon_jtag_uart_fd.o)
                0x0000000000021ce0                altera_avalon_jtag_uart_read_fd
                0x0000000000021d40                altera_avalon_jtag_uart_write_fd
                0x0000000000021da0                altera_avalon_jtag_uart_close_fd
                0x0000000000021df0                altera_avalon_jtag_uart_ioctl_fd
 .text          0x0000000000021e44      0x550 C:/Users/dagarbl2/Documents/GitHub/proyecto_CHS/software/nios_software_bsp/\libucosii_bsp.a(altera_avalon_jtag_uart_init.o)
                0x0000000000021e44                altera_avalon_jtag_uart_init
                0x000000000002232c                altera_avalon_jtag_uart_close
 .text          0x0000000000022394       0xf0 C:/Users/dagarbl2/Documents/GitHub/proyecto_CHS/software/nios_software_bsp/\libucosii_bsp.a(altera_avalon_jtag_uart_ioctl.o)
                0x0000000000022394                altera_avalon_jtag_uart_ioctl
 .text          0x0000000000022484      0x2bc C:/Users/dagarbl2/Documents/GitHub/proyecto_CHS/software/nios_software_bsp/\libucosii_bsp.a(altera_avalon_jtag_uart_read.o)
                0x0000000000022484                altera_avalon_jtag_uart_read
 .text          0x0000000000022740      0x2c4 C:/Users/dagarbl2/Documents/GitHub/proyecto_CHS/software/nios_software_bsp/\libucosii_bsp.a(altera_avalon_jtag_uart_write.o)
                0x0000000000022740                altera_avalon_jtag_uart_write
 .text          0x0000000000022a04       0xf0 C:/Users/dagarbl2/Documents/GitHub/proyecto_CHS/software/nios_software_bsp/\libucosii_bsp.a(altera_avalon_timer_sc.o)
                0x0000000000022a80                alt_avalon_timer_sc_init
 .text          0x0000000000022af4      0x4f4 C:/Users/dagarbl2/Documents/GitHub/proyecto_CHS/software/nios_software_bsp/\libucosii_bsp.a(altera_up_avalon_character_lcd.o)
                0x0000000000022af4                get_DDRAM_addr
                0x0000000000022b68                alt_up_character_lcd_send_cmd
                0x0000000000022ba8                alt_up_character_lcd_init
                0x0000000000022be0                alt_up_character_lcd_open_dev
                0x0000000000022c1c                alt_up_character_lcd_write
                0x0000000000022c98                alt_up_character_lcd_string
                0x0000000000022d10                alt_up_character_lcd_write_fd
                0x0000000000022d60                alt_up_character_lcd_set_cursor_pos
                0x0000000000022dd4                alt_up_character_lcd_shift_cursor
                0x0000000000022e60                alt_up_character_lcd_shift_display
                0x0000000000022eec                alt_up_character_lcd_erase_pos
                0x0000000000022f78                alt_up_character_lcd_cursor_off
                0x0000000000022fb0                alt_up_character_lcd_cursor_blink_on
 .text          0x0000000000022fe8      0x6b0 C:/Users/dagarbl2/Documents/GitHub/proyecto_CHS/software/nios_software_bsp/\libucosii_bsp.a(altera_up_avalon_ps2.o)
                0x0000000000022fe8                read_RI_bit
                0x000000000002301c                read_RE_bit
                0x000000000002304c                read_CE_bit
                0x0000000000023080                read_num_bytes_available
                0x00000000000230b0                read_data_valid
                0x00000000000230e4                read_data_byte
                0x0000000000023110                alt_up_ps2_init
                0x00000000000231d8                alt_up_ps2_enable_read_interrupt
                0x0000000000023234                alt_up_ps2_disable_read_interrupt
                0x0000000000023294                alt_up_ps2_write_data_byte
                0x0000000000023308                alt_up_ps2_wait_for_ack
                0x0000000000023370                alt_up_ps2_write_data_byte_with_ack
                0x00000000000233d4                alt_up_ps2_read_data_byte_timeout
                0x0000000000023470                alt_up_ps2_read_data_byte
                0x00000000000234e0                alt_up_ps2_clear_fifo
                0x0000000000023538                alt_up_ps2_read_fd
                0x00000000000235c4                alt_up_ps2_write_fd
                0x000000000002365c                alt_up_ps2_open_dev
 .text          0x0000000000023698      0x390 C:/Users/dagarbl2/Documents/GitHub/proyecto_CHS/software/nios_software_bsp/\libucosii_bsp.a(altera_up_avalon_rs232.o)
                0x0000000000023698                alt_up_rs232_enable_read_interrupt
                0x00000000000236f4                alt_up_rs232_disable_read_interrupt
                0x0000000000023754                alt_up_rs232_get_used_space_in_read_FIFO
                0x0000000000023794                alt_up_rs232_get_available_space_in_write_FIFO
                0x00000000000237d0                alt_up_rs232_check_parity
                0x0000000000023814                alt_up_rs232_write_data
                0x0000000000023854                alt_up_rs232_read_data
                0x00000000000238c8                alt_up_rs232_read_fd
                0x0000000000023958                alt_up_rs232_write_fd
                0x00000000000239ec                alt_up_rs232_open_dev
 .text          0x0000000000023a28      0x2e0 C:/Users/dagarbl2/Documents/GitHub/proyecto_CHS/software/nios_software_bsp/\libucosii_bsp.a(altera_up_avalon_video_character_buffer_with_dma.o)
                0x0000000000023a28                alt_up_char_buffer_init
                0x0000000000023aa8                alt_up_char_buffer_open_dev
                0x0000000000023ae4                alt_up_char_buffer_draw
                0x0000000000023bb0                alt_up_char_buffer_string
                0x0000000000023cac                alt_up_char_buffer_clear
 .text          0x0000000000023d08      0x12c C:/Users/dagarbl2/Documents/GitHub/proyecto_CHS/software/nios_software_bsp/\libucosii_bsp.a(alt_alarm_start.o)
                0x0000000000023d08                alt_alarm_start
 .text          0x0000000000023e34       0x78 C:/Users/dagarbl2/Documents/GitHub/proyecto_CHS/software/nios_software_bsp/\libucosii_bsp.a(alt_dcache_flush.o)
                0x0000000000023e34                alt_dcache_flush
 .text          0x0000000000023eac       0x48 C:/Users/dagarbl2/Documents/GitHub/proyecto_CHS/software/nios_software_bsp/\libucosii_bsp.a(alt_dcache_flush_all.o)
                0x0000000000023eac                alt_dcache_flush_all
 .text          0x0000000000023ef4       0xe0 C:/Users/dagarbl2/Documents/GitHub/proyecto_CHS/software/nios_software_bsp/\libucosii_bsp.a(alt_dev_llist_insert.o)
                0x0000000000023f30                alt_dev_llist_insert
 .text          0x0000000000023fd4       0x60 C:/Users/dagarbl2/Documents/GitHub/proyecto_CHS/software/nios_software_bsp/\libucosii_bsp.a(alt_do_ctors.o)
                0x0000000000023fd4                _do_ctors
 .text          0x0000000000024034       0x60 C:/Users/dagarbl2/Documents/GitHub/proyecto_CHS/software/nios_software_bsp/\libucosii_bsp.a(alt_do_dtors.o)
                0x0000000000024034                _do_dtors
 .text          0x0000000000024094       0x90 C:/Users/dagarbl2/Documents/GitHub/proyecto_CHS/software/nios_software_bsp/\libucosii_bsp.a(alt_find_dev.o)
                0x0000000000024094                alt_find_dev
 .text          0x0000000000024124       0xbc C:/Users/dagarbl2/Documents/GitHub/proyecto_CHS/software/nios_software_bsp/\libucosii_bsp.a(alt_flash_dev.o)
                0x0000000000024124                alt_flash_open_dev
                0x000000000002418c                alt_flash_close_dev
 .text          0x00000000000241e0       0x34 C:/Users/dagarbl2/Documents/GitHub/proyecto_CHS/software/nios_software_bsp/\libucosii_bsp.a(alt_icache_flush_all.o)
                0x00000000000241e0                alt_icache_flush_all
 .text          0x0000000000024214      0x140 C:/Users/dagarbl2/Documents/GitHub/proyecto_CHS/software/nios_software_bsp/\libucosii_bsp.a(alt_io_redirect.o)
                0x00000000000242d8                alt_io_redirect
 .text          0x0000000000024354        0x0 C:/Users/dagarbl2/Documents/GitHub/proyecto_CHS/software/nios_software_bsp/\libucosii_bsp.a(alt_irq_entry.o)
 .text          0x0000000000024354        0x0 C:/Users/dagarbl2/Documents/GitHub/proyecto_CHS/software/nios_software_bsp/\libucosii_bsp.a(alt_irq_handler.o)
 .text          0x0000000000024354      0x254 C:/Users/dagarbl2/Documents/GitHub/proyecto_CHS/software/nios_software_bsp/\libucosii_bsp.a(alt_open.o)
                0x0000000000024454                open
 .text          0x00000000000245a8      0x1a4 C:/Users/dagarbl2/Documents/GitHub/proyecto_CHS/software/nios_software_bsp/\libucosii_bsp.a(alt_tick.o)
                0x00000000000245a8                alt_alarm_stop
                0x0000000000024644                alt_tick
 .text          0x000000000002474c       0x24 C:/Users/dagarbl2/Documents/GitHub/proyecto_CHS/software/nios_software_bsp/\libucosii_bsp.a(altera_nios2_gen2_irq.o)
                0x000000000002474c                altera_nios2_gen2_irq_init
 .text          0x0000000000024770       0xd0 C:/Users/dagarbl2/Documents/GitHub/proyecto_CHS/software/nios_software_bsp/\libucosii_bsp.a(os_cpu_a.o)
                0x0000000000024770                OSCtxSw
                0x0000000000024770                OSIntCtxSw
                0x00000000000247fc                OSStartHighRdy
                0x000000000002481c                OSStartTsk
 .text          0x0000000000024840      0x288 C:/Users/dagarbl2/Documents/GitHub/proyecto_CHS/software/nios_software_bsp/\libucosii_bsp.a(os_cpu_c.o)
                0x0000000000024840                OSTaskStkInit
                0x000000000002499c                OSTaskCreateHook
                0x00000000000249c0                OSTaskDelHook
                0x00000000000249e4                OSTaskSwHook
                0x0000000000024a04                OSTaskStatHook
                0x0000000000024a24                OSTimeTickHook
                0x0000000000024a44                OSInitHookBegin
                0x0000000000024a64                OSInitHookEnd
                0x0000000000024a84                OSTaskIdleHook
                0x0000000000024aa4                OSTCBInitHook
 .text          0x0000000000024ac8      0x460 C:/Users/dagarbl2/Documents/GitHub/proyecto_CHS/software/nios_software_bsp/\libucosii_bsp.a(altera_avalon_cfi_flash_amd.o)
                0x0000000000024ac8                alt_program_amd
                0x0000000000024b30                alt_erase_block_amd
 .text          0x0000000000024f28      0x45c C:/Users/dagarbl2/Documents/GitHub/proyecto_CHS/software/nios_software_bsp/\libucosii_bsp.a(altera_avalon_cfi_flash_intel.o)
                0x0000000000024f28                alt_program_intel
                0x0000000000024fa8                alt_erase_block_intel
 .text          0x0000000000025384        0x0 C:/Users/dagarbl2/Documents/GitHub/proyecto_CHS/software/nios_software_bsp/\libucosii_bsp.a(alt_exception_entry.o)
 .text          0x0000000000025384      0x108 C:/Users/dagarbl2/Documents/GitHub/proyecto_CHS/software/nios_software_bsp/\libucosii_bsp.a(alt_find_file.o)
                0x0000000000025384                alt_find_file
 .text          0x000000000002548c       0xdc C:/Users/dagarbl2/Documents/GitHub/proyecto_CHS/software/nios_software_bsp/\libucosii_bsp.a(alt_get_fd.o)
                0x000000000002548c                alt_get_fd
 .text          0x0000000000025568       0x90 C:/Users/dagarbl2/Documents/GitHub/proyecto_CHS/software/nios_software_bsp/\libucosii_bsp.a(alt_icache_flush.o)
                0x0000000000025568                alt_icache_flush
 .text          0x00000000000255f8       0x9c C:/Users/dagarbl2/Documents/GitHub/proyecto_CHS/software/nios_software_bsp/\libucosii_bsp.a(alt_instruction_exception_entry.o)
                0x00000000000255f8                alt_exception_cause_generated_bad_addr
 .text          0x0000000000025694      0x114 C:/Users/dagarbl2/Documents/GitHub/proyecto_CHS/software/nios_software_bsp/\libucosii_bsp.a(alt_usleep.o)
                0x0000000000025694                usleep
 .text          0x00000000000257a8      0x158 C:/Users/dagarbl2/Documents/GitHub/proyecto_CHS/software/nios_software_bsp/\libucosii_bsp.a(alt_busy_sleep.o)
                0x00000000000257a8                alt_busy_sleep
 .text          0x0000000000025900        0x0 c:/intelfpga/17.1/nios2eds/bin/gnu/h-x86_64-mingw32/bin/../lib/gcc/nios2-elf/5.3.0/../../../../../H-x86_64-mingw32/nios2-elf/lib\libc.a(lib_a-atexit.o)
 .text.atexit   0x0000000000025900       0x14 c:/intelfpga/17.1/nios2eds/bin/gnu/h-x86_64-mingw32/bin/../lib/gcc/nios2-elf/5.3.0/../../../../../H-x86_64-mingw32/nios2-elf/lib\libc.a(lib_a-atexit.o)
                0x0000000000025900                atexit
 .text          0x0000000000025914        0x0 c:/intelfpga/17.1/nios2eds/bin/gnu/h-x86_64-mingw32/bin/../lib/gcc/nios2-elf/5.3.0/../../../../../H-x86_64-mingw32/nios2-elf/lib\libc.a(lib_a-__atexit.o)
 .text.__register_exitproc
                0x0000000000025914      0x118 c:/intelfpga/17.1/nios2eds/bin/gnu/h-x86_64-mingw32/bin/../lib/gcc/nios2-elf/5.3.0/../../../../../H-x86_64-mingw32/nios2-elf/lib\libc.a(lib_a-__atexit.o)
                0x0000000000025914                __register_exitproc
 *(.gnu.warning.*)
 *(.fini)
                [!provide]                        PROVIDE (__etext, ABSOLUTE (.))
                [!provide]                        PROVIDE (_etext, ABSOLUTE (.))
                [!provide]                        PROVIDE (etext, ABSOLUTE (.))
 *(.eh_frame_hdr)
                0x0000000000025a2c                . = ALIGN (0x4)
                [!provide]                        PROVIDE (__preinit_array_start, ABSOLUTE (.))
 *(.preinit_array)
                [!provide]                        PROVIDE (__preinit_array_end, ABSOLUTE (.))
                [!provide]                        PROVIDE (__init_array_start, ABSOLUTE (.))
 *(.init_array)
                [!provide]                        PROVIDE (__init_array_end, ABSOLUTE (.))
                [!provide]                        PROVIDE (__fini_array_start, ABSOLUTE (.))
 *(.fini_array)
                [!provide]                        PROVIDE (__fini_array_end, ABSOLUTE (.))
 *(.eh_frame)
 *(.gcc_except_table .gcc_except_table.*)
 *(.dynamic)
                0x0000000000025a2c                PROVIDE (__CTOR_LIST__, ABSOLUTE (.))
 *(.ctors)
 *(SORT(.ctors.*))
                0x0000000000025a2c                PROVIDE (__CTOR_END__, ABSOLUTE (.))
                0x0000000000025a2c                PROVIDE (__DTOR_LIST__, ABSOLUTE (.))
 *(.dtors)
 *(SORT(.dtors.*))
                0x0000000000025a2c                PROVIDE (__DTOR_END__, ABSOLUTE (.))
 *(.jcr)
                0x0000000000025a2c                . = ALIGN (0x4)

.rodata         0x0000000000025a2c      0xbcc
                0x0000000000025a2c                PROVIDE (__ram_rodata_start, ABSOLUTE (.))
                0x0000000000025a2c                . = ALIGN (0x4)
 *(.rodata .rodata.* .gnu.linkonce.r.*)
 .rodata        0x0000000000025a2c      0x375 obj/default/src/alt_ucosii_simple_error_check.o
 *fill*         0x0000000000025da1        0x3 
 .rodata        0x0000000000025da4       0x19 obj/default/src/app_config.o
 *fill*         0x0000000000025dbd        0x3 
 .rodata        0x0000000000025dc0       0xbd obj/default/src/isr.o
 *fill*         0x0000000000025e7d        0x3 
 .rodata        0x0000000000025e80      0x1a6 obj/default/src/sdcard.o
 *fill*         0x0000000000026026        0x2 
 .rodata        0x0000000000026028       0x1b obj/default/src/task_config.o
 *fill*         0x0000000000026043        0x1 
 .rodata.str1.4
                0x0000000000026044        0x2 c:/intelfpga/17.1/nios2eds/bin/gnu/h-x86_64-mingw32/bin/../lib/gcc/nios2-elf/5.3.0/../../../../../H-x86_64-mingw32/nios2-elf/lib\libc.a(lib_a-impure.o)
 *fill*         0x0000000000026046        0x2 
 .rodata.str1.4
                0x0000000000026048        0x2 c:/intelfpga/17.1/nios2eds/bin/gnu/h-x86_64-mingw32/bin/../lib/gcc/nios2-elf/5.3.0/../../../../../H-x86_64-mingw32/nios2-elf/lib\libc.a(lib_a-puts.o)
 *fill*         0x000000000002604a        0x2 
 .rodata.str1.4
                0x000000000002604c       0x42 c:/intelfpga/17.1/nios2eds/bin/gnu/h-x86_64-mingw32/bin/../lib/gcc/nios2-elf/5.3.0/../../../../../H-x86_64-mingw32/nios2-elf/lib\libc.a(lib_a-svfprintf.o)
 .rodata.zeroes.4389
                0x000000000002608e       0x10 c:/intelfpga/17.1/nios2eds/bin/gnu/h-x86_64-mingw32/bin/../lib/gcc/nios2-elf/5.3.0/../../../../../H-x86_64-mingw32/nios2-elf/lib\libc.a(lib_a-svfprintf.o)
 .rodata.blanks.4388
                0x000000000002609e       0x10 c:/intelfpga/17.1/nios2eds/bin/gnu/h-x86_64-mingw32/bin/../lib/gcc/nios2-elf/5.3.0/../../../../../H-x86_64-mingw32/nios2-elf/lib\libc.a(lib_a-svfprintf.o)
 .rodata.str1.4
                0x00000000000260ae       0x42 c:/intelfpga/17.1/nios2eds/bin/gnu/h-x86_64-mingw32/bin/../lib/gcc/nios2-elf/5.3.0/../../../../../H-x86_64-mingw32/nios2-elf/lib\libc.a(lib_a-vfprintf.o)
 .rodata.zeroes.4404
                0x00000000000260ae       0x10 c:/intelfpga/17.1/nios2eds/bin/gnu/h-x86_64-mingw32/bin/../lib/gcc/nios2-elf/5.3.0/../../../../../H-x86_64-mingw32/nios2-elf/lib\libc.a(lib_a-vfprintf.o)
 .rodata.blanks.4403
                0x00000000000260be       0x10 c:/intelfpga/17.1/nios2eds/bin/gnu/h-x86_64-mingw32/bin/../lib/gcc/nios2-elf/5.3.0/../../../../../H-x86_64-mingw32/nios2-elf/lib\libc.a(lib_a-vfprintf.o)
 *fill*         0x00000000000260ce        0x2 
 .rodata.str1.4
                0x00000000000260d0       0x10 c:/intelfpga/17.1/nios2eds/bin/gnu/h-x86_64-mingw32/bin/../lib/gcc/nios2-elf/5.3.0/../../../../../H-x86_64-mingw32/nios2-elf/lib\libc.a(lib_a-dtoa.o)
                                         0x12 (size before relaxing)
 .rodata.str1.4
                0x00000000000260e0        0xc c:/intelfpga/17.1/nios2eds/bin/gnu/h-x86_64-mingw32/bin/../lib/gcc/nios2-elf/5.3.0/../../../../../H-x86_64-mingw32/nios2-elf/lib\libc.a(lib_a-locale.o)
                                         0x12 (size before relaxing)
 .rodata.p05.2768
                0x00000000000260ec        0xc c:/intelfpga/17.1/nios2eds/bin/gnu/h-x86_64-mingw32/bin/../lib/gcc/nios2-elf/5.3.0/../../../../../H-x86_64-mingw32/nios2-elf/lib\libc.a(lib_a-mprec.o)
 .rodata.__mprec_tinytens
                0x00000000000260f8       0x28 c:/intelfpga/17.1/nios2eds/bin/gnu/h-x86_64-mingw32/bin/../lib/gcc/nios2-elf/5.3.0/../../../../../H-x86_64-mingw32/nios2-elf/lib\libc.a(lib_a-mprec.o)
                0x00000000000260f8                __mprec_tinytens
 .rodata.__mprec_bigtens
                0x0000000000026120       0x28 c:/intelfpga/17.1/nios2eds/bin/gnu/h-x86_64-mingw32/bin/../lib/gcc/nios2-elf/5.3.0/../../../../../H-x86_64-mingw32/nios2-elf/lib\libc.a(lib_a-mprec.o)
                0x0000000000026120                __mprec_bigtens
 .rodata.__mprec_tens
                0x0000000000026148       0xc8 c:/intelfpga/17.1/nios2eds/bin/gnu/h-x86_64-mingw32/bin/../lib/gcc/nios2-elf/5.3.0/../../../../../H-x86_64-mingw32/nios2-elf/lib\libc.a(lib_a-mprec.o)
                0x0000000000026148                __mprec_tens
 .rodata.str1.4
                0x0000000000026210       0x2f c:/intelfpga/17.1/nios2eds/bin/gnu/h-x86_64-mingw32/bin/../lib/gcc/nios2-elf/5.3.0/../../../../../H-x86_64-mingw32/nios2-elf/lib\libc.a(lib_a-svfiprintf.o)
 .rodata.zeroes.4333
                0x0000000000026210       0x10 c:/intelfpga/17.1/nios2eds/bin/gnu/h-x86_64-mingw32/bin/../lib/gcc/nios2-elf/5.3.0/../../../../../H-x86_64-mingw32/nios2-elf/lib\libc.a(lib_a-svfiprintf.o)
 .rodata.blanks.4332
                0x0000000000026220       0x10 c:/intelfpga/17.1/nios2eds/bin/gnu/h-x86_64-mingw32/bin/../lib/gcc/nios2-elf/5.3.0/../../../../../H-x86_64-mingw32/nios2-elf/lib\libc.a(lib_a-svfiprintf.o)
 .rodata.str1.4
                0x0000000000026230       0x2f c:/intelfpga/17.1/nios2eds/bin/gnu/h-x86_64-mingw32/bin/../lib/gcc/nios2-elf/5.3.0/../../../../../H-x86_64-mingw32/nios2-elf/lib\libc.a(lib_a-vfiprintf.o)
 .rodata.zeroes.4349
                0x0000000000026230       0x10 c:/intelfpga/17.1/nios2eds/bin/gnu/h-x86_64-mingw32/bin/../lib/gcc/nios2-elf/5.3.0/../../../../../H-x86_64-mingw32/nios2-elf/lib\libc.a(lib_a-vfiprintf.o)
 .rodata.blanks.4348
                0x0000000000026240       0x10 c:/intelfpga/17.1/nios2eds/bin/gnu/h-x86_64-mingw32/bin/../lib/gcc/nios2-elf/5.3.0/../../../../../H-x86_64-mingw32/nios2-elf/lib\libc.a(lib_a-vfiprintf.o)
 .rodata        0x0000000000026250      0x100 c:/intelfpga/17.1/nios2eds/bin/gnu/h-x86_64-mingw32/bin/../lib/gcc/nios2-elf/5.3.0\libgcc.a(_clz.o)
                0x0000000000026250                __clz_tab
 .rodata        0x0000000000026350        0xa C:/Users/dagarbl2/Documents/GitHub/proyecto_CHS/software/nios_software_bsp/\libucosii_bsp.a(alt_dev.o)
 *fill*         0x000000000002635a        0x2 
 .rodata        0x000000000002635c        0xf C:/Users/dagarbl2/Documents/GitHub/proyecto_CHS/software/nios_software_bsp/\libucosii_bsp.a(alt_main.o)
 *fill*         0x000000000002636b        0x1 
 .rodata        0x000000000002636c      0x11e C:/Users/dagarbl2/Documents/GitHub/proyecto_CHS/software/nios_software_bsp/\libucosii_bsp.a(os_core.o)
                0x000000000002636c                OSUnMapTbl
 *fill*         0x000000000002648a        0x2 
 .rodata        0x000000000002648c      0x149 C:/Users/dagarbl2/Documents/GitHub/proyecto_CHS/software/nios_software_bsp/\libucosii_bsp.a(alt_sys_init.o)
 *fill*         0x00000000000265d5        0x3 
 .rodata        0x00000000000265d8       0x1a C:/Users/dagarbl2/Documents/GitHub/proyecto_CHS/software/nios_software_bsp/\libucosii_bsp.a(altera_up_avalon_video_character_buffer_with_dma.o)
 *fill*         0x00000000000265f2        0x2 
 .rodata        0x00000000000265f4        0x2 C:/Users/dagarbl2/Documents/GitHub/proyecto_CHS/software/nios_software_bsp/\libucosii_bsp.a(os_cpu_c.o)
 *(.rodata1)
                0x00000000000265f8                . = ALIGN (0x4)
 *fill*         0x00000000000265f6        0x2 
                0x00000000000265f8                PROVIDE (__ram_rodata_end, ABSOLUTE (.))
                0x0000000000025a2c                PROVIDE (__flash_rodata_start, LOADADDR (.rodata))

.rwdata         0x00000000000265f8     0x1f78 load address 0x0000000000028570
                0x00000000000265f8                PROVIDE (__ram_rwdata_start, ABSOLUTE (.))
                0x00000000000265f8                . = ALIGN (0x4)
 *(.got.plt)
 *(.got)
 *(.data1)
 *(.data .data.* .gnu.linkonce.d.*)
 .data          0x00000000000265f8        0x0 C:/Users/dagarbl2/Documents/GitHub/proyecto_CHS/software/nios_software_bsp//obj/HAL/src/crt0.o
 .data          0x00000000000265f8        0x0 obj/default/main.o
 .data          0x00000000000265f8        0x0 obj/default/src/alt_ucosii_simple_error_check.o
 .data          0x00000000000265f8        0x0 obj/default/src/app_config.o
 .data          0x00000000000265f8        0x0 obj/default/src/isr.o
 .data          0x00000000000265f8        0x0 obj/default/src/sdcard.o
 .data          0x00000000000265f8        0x0 obj/default/src/task_config.o
 .data          0x00000000000265f8        0x0 c:/intelfpga/17.1/nios2eds/bin/gnu/h-x86_64-mingw32/bin/../lib/gcc/nios2-elf/5.3.0\libgcc.a(lib2-divmod.o)
 .data          0x00000000000265f8        0x0 c:/intelfpga/17.1/nios2eds/bin/gnu/h-x86_64-mingw32/bin/../lib/gcc/nios2-elf/5.3.0/../../../../../H-x86_64-mingw32/nios2-elf/lib\libc.a(lib_a-exit.o)
 .data          0x00000000000265f8        0x0 c:/intelfpga/17.1/nios2eds/bin/gnu/h-x86_64-mingw32/bin/../lib/gcc/nios2-elf/5.3.0/../../../../../H-x86_64-mingw32/nios2-elf/lib\libc.a(lib_a-fprintf.o)
 .data          0x00000000000265f8        0x0 c:/intelfpga/17.1/nios2eds/bin/gnu/h-x86_64-mingw32/bin/../lib/gcc/nios2-elf/5.3.0/../../../../../H-x86_64-mingw32/nios2-elf/lib\libc.a(lib_a-fwrite.o)
 .data          0x00000000000265f8        0x0 c:/intelfpga/17.1/nios2eds/bin/gnu/h-x86_64-mingw32/bin/../lib/gcc/nios2-elf/5.3.0/../../../../../H-x86_64-mingw32/nios2-elf/lib\libc.a(lib_a-impure.o)
 .data.impure_data
                0x00000000000265f8      0x424 c:/intelfpga/17.1/nios2eds/bin/gnu/h-x86_64-mingw32/bin/../lib/gcc/nios2-elf/5.3.0/../../../../../H-x86_64-mingw32/nios2-elf/lib\libc.a(lib_a-impure.o)
 .data          0x0000000000026a1c        0x0 c:/intelfpga/17.1/nios2eds/bin/gnu/h-x86_64-mingw32/bin/../lib/gcc/nios2-elf/5.3.0/../../../../../H-x86_64-mingw32/nios2-elf/lib\libc.a(lib_a-printf.o)
 .data          0x0000000000026a1c        0x0 c:/intelfpga/17.1/nios2eds/bin/gnu/h-x86_64-mingw32/bin/../lib/gcc/nios2-elf/5.3.0/../../../../../H-x86_64-mingw32/nios2-elf/lib\libc.a(lib_a-puts.o)
 .data          0x0000000000026a1c        0x0 c:/intelfpga/17.1/nios2eds/bin/gnu/h-x86_64-mingw32/bin/../lib/gcc/nios2-elf/5.3.0/../../../../../H-x86_64-mingw32/nios2-elf/lib\libc.a(lib_a-sprintf.o)
 .data          0x0000000000026a1c        0x0 c:/intelfpga/17.1/nios2eds/bin/gnu/h-x86_64-mingw32/bin/../lib/gcc/nios2-elf/5.3.0/../../../../../H-x86_64-mingw32/nios2-elf/lib\libc.a(lib_a-strcpy.o)
 .data          0x0000000000026a1c        0x0 c:/intelfpga/17.1/nios2eds/bin/gnu/h-x86_64-mingw32/bin/../lib/gcc/nios2-elf/5.3.0/../../../../../H-x86_64-mingw32/nios2-elf/lib\libc.a(lib_a-strlen.o)
 .data          0x0000000000026a1c        0x0 c:/intelfpga/17.1/nios2eds/bin/gnu/h-x86_64-mingw32/bin/../lib/gcc/nios2-elf/5.3.0/../../../../../H-x86_64-mingw32/nios2-elf/lib\libc.a(lib_a-strstr.o)