Archive member included to satisfy reference by file (symbol)

c:/intelfpga/17.1/nios2eds/bin/gnu/h-x86_64-mingw32/bin/../lib/gcc/nios2-elf/5.3.0\libgcc.a(lib2-divmod.o)
                              obj/default/src/isr.o (__modsi3)
c:/intelfpga/17.1/nios2eds/bin/gnu/h-x86_64-mingw32/bin/../lib/gcc/nios2-elf/5.3.0/../../../../../H-x86_64-mingw32/nios2-elf/lib\libc.a(lib_a-exit.o)
                              obj/default/src/alt_ucosii_simple_error_check.o (exit)
c:/intelfpga/17.1/nios2eds/bin/gnu/h-x86_64-mingw32/bin/../lib/gcc/nios2-elf/5.3.0/../../../../../H-x86_64-mingw32/nios2-elf/lib\libc.a(lib_a-fprintf.o)
                              obj/default/src/alt_ucosii_simple_error_check.o (fprintf)
c:/intelfpga/17.1/nios2eds/bin/gnu/h-x86_64-mingw32/bin/../lib/gcc/nios2-elf/5.3.0/../../../../../H-x86_64-mingw32/nios2-elf/lib\libc.a(lib_a-fwrite.o)
                              obj/default/src/alt_ucosii_simple_error_check.o (fwrite)
c:/intelfpga/17.1/nios2eds/bin/gnu/h-x86_64-mingw32/bin/../lib/gcc/nios2-elf/5.3.0/../../../../../H-x86_64-mingw32/nios2-elf/lib\libc.a(lib_a-impure.o)
                              c:/intelfpga/17.1/nios2eds/bin/gnu/h-x86_64-mingw32/bin/../lib/gcc/nios2-elf/5.3.0/../../../../../H-x86_64-mingw32/nios2-elf/lib\libc.a(lib_a-exit.o) (_global_impure_ptr)
c:/intelfpga/17.1/nios2eds/bin/gnu/h-x86_64-mingw32/bin/../lib/gcc/nios2-elf/5.3.0/../../../../../H-x86_64-mingw32/nios2-elf/lib\libc.a(lib_a-printf.o)
                              obj/default/src/isr.o (printf)
c:/intelfpga/17.1/nios2eds/bin/gnu/h-x86_64-mingw32/bin/../lib/gcc/nios2-elf/5.3.0/../../../../../H-x86_64-mingw32/nios2-elf/lib\libc.a(lib_a-puts.o)
                              obj/default/src/alt_ucosii_simple_error_check.o (puts)
c:/intelfpga/17.1/nios2eds/bin/gnu/h-x86_64-mingw32/bin/../lib/gcc/nios2-elf/5.3.0/../../../../../H-x86_64-mingw32/nios2-elf/lib\libc.a(lib_a-sprintf.o)
                              obj/default/src/sdcard.o (sprintf)
c:/intelfpga/17.1/nios2eds/bin/gnu/h-x86_64-mingw32/bin/../lib/gcc/nios2-elf/5.3.0/../../../../../H-x86_64-mingw32/nios2-elf/lib\libc.a(lib_a-strcpy.o)
                              obj/default/src/sdcard.o (strcpy)
c:/intelfpga/17.1/nios2eds/bin/gnu/h-x86_64-mingw32/bin/../lib/gcc/nios2-elf/5.3.0/../../../../../H-x86_64-mingw32/nios2-elf/lib\libc.a(lib_a-strlen.o)
                              c:/intelfpga/17.1/nios2eds/bin/gnu/h-x86_64-mingw32/bin/../lib/gcc/nios2-elf/5.3.0/../../../../../H-x86_64-mingw32/nios2-elf/lib\libc.a(lib_a-puts.o) (strlen)
c:/intelfpga/17.1/nios2eds/bin/gnu/h-x86_64-mingw32/bin/../lib/gcc/nios2-elf/5.3.0/../../../../../H-x86_64-mingw32/nios2-elf/lib\libc.a(lib_a-strstr.o)
                              obj/default/src/sdcard.o (strstr)
c:/intelfpga/17.1/nios2eds/bin/gnu/h-x86_64-mingw32/bin/../lib/gcc/nios2-elf/5.3.0/../../../../../H-x86_64-mingw32/nios2-elf/lib\libc.a(lib_a-svfprintf.o)
                              c:/intelfpga/17.1/nios2eds/bin/gnu/h-x86_64-mingw32/bin/../lib/gcc/nios2-elf/5.3.0/../../../../../H-x86_64-mingw32/nios2-elf/lib\libc.a(lib_a-sprintf.o) (___svfprintf_internal_r)
c:/intelfpga/17.1/nios2eds/bin/gnu/h-x86_64-mingw32/bin/../lib/gcc/nios2-elf/5.3.0/../../../../../H-x86_64-mingw32/nios2-elf/lib\libc.a(lib_a-vfprintf.o)
                              c:/intelfpga/17.1/nios2eds/bin/gnu/h-x86_64-mingw32/bin/../lib/gcc/nios2-elf/5.3.0/../../../../../H-x86_64-mingw32/nios2-elf/lib\libc.a(lib_a-printf.o) (___vfprintf_internal_r)
c:/intelfpga/17.1/nios2eds/bin/gnu/h-x86_64-mingw32/bin/../lib/gcc/nios2-elf/5.3.0/../../../../../H-x86_64-mingw32/nios2-elf/lib\libc.a(lib_a-wsetup.o)
                              c:/intelfpga/17.1/nios2eds/bin/gnu/h-x86_64-mingw32/bin/../lib/gcc/nios2-elf/5.3.0/../../../../../H-x86_64-mingw32/nios2-elf/lib\libc.a(lib_a-vfprintf.o) (__swsetup_r)
c:/intelfpga/17.1/nios2eds/bin/gnu/h-x86_64-mingw32/bin/../lib/gcc/nios2-elf/5.3.0/../../../../../H-x86_64-mingw32/nios2-elf/lib\libc.a(lib_a-__call_atexit.o)
                              c:/intelfpga/17.1/nios2eds/bin/gnu/h-x86_64-mingw32/bin/../lib/gcc/nios2-elf/5.3.0/../../../../../H-x86_64-mingw32/nios2-elf/lib\libc.a(lib_a-exit.o) (__call_exitprocs)
c:/intelfpga/17.1/nios2eds/bin/gnu/h-x86_64-mingw32/bin/../lib/gcc/nios2-elf/5.3.0/../../../../../H-x86_64-mingw32/nios2-elf/lib\libc.a(lib_a-dtoa.o)
                              c:/intelfpga/17.1/nios2eds/bin/gnu/h-x86_64-mingw32/bin/../lib/gcc/nios2-elf/5.3.0/../../../../../H-x86_64-mingw32/nios2-elf/lib\libc.a(lib_a-svfprintf.o) (_dtoa_r)
c:/intelfpga/17.1/nios2eds/bin/gnu/h-x86_64-mingw32/bin/../lib/gcc/nios2-elf/5.3.0/../../../../../H-x86_64-mingw32/nios2-elf/lib\libc.a(lib_a-fflush.o)
                              c:/intelfpga/17.1/nios2eds/bin/gnu/h-x86_64-mingw32/bin/../lib/gcc/nios2-elf/5.3.0/../../../../../H-x86_64-mingw32/nios2-elf/lib\libc.a(lib_a-vfprintf.o) (_fflush_r)
[...]
Memory Configuration

Name             Origin             Length             Attributes
reset            0x0000000000000000 0x0000000000000020
sdram            0x0000000000000020 0x0000000007ffffe0
flash_controller 0x0000000008000000 0x0000000000800000
onchip_memory    0x0000000008800000 0x0000000000008000
*default*        0x0000000000000000 0xffffffffffffffff

Linker script and memory map

LOAD C:/Users/dagarbl2/Documents/GitHub/proyecto_CHS/software/nios_software_bsp//obj/HAL/src/crt0.o
LOAD obj/default/main.o
LOAD obj/default/src/alt_ucosii_simple_error_check.o
LOAD obj/default/src/app_config.o
LOAD obj/default/src/isr.o
LOAD obj/default/src/sdcard.o
LOAD obj/default/src/task_config.o
LOAD c:/intelfpga/17.1/nios2eds/bin/gnu/h-x86_64-mingw32/bin/../lib/gcc/nios2-elf/5.3.0/../../../../../H-x86_64-mingw32/nios2-elf/lib\libstdc++.a
LOAD c:/intelfpga/17.1/nios2eds/bin/gnu/h-x86_64-mingw32/bin/../lib/gcc/nios2-elf/5.3.0/../../../../../H-x86_64-mingw32/nios2-elf/lib\libm.a
LOAD c:/intelfpga/17.1/nios2eds/bin/gnu/h-x86_64-mingw32/bin/../lib/gcc/nios2-elf/5.3.0\libgcc.a
START GROUP
LOAD c:/intelfpga/17.1/nios2eds/bin/gnu/h-x86_64-mingw32/bin/../lib/gcc/nios2-elf/5.3.0/../../../../../H-x86_64-mingw32/nios2-elf/lib\libc.a
LOAD c:/intelfpga/17.1/nios2eds/bin/gnu/h-x86_64-mingw32/bin/../lib/gcc/nios2-elf/5.3.0\libgcc.a
LOAD C:/Users/dagarbl2/Documents/GitHub/proyecto_CHS/software/nios_software_bsp/\libucosii_bsp.a
LOAD c:/intelfpga/17.1/nios2eds/bin/gnu/h-x86_64-mingw32/bin/../lib/gcc/nios2-elf/5.3.0/../../../../../H-x86_64-mingw32/nios2-elf/lib\libm.a
END GROUP
LOAD c:/intelfpga/17.1/nios2eds/bin/gnu/h-x86_64-mingw32/bin/../lib/gcc/nios2-elf/5.3.0\libgcc.a
                0x0000000000000000                __alt_mem_sdram = 0x0
                0x0000000008000000                __alt_mem_flash_controller = 0x8000000
                0x0000000008800000                __alt_mem_onchip_memory = 0x8800000

.entry          0x0000000000000000       0x20
 *(.entry)
 .entry         0x0000000000000000       0x20 C:/Users/dagarbl2/Documents/GitHub/proyecto_CHS/software/nios_software_bsp//obj/HAL/src/crt0.o
                0x0000000000000000                __reset

.exceptions     0x0000000000000020      0x228
                0x0000000000000020                PROVIDE (__ram_exceptions_start, ABSOLUTE (.))
                0x0000000000000020                . = ALIGN (0x20)
 *(.irq)
 *(.exceptions.entry.label)
 .exceptions.entry.label
                0x0000000000000020        0x0 C:/Users/dagarbl2/Documents/GitHub/proyecto_CHS/software/nios_software_bsp/\libucosii_bsp.a(alt_irq_entry.o)
                0x0000000000000020                alt_irq_entry
 .exceptions.entry.label
                0x0000000000000020        0x0 C:/Users/dagarbl2/Documents/GitHub/proyecto_CHS/software/nios_software_bsp/\libucosii_bsp.a(alt_exception_entry.o)
                0x0000000000000020                alt_exception
 *(.exceptions.entry.user)
 *(.exceptions.entry.ecc_fatal)
 *(.exceptions.entry)
 .exceptions.entry
                0x0000000000000020       0x54 C:/Users/dagarbl2/Documents/GitHub/proyecto_CHS/software/nios_software_bsp/\libucosii_bsp.a(alt_exception_entry.o)
 *(.exceptions.irqtest.user)
 *(.exceptions.irqtest)
 .exceptions.irqtest
                0x0000000000000074       0x10 C:/Users/dagarbl2/Documents/GitHub/proyecto_CHS/software/nios_software_bsp/\libucosii_bsp.a(alt_irq_entry.o)
 *(.exceptions.irqhandler.user)
 *(.exceptions.irqhandler)
 .exceptions.irqhandler
                0x0000000000000084        0x4 C:/Users/dagarbl2/Documents/GitHub/proyecto_CHS/software/nios_software_bsp/\libucosii_bsp.a(alt_irq_entry.o)
 *(.exceptions.irqreturn.user)
 *(.exceptions.irqreturn)
 .exceptions.irqreturn
                0x0000000000000088        0x4 C:/Users/dagarbl2/Documents/GitHub/proyecto_CHS/software/nios_software_bsp/\libucosii_bsp.a(alt_irq_entry.o)
 *(.exceptions.notirq.label)
 .exceptions.notirq.label
                0x000000000000008c        0x0 C:/Users/dagarbl2/Documents/GitHub/proyecto_CHS/software/nios_software_bsp/\libucosii_bsp.a(alt_irq_entry.o)
 *(.exceptions.notirq.user)
 *(.exceptions.notirq)
 .exceptions.notirq
                0x000000000000008c        0x8 C:/Users/dagarbl2/Documents/GitHub/proyecto_CHS/software/nios_software_bsp/\libucosii_bsp.a(alt_exception_entry.o)
 *(.exceptions.soft.user)
 *(.exceptions.soft)
 *(.exceptions.unknown.user)
 *(.exceptions.unknown)
 .exceptions.unknown
                0x0000000000000094       0x14 C:/Users/dagarbl2/Documents/GitHub/proyecto_CHS/software/nios_software_bsp/\libucosii_bsp.a(alt_exception_entry.o)
 *(.exceptions.exit.label)
 .exceptions.exit.label
                0x00000000000000a8        0x0 C:/Users/dagarbl2/Documents/GitHub/proyecto_CHS/software/nios_software_bsp/\libucosii_bsp.a(alt_irq_entry.o)
 .exceptions.exit.label
                0x00000000000000a8        0x0 C:/Users/dagarbl2/Documents/GitHub/proyecto_CHS/software/nios_software_bsp/\libucosii_bsp.a(alt_exception_entry.o)
 *(.exceptions.exit.user)
 *(.exceptions.exit)
 .exceptions.exit
                0x00000000000000a8       0x54 C:/Users/dagarbl2/Documents/GitHub/proyecto_CHS/software/nios_software_bsp/\libucosii_bsp.a(alt_exception_entry.o)
 *(.exceptions)
 .exceptions    0x00000000000000fc       0xd8 C:/Users/dagarbl2/Documents/GitHub/proyecto_CHS/software/nios_software_bsp/\libucosii_bsp.a(alt_irq_handler.o)
                0x00000000000000fc                alt_irq_handler
 .exceptions    0x00000000000001d4       0x74 C:/Users/dagarbl2/Documents/GitHub/proyecto_CHS/software/nios_software_bsp/\libucosii_bsp.a(alt_instruction_exception_entry.o)
                0x00000000000001d4                alt_instruction_exception_entry
                0x0000000000000248                PROVIDE (__ram_exceptions_end, ABSOLUTE (.))
                0x0000000000000020                PROVIDE (__flash_exceptions_start, LOADADDR (.exceptions))

.text           0x0000000000000248    0x25c84
                [!provide]                        PROVIDE (stext, ABSOLUTE (.))
 *(.interp)
 *(.hash)
 *(.dynsym)
 *(.dynstr)
 *(.gnu.version)
 *(.gnu.version_d)
 *(.gnu.version_r)
 *(.rel.init)
 *(.rela.init)
 *(.rel.text .rel.text.* .rel.gnu.linkonce.t.*)
 *(.rela.text .rela.text.* .rela.gnu.linkonce.t.*)
 *(.rel.fini)
 *(.rela.fini)
 *(.rel.rodata .rel.rodata.* .rel.gnu.linkonce.r.*)
 *(.rela.rodata .rela.rodata.* .rela.gnu.linkonce.r.*)
 *(.rel.data .rel.data.* .rel.gnu.linkonce.d.*)
 *(.rela.data .rela.data.* .rela.gnu.linkonce.d.*)
 *(.rel.tdata .rel.tdata.* .rel.gnu.linkonce.td.*)
 *(.rela.tdata .rela.tdata.* .rela.gnu.linkonce.td.*)
 *(.rel.tbss .rel.tbss.* .rel.gnu.linkonce.tb.*)
 *(.rela.tbss .rela.tbss.* .rela.gnu.linkonce.tb.*)
 *(.rel.ctors)
 *(.rela.ctors)
 *(.rel.dtors)
 *(.rela.dtors)
 *(.rel.got)
 *(.rela.got)
 *(.rel.sdata .rel.sdata.* .rel.gnu.linkonce.s.*)
 *(.rela.sdata .rela.sdata.* .rela.gnu.linkonce.s.*)
 *(.rel.sbss .rel.sbss.* .rel.gnu.linkonce.sb.*)
 *(.rela.sbss .rela.sbss.* .rela.gnu.linkonce.sb.*)
 *(.rel.sdata2 .rel.sdata2.* .rel.gnu.linkonce.s2.*)
 *(.rela.sdata2 .rela.sdata2.* .rela.gnu.linkonce.s2.*)
 *(.rel.sbss2 .rel.sbss2.* .rel.gnu.linkonce.sb2.*)
 *(.rela.sbss2 .rela.sbss2.* .rela.gnu.linkonce.sb2.*)
 *(.rel.bss .rel.bss.* .rel.gnu.linkonce.b.*)
 *(.rela.bss .rela.bss.* .rela.gnu.linkonce.b.*)
 *(.rel.plt)
 *(.rela.plt)
 *(.rel.dyn)
 *(.init)
 *(.plt)
 *(.text .stub .text.* .gnu.linkonce.t.*)
 .text          0x0000000000000248       0x4c C:/Users/dagarbl2/Documents/GitHub/proyecto_CHS/software/nios_software_bsp//obj/HAL/src/crt0.o
                0x0000000000000248                _start
 .text          0x0000000000000294       0x34 obj/default/main.o
                0x0000000000000294                main
 .text          0x00000000000002c8      0x4a4 obj/default/src/alt_ucosii_simple_error_check.o
                0x00000000000002c8                alt_ucosii_check_return_code
                0x0000000000000314                alt_ucosii_simple_error_handler
 .text          0x000000000000076c       0x90 obj/default/src/app_config.o
                0x000000000000076c                Init_App
 .text          0x00000000000007fc      0x41c obj/default/src/isr.o
                0x00000000000007fc                capture_isr
                0x0000000000000854                pushbutton_isr
 .text          0x0000000000000c18     0x115c obj/default/src/sdcard.o
                0x0000000000000c18                getWord
                0x0000000000000d28                writeWord
                0x0000000000000e7c                writeShort
                0x0000000000000f44                getShort
                0x0000000000000fd0                isBMP
                0x00000000000010e4                getFileheader
                0x0000000000001158                setFileheader
                0x00000000000011d4                getInfoheader
                0x00000000000012e0                setInfoheader
                0x00000000000013f4                loadFiles
                0x00000000000015ac                printHeader
                0x0000000000001624                printInfo
                0x0000000000001760                TaskSdcard
                0x00000000000019f4                TaskSaveImg
 .text          0x0000000000001d74      0x194 obj/default/src/task_config.o
                0x0000000000001d74                CreateTasks
                0x0000000000001df0                TaskInit
                0x0000000000001e3c                initCreateTasks
 .text          0x0000000000001f08      0x1b4 c:/intelfpga/17.1/nios2eds/bin/gnu/h-x86_64-mingw32/bin/../lib/gcc/nios2-elf/5.3.0\libgcc.a(lib2-divmod.o)
                0x0000000000001f08                __divsi3
                0x0000000000001f8c                __modsi3
                0x0000000000002000                __udivsi3
                0x0000000000002064                __umodsi3
 .text          0x00000000000020bc        0x0 c:/intelfpga/17.1/nios2eds/bin/gnu/h-x86_64-mingw32/bin/../lib/gcc/nios2-elf/5.3.0/../../../../../H-x86_64-mingw32/nios2-elf/lib\libc.a(lib_a-exit.o)
 .text.exit     0x00000000000020bc       0x38 c:/intelfpga/17.1/nios2eds/bin/gnu/h-x86_64-mingw32/bin/../lib/gcc/nios2-elf/5.3.0/../../../../../H-x86_64-mingw32/nios2-elf/lib\libc.a(lib_a-exit.o)
                0x00000000000020bc                exit
 .text          0x00000000000020f4        0x0 c:/intelfpga/17.1/nios2eds/bin/gnu/h-x86_64-mingw32/bin/../lib/gcc/nios2-elf/5.3.0/../../../../../H-x86_64-mingw32/nios2-elf/lib\libc.a(lib_a-fprintf.o)
 .text._fprintf_r
                0x00000000000020f4       0x28 c:/intelfpga/17.1/nios2eds/bin/gnu/h-x86_64-mingw32/bin/../lib/gcc/nios2-elf/5.3.0/../../../../../H-x86_64-mingw32/nios2-elf/lib\libc.a(lib_a-fprintf.o)
                0x00000000000020f4                _fprintf_r
 .text.fprintf  0x000000000000211c       0x24 c:/intelfpga/17.1/nios2eds/bin/gnu/h-x86_64-mingw32/bin/../lib/gcc/nios2-elf/5.3.0/../../../../../H-x86_64-mingw32/nios2-elf/lib\libc.a(lib_a-fprintf.o)
                0x000000000000211c                fprintf
 .text          0x0000000000002140        0x0 c:/intelfpga/17.1/nios2eds/bin/gnu/h-x86_64-mingw32/bin/../lib/gcc/nios2-elf/5.3.0/../../../../../H-x86_64-mingw32/nios2-elf/lib\libc.a(lib_a-fwrite.o)
 .text._fwrite_r
                0x0000000000002140       0xcc c:/intelfpga/17.1/nios2eds/bin/gnu/h-x86_64-mingw32/bin/../lib/gcc/nios2-elf/5.3.0/../../../../../H-x86_64-mingw32/nios2-elf/lib\libc.a(lib_a-fwrite.o)
                0x0000000000002140                _fwrite_r
 .text.fwrite   0x000000000000220c       0x34 c:/intelfpga/17.1/nios2eds/bin/gnu/h-x86_64-mingw32/bin/../lib/gcc/nios2-elf/5.3.0/../../../../../H-x86_64-mingw32/nios2-elf/lib\libc.a(lib_a-fwrite.o)
                0x000000000000220c                fwrite
 .text          0x0000000000002240        0x0 c:/intelfpga/17.1/nios2eds/bin/gnu/h-x86_64-mingw32/bin/../lib/gcc/nios2-elf/5.3.0/../../../../../H-x86_64-mingw32/nios2-elf/lib\libc.a(lib_a-impure.o)
 .text          0x0000000000002240        0x0 c:/intelfpga/17.1/nios2eds/bin/gnu/h-x86_64-mingw32/bin/../lib/gcc/nios2-elf/5.3.0/../../../../../H-x86_64-mingw32/nios2-elf/lib\libc.a(lib_a-printf.o)
 .text._printf_r
                0x0000000000002240       0x30 c:/intelfpga/17.1/nios2eds/bin/gnu/h-x86_64-mingw32/bin/../lib/gcc/nios2-elf/5.3.0/../../../../../H-x86_64-mingw32/nios2-elf/lib\libc.a(lib_a-printf.o)
                0x0000000000002240                _printf_r
 .text.printf   0x0000000000002270       0x3c c:/intelfpga/17.1/nios2eds/bin/gnu/h-x86_64-mingw32/bin/../lib/gcc/nios2-elf/5.3.0/../../../../../H-x86_64-mingw32/nios2-elf/lib\libc.a(lib_a-printf.o)
                0x0000000000002270                printf
 .text          0x00000000000022ac        0x0 c:/intelfpga/17.1/nios2eds/bin/gnu/h-x86_64-mingw32/bin/../lib/gcc/nios2-elf/5.3.0/../../../../../H-x86_64-mingw32/nios2-elf/lib\libc.a(lib_a-puts.o)
 .text._puts_r  0x00000000000022ac       0xc0 c:/intelfpga/17.1/nios2eds/bin/gnu/h-x86_64-mingw32/bin/../lib/gcc/nios2-elf/5.3.0/../../../../../H-x86_64-mingw32/nios2-elf/lib\libc.a(lib_a-puts.o)
                0x00000000000022ac                _puts_r
 .text.puts     0x000000000000236c       0x14 c:/intelfpga/17.1/nios2eds/bin/gnu/h-x86_64-mingw32/bin/../lib/gcc/nios2-elf/5.3.0/../../../../../H-x86_64-mingw32/nios2-elf/lib\libc.a(lib_a-puts.o)
                0x000000000000236c                puts
 .text          0x0000000000002380        0x0 c:/intelfpga/17.1/nios2eds/bin/gnu/h-x86_64-mingw32/bin/../lib/gcc/nios2-elf/5.3.0/../../../../../H-x86_64-mingw32/nios2-elf/lib\libc.a(lib_a-sprintf.o)
 .text._sprintf_r
                0x0000000000002380       0x58 c:/intelfpga/17.1/nios2eds/bin/gnu/h-x86_64-mingw32/bin/../lib/gcc/nios2-elf/5.3.0/../../../../../H-x86_64-mingw32/nios2-elf/lib\libc.a(lib_a-sprintf.o)
                0x0000000000002380                _sprintf_r
 .text.sprintf  0x00000000000023d8       0x6c c:/intelfpga/17.1/nios2eds/bin/gnu/h-x86_64-mingw32/bin/../lib/gcc/nios2-elf/5.3.0/../../../../../H-x86_64-mingw32/nios2-elf/lib\libc.a(lib_a-sprintf.o)
                0x00000000000023d8                sprintf
 .text          0x0000000000002444        0x0 c:/intelfpga/17.1/nios2eds/bin/gnu/h-x86_64-mingw32/bin/../lib/gcc/nios2-elf/5.3.0/../../../../../H-x86_64-mingw32/nios2-elf/lib\libc.a(lib_a-strcpy.o)
 .text.strcpy   0x0000000000002444       0x90 c:/intelfpga/17.1/nios2eds/bin/gnu/h-x86_64-mingw32/bin/../lib/gcc/nios2-elf/5.3.0/../../../../../H-x86_64-mingw32/nios2-elf/lib\libc.a(lib_a-strcpy.o)
                0x0000000000002444                strcpy
 .text          0x00000000000024d4        0x0 c:/intelfpga/17.1/nios2eds/bin/gnu/h-x86_64-mingw32/bin/../lib/gcc/nios2-elf/5.3.0/../../../../../H-x86_64-mingw32/nios2-elf/lib\libc.a(lib_a-strlen.o)
 .text.strlen   0x00000000000024d4       0x98 c:/intelfpga/17.1/nios2eds/bin/gnu/h-x86_64-mingw32/bin/../lib/gcc/nios2-elf/5.3.0/../../../../../H-x86_64-mingw32/nios2-elf/lib\libc.a(lib_a-strlen.o)
                0x00000000000024d4                strlen
 .text          0x000000000000256c        0x0 c:/intelfpga/17.1/nios2eds/bin/gnu/h-x86_64-mingw32/bin/../lib/gcc/nios2-elf/5.3.0/../../../../../H-x86_64-mingw32/nios2-elf/lib\libc.a(lib_a-strstr.o)
 .text.critical_factorization
                0x000000000000256c      0x104 c:/intelfpga/17.1/nios2eds/bin/gnu/h-x86_64-mingw32/bin/../lib/gcc/nios2-elf/5.3.0/../../../../../H-x86_64-mingw32/nios2-elf/lib\libc.a(lib_a-strstr.o)
 .text.two_way_long_needle
                0x0000000000002670      0x3b0 c:/intelfpga/17.1/nios2eds/bin/gnu/h-x86_64-mingw32/bin/../lib/gcc/nios2-elf/5.3.0/../../../../../H-x86_64-mingw32/nios2-elf/lib\libc.a(lib_a-strstr.o)
 .text.strstr   0x0000000000002a20      0x3b0 c:/intelfpga/17.1/nios2eds/bin/gnu/h-x86_64-mingw32/bin/../lib/gcc/nios2-elf/5.3.0/../../../../../H-x86_64-mingw32/nios2-elf/lib\libc.a(lib_a-strstr.o)
                0x0000000000002a20                strstr
 .text          0x0000000000002dd0        0x0 c:/intelfpga/17.1/nios2eds/bin/gnu/h-x86_64-mingw32/bin/../lib/gcc/nios2-elf/5.3.0/../../../../../H-x86_64-mingw32/nios2-elf/lib\libc.a(lib_a-svfprintf.o)
 .text.___svfprintf_internal_r
                0x0000000000002dd0     0x21d8 c:/intelfpga/17.1/nios2eds/bin/gnu/h-x86_64-mingw32/bin/../lib/gcc/nios2-elf/5.3.0/../../../../../H-x86_64-mingw32/nios2-elf/lib\libc.a(lib_a-svfprintf.o)
                0x0000000000002dd0                ___svfprintf_internal_r
 .text          0x0000000000004fa8        0x0 c:/intelfpga/17.1/nios2eds/bin/gnu/h-x86_64-mingw32/bin/../lib/gcc/nios2-elf/5.3.0/../../../../../H-x86_64-mingw32/nios2-elf/lib\libc.a(lib_a-vfprintf.o)
 .text.___vfprintf_internal_r
                0x0000000000004fa8     0x21f8 c:/intelfpga/17.1/nios2eds/bin/gnu/h-x86_64-mingw32/bin/../lib/gcc/nios2-elf/5.3.0/../../../../../H-x86_64-mingw32/nios2-elf/lib\libc.a(lib_a-vfprintf.o)
                0x0000000000004fa8                ___vfprintf_internal_r
 .text.__vfprintf_internal
                0x00000000000071a0       0x1c c:/intelfpga/17.1/nios2eds/bin/gnu/h-x86_64-mingw32/bin/../lib/gcc/nios2-elf/5.3.0/../../../../../H-x86_64-mingw32/nios2-elf/lib\libc.a(lib_a-vfprintf.o)
                0x00000000000071a0                __vfprintf_internal
 .text.__sbprintf
                0x00000000000071bc       0xbc c:/intelfpga/17.1/nios2eds/bin/gnu/h-x86_64-mingw32/bin/../lib/gcc/nios2-elf/5.3.0/../../../../../H-x86_64-mingw32/nios2-elf/lib\libc.a(lib_a-vfprintf.o)
 .text          0x0000000000007278        0x0 c:/intelfpga/17.1/nios2eds/bin/gnu/h-x86_64-mingw32/bin/../lib/gcc/nios2-elf/5.3.0/../../../../../H-x86_64-mingw32/nios2-elf/lib\libc.a(lib_a-wsetup.o)
 .text.__swsetup_r
                0x0000000000007278      0x154 c:/intelfpga/17.1/nios2eds/bin/gnu/h-x86_64-mingw32/bin/../lib/gcc/nios2-elf/5.3.0/../../../../../H-x86_64-mingw32/nios2-elf/lib\libc.a(lib_a-wsetup.o)
                0x0000000000007278                __swsetup_r
 .text          0x00000000000073cc        0x0 c:/intelfpga/17.1/nios2eds/bin/gnu/h-x86_64-mingw32/bin/../lib/gcc/nios2-elf/5.3.0/../../../../../H-x86_64-mingw32/nios2-elf/lib\libc.a(lib_a-__call_atexit.o)
 .text.__call_exitprocs
                0x00000000000073cc      0x180 c:/intelfpga/17.1/nios2eds/bin/gnu/h-x86_64-mingw32/bin/../lib/gcc/nios2-elf/5.3.0/../../../../../H-x86_64-mingw32/nios2-elf/lib\libc.a(lib_a-__call_atexit.o)
                0x00000000000073cc                __call_exitprocs
 .text          0x000000000000754c        0x0 c:/intelfpga/17.1/nios2eds/bin/gnu/h-x86_64-mingw32/bin/../lib/gcc/nios2-elf/5.3.0/../../../../../H-x86_64-mingw32/nios2-elf/lib\libc.a(lib_a-dtoa.o)
 .text.quorem   0x000000000000754c      0x200 c:/intelfpga/17.1/nios2eds/bin/gnu/h-x86_64-mingw32/bin/../lib/gcc/nios2-elf/5.3.0/../../../../../H-x86_64-mingw32/nios2-elf/lib\libc.a(lib_a-dtoa.o)
 .text._dtoa_r  0x000000000000774c     0x1688 c:/intelfpga/17.1/nios2eds/bin/gnu/h-x86_64-mingw32/bin/../lib/gcc/nios2-elf/5.3.0/../../../../../H-x86_64-mingw32/nios2-elf/lib\libc.a(lib_a-dtoa.o)
                0x000000000000774c                _dtoa_r
 .text          0x0000000000008dd4        0x0 c:/intelfpga/17.1/nios2eds/bin/gnu/h-x86_64-mingw32/bin/../lib/gcc/nios2-elf/5.3.0/../../../../../H-x86_64-mingw32/nios2-elf/lib\libc.a(lib_a-fflush.o)
 .text.__sflush_r
                0x0000000000008dd4      0x21c c:/intelfpga/17.1/nios2eds/bin/gnu/h-x86_64-mingw32/bin/../lib/gcc/nios2-elf/5.3.0/../../../../../H-x86_64-mingw32/nios2-elf/lib\libc.a(lib_a-fflush.o)
                0x0000000000008dd4                __sflush_r
 .text._fflush_r
                0x0000000000008ff0       0x5c c:/intelfpga/17.1/nios2eds/bin/gnu/h-x86_64-mingw32/bin/../lib/gcc/nios2-elf/5.3.0/../../../../../H-x86_64-mingw32/nios2-elf/lib\libc.a(lib_a-fflush.o)
                0x0000000000008ff0                _fflush_r
 .text.fflush   0x000000000000904c       0x30 c:/intelfpga/17.1/nios2eds/bin/gnu/h-x86_64-mingw32/bin/../lib/gcc/nios2-elf/5.3.0/../../../../../H-x86_64-mingw32/nios2-elf/lib\libc.a(lib_a-fflush.o)
                0x000000000000904c                fflush
 .text          0x000000000000907c        0x0 c:/intelfpga/17.1/nios2eds/bin/gnu/h-x86_64-mingw32/bin/../lib/gcc/nios2-elf/5.3.0/../../../../../H-x86_64-mingw32/nios2-elf/lib\libc.a(lib_a-findfp.o)
 .text.__fp_unlock
                0x000000000000907c        0x8 c:/intelfpga/17.1/nios2eds/bin/gnu/h-x86_64-mingw32/bin/../lib/gcc/nios2-elf/5.3.0/../../../../../H-x86_64-mingw32/nios2-elf/lib\libc.a(lib_a-findfp.o)
 .text._cleanup_r
                0x0000000000009084        0xc c:/intelfpga/17.1/nios2eds/bin/gnu/h-x86_64-mingw32/bin/../lib/gcc/nios2-elf/5.3.0/../../../../../H-x86_64-mingw32/nios2-elf/lib\libc.a(lib_a-findfp.o)
                0x0000000000009084                _cleanup_r
 .text.__sinit.part.1
                0x0000000000009090      0x19c c:/intelfpga/17.1/nios2eds/bin/gnu/h-x86_64-mingw32/bin/../lib/gcc/nios2-elf/5.3.0/../../../../../H-x86_64-mingw32/nios2-elf/lib\libc.a(lib_a-findfp.o)
 .text.__fp_lock
                0x000000000000922c        0x8 c:/intelfpga/17.1/nios2eds/bin/gnu/h-x86_64-mingw32/bin/../lib/gcc/nios2-elf/5.3.0/../../../../../H-x86_64-mingw32/nios2-elf/lib\libc.a(lib_a-findfp.o)
 .text.__sfmoreglue
                0x0000000000009234       0x68 c:/intelfpga/17.1/nios2eds/bin/gnu/h-x86_64-mingw32/bin/../lib/gcc/nios2-elf/5.3.0/../../../../../H-x86_64-mingw32/nios2-elf/lib\libc.a(lib_a-findfp.o)
                0x0000000000009234                __sfmoreglue
 .text.__sfp    0x000000000000929c      0x118 c:/intelfpga/17.1/nios2eds/bin/gnu/h-x86_64-mingw32/bin/../lib/gcc/nios2-elf/5.3.0/../../../../../H-x86_64-mingw32/nios2-elf/lib\libc.a(lib_a-findfp.o)
                0x000000000000929c                __sfp
 .text._cleanup
                0x00000000000093b4       0x18 c:/intelfpga/17.1/nios2eds/bin/gnu/h-x86_64-mingw32/bin/../lib/gcc/nios2-elf/5.3.0/../../../../../H-x86_64-mingw32/nios2-elf/lib\libc.a(lib_a-findfp.o)
                0x00000000000093b4                _cleanup
 .text.__sinit  0x00000000000093cc       0x10 c:/intelfpga/17.1/nios2eds/bin/gnu/h-x86_64-mingw32/bin/../lib/gcc/nios2-elf/5.3.0/../../../../../H-x86_64-mingw32/nios2-elf/lib\libc.a(lib_a-findfp.o)
                0x00000000000093cc                __sinit
 .text.__sfp_lock_acquire
                0x00000000000093dc        0x4 c:/intelfpga/17.1/nios2eds/bin/gnu/h-x86_64-mingw32/bin/../lib/gcc/nios2-elf/5.3.0/../../../../../H-x86_64-mingw32/nios2-elf/lib\libc.a(lib_a-findfp.o)
                0x00000000000093dc                __sfp_lock_acquire
 .text.__sfp_lock_release
                0x00000000000093e0        0x4 c:/intelfpga/17.1/nios2eds/bin/gnu/h-x86_64-mingw32/bin/../lib/gcc/nios2-elf/5.3.0/../../../../../H-x86_64-mingw32/nios2-elf/lib\libc.a(lib_a-findfp.o)
                0x00000000000093e0                __sfp_lock_release
 .text.__sinit_lock_acquire
                0x00000000000093e4        0x4 c:/intelfpga/17.1/nios2eds/bin/gnu/h-x86_64-mingw32/bin/../lib/gcc/nios2-elf/5.3.0/../../../../../H-x86_64-mingw32/nios2-elf/lib\libc.a(lib_a-findfp.o)
                0x00000000000093e4                __sinit_lock_acquire
 .text.__sinit_lock_release
                0x00000000000093e8        0x4 c:/intelfpga/17.1/nios2eds/bin/gnu/h-x86_64-mingw32/bin/../lib/gcc/nios2-elf/5.3.0/../../../../../H-x86_64-mingw32/nios2-elf/lib\libc.a(lib_a-findfp.o)
                0x00000000000093e8                __sinit_lock_release
 .text.__fp_lock_all
                0x00000000000093ec       0x18 c:/intelfpga/17.1/nios2eds/bin/gnu/h-x86_64-mingw32/bin/../lib/gcc/nios2-elf/5.3.0/../../../../../H-x86_64-mingw32/nios2-elf/lib\libc.a(lib_a-findfp.o)
                0x00000000000093ec                __fp_lock_all
 .text.__fp_unlock_all
                0x0000000000009404       0x18 c:/intelfpga/17.1/nios2eds/bin/gnu/h-x86_64-mingw32/bin/../lib/gcc/nios2-elf/5.3.0/../../../../../H-x86_64-mingw32/nios2-elf/lib\libc.a(lib_a-findfp.o)
                0x0000000000009404                __fp_unlock_all
 .text          0x000000000000941c        0x0 c:/intelfpga/17.1/nios2eds/bin/gnu/h-x86_64-mingw32/bin/../lib/gcc/nios2-elf/5.3.0/../../../../../H-x86_64-mingw32/nios2-elf/lib\libc.a(lib_a-freer.o)
 .text._malloc_trim_r
                0x000000000000941c      0x124 c:/intelfpga/17.1/nios2eds/bin/gnu/h-x86_64-mingw32/bin/../lib/gcc/nios2-elf/5.3.0/../../../../../H-x86_64-mingw32/nios2-elf/lib\libc.a(lib_a-freer.o)
                0x000000000000941c                _malloc_trim_r
 .text._free_r  0x0000000000009540      0x310 c:/intelfpga/17.1/nios2eds/bin/gnu/h-x86_64-mingw32/bin/../lib/gcc/nios2-elf/5.3.0/../../../../../H-x86_64-mingw32/nios2-elf/lib\libc.a(lib_a-freer.o)
                0x0000000000009540                _free_r
 .text          0x0000000000009850        0x0 c:/intelfpga/17.1/nios2eds/bin/gnu/h-x86_64-mingw32/bin/../lib/gcc/nios2-elf/5.3.0/../../../../../H-x86_64-mingw32/nios2-elf/lib\libc.a(lib_a-fvwrite.o)
 .text.__sfvwrite_r
                0x0000000000009850      0x4bc c:/intelfpga/17.1/nios2eds/bin/gnu/h-x86_64-mingw32/bin/../lib/gcc/nios2-elf/5.3.0/../../../../../H-x86_64-mingw32/nios2-elf/lib\libc.a(lib_a-fvwrite.o)
                0x0000000000009850                __sfvwrite_r
 .text          0x0000000000009d0c        0x0 c:/intelfpga/17.1/nios2eds/bin/gnu/h-x86_64-mingw32/bin/../lib/gcc/nios2-elf/5.3.0/../../../../../H-x86_64-mingw32/nios2-elf/lib\libc.a(lib_a-fwalk.o)
 .text._fwalk   0x0000000000009d0c       0xc4 c:/intelfpga/17.1/nios2eds/bin/gnu/h-x86_64-mingw32/bin/../lib/gcc/nios2-elf/5.3.0/../../../../../H-x86_64-mingw32/nios2-elf/lib\libc.a(lib_a-fwalk.o)
                0x0000000000009d0c                _fwalk
 .text._fwalk_reent
                0x0000000000009dd0       0xc4 c:/intelfpga/17.1/nios2eds/bin/gnu/h-x86_64-mingw32/bin/../lib/gcc/nios2-elf/5.3.0/../../../../../H-x86_64-mingw32/nios2-elf/lib\libc.a(lib_a-fwalk.o)
                0x0000000000009dd0                _fwalk_reent
 .text          0x0000000000009e94        0x0 c:/intelfpga/17.1/nios2eds/bin/gnu/h-x86_64-mingw32/bin/../lib/gcc/nios2-elf/5.3.0/../../../../../H-x86_64-mingw32/nios2-elf/lib\libc.a(lib_a-locale.o)
 .text._setlocale_r
                0x0000000000009e94       0x7c c:/intelfpga/17.1/nios2eds/bin/gnu/h-x86_64-mingw32/bin/../lib/gcc/nios2-elf/5.3.0/../../../../../H-x86_64-mingw32/nios2-elf/lib\libc.a(lib_a-locale.o)
                0x0000000000009e94                _setlocale_r
 .text.__locale_charset
                0x0000000000009f10        0xc c:/intelfpga/17.1/nios2eds/bin/gnu/h-x86_64-mingw32/bin/../lib/gcc/nios2-elf/5.3.0/../../../../../H-x86_64-mingw32/nios2-elf/lib\libc.a(lib_a-locale.o)
                0x0000000000009f10                __locale_charset
 .text.__locale_mb_cur_max
                0x0000000000009f1c       0x10 c:/intelfpga/17.1/nios2eds/bin/gnu/h-x86_64-mingw32/bin/../lib/gcc/nios2-elf/5.3.0/../../../../../H-x86_64-mingw32/nios2-elf/lib\libc.a(lib_a-locale.o)
                0x0000000000009f1c                __locale_mb_cur_max
 .text.__locale_msgcharset
                0x0000000000009f2c        0xc c:/intelfpga/17.1/nios2eds/bin/gnu/h-x86_64-mingw32/bin/../lib/gcc/nios2-elf/5.3.0/../../../../../H-x86_64-mingw32/nios2-elf/lib\libc.a(lib_a-locale.o)
                0x0000000000009f2c                __locale_msgcharset
 .text.__locale_cjk_lang
                0x0000000000009f38        0x8 c:/intelfpga/17.1/nios2eds/bin/gnu/h-x86_64-mingw32/bin/../lib/gcc/nios2-elf/5.3.0/../../../../../H-x86_64-mingw32/nios2-elf/lib\libc.a(lib_a-locale.o)
                0x0000000000009f38                __locale_cjk_lang
 .text._localeconv_r
                0x0000000000009f40        0xc c:/intelfpga/17.1/nios2eds/bin/gnu/h-x86_64-mingw32/bin/../lib/gcc/nios2-elf/5.3.0/../../../../../H-x86_64-mingw32/nios2-elf/lib\libc.a(lib_a-locale.o)
                0x0000000000009f40                _localeconv_r
 .text.setlocale
                0x0000000000009f4c       0x18 c:/intelfpga/17.1/nios2eds/bin/gnu/h-x86_64-mingw32/bin/../lib/gcc/nios2-elf/5.3.0/../../../../../H-x86_64-mingw32/nios2-elf/lib\libc.a(lib_a-locale.o)
                0x0000000000009f4c                setlocale
 .text.localeconv
                0x0000000000009f64        0xc c:/intelfpga/17.1/nios2eds/bin/gnu/h-x86_64-mingw32/bin/../lib/gcc/nios2-elf/5.3.0/../../../../../H-x86_64-mingw32/nios2-elf/lib\libc.a(lib_a-locale.o)
                0x0000000000009f64                localeconv
 .text          0x0000000000009f70        0x0 c:/intelfpga/17.1/nios2eds/bin/gnu/h-x86_64-mingw32/bin/../lib/gcc/nios2-elf/5.3.0/../../../../../H-x86_64-mingw32/nios2-elf/lib\libc.a(lib_a-makebuf.o)
 .text.__smakebuf_r
                0x0000000000009f70      0x1bc c:/intelfpga/17.1/nios2eds/bin/gnu/h-x86_64-mingw32/bin/../lib/gcc/nios2-elf/5.3.0/../../../../../H-x86_64-mingw32/nios2-elf/lib\libc.a(lib_a-makebuf.o)
                0x0000000000009f70                __smakebuf_r
 .text          0x000000000000a12c        0x0 c:/intelfpga/17.1/nios2eds/bin/gnu/h-x86_64-mingw32/bin/../lib/gcc/nios2-elf/5.3.0/../../../../../H-x86_64-mingw32/nios2-elf/lib\libc.a(lib_a-mallocr.o)
 .text._malloc_r
                0x000000000000a12c      0x80c c:/intelfpga/17.1/nios2eds/bin/gnu/h-x86_64-mingw32/bin/../lib/gcc/nios2-elf/5.3.0/../../../../../H-x86_64-mingw32/nios2-elf/lib\libc.a(lib_a-mallocr.o)
                0x000000000000a12c                _malloc_r
 .text          0x000000000000a938        0x0 c:/intelfpga/17.1/nios2eds/bin/gnu/h-x86_64-mingw32/bin/../lib/gcc/nios2-elf/5.3.0/../../../../../H-x86_64-mingw32/nios2-elf/lib\libc.a(lib_a-memchr.o)
 .text.memchr   0x000000000000a938       0xe4 c:/intelfpga/17.1/nios2eds/bin/gnu/h-x86_64-mingw32/bin/../lib/gcc/nios2-elf/5.3.0/../../../../../H-x86_64-mingw32/nios2-elf/lib\libc.a(lib_a-memchr.o)
                0x000000000000a938                memchr
 .text          0x000000000000aa1c        0x0 c:/intelfpga/17.1/nios2eds/bin/gnu/h-x86_64-mingw32/bin/../lib/gcc/nios2-elf/5.3.0/../../../../../H-x86_64-mingw32/nios2-elf/lib\libc.a(lib_a-memcmp.o)
 .text.memcmp   0x000000000000aa1c       0x7c c:/intelfpga/17.1/nios2eds/bin/gnu/h-x86_64-mingw32/bin/../lib/gcc/nios2-elf/5.3.0/../../../../../H-x86_64-mingw32/nios2-elf/lib\libc.a(lib_a-memcmp.o)
                0x000000000000aa1c                memcmp
 .text          0x000000000000aa98        0x0 c:/intelfpga/17.1/nios2eds/bin/gnu/h-x86_64-mingw32/bin/../lib/gcc/nios2-elf/5.3.0/../../../../../H-x86_64-mingw32/nios2-elf/lib\libc.a(lib_a-memcpy.o)
 .text.memcpy   0x000000000000aa98      0x148 c:/intelfpga/17.1/nios2eds/bin/gnu/h-x86_64-mingw32/bin/../lib/gcc/nios2-elf/5.3.0/../../../../../H-x86_64-mingw32/nios2-elf/lib\libc.a(lib_a-memcpy.o)
                0x000000000000aa98                memcpy
 .text          0x000000000000abe0        0x0 c:/intelfpga/17.1/nios2eds/bin/gnu/h-x86_64-mingw32/bin/../lib/gcc/nios2-elf/5.3.0/../../../../../H-x86_64-mingw32/nios2-elf/lib\libc.a(lib_a-memmove.o)
 .text.memmove  0x000000000000abe0      0x15c c:/intelfpga/17.1/nios2eds/bin/gnu/h-x86_64-mingw32/bin/../lib/gcc/nios2-elf/5.3.0/../../../../../H-x86_64-mingw32/nios2-elf/lib\libc.a(lib_a-memmove.o)
                0x000000000000abe0                memmove
 .text          0x000000000000ad3c        0x0 c:/intelfpga/17.1/nios2eds/bin/gnu/h-x86_64-mingw32/bin/../lib/gcc/nios2-elf/5.3.0/../../../../../H-x86_64-mingw32/nios2-elf/lib\libc.a(lib_a-memset.o)
 .text.memset   0x000000000000ad3c      0x128 c:/intelfpga/17.1/nios2eds/bin/gnu/h-x86_64-mingw32/bin/../lib/gcc/nios2-elf/5.3.0/../../../../../H-x86_64-mingw32/nios2-elf/lib\libc.a(lib_a-memset.o)
                0x000000000000ad3c                memset
 .text          0x000000000000ae64        0x0 c:/intelfpga/17.1/nios2eds/bin/gnu/h-x86_64-mingw32/bin/../lib/gcc/nios2-elf/5.3.0/../../../../../H-x86_64-mingw32/nios2-elf/lib\libc.a(lib_a-mprec.o)
 .text._Balloc  0x000000000000ae64       0xa8 c:/intelfpga/17.1/nios2eds/bin/gnu/h-x86_64-mingw32/bin/../lib/gcc/nios2-elf/5.3.0/../../../../../H-x86_64-mingw32/nios2-elf/lib\libc.a(lib_a-mprec.o)
                0x000000000000ae64                _Balloc
 .text._Bfree   0x000000000000af0c       0x28 c:/intelfpga/17.1/nios2eds/bin/gnu/h-x86_64-mingw32/bin/../lib/gcc/nios2-elf/5.3.0/../../../../../H-x86_64-mingw32/nios2-elf/lib\libc.a(lib_a-mprec.o)
                0x000000000000af0c                _Bfree
 .text.__multadd
                0x000000000000af34      0x120 c:/intelfpga/17.1/nios2eds/bin/gnu/h-x86_64-mingw32/bin/../lib/gcc/nios2-elf/5.3.0/../../../../../H-x86_64-mingw32/nios2-elf/lib\libc.a(lib_a-mprec.o)
                0x000000000000af34                __multadd
 .text.__s2b    0x000000000000b054      0x104 c:/intelfpga/17.1/nios2eds/bin/gnu/h-x86_64-mingw32/bin/../lib/gcc/nios2-elf/5.3.0/../../../../../H-x86_64-mingw32/nios2-elf/lib\libc.a(lib_a-mprec.o)
                0x000000000000b054                __s2b
 .text.__hi0bits
                0x000000000000b158       0x68 c:/intelfpga/17.1/nios2eds/bin/gnu/h-x86_64-mingw32/bin/../lib/gcc/nios2-elf/5.3.0/../../../../../H-x86_64-mingw32/nios2-elf/lib\libc.a(lib_a-mprec.o)
                0x000000000000b158                __hi0bits
 .text.__lo0bits
                0x000000000000b1c0       0xb0 c:/intelfpga/17.1/nios2eds/bin/gnu/h-x86_64-mingw32/bin/../lib/gcc/nios2-elf/5.3.0/../../../../../H-x86_64-mingw32/nios2-elf/lib\libc.a(lib_a-mprec.o)
                0x000000000000b1c0                __lo0bits
 .text.__i2b    0x000000000000b270       0x3c c:/intelfpga/17.1/nios2eds/bin/gnu/h-x86_64-mingw32/bin/../lib/gcc/nios2-elf/5.3.0/../../../../../H-x86_64-mingw32/nios2-elf/lib\libc.a(lib_a-mprec.o)
                0x000000000000b270                __i2b
 .text.__multiply
                0x000000000000b2ac      0x1f8 c:/intelfpga/17.1/nios2eds/bin/gnu/h-x86_64-mingw32/bin/../lib/gcc/nios2-elf/5.3.0/../../../../../H-x86_64-mingw32/nios2-elf/lib\libc.a(lib_a-mprec.o)
                0x000000000000b2ac                __multiply
 .text.__pow5mult
                0x000000000000b4a4      0x140 c:/intelfpga/17.1/nios2eds/bin/gnu/h-x86_64-mingw32/bin/../lib/gcc/nios2-elf/5.3.0/../../../../../H-x86_64-mingw32/nios2-elf/lib\libc.a(lib_a-mprec.o)
                0x000000000000b4a4                __pow5mult
 .text.__lshift
                0x000000000000b5e4      0x148 c:/intelfpga/17.1/nios2eds/bin/gnu/h-x86_64-mingw32/bin/../lib/gcc/nios2-elf/5.3.0/../../../../../H-x86_64-mingw32/nios2-elf/lib\libc.a(lib_a-mprec.o)
                0x000000000000b5e4                __lshift
 .text.__mcmp   0x000000000000b72c       0x60 c:/intelfpga/17.1/nios2eds/bin/gnu/h-x86_64-mingw32/bin/../lib/gcc/nios2-elf/5.3.0/../../../../../H-x86_64-mingw32/nios2-elf/lib\libc.a(lib_a-mprec.o)
                0x000000000000b72c                __mcmp
 .text.__mdiff  0x000000000000b78c      0x1fc c:/intelfpga/17.1/nios2eds/bin/gnu/h-x86_64-mingw32/bin/../lib/gcc/nios2-elf/5.3.0/../../../../../H-x86_64-mingw32/nios2-elf/lib\libc.a(lib_a-mprec.o)
                0x000000000000b78c                __mdiff
 .text.__ulp    0x000000000000b988       0x64 c:/intelfpga/17.1/nios2eds/bin/gnu/h-x86_64-mingw32/bin/../lib/gcc/nios2-elf/5.3.0/../../../../../H-x86_64-mingw32/nios2-elf/lib\libc.a(lib_a-mprec.o)
                0x000000000000b988                __ulp
 .text.__b2d    0x000000000000b9ec      0x10c c:/intelfpga/17.1/nios2eds/bin/gnu/h-x86_64-mingw32/bin/../lib/gcc/nios2-elf/5.3.0/../../../../../H-x86_64-mingw32/nios2-elf/lib\libc.a(lib_a-mprec.o)
                0x000000000000b9ec                __b2d
 .text.__d2b    0x000000000000baf8      0x14c c:/intelfpga/17.1/nios2eds/bin/gnu/h-x86_64-mingw32/bin/../lib/gcc/nios2-elf/5.3.0/../../../../../H-x86_64-mingw32/nios2-elf/lib\libc.a(lib_a-mprec.o)
                0x000000000000baf8                __d2b
 .text.__ratio  0x000000000000bc44       0xa4 c:/intelfpga/17.1/nios2eds/bin/gnu/h-x86_64-mingw32/bin/../lib/gcc/nios2-elf/5.3.0/../../../../../H-x86_64-mingw32/nios2-elf/lib\libc.a(lib_a-mprec.o)
                0x000000000000bc44                __ratio
 .text._mprec_log10
                0x000000000000bce8       0x74 c:/intelfpga/17.1/nios2eds/bin/gnu/h-x86_64-mingw32/bin/../lib/gcc/nios2-elf/5.3.0/../../../../../H-x86_64-mingw32/nios2-elf/lib\libc.a(lib_a-mprec.o)
                0x000000000000bce8                _mprec_log10
 .text.__copybits
                0x000000000000bd5c       0x78 c:/intelfpga/17.1/nios2eds/bin/gnu/h-x86_64-mingw32/bin/../lib/gcc/nios2-elf/5.3.0/../../../../../H-x86_64-mingw32/nios2-elf/lib\libc.a(lib_a-mprec.o)
                0x000000000000bd5c                __copybits
 .text.__any_on
                0x000000000000bdd4       0x8c c:/intelfpga/17.1/nios2eds/bin/gnu/h-x86_64-mingw32/bin/../lib/gcc/nios2-elf/5.3.0/../../../../../H-x86_64-mingw32/nios2-elf/lib\libc.a(lib_a-mprec.o)
                0x000000000000bdd4                __any_on
 .text          0x000000000000be60        0x0 c:/intelfpga/17.1/nios2eds/bin/gnu/h-x86_64-mingw32/bin/../lib/gcc/nios2-elf/5.3.0/../../../../../H-x86_64-mingw32/nios2-elf/lib\libc.a(lib_a-reallocr.o)
 .text._realloc_r
                0x000000000000be60      0x564 c:/intelfpga/17.1/nios2eds/bin/gnu/h-x86_64-mingw32/bin/../lib/gcc/nios2-elf/5.3.0/../../../../../H-x86_64-mingw32/nios2-elf/lib\libc.a(lib_a-reallocr.o)
                0x000000000000be60                _realloc_r
 .text          0x000000000000c3c4        0x0 c:/intelfpga/17.1/nios2eds/bin/gnu/h-x86_64-mingw32/bin/../lib/gcc/nios2-elf/5.3.0/../../../../../H-x86_64-mingw32/nios2-elf/lib\libc.a(lib_a-s_fpclassify.o)
 .text.__fpclassifyd
                0x000000000000c3c4       0x74 c:/intelfpga/17.1/nios2eds/bin/gnu/h-x86_64-mingw32/bin/../lib/gcc/nios2-elf/5.3.0/../../../../../H-x86_64-mingw32/nios2-elf/lib\libc.a(lib_a-s_fpclassify.o)
                0x000000000000c3c4                __fpclassifyd
 .text          0x000000000000c438        0x0 c:/intelfpga/17.1/nios2eds/bin/gnu/h-x86_64-mingw32/bin/../lib/gcc/nios2-elf/5.3.0/../../../../../H-x86_64-mingw32/nios2-elf/lib\libc.a(lib_a-sbrkr.o)
 .text._sbrk_r  0x000000000000c438       0x54 c:/intelfpga/17.1/nios2eds/bin/gnu/h-x86_64-mingw32/bin/../lib/gcc/nios2-elf/5.3.0/../../../../../H-x86_64-mingw32/nios2-elf/lib\libc.a(lib_a-sbrkr.o)
                0x000000000000c438                _sbrk_r
 .text          0x000000000000c48c        0x0 c:/intelfpga/17.1/nios2eds/bin/gnu/h-x86_64-mingw32/bin/../lib/gcc/nios2-elf/5.3.0/../../../../../H-x86_64-mingw32/nios2-elf/lib\libc.a(lib_a-stdio.o)
 .text.__sread  0x000000000000c48c       0x54 c:/intelfpga/17.1/nios2eds/bin/gnu/h-x86_64-mingw32/bin/../lib/gcc/nios2-elf/5.3.0/../../../../../H-x86_64-mingw32/nios2-elf/lib\libc.a(lib_a-stdio.o)
                0x000000000000c48c                __sread
 .text.__seofread
                0x000000000000c4e0        0x8 c:/intelfpga/17.1/nios2eds/bin/gnu/h-x86_64-mingw32/bin/../lib/gcc/nios2-elf/5.3.0/../../../../../H-x86_64-mingw32/nios2-elf/lib\libc.a(lib_a-stdio.o)
                0x000000000000c4e0                __seofread
 .text.__swrite
                0x000000000000c4e8       0x7c c:/intelfpga/17.1/nios2eds/bin/gnu/h-x86_64-mingw32/bin/../lib/gcc/nios2-elf/5.3.0/../../../../../H-x86_64-mingw32/nios2-elf/lib\libc.a(lib_a-stdio.o)
                0x000000000000c4e8                __swrite
 .text.__sseek  0x000000000000c564       0x5c c:/intelfpga/17.1/nios2eds/bin/gnu/h-x86_64-mingw32/bin/../lib/gcc/nios2-elf/5.3.0/../../../../../H-x86_64-mingw32/nios2-elf/lib\libc.a(lib_a-stdio.o)
                0x000000000000c564                __sseek
 .text.__sclose
                0x000000000000c5c0        0x8 c:/intelfpga/17.1/nios2eds/bin/gnu/h-x86_64-mingw32/bin/../lib/gcc/nios2-elf/5.3.0/../../../../../H-x86_64-mingw32/nios2-elf/lib\libc.a(lib_a-stdio.o)
                0x000000000000c5c0                __sclose
 .text          0x000000000000c5c8        0x0 c:/intelfpga/17.1/nios2eds/bin/gnu/h-x86_64-mingw32/bin/../lib/gcc/nios2-elf/5.3.0/../../../../../H-x86_64-mingw32/nios2-elf/lib\libc.a(lib_a-strchr.o)
 .text.strchr   0x000000000000c5c8      0x164 c:/intelfpga/17.1/nios2eds/bin/gnu/h-x86_64-mingw32/bin/../lib/gcc/nios2-elf/5.3.0/../../../../../H-x86_64-mingw32/nios2-elf/lib\libc.a(lib_a-strchr.o)
                0x000000000000c5c8                strchr
 .text          0x000000000000c72c        0x0 c:/intelfpga/17.1/nios2eds/bin/gnu/h-x86_64-mingw32/bin/../lib/gcc/nios2-elf/5.3.0/../../../../../H-x86_64-mingw32/nios2-elf/lib\libc.a(lib_a-strcmp.o)
 .text.strcmp   0x000000000000c72c       0xdc c:/intelfpga/17.1/nios2eds/bin/gnu/h-x86_64-mingw32/bin/../lib/gcc/nios2-elf/5.3.0/../../../../../H-x86_64-mingw32/nios2-elf/lib\libc.a(lib_a-strcmp.o)
                0x000000000000c72c                strcmp
 .text          0x000000000000c808        0x0 c:/intelfpga/17.1/nios2eds/bin/gnu/h-x86_64-mingw32/bin/../lib/gcc/nios2-elf/5.3.0/../../../../../H-x86_64-mingw32/nios2-elf/lib\libc.a(lib_a-svfiprintf.o)
 .text.__ssprint_r
                0x000000000000c808      0x1d0 c:/intelfpga/17.1/nios2eds/bin/gnu/h-x86_64-mingw32/bin/../lib/gcc/nios2-elf/5.3.0/../../../../../H-x86_64-mingw32/nios2-elf/lib\libc.a(lib_a-svfiprintf.o)
                0x000000000000c808                __ssprint_r
 .text.___svfiprintf_internal_r
                0x000000000000c9d8     0x123c c:/intelfpga/17.1/nios2eds/bin/gnu/h-x86_64-mingw32/bin/../lib/gcc/nios2-elf/5.3.0/../../../../../H-x86_64-mingw32/nios2-elf/lib\libc.a(lib_a-svfiprintf.o)
                0x000000000000c9d8                ___svfiprintf_internal_r
 .text          0x000000000000dc14        0x0 c:/intelfpga/17.1/nios2eds/bin/gnu/h-x86_64-mingw32/bin/../lib/gcc/nios2-elf/5.3.0/../../../../../H-x86_64-mingw32/nios2-elf/lib\libc.a(lib_a-vfiprintf.o)
 .text.__sprint_r.part.0
                0x000000000000dc14       0xfc c:/intelfpga/17.1/nios2eds/bin/gnu/h-x86_64-mingw32/bin/../lib/gcc/nios2-elf/5.3.0/../../../../../H-x86_64-mingw32/nios2-elf/lib\libc.a(lib_a-vfiprintf.o)
 .text.__sprint_r
                0x000000000000dd10       0x18 c:/intelfpga/17.1/nios2eds/bin/gnu/h-x86_64-mingw32/bin/../lib/gcc/nios2-elf/5.3.0/../../../../../H-x86_64-mingw32/nios2-elf/lib\libc.a(lib_a-vfiprintf.o)
                0x000000000000dd10                __sprint_r
 .text.___vfiprintf_internal_r
                0x000000000000dd28     0x145c c:/intelfpga/17.1/nios2eds/bin/gnu/h-x86_64-mingw32/bin/../lib/gcc/nios2-elf/5.3.0/../../../../../H-x86_64-mingw32/nios2-elf/lib\libc.a(lib_a-vfiprintf.o)
                0x000000000000dd28                ___vfiprintf_internal_r
 .text.__vfiprintf_internal
                0x000000000000f184       0x1c c:/intelfpga/17.1/nios2eds/bin/gnu/h-x86_64-mingw32/bin/../lib/gcc/nios2-elf/5.3.0/../../../../../H-x86_64-mingw32/nios2-elf/lib\libc.a(lib_a-vfiprintf.o)
                0x000000000000f184                __vfiprintf_internal
 .text.__sbprintf
                0x000000000000f1a0       0xbc c:/intelfpga/17.1/nios2eds/bin/gnu/h-x86_64-mingw32/bin/../lib/gcc/nios2-elf/5.3.0/../../../../../H-x86_64-mingw32/nios2-elf/lib\libc.a(lib_a-vfiprintf.o)
 .text          0x000000000000f25c        0x0 c:/intelfpga/17.1/nios2eds/bin/gnu/h-x86_64-mingw32/bin/../lib/gcc/nios2-elf/5.3.0/../../../../../H-x86_64-mingw32/nios2-elf/lib\libc.a(lib_a-writer.o)
 .text._write_r
                0x000000000000f25c       0x60 c:/intelfpga/17.1/nios2eds/bin/gnu/h-x86_64-mingw32/bin/../lib/gcc/nios2-elf/5.3.0/../../../../../H-x86_64-mingw32/nios2-elf/lib\libc.a(lib_a-writer.o)
                0x000000000000f25c                _write_r
 .text          0x000000000000f2bc        0x0 c:/intelfpga/17.1/nios2eds/bin/gnu/h-x86_64-mingw32/bin/../lib/gcc/nios2-elf/5.3.0/../../../../../H-x86_64-mingw32/nios2-elf/lib\libc.a(closer.o)
 .text._close_r
                0x000000000000f2bc       0x54 c:/intelfpga/17.1/nios2eds/bin/gnu/h-x86_64-mingw32/bin/../lib/gcc/nios2-elf/5.3.0/../../../../../H-x86_64-mingw32/nios2-elf/lib\libc.a(closer.o)
                0x000000000000f2bc                _close_r
 .text          0x000000000000f310        0x0 c:/intelfpga/17.1/nios2eds/bin/gnu/h-x86_64-mingw32/bin/../lib/gcc/nios2-elf/5.3.0/../../../../../H-x86_64-mingw32/nios2-elf/lib\libc.a(lib_a-callocr.o)
 .text._calloc_r
                0x000000000000f310       0xc4 c:/intelfpga/17.1/nios2eds/bin/gnu/h-x86_64-mingw32/bin/../lib/gcc/nios2-elf/5.3.0/../../../../../H-x86_64-mingw32/nios2-elf/lib\libc.a(lib_a-callocr.o)
                0x000000000000f310                _calloc_r
 .text          0x000000000000f3d4        0x0 c:/intelfpga/17.1/nios2eds/bin/gnu/h-x86_64-mingw32/bin/../lib/gcc/nios2-elf/5.3.0/../../../../../H-x86_64-mingw32/nios2-elf/lib\libc.a(lib_a-fclose.o)
 .text._fclose_r
                0x000000000000f3d4       0xf0 c:/intelfpga/17.1/nios2eds/bin/gnu/h-x86_64-mingw32/bin/../lib/gcc/nios2-elf/5.3.0/../../../../../H-x86_64-mingw32/nios2-elf/lib\libc.a(lib_a-fclose.o)
                0x000000000000f3d4                _fclose_r
 .text.fclose   0x000000000000f4c4       0x14 c:/intelfpga/17.1/nios2eds/bin/gnu/h-x86_64-mingw32/bin/../lib/gcc/nios2-elf/5.3.0/../../../../../H-x86_64-mingw32/nios2-elf/lib\libc.a(lib_a-fclose.o)
                0x000000000000f4c4                fclose
 .text          0x000000000000f4d8        0x0 c:/intelfpga/17.1/nios2eds/bin/gnu/h-x86_64-mingw32/bin/../lib/gcc/nios2-elf/5.3.0/../../../../../H-x86_64-mingw32/nios2-elf/lib\libc.a(lib_a-fputwc.o)
 .text.__fputwc
                0x000000000000f4d8      0x164 c:/intelfpga/17.1/nios2eds/bin/gnu/h-x86_64-mingw32/bin/../lib/gcc/nios2-elf/5.3.0/../../../../../H-x86_64-mingw32/nios2-elf/lib\libc.a(lib_a-fputwc.o)
                0x000000000000f4d8                __fputwc
 .text._fputwc_r
                0x000000000000f63c       0x24 c:/intelfpga/17.1/nios2eds/bin/gnu/h-x86_64-mingw32/bin/../lib/gcc/nios2-elf/5.3.0/../../../../../H-x86_64-mingw32/nios2-elf/lib\libc.a(lib_a-fputwc.o)
                0x000000000000f63c                _fputwc_r
 .text.fputwc   0x000000000000f660       0x80 c:/intelfpga/17.1/nios2eds/bin/gnu/h-x86_64-mingw32/bin/../lib/gcc/nios2-elf/5.3.0/../../../../../H-x86_64-mingw32/nios2-elf/lib\libc.a(lib_a-fputwc.o)
                0x000000000000f660                fputwc
 .text          0x000000000000f6e0        0x0 c:/intelfpga/17.1/nios2eds/bin/gnu/h-x86_64-mingw32/bin/../lib/gcc/nios2-elf/5.3.0/../../../../../H-x86_64-mingw32/nios2-elf/lib\libc.a(lib_a-fstatr.o)
 .text._fstat_r
                0x000000000000f6e0       0x5c c:/intelfpga/17.1/nios2eds/bin/gnu/h-x86_64-mingw32/bin/../lib/gcc/nios2-elf/5.3.0/../../../../../H-x86_64-mingw32/nios2-elf/lib\libc.a(lib_a-fstatr.o)
                0x000000000000f6e0                _fstat_r
 .text          0x000000000000f73c        0x0 c:/intelfpga/17.1/nios2eds/bin/gnu/h-x86_64-mingw32/bin/../lib/gcc/nios2-elf/5.3.0/../../../../../H-x86_64-mingw32/nios2-elf/lib\libc.a(lib_a-int_errno.o)
 .text          0x000000000000f73c        0x0 c:/intelfpga/17.1/nios2eds/bin/gnu/h-x86_64-mingw32/bin/../lib/gcc/nios2-elf/5.3.0/../../../../../H-x86_64-mingw32/nios2-elf/lib\libc.a(lib_a-isattyr.o)
 .text._isatty_r
                0x000000000000f73c       0x54 c:/intelfpga/17.1/nios2eds/bin/gnu/h-x86_64-mingw32/bin/../lib/gcc/nios2-elf/5.3.0/../../../../../H-x86_64-mingw32/nios2-elf/lib\libc.a(lib_a-isattyr.o)
                0x000000000000f73c                _isatty_r
 .text          0x000000000000f790        0x0 c:/intelfpga/17.1/nios2eds/bin/gnu/h-x86_64-mingw32/bin/../lib/gcc/nios2-elf/5.3.0/../../../../../H-x86_64-mingw32/nios2-elf/lib\libc.a(lib_a-lseekr.o)
 .text._lseek_r
                0x000000000000f790       0x60 c:/intelfpga/17.1/nios2eds/bin/gnu/h-x86_64-mingw32/bin/../lib/gcc/nios2-elf/5.3.0/../../../../../H-x86_64-mingw32/nios2-elf/lib\libc.a(lib_a-lseekr.o)
                0x000000000000f790                _lseek_r
 .text          0x000000000000f7f0        0x0 c:/intelfpga/17.1/nios2eds/bin/gnu/h-x86_64-mingw32/bin/../lib/gcc/nios2-elf/5.3.0/../../../../../H-x86_64-mingw32/nios2-elf/lib\libc.a(lib_a-readr.o)
 .text._read_r  0x000000000000f7f0       0x60 c:/intelfpga/17.1/nios2eds/bin/gnu/h-x86_64-mingw32/bin/../lib/gcc/nios2-elf/5.3.0/../../../../../H-x86_64-mingw32/nios2-elf/lib\libc.a(lib_a-readr.o)
                0x000000000000f7f0                _read_r
 .text          0x000000000000f850        0x0 c:/intelfpga/17.1/nios2eds/bin/gnu/h-x86_64-mingw32/bin/../lib/gcc/nios2-elf/5.3.0/../../../../../H-x86_64-mingw32/nios2-elf/lib\libc.a(lib_a-wbuf.o)
 .text.__swbuf_r
                0x000000000000f850      0x140 c:/intelfpga/17.1/nios2eds/bin/gnu/h-x86_64-mingw32/bin/../lib/gcc/nios2-elf/5.3.0/../../../../../H-x86_64-mingw32/nios2-elf/lib\libc.a(lib_a-wbuf.o)
                0x000000000000f850                __swbuf_r
 .text.__swbuf  0x000000000000f990       0x18 c:/intelfpga/17.1/nios2eds/bin/gnu/h-x86_64-mingw32/bin/../lib/gcc/nios2-elf/5.3.0/../../../../../H-x86_64-mingw32/nios2-elf/lib\libc.a(lib_a-wbuf.o)
                0x000000000000f990                __swbuf
 .text          0x000000000000f9a8        0x0 c:/intelfpga/17.1/nios2eds/bin/gnu/h-x86_64-mingw32/bin/../lib/gcc/nios2-elf/5.3.0/../../../../../H-x86_64-mingw32/nios2-elf/lib\libc.a(lib_a-wcrtomb.o)
 .text._wcrtomb_r
                0x000000000000f9a8       0x9c c:/intelfpga/17.1/nios2eds/bin/gnu/h-x86_64-mingw32/bin/../lib/gcc/nios2-elf/5.3.0/../../../../../H-x86_64-mingw32/nios2-elf/lib\libc.a(lib_a-wcrtomb.o)
                0x000000000000f9a8                _wcrtomb_r
 .text.wcrtomb  0x000000000000fa44       0xc0 c:/intelfpga/17.1/nios2eds/bin/gnu/h-x86_64-mingw32/bin/../lib/gcc/nios2-elf/5.3.0/../../../../../H-x86_64-mingw32/nios2-elf/lib\libc.a(lib_a-wcrtomb.o)
                0x000000000000fa44                wcrtomb
 .text          0x000000000000fb04        0x0 c:/intelfpga/17.1/nios2eds/bin/gnu/h-x86_64-mingw32/bin/../lib/gcc/nios2-elf/5.3.0/../../../../../H-x86_64-mingw32/nios2-elf/lib\libc.a(lib_a-wctomb_r.o)
 .text.__ascii_wctomb
                0x000000000000fb04       0x30 c:/intelfpga/17.1/nios2eds/bin/gnu/h-x86_64-mingw32/bin/../lib/gcc/nios2-elf/5.3.0/../../../../../H-x86_64-mingw32/nios2-elf/lib\libc.a(lib_a-wctomb_r.o)
                0x000000000000fb04                __ascii_wctomb
 .text._wctomb_r
                0x000000000000fb34       0x5c c:/intelfpga/17.1/nios2eds/bin/gnu/h-x86_64-mingw32/bin/../lib/gcc/nios2-elf/5.3.0/../../../../../H-x86_64-mingw32/nios2-elf/lib\libc.a(lib_a-wctomb_r.o)
                0x000000000000fb34                _wctomb_r
 .text          0x000000000000fb90      0x578 c:/intelfpga/17.1/nios2eds/bin/gnu/h-x86_64-mingw32/bin/../lib/gcc/nios2-elf/5.3.0\libgcc.a(_udivdi3.o)
                0x000000000000fb90                __udivdi3
 .text          0x0000000000010108      0x538 c:/intelfpga/17.1/nios2eds/bin/gnu/h-x86_64-mingw32/bin/../lib/gcc/nios2-elf/5.3.0\libgcc.a(_umoddi3.o)
                0x0000000000010108                __umoddi3
 .text          0x0000000000010640      0x8ac c:/intelfpga/17.1/nios2eds/bin/gnu/h-x86_64-mingw32/bin/../lib/gcc/nios2-elf/5.3.0\libgcc.a(adddf3.o)
                0x0000000000010640                __adddf3
 .text          0x0000000000010eec      0x8e8 c:/intelfpga/17.1/nios2eds/bin/gnu/h-x86_64-mingw32/bin/../lib/gcc/nios2-elf/5.3.0\libgcc.a(divdf3.o)
                0x0000000000010eec                __divdf3
 .text          0x00000000000117d4       0x88 c:/intelfpga/17.1/nios2eds/bin/gnu/h-x86_64-mingw32/bin/../lib/gcc/nios2-elf/5.3.0\libgcc.a(eqdf2.o)
                0x00000000000117d4                __nedf2
                0x00000000000117d4                __eqdf2
 .text          0x000000000001185c       0xdc c:/intelfpga/17.1/nios2eds/bin/gnu/h-x86_64-mingw32/bin/../lib/gcc/nios2-elf/5.3.0\libgcc.a(gedf2.o)
                0x000000000001185c                __gedf2
                0x000000000001185c                __gtdf2
 .text          0x0000000000011938       0xf4 c:/intelfpga/17.1/nios2eds/bin/gnu/h-x86_64-mingw32/bin/../lib/gcc/nios2-elf/5.3.0\libgcc.a(ledf2.o)
                0x0000000000011938                __ledf2
                0x0000000000011938                __ltdf2
 .text          0x0000000000011a2c      0x718 c:/intelfpga/17.1/nios2eds/bin/gnu/h-x86_64-mingw32/bin/../lib/gcc/nios2-elf/5.3.0\libgcc.a(muldf3.o)
                0x0000000000011a2c                __muldf3
 .text          0x0000000000012144      0x8fc c:/intelfpga/17.1/nios2eds/bin/gnu/h-x86_64-mingw32/bin/../lib/gcc/nios2-elf/5.3.0\libgcc.a(subdf3.o)
                0x0000000000012144                __subdf3
 .text          0x0000000000012a40       0x80 c:/intelfpga/17.1/nios2eds/bin/gnu/h-x86_64-mingw32/bin/../lib/gcc/nios2-elf/5.3.0\libgcc.a(fixdfsi.o)
                0x0000000000012a40                __fixdfsi
 .text          0x0000000000012ac0       0xdc c:/intelfpga/17.1/nios2eds/bin/gnu/h-x86_64-mingw32/bin/../lib/gcc/nios2-elf/5.3.0\libgcc.a(floatsidf.o)
                0x0000000000012ac0                __floatsidf
 .text          0x0000000000012b9c       0xa8 c:/intelfpga/17.1/nios2eds/bin/gnu/h-x86_64-mingw32/bin/../lib/gcc/nios2-elf/5.3.0\libgcc.a(floatunsidf.o)
                0x0000000000012b9c                __floatunsidf
 .text          0x0000000000012c44        0x0 c:/intelfpga/17.1/nios2eds/bin/gnu/h-x86_64-mingw32/bin/../lib/gcc/nios2-elf/5.3.0\libgcc.a(_clz.o)
 .text          0x0000000000012c44       0x64 c:/intelfpga/17.1/nios2eds/bin/gnu/h-x86_64-mingw32/bin/../lib/gcc/nios2-elf/5.3.0\libgcc.a(_clzsi2.o)
                0x0000000000012c44                __clzsi2
 .text          0x0000000000012ca8      0x10c C:/Users/dagarbl2/Documents/GitHub/proyecto_CHS/software/nios_software_bsp/\libucosii_bsp.a(alt_close.o)
                0x0000000000012ce4                close
 .text          0x0000000000012db4       0x2c C:/Users/dagarbl2/Documents/GitHub/proyecto_CHS/software/nios_software_bsp/\libucosii_bsp.a(alt_dev.o)
 .text          0x0000000000012de0        0x0 C:/Users/dagarbl2/Documents/GitHub/proyecto_CHS/software/nios_software_bsp/\libucosii_bsp.a(alt_errno.o)
 .text          0x0000000000012de0       0x34 C:/Users/dagarbl2/Documents/GitHub/proyecto_CHS/software/nios_software_bsp/\libucosii_bsp.a(alt_exit.o)
                0x0000000000012de0                _exit
 .text          0x0000000000012e14       0xec C:/Users/dagarbl2/Documents/GitHub/proyecto_CHS/software/nios_software_bsp/\libucosii_bsp.a(alt_fstat.o)
                0x0000000000012e50                fstat
 .text          0x0000000000012f00      0x180 C:/Users/dagarbl2/Documents/GitHub/proyecto_CHS/software/nios_software_bsp/\libucosii_bsp.a(alt_irq_register.o)
                0x0000000000012f00                alt_irq_register
 .text          0x0000000000013080        0x0 C:/Users/dagarbl2/Documents/GitHub/proyecto_CHS/software/nios_software_bsp/\libucosii_bsp.a(alt_irq_vars.o)
 .text          0x0000000000013080       0xe0 C:/Users/dagarbl2/Documents/GitHub/proyecto_CHS/software/nios_software_bsp/\libucosii_bsp.a(alt_isatty.o)
                0x00000000000130bc                isatty
 .text          0x0000000000013160       0xec C:/Users/dagarbl2/Documents/GitHub/proyecto_CHS/software/nios_software_bsp/\libucosii_bsp.a(alt_load.o)
                0x00000000000131c8                alt_load
 .text          0x000000000001324c      0x110 C:/Users/dagarbl2/Documents/GitHub/proyecto_CHS/software/nios_software_bsp/\libucosii_bsp.a(alt_lseek.o)
                0x0000000000013288                lseek
 .text          0x000000000001335c       0xbc C:/Users/dagarbl2/Documents/GitHub/proyecto_CHS/software/nios_software_bsp/\libucosii_bsp.a(alt_main.o)
                0x000000000001335c                alt_main
 .text          0x0000000000013418      0x138 C:/Users/dagarbl2/Documents/GitHub/proyecto_CHS/software/nios_software_bsp/\libucosii_bsp.a(alt_read.o)
                0x0000000000013454                read
 .text          0x0000000000013550       0x64 C:/Users/dagarbl2/Documents/GitHub/proyecto_CHS/software/nios_software_bsp/\libucosii_bsp.a(alt_release_fd.o)
                0x0000000000013550                alt_release_fd
 .text          0x00000000000135b4       0xb0 C:/Users/dagarbl2/Documents/GitHub/proyecto_CHS/software/nios_software_bsp/\libucosii_bsp.a(alt_sbrk.o)
                0x00000000000135b4                sbrk
 .text          0x0000000000013664      0x134 C:/Users/dagarbl2/Documents/GitHub/proyecto_CHS/software/nios_software_bsp/\libucosii_bsp.a(alt_write.o)
                0x00000000000136a0                write
 .text          0x0000000000013798      0x124 C:/Users/dagarbl2/Documents/GitHub/proyecto_CHS/software/nios_software_bsp/\libucosii_bsp.a(alt_env_lock.o)
                0x0000000000013798                __env_lock
                0x000000000001385c                __env_unlock
 .text          0x00000000000138bc      0x1ec C:/Users/dagarbl2/Documents/GitHub/proyecto_CHS/software/nios_software_bsp/\libucosii_bsp.a(alt_malloc_lock.o)
                0x00000000000138bc                __malloc_lock
                0x00000000000139dc                __malloc_unlock
 .text          0x0000000000013aa8     0x2014 C:/Users/dagarbl2/Documents/GitHub/proyecto_CHS/software/nios_software_bsp/\libucosii_bsp.a(os_core.o)
                0x0000000000013aa8                OSEventNameGet
                0x0000000000013bc8                OSEventNameSet
                0x0000000000013d08                OSEventPendMulti
                0x0000000000014318                OSInit
                0x0000000000014370                OSIntEnter
                0x00000000000143bc                OSIntExit
                0x00000000000144b4                OSSchedLock
                0x0000000000014540                OSSchedUnlock
                0x000000000001461c                OSStart
                0x000000000001468c                OSStatInit
                0x000000000001473c                OSTimeTick
                0x000000000001495c                OSVersion
                0x000000000001497c                OS_Dummy
                0x000000000001499c                OS_EventTaskRdy
                0x0000000000014b34                OS_EventTaskWait
                0x0000000000014c44                OS_EventTaskWaitMulti
                0x0000000000014d94                OS_EventTaskRemove
                0x0000000000014e4c                OS_EventTaskRemoveMulti
                0x0000000000014f4c                OS_EventWaitListInit
                0x000000000001532c                OS_MemClr
                0x0000000000015380                OS_MemCopy
                0x00000000000153e8                OS_Sched
                0x000000000001552c                OS_StrCopy
                0x00000000000155a0                OS_StrLen
                0x00000000000155f4                OS_TaskIdle
                0x0000000000015650                OS_TaskStat
                0x000000000001571c                OS_TaskStatStkChk
                0x00000000000157e8                OS_TCBInit
 .text          0x0000000000015abc      0x190 C:/Users/dagarbl2/Documents/GitHub/proyecto_CHS/software/nios_software_bsp/\libucosii_bsp.a(os_dbg.o)
                0x0000000000015abc                OSDebugInit
 .text          0x0000000000015c4c     0x1714 C:/Users/dagarbl2/Documents/GitHub/proyecto_CHS/software/nios_software_bsp/\libucosii_bsp.a(os_flag.o)
                0x0000000000015c4c                OSFlagAccept
                0x0000000000015f54                OSFlagCreate
                0x000000000001605c                OSFlagDel
                0x00000000000162a4                OSFlagNameGet
                0x00000000000163cc                OSFlagNameSet
                0x0000000000016518                OSFlagPend
                0x0000000000016ad0                OSFlagPendGetFlagsRdy
                0x0000000000016b30                OSFlagPost
                0x0000000000016ec4                OSFlagQuery
                0x00000000000170e8                OS_FlagInit
                0x00000000000172bc                OS_FlagUnlink
 .text          0x0000000000017360      0xac8 C:/Users/dagarbl2/Documents/GitHub/proyecto_CHS/software/nios_software_bsp/\libucosii_bsp.a(os_mbox.o)
                0x0000000000017360                OSMboxAccept
                0x00000000000173f8                OSMboxCreate
                0x00000000000174cc                OSMboxDel
                0x000000000001770c                OSMboxPend
                0x0000000000017940                OSMboxPendAbort
                0x0000000000017aac                OSMboxPost
                0x0000000000017bbc                OSMboxPostOpt
                0x0000000000017d18                OSMboxQuery
 .text          0x0000000000017e28      0x754 C:/Users/dagarbl2/Documents/GitHub/proyecto_CHS/software/nios_software_bsp/\libucosii_bsp.a(os_mem.o)
                0x0000000000017e28                OSMemCreate
                0x0000000000017ffc                OSMemGet
                0x00000000000180ec                OSMemNameGet
                0x00000000000181dc                OSMemNameSet
                0x00000000000182f0                OSMemPut
                0x00000000000183c8                OSMemQuery
                0x00000000000184b0                OS_MemInit
 .text          0x000000000001857c     0x1104 C:/Users/dagarbl2/Documents/GitHub/proyecto_CHS/software/nios_software_bsp/\libucosii_bsp.a(os_q.o)
                0x000000000001857c                OSQAccept
                0x00000000000186bc                OSQCreate
                0x0000000000018868                OSQDel
                0x0000000000018ae8                OSQFlush
                0x0000000000018ba0                OSQPend
                0x0000000000018e2c                OSQPendAbort
                0x0000000000018f98                OSQPost
                0x0000000000019100                OSQPostFront
                0x0000000000019270                OSQPostOpt
                0x000000000001947c                OSQQuery
                0x00000000000195d8                OS_QInit
 .text          0x0000000000019680      0xa60 C:/Users/dagarbl2/Documents/GitHub/proyecto_CHS/software/nios_software_bsp/\libucosii_bsp.a(os_sem.o)
                0x0000000000019680                OSSemAccept
                0x0000000000019730                OSSemCreate
                0x0000000000019808                OSSemDel
                0x0000000000019a48                OSSemPend
                0x0000000000019c54                OSSemPendAbort
                0x0000000000019dc0                OSSemPost
                0x0000000000019ed0                OSSemQuery
                0x0000000000019fe0                OSSemSet
 .text          0x000000000001a0e0     0x176c C:/Users/dagarbl2/Documents/GitHub/proyecto_CHS/software/nios_software_bsp/\libucosii_bsp.a(os_task.o)
                0x000000000001a0e0                OSTaskChangePrio
                0x000000000001a5d0                OSTaskCreate
                0x000000000001a77c                OSTaskCreateExt
                0x000000000001a960                OSTaskDel
                0x000000000001aca4                OSTaskDelReq
                0x000000000001adf4                OSTaskNameGet
                0x000000000001af8c                OSTaskNameSet
                0x000000000001b140                OSTaskResume
                0x000000000001b314                OSTaskStkChk
                0x000000000001b4d4                OSTaskSuspend
                0x000000000001b6b8                OSTaskQuery
                0x000000000001b7dc                OS_TaskStkClr
 .text          0x000000000001b84c      0x4e8 C:/Users/dagarbl2/Documents/GitHub/proyecto_CHS/software/nios_software_bsp/\libucosii_bsp.a(os_time.o)
                0x000000000001b84c                OSTimeDly
                0x000000000001b950                OSTimeDlyHMSM
                0x000000000001baa4                OSTimeDlyResume
                0x000000000001bc78                OSTimeGet
                0x000000000001bcd4                OSTimeSet
 .text          0x000000000001bd34      0x440 C:/Users/dagarbl2/Documents/GitHub/proyecto_CHS/software/nios_software_bsp/\libucosii_bsp.a(alt_sys_init.o)
                0x000000000001bd68                alt_irq_init
                0x000000000001bda0                alt_sys_init
 .text          0x000000000001c174     0x432c C:/Users/dagarbl2/Documents/GitHub/proyecto_CHS/software/nios_software_bsp/\libucosii_bsp.a(Altera_UP_SD_Card_Avalon_Interface.o)
                0x000000000001c174                Write_Sector_Data
                0x000000000001c228                Save_Modified_Sector
                0x000000000001c274                Read_Sector_Data
                0x000000000001c34c                get_cluster_flag
                0x000000000001c400                mark_cluster
                0x000000000001c4e0                Check_for_Master_Boot_Record
                0x000000000001c684                Read_File_Record_At_Offset
                0x000000000001c900                Write_File_Record_At_Offset
                0x000000000001cb8c                Check_for_DOS_FAT
                0x000000000001d22c                Look_for_FAT16
                0x000000000001d318                filename_to_upper_case
                0x000000000001d3dc                check_file_name_for_FAT16_compliance
                0x000000000001d648                get_dir_divider_location
                0x000000000001d700                match_file_record_to_name_ext
                0x000000000001d99c                get_home_directory_cluster_for_file
                0x000000000001dedc                find_file_in_directory
                0x000000000001e358                find_first_empty_cluster
                0x000000000001e514                find_first_empty_record_in_a_subdirectory
                0x000000000001e760                find_first_empty_record_in_root_directory
                0x000000000001e894                convert_filename_to_name_extension
                0x000000000001ea20                create_file
                0x000000000001ece8                copy_file_record_name_to_string
                0x000000000001ee30                alt_up_sd_card_open_dev
                0x000000000001eeec                alt_up_sd_card_is_Present
                0x000000000001efb0                alt_up_sd_card_is_FAT16
                0x000000000001f01c                alt_up_sd_card_find_first
                0x000000000001f0ec                alt_up_sd_card_find_next
                0x000000000001f4ac                alt_up_sd_card_fopen
                0x000000000001f828                alt_up_sd_card_set_attributes
                0x000000000001f8b0                alt_up_sd_card_get_attributes
                0x000000000001f938                alt_up_sd_card_read
                0x000000000001fcb0                alt_up_sd_card_write
                0x00000000000202e4                alt_up_sd_card_fclose
 .text          0x00000000000204a0      0x898 C:/Users/dagarbl2/Documents/GitHub/proyecto_CHS/software/nios_software_bsp/\libucosii_bsp.a(altera_avalon_cfi_flash.o)
                0x00000000000204d4                alt_flash_cfi_init
                0x0000000000020564                alt_flash_cfi_write
                0x000000000002080c                alt_flash_cfi_get_info
                0x0000000000020898                alt_flash_cfi_read
                0x00000000000208fc                alt_write_value_to_flash
                0x0000000000020a58                alt_flash_program_block
 .text          0x0000000000020d38     0x1448 C:/Users/dagarbl2/Documents/GitHub/proyecto_CHS/software/nios_software_bsp/\libucosii_bsp.a(altera_avalon_cfi_flash_table.o)
                0x0000000000020d38                alt_read_query_entry_8bit
                0x0000000000020d74                alt_read_query_entry_16bit
                0x0000000000020db4                alt_read_query_entry_32bit
                0x0000000000020df4                alt_write_flash_command_8bit_device_8bit_mode
                0x0000000000020e38                alt_write_flash_command_16bit_device_8bit_mode
                0x0000000000020eb0                alt_write_flash_command_32bit_device_8bit_mode
                0x0000000000020f00                alt_write_flash_command_16bit_device_16bit_mode
                0x0000000000020f4c                alt_write_flash_command_32bit_device_16bit_mode
                0x0000000000020f9c                alt_write_flash_command_32bit_device_32bit_mode
                0x0000000000020fec                alt_write_native_8bit
                0x0000000000021024                alt_write_native_16bit
                0x000000000002105c                alt_write_native_32bit
                0x0000000000021090                alt_set_flash_width_func
                0x0000000000021254                alt_set_flash_algorithm_func
                0x0000000000021370                alt_read_cfi_table
                0x0000000000021938                alt_read_cfi_width
                0x00000000000220a8                alt_check_primary_table
 .text          0x0000000000022180      0x164 C:/Users/dagarbl2/Documents/GitHub/proyecto_CHS/software/nios_software_bsp/\libucosii_bsp.a(altera_avalon_jtag_uart_fd.o)
                0x0000000000022180                altera_avalon_jtag_uart_read_fd
                0x00000000000221e0                altera_avalon_jtag_uart_write_fd
                0x0000000000022240                altera_avalon_jtag_uart_close_fd
                0x0000000000022290                altera_avalon_jtag_uart_ioctl_fd
 .text          0x00000000000222e4      0x550 C:/Users/dagarbl2/Documents/GitHub/proyecto_CHS/software/nios_software_bsp/\libucosii_bsp.a(altera_avalon_jtag_uart_init.o)
                0x00000000000222e4                altera_avalon_jtag_uart_init
                0x00000000000227cc                altera_avalon_jtag_uart_close
 .text          0x0000000000022834       0xf0 C:/Users/dagarbl2/Documents/GitHub/proyecto_CHS/software/nios_software_bsp/\libucosii_bsp.a(altera_avalon_jtag_uart_ioctl.o)
                0x0000000000022834                altera_avalon_jtag_uart_ioctl
 .text          0x0000000000022924      0x2bc C:/Users/dagarbl2/Documents/GitHub/proyecto_CHS/software/nios_software_bsp/\libucosii_bsp.a(altera_avalon_jtag_uart_read.o)
                0x0000000000022924                altera_avalon_jtag_uart_read
 .text          0x0000000000022be0      0x2c4 C:/Users/dagarbl2/Documents/GitHub/proyecto_CHS/software/nios_software_bsp/\libucosii_bsp.a(altera_avalon_jtag_uart_write.o)
                0x0000000000022be0                altera_avalon_jtag_uart_write
 .text          0x0000000000022ea4       0xf0 C:/Users/dagarbl2/Documents/GitHub/proyecto_CHS/software/nios_software_bsp/\libucosii_bsp.a(altera_avalon_timer_sc.o)
                0x0000000000022f20                alt_avalon_timer_sc_init
 .text          0x0000000000022f94      0x4f4 C:/Users/dagarbl2/Documents/GitHub/proyecto_CHS/software/nios_software_bsp/\libucosii_bsp.a(altera_up_avalon_character_lcd.o)
                0x0000000000022f94                get_DDRAM_addr
                0x0000000000023008                alt_up_character_lcd_send_cmd
                0x0000000000023048                alt_up_character_lcd_init
                0x0000000000023080                alt_up_character_lcd_open_dev
                0x00000000000230bc                alt_up_character_lcd_write
                0x0000000000023138                alt_up_character_lcd_string
                0x00000000000231b0                alt_up_character_lcd_write_fd
                0x0000000000023200                alt_up_character_lcd_set_cursor_pos
                0x0000000000023274                alt_up_character_lcd_shift_cursor
                0x0000000000023300                alt_up_character_lcd_shift_display
                0x000000000002338c                alt_up_character_lcd_erase_pos
                0x0000000000023418                alt_up_character_lcd_cursor_off
                0x0000000000023450                alt_up_character_lcd_cursor_blink_on
 .text          0x0000000000023488      0x6b0 C:/Users/dagarbl2/Documents/GitHub/proyecto_CHS/software/nios_software_bsp/\libucosii_bsp.a(altera_up_avalon_ps2.o)
                0x0000000000023488                read_RI_bit
                0x00000000000234bc                read_RE_bit
                0x00000000000234ec                read_CE_bit
                0x0000000000023520                read_num_bytes_available
                0x0000000000023550                read_data_valid
                0x0000000000023584                read_data_byte
                0x00000000000235b0                alt_up_ps2_init
                0x0000000000023678                alt_up_ps2_enable_read_interrupt
                0x00000000000236d4                alt_up_ps2_disable_read_interrupt
                0x0000000000023734                alt_up_ps2_write_data_byte
                0x00000000000237a8                alt_up_ps2_wait_for_ack
                0x0000000000023810                alt_up_ps2_write_data_byte_with_ack
                0x0000000000023874                alt_up_ps2_read_data_byte_timeout
                0x0000000000023910                alt_up_ps2_read_data_byte
                0x0000000000023980                alt_up_ps2_clear_fifo
                0x00000000000239d8                alt_up_ps2_read_fd
                0x0000000000023a64                alt_up_ps2_write_fd
                0x0000000000023afc                alt_up_ps2_open_dev
 .text          0x0000000000023b38      0x390 C:/Users/dagarbl2/Documents/GitHub/proyecto_CHS/software/nios_software_bsp/\libucosii_bsp.a(altera_up_avalon_rs232.o)
                0x0000000000023b38                alt_up_rs232_enable_read_interrupt
                0x0000000000023b94                alt_up_rs232_disable_read_interrupt
                0x0000000000023bf4                alt_up_rs232_get_used_space_in_read_FIFO
                0x0000000000023c34                alt_up_rs232_get_available_space_in_write_FIFO
                0x0000000000023c70                alt_up_rs232_check_parity
                0x0000000000023cb4                alt_up_rs232_write_data
                0x0000000000023cf4                alt_up_rs232_read_data
                0x0000000000023d68                alt_up_rs232_read_fd
                0x0000000000023df8                alt_up_rs232_write_fd
                0x0000000000023e8c                alt_up_rs232_open_dev
 .text          0x0000000000023ec8      0x2e0 C:/Users/dagarbl2/Documents/GitHub/proyecto_CHS/software/nios_software_bsp/\libucosii_bsp.a(altera_up_avalon_video_character_buffer_with_dma.o)
                0x0000000000023ec8                alt_up_char_buffer_init
                0x0000000000023f48                alt_up_char_buffer_open_dev
                0x0000000000023f84                alt_up_char_buffer_draw
                0x0000000000024050                alt_up_char_buffer_string
                0x000000000002414c                alt_up_char_buffer_clear
 .text          0x00000000000241a8      0x12c C:/Users/dagarbl2/Documents/GitHub/proyecto_CHS/software/nios_software_bsp/\libucosii_bsp.a(alt_alarm_start.o)
                0x00000000000241a8                alt_alarm_start
 .text          0x00000000000242d4       0x78 C:/Users/dagarbl2/Documents/GitHub/proyecto_CHS/software/nios_software_bsp/\libucosii_bsp.a(alt_dcache_flush.o)
                0x00000000000242d4                alt_dcache_flush
 .text          0x000000000002434c       0x48 C:/Users/dagarbl2/Documents/GitHub/proyecto_CHS/software/nios_software_bsp/\libucosii_bsp.a(alt_dcache_flush_all.o)
                0x000000000002434c                alt_dcache_flush_all
 .text          0x0000000000024394       0xe0 C:/Users/dagarbl2/Documents/GitHub/proyecto_CHS/software/nios_software_bsp/\libucosii_bsp.a(alt_dev_llist_insert.o)
                0x00000000000243d0                alt_dev_llist_insert
 .text          0x0000000000024474       0x60 C:/Users/dagarbl2/Documents/GitHub/proyecto_CHS/software/nios_software_bsp/\libucosii_bsp.a(alt_do_ctors.o)
                0x0000000000024474                _do_ctors
 .text          0x00000000000244d4       0x60 C:/Users/dagarbl2/Documents/GitHub/proyecto_CHS/software/nios_software_bsp/\libucosii_bsp.a(alt_do_dtors.o)
                0x00000000000244d4                _do_dtors
 .text          0x0000000000024534       0x90 C:/Users/dagarbl2/Documents/GitHub/proyecto_CHS/software/nios_software_bsp/\libucosii_bsp.a(alt_find_dev.o)
                0x0000000000024534                alt_find_dev
 .text          0x00000000000245c4       0xbc C:/Users/dagarbl2/Documents/GitHub/proyecto_CHS/software/nios_software_bsp/\libucosii_bsp.a(alt_flash_dev.o)
                0x00000000000245c4                alt_flash_open_dev
                0x000000000002462c                alt_flash_close_dev
 .text          0x0000000000024680       0x34 C:/Users/dagarbl2/Documents/GitHub/proyecto_CHS/software/nios_software_bsp/\libucosii_bsp.a(alt_icache_flush_all.o)
                0x0000000000024680                alt_icache_flush_all
 .text          0x00000000000246b4      0x140 C:/Users/dagarbl2/Documents/GitHub/proyecto_CHS/software/nios_software_bsp/\libucosii_bsp.a(alt_io_redirect.o)
                0x0000000000024778                alt_io_redirect
 .text          0x00000000000247f4        0x0 C:/Users/dagarbl2/Documents/GitHub/proyecto_CHS/software/nios_software_bsp/\libucosii_bsp.a(alt_irq_entry.o)
 .text          0x00000000000247f4        0x0 C:/Users/dagarbl2/Documents/GitHub/proyecto_CHS/software/nios_software_bsp/\libucosii_bsp.a(alt_irq_handler.o)
 .text          0x00000000000247f4      0x254 C:/Users/dagarbl2/Documents/GitHub/proyecto_CHS/software/nios_software_bsp/\libucosii_bsp.a(alt_open.o)
                0x00000000000248f4                open
 .text          0x0000000000024a48      0x1a4 C:/Users/dagarbl2/Documents/GitHub/proyecto_CHS/software/nios_software_bsp/\libucosii_bsp.a(alt_tick.o)
                0x0000000000024a48                alt_alarm_stop
                0x0000000000024ae4                alt_tick
 .text          0x0000000000024bec       0x24 C:/Users/dagarbl2/Documents/GitHub/proyecto_CHS/software/nios_software_bsp/\libucosii_bsp.a(altera_nios2_gen2_irq.o)
                0x0000000000024bec                altera_nios2_gen2_irq_init
 .text          0x0000000000024c10       0xd0 C:/Users/dagarbl2/Documents/GitHub/proyecto_CHS/software/nios_software_bsp/\libucosii_bsp.a(os_cpu_a.o)
                0x0000000000024c10                OSCtxSw
                0x0000000000024c10                OSIntCtxSw
                0x0000000000024c9c                OSStartHighRdy
                0x0000000000024cbc                OSStartTsk
 .text          0x0000000000024ce0      0x288 C:/Users/dagarbl2/Documents/GitHub/proyecto_CHS/software/nios_software_bsp/\libucosii_bsp.a(os_cpu_c.o)
                0x0000000000024ce0                OSTaskStkInit
                0x0000000000024e3c                OSTaskCreateHook
                0x0000000000024e60                OSTaskDelHook
                0x0000000000024e84                OSTaskSwHook
                0x0000000000024ea4                OSTaskStatHook
                0x0000000000024ec4                OSTimeTickHook
                0x0000000000024ee4                OSInitHookBegin
                0x0000000000024f04                OSInitHookEnd
                0x0000000000024f24                OSTaskIdleHook
                0x0000000000024f44                OSTCBInitHook
 .text          0x0000000000024f68      0x460 C:/Users/dagarbl2/Documents/GitHub/proyecto_CHS/software/nios_software_bsp/\libucosii_bsp.a(altera_avalon_cfi_flash_amd.o)
                0x0000000000024f68                alt_program_amd
                0x0000000000024fd0                alt_erase_block_amd
 .text          0x00000000000253c8      0x45c C:/Users/dagarbl2/Documents/GitHub/proyecto_CHS/software/nios_software_bsp/\libucosii_bsp.a(altera_avalon_cfi_flash_intel.o)
                0x00000000000253c8                alt_program_intel
                0x0000000000025448                alt_erase_block_intel
 .text          0x0000000000025824        0x0 C:/Users/dagarbl2/Documents/GitHub/proyecto_CHS/software/nios_software_bsp/\libucosii_bsp.a(alt_exception_entry.o)
 .text          0x0000000000025824      0x108 C:/Users/dagarbl2/Documents/GitHub/proyecto_CHS/software/nios_software_bsp/\libucosii_bsp.a(alt_find_file.o)
                0x0000000000025824                alt_find_file
 .text          0x000000000002592c       0xdc C:/Users/dagarbl2/Documents/GitHub/proyecto_CHS/software/nios_software_bsp/\libucosii_bsp.a(alt_get_fd.o)
                0x000000000002592c                alt_get_fd
 .text          0x0000000000025a08       0x90 C:/Users/dagarbl2/Documents/GitHub/proyecto_CHS/software/nios_software_bsp/\libucosii_bsp.a(alt_icache_flush.o)
                0x0000000000025a08                alt_icache_flush
 .text          0x0000000000025a98       0x9c C:/Users/dagarbl2/Documents/GitHub/proyecto_CHS/software/nios_software_bsp/\libucosii_bsp.a(alt_instruction_exception_entry.o)
                0x0000000000025a98                alt_exception_cause_generated_bad_addr
 .text          0x0000000000025b34      0x114 C:/Users/dagarbl2/Documents/GitHub/proyecto_CHS/software/nios_software_bsp/\libucosii_bsp.a(alt_usleep.o)
                0x0000000000025b34                usleep
 .text          0x0000000000025c48      0x158 C:/Users/dagarbl2/Documents/GitHub/proyecto_CHS/software/nios_software_bsp/\libucosii_bsp.a(alt_busy_sleep.o)
                0x0000000000025c48                alt_busy_sleep
 .text          0x0000000000025da0        0x0 c:/intelfpga/17.1/nios2eds/bin/gnu/h-x86_64-mingw32/bin/../lib/gcc/nios2-elf/5.3.0/../../../../../H-x86_64-mingw32/nios2-elf/lib\libc.a(lib_a-atexit.o)
 .text.atexit   0x0000000000025da0       0x14 c:/intelfpga/17.1/nios2eds/bin/gnu/h-x86_64-mingw32/bin/../lib/gcc/nios2-elf/5.3.0/../../../../../H-x86_64-mingw32/nios2-elf/lib\libc.a(lib_a-atexit.o)
                0x0000000000025da0                atexit
 .text          0x0000000000025db4        0x0 c:/intelfpga/17.1/nios2eds/bin/gnu/h-x86_64-mingw32/bin/../lib/gcc/nios2-elf/5.3.0/../../../../../H-x86_64-mingw32/nios2-elf/lib\libc.a(lib_a-__atexit.o)
 .text.__register_exitproc
                0x0000000000025db4      0x118 c:/intelfpga/17.1/nios2eds/bin/gnu/h-x86_64-mingw32/bin/../lib/gcc/nios2-elf/5.3.0/../../../../../H-x86_64-mingw32/nios2-elf/lib\libc.a(lib_a-__atexit.o)
                0x0000000000025db4                __register_exitproc
 *(.gnu.warning.*)
 *(.fini)
                [!provide]                        PROVIDE (__etext, ABSOLUTE (.))
                [!provide]                        PROVIDE (_etext, ABSOLUTE (.))
                [!provide]                        PROVIDE (etext, ABSOLUTE (.))
 *(.eh_frame_hdr)
                0x0000000000025ecc                . = ALIGN (0x4)
                [!provide]                        PROVIDE (__preinit_array_start, ABSOLUTE (.))
 *(.preinit_array)
                [!provide]                        PROVIDE (__preinit_array_end, ABSOLUTE (.))
                [!provide]                        PROVIDE (__init_array_start, ABSOLUTE (.))
 *(.init_array)
                [!provide]                        PROVIDE (__init_array_end, ABSOLUTE (.))
                [!provide]                        PROVIDE (__fini_array_start, ABSOLUTE (.))
 *(.fini_array)
                [!provide]                        PROVIDE (__fini_array_end, ABSOLUTE (.))
 *(.eh_frame)
 *(.gcc_except_table .gcc_except_table.*)
 *(.dynamic)
                0x0000000000025ecc                PROVIDE (__CTOR_LIST__, ABSOLUTE (.))
 *(.ctors)
 *(SORT(.ctors.*))
                0x0000000000025ecc                PROVIDE (__CTOR_END__, ABSOLUTE (.))
                0x0000000000025ecc                PROVIDE (__DTOR_LIST__, ABSOLUTE (.))
 *(.dtors)
 *(SORT(.dtors.*))
                0x0000000000025ecc                PROVIDE (__DTOR_END__, ABSOLUTE (.))
 *(.jcr)
                0x0000000000025ecc                . = ALIGN (0x4)

.rodata         0x0000000000025ecc      0xdb8
                0x0000000000025ecc                PROVIDE (__ram_rodata_start, ABSOLUTE (.))
                0x0000000000025ecc                . = ALIGN (0x4)
 *(.rodata .rodata.* .gnu.linkonce.r.*)
 .rodata        0x0000000000025ecc      0x375 obj/default/src/alt_ucosii_simple_error_check.o
 *fill*         0x0000000000026241        0x3 
 .rodata        0x0000000000026244       0x19 obj/default/src/app_config.o
 *fill*         0x000000000002625d        0x3 
 .rodata        0x0000000000026260       0xbd obj/default/src/isr.o
 *fill*         0x000000000002631d        0x3 
 .rodata        0x0000000000026320      0x391 obj/default/src/sdcard.o
 *fill*         0x00000000000266b1        0x3 
 .rodata        0x00000000000266b4       0x1b obj/default/src/task_config.o
 *fill*         0x00000000000266cf        0x1 
 .rodata.str1.4
                0x00000000000266d0        0x2 c:/intelfpga/17.1/nios2eds/bin/gnu/h-x86_64-mingw32/bin/../lib/gcc/nios2-elf/5.3.0/../../../../../H-x86_64-mingw32/nios2-elf/lib\libc.a(lib_a-impure.o)
 *fill*         0x00000000000266d2        0x2 
 .rodata.str1.4
                0x00000000000266d4        0x2 c:/intelfpga/17.1/nios2eds/bin/gnu/h-x86_64-mingw32/bin/../lib/gcc/nios2-elf/5.3.0/../../../../../H-x86_64-mingw32/nios2-elf/lib\libc.a(lib_a-puts.o)
 *fill*         0x00000000000266d6        0x2 
 .rodata.str1.4
                0x00000000000266d8       0x42 c:/intelfpga/17.1/nios2eds/bin/gnu/h-x86_64-mingw32/bin/../lib/gcc/nios2-elf/5.3.0/../../../../../H-x86_64-mingw32/nios2-elf/lib\libc.a(lib_a-svfprintf.o)
 .rodata.zeroes.4389
                0x000000000002671a       0x10 c:/intelfpga/17.1/nios2eds/bin/gnu/h-x86_64-mingw32/bin/../lib/gcc/nios2-elf/5.3.0/../../../../../H-x86_64-mingw32/nios2-elf/lib\libc.a(lib_a-svfprintf.o)
 .rodata.blanks.4388
                0x000000000002672a       0x10 c:/intelfpga/17.1/nios2eds/bin/gnu/h-x86_64-mingw32/bin/../lib/gcc/nios2-elf/5.3.0/../../../../../H-x86_64-mingw32/nios2-elf/lib\libc.a(lib_a-svfprintf.o)
 .rodata.str1.4
                0x000000000002673a       0x42 c:/intelfpga/17.1/nios2eds/bin/gnu/h-x86_64-mingw32/bin/../lib/gcc/nios2-elf/5.3.0/../../../../../H-x86_64-mingw32/nios2-elf/lib\libc.a(lib_a-vfprintf.o)
 .rodata.zeroes.4404
                0x000000000002673a       0x10 c:/intelfpga/17.1/nios2eds/bin/gnu/h-x86_64-mingw32/bin/../lib/gcc/nios2-elf/5.3.0/../../../../../H-x86_64-mingw32/nios2-elf/lib\libc.a(lib_a-vfprintf.o)
 .rodata.blanks.4403
                0x000000000002674a       0x10 c:/intelfpga/17.1/nios2eds/bin/gnu/h-x86_64-mingw32/bin/../lib/gcc/nios2-elf/5.3.0/../../../../../H-x86_64-mingw32/nios2-elf/lib\libc.a(lib_a-vfprintf.o)
 *fill*         0x000000000002675a        0x2 
 .rodata.str1.4
                0x000000000002675c       0x10 c:/intelfpga/17.1/nios2eds/bin/gnu/h-x86_64-mingw32/bin/../lib/gcc/nios2-elf/5.3.0/../../../../../H-x86_64-mingw32/nios2-elf/lib\libc.a(lib_a-dtoa.o)
                                         0x12 (size before relaxing)
 .rodata.str1.4
                0x000000000002676c        0xc c:/intelfpga/17.1/nios2eds/bin/gnu/h-x86_64-mingw32/bin/../lib/gcc/nios2-elf/5.3.0/../../../../../H-x86_64-mingw32/nios2-elf/lib\libc.a(lib_a-locale.o)
                                         0x12 (size before relaxing)
 .rodata.p05.2768
                0x0000000000026778        0xc c:/intelfpga/17.1/nios2eds/bin/gnu/h-x86_64-mingw32/bin/../lib/gcc/nios2-elf/5.3.0/../../../../../H-x86_64-mingw32/nios2-elf/lib\libc.a(lib_a-mprec.o)
 .rodata.__mprec_tinytens
                0x0000000000026784       0x28 c:/intelfpga/17.1/nios2eds/bin/gnu/h-x86_64-mingw32/bin/../lib/gcc/nios2-elf/5.3.0/../../../../../H-x86_64-mingw32/nios2-elf/lib\libc.a(lib_a-mprec.o)
                0x0000000000026784                __mprec_tinytens
 .rodata.__mprec_bigtens
                0x00000000000267ac       0x28 c:/intelfpga/17.1/nios2eds/bin/gnu/h-x86_64-mingw32/bin/../lib/gcc/nios2-elf/5.3.0/../../../../../H-x86_64-mingw32/nios2-elf/lib\libc.a(lib_a-mprec.o)
                0x00000000000267ac                __mprec_bigtens
 .rodata.__mprec_tens
                0x00000000000267d4       0xc8 c:/intelfpga/17.1/nios2eds/bin/gnu/h-x86_64-mingw32/bin/../lib/gcc/nios2-elf/5.3.0/../../../../../H-x86_64-mingw32/nios2-elf/lib\libc.a(lib_a-mprec.o)
                0x00000000000267d4                __mprec_tens
 .rodata.str1.4
                0x000000000002689c       0x2f c:/intelfpga/17.1/nios2eds/bin/gnu/h-x86_64-mingw32/bin/../lib/gcc/nios2-elf/5.3.0/../../../../../H-x86_64-mingw32/nios2-elf/lib\libc.a(lib_a-svfiprintf.o)
 .rodata.zeroes.4333
                0x000000000002689c       0x10 c:/intelfpga/17.1/nios2eds/bin/gnu/h-x86_64-mingw32/bin/../lib/gcc/nios2-elf/5.3.0/../../../../../H-x86_64-mingw32/nios2-elf/lib\libc.a(lib_a-svfiprintf.o)
 .rodata.blanks.4332
                0x00000000000268ac       0x10 c:/intelfpga/17.1/nios2eds/bin/gnu/h-x86_64-mingw32/bin/../lib/gcc/nios2-elf/5.3.0/../../../../../H-x86_64-mingw32/nios2-elf/lib\libc.a(lib_a-svfiprintf.o)
 .rodata.str1.4
                0x00000000000268bc       0x2f c:/intelfpga/17.1/nios2eds/bin/gnu/h-x86_64-mingw32/bin/../lib/gcc/nios2-elf/5.3.0/../../../../../H-x86_64-mingw32/nios2-elf/lib\libc.a(lib_a-vfiprintf.o)
 .rodata.zeroes.4349
                0x00000000000268bc       0x10 c:/intelfpga/17.1/nios2eds/bin/gnu/h-x86_64-mingw32/bin/../lib/gcc/nios2-elf/5.3.0/../../../../../H-x86_64-mingw32/nios2-elf/lib\libc.a(lib_a-vfiprintf.o)
 .rodata.blanks.4348
                0x00000000000268cc       0x10 c:/intelfpga/17.1/nios2eds/bin/gnu/h-x86_64-mingw32/bin/../lib/gcc/nios2-elf/5.3.0/../../../../../H-x86_64-mingw32/nios2-elf/lib\libc.a(lib_a-vfiprintf.o)
 .rodata        0x00000000000268dc      0x100 c:/intelfpga/17.1/nios2eds/bin/gnu/h-x86_64-mingw32/bin/../lib/gcc/nios2-elf/5.3.0\libgcc.a(_clz.o)
                0x00000000000268dc                __clz_tab
 .rodata        0x00000000000269dc        0xa C:/Users/dagarbl2/Documents/GitHub/proyecto_CHS/software/nios_software_bsp/\libucosii_bsp.a(alt_dev.o)
 *fill*         0x00000000000269e6        0x2 
 .rodata        0x00000000000269e8        0xf C:/Users/dagarbl2/Documents/GitHub/proyecto_CHS/software/nios_software_bsp/\libucosii_bsp.a(alt_main.o)
 *fill*         0x00000000000269f7        0x1 
 .rodata        0x00000000000269f8      0x11e C:/Users/dagarbl2/Documents/GitHub/proyecto_CHS/software/nios_software_bsp/\libucosii_bsp.a(os_core.o)
                0x00000000000269f8                OSUnMapTbl
 *fill*         0x0000000000026b16        0x2 
 .rodata        0x0000000000026b18      0x149 C:/Users/dagarbl2/Documents/GitHub/proyecto_CHS/software/nios_software_bsp/\libucosii_bsp.a(alt_sys_init.o)
 *fill*         0x0000000000026c61        0x3 
 .rodata        0x0000000000026c64       0x1a C:/Users/dagarbl2/Documents/GitHub/proyecto_CHS/software/nios_software_bsp/\libucosii_bsp.a(altera_up_avalon_video_character_buffer_with_dma.o)
 *fill*         0x0000000000026c7e        0x2 
 .rodata        0x0000000000026c80        0x2 C:/Users/dagarbl2/Documents/GitHub/proyecto_CHS/software/nios_software_bsp/\libucosii_bsp.a(os_cpu_c.o)
 *(.rodata1)
                0x0000000000026c84                . = ALIGN (0x4)
 *fill*         0x0000000000026c82        0x2 
                0x0000000000026c84                PROVIDE (__ram_rodata_end, ABSOLUTE (.))
                0x0000000000025ecc                PROVIDE (__flash_rodata_start, LOADADDR (.rodata))

.rwdata         0x0000000000026c84     0x1f7c load address 0x0000000000028c00
                0x0000000000026c84                PROVIDE (__ram_rwdata_start, ABSOLUTE (.))
                0x0000000000026c84                . = ALIGN (0x4)
 *(.got.plt)
 *(.got)
 *(.data1)
 *(.data .data.* .gnu.linkonce.d.*)
 .data          0x0000000000026c84        0x0 C:/Users/dagarbl2/Documents/GitHub/proyecto_CHS/software/nios_software_bsp//obj/HAL/src/crt0.o
 .data          0x0000000000026c84        0x0 obj/default/main.o
 .data          0x0000000000026c84        0x0 obj/default/src/alt_ucosii_simple_error_check.o
 .data          0x0000000000026c84        0x0 obj/default/src/app_config.o
 .data          0x0000000000026c84        0x0 obj/default/src/isr.o
 .data          0x0000000000026c84        0x0 obj/default/src/sdcard.o
 .data          0x0000000000026c84        0x0 obj/default/src/task_config.o
 .data          0x0000000000026c84        0x0 c:/intelfpga/17.1/nios2eds/bin/gnu/h-x86_64-mingw32/bin/../lib/gcc/nios2-elf/5.3.0\libgcc.a(lib2-divmod.o)
 .data          0x0000000000026c84        0x0 c:/intelfpga/17.1/nios2eds/bin/gnu/h-x86_64-mingw32/bin/../lib/gcc/nios2-elf/5.3.0/../../../../../H-x86_64-mingw32/nios2-elf/lib\libc.a(lib_a-exit.o)
 .data          0x0000000000026c84        0x0 c:/intelfpga/17.1/nios2eds/bin/gnu/h-x86_64-mingw32/bin/../lib/gcc/nios2-elf/5.3.0/../../../../../H-x86_64-mingw32/nios2-elf/lib\libc.a(lib_a-fprintf.o)
 .data          0x0000000000026c84        0x0 c:/intelfpga/17.1/nios2eds/bin/gnu/h-x86_64-mingw32/bin/../lib/gcc/nios2-elf/5.3.0/../../../../../H-x86_64-mingw32/nios2-elf/lib\libc.a(lib_a-fwrite.o)
 .data          0x0000000000026c84        0x0 c:/intelfpga/17.1/nios2eds/bin/gnu/h-x86_64-mingw32/bin/../lib/gcc/nios2-elf/5.3.0/../../../../../H-x86_64-mingw32/nios2-elf/lib\libc.a(lib_a-impure.o)
 .data.impure_data
                0x0000000000026c84      0x424 c:/intelfpga/17.1/nios2eds/bin/gnu/h-x86_64-mingw32/bin/../lib/gcc/nios2-elf/5.3.0/../../../../../H-x86_64-mingw32/nios2-elf/lib\libc.a(lib_a-impure.o)
 .data          0x00000000000270a8        0x0 c:/intelfpga/17.1/nios2eds/bin/gnu/h-x86_64-mingw32/bin/../lib/gcc/nios2-elf/5.3.0/../../../../../H-x86_64-mingw32/nios2-elf/lib\libc.a(lib_a-printf.o)
 .data          0x00000000000270a8        0x0 c:/intelfpga/17.1/nios2eds/bin/gnu/h-x86_64-mingw32/bin/../lib/gcc/nios2-elf/5.3.0/../../../../../H-x86_64-mingw32/nios2-elf/lib\libc.a(lib_a-puts.o)
 .data          0x00000000000270a8        0x0 c:/intelfpga/17.1/nios2eds/bin/gnu/h-x86_64-mingw32/bin/../lib/gcc/nios2-elf/5.3.0/../../../../../H-x86_64-mingw32/nios2-elf/lib\libc.a(lib_a-sprintf.o)
 .data          0x00000000000270a8        0x0 c:/intelfpga/17.1/nios2eds/bin/gnu/h-x86_64-mingw32/bin/../lib/gcc/nios2-elf/5.3.0/../../../../../H-x86_64-mingw32/nios2-elf/lib\libc.a(lib_a-strcpy.o)
 .data          0x00000000000270a8        0x0 c:/intelfpga/17.1/nios2eds/bin/gnu/h-x86_64-mingw32/bin/../lib/gcc/nios2-elf/5.3.0/../../../../../H-x86_64-mingw32/nios2-elf/lib\libc.a(lib_a-strlen.o)