Archive member included to satisfy reference by file (symbol)

../ip_test_bsp/\libhal_bsp.a(alt_irq_register.o)
                              obj/default/main.o (alt_irq_register)
../ip_test_bsp/\libhal_bsp.a(alt_irq_vars.o)
                              ../ip_test_bsp/\libhal_bsp.a(alt_irq_register.o) (alt_irq_active)
../ip_test_bsp/\libhal_bsp.a(alt_load.o)
                              ../ip_test_bsp//obj/HAL/src/crt0.o (alt_load)
../ip_test_bsp/\libhal_bsp.a(alt_main.o)
                              ../ip_test_bsp//obj/HAL/src/crt0.o (alt_main)
../ip_test_bsp/\libhal_bsp.a(alt_printf.o)
                              obj/default/main.o (alt_printf)
../ip_test_bsp/\libhal_bsp.a(alt_putchar.o)
                              ../ip_test_bsp/\libhal_bsp.a(alt_printf.o) (alt_putchar)
../ip_test_bsp/\libhal_bsp.a(alt_sys_init.o)
                              ../ip_test_bsp/\libhal_bsp.a(alt_main.o) (alt_irq_init)
../ip_test_bsp/\libhal_bsp.a(altera_avalon_cfi_flash.o)
                              ../ip_test_bsp/\libhal_bsp.a(alt_sys_init.o) (alt_flash_cfi_init)
../ip_test_bsp/\libhal_bsp.a(altera_avalon_cfi_flash_table.o)
                              ../ip_test_bsp/\libhal_bsp.a(altera_avalon_cfi_flash.o) (alt_set_flash_width_func)
../ip_test_bsp/\libhal_bsp.a(altera_avalon_jtag_uart_fd.o)
                              ../ip_test_bsp/\libhal_bsp.a(alt_sys_init.o) (altera_avalon_jtag_uart_read_fd)
../ip_test_bsp/\libhal_bsp.a(altera_avalon_jtag_uart_init.o)
                              ../ip_test_bsp/\libhal_bsp.a(alt_sys_init.o) (altera_avalon_jtag_uart_init)
../ip_test_bsp/\libhal_bsp.a(altera_avalon_jtag_uart_ioctl.o)
                              ../ip_test_bsp/\libhal_bsp.a(altera_avalon_jtag_uart_fd.o) (altera_avalon_jtag_uart_ioctl)
../ip_test_bsp/\libhal_bsp.a(altera_avalon_jtag_uart_read.o)
                              ../ip_test_bsp/\libhal_bsp.a(altera_avalon_jtag_uart_fd.o) (altera_avalon_jtag_uart_read)
../ip_test_bsp/\libhal_bsp.a(altera_avalon_jtag_uart_write.o)
                              ../ip_test_bsp/\libhal_bsp.a(altera_avalon_jtag_uart_fd.o) (altera_avalon_jtag_uart_write)
../ip_test_bsp/\libhal_bsp.a(altera_avalon_timer_sc.o)
                              ../ip_test_bsp/\libhal_bsp.a(alt_sys_init.o) (alt_avalon_timer_sc_init)
../ip_test_bsp/\libhal_bsp.a(altera_up_avalon_character_lcd.o)
                              ../ip_test_bsp/\libhal_bsp.a(alt_sys_init.o) (alt_up_character_lcd_init)
../ip_test_bsp/\libhal_bsp.a(altera_up_avalon_ps2.o)
                              ../ip_test_bsp/\libhal_bsp.a(alt_sys_init.o) (alt_up_ps2_init)
../ip_test_bsp/\libhal_bsp.a(altera_up_avalon_rs232.o)
                              ../ip_test_bsp/\libhal_bsp.a(alt_sys_init.o) (alt_up_rs232_read_fd)
../ip_test_bsp/\libhal_bsp.a(altera_up_avalon_video_character_buffer_with_dma.o)
                              ../ip_test_bsp/\libhal_bsp.a(alt_sys_init.o) (alt_up_char_buffer_init)
../ip_test_bsp/\libhal_bsp.a(alt_alarm_start.o)
                              ../ip_test_bsp/\libhal_bsp.a(altera_avalon_jtag_uart_init.o) (alt_alarm_start)
../ip_test_bsp/\libhal_bsp.a(alt_close.o)
                              ../ip_test_bsp/\libhal_bsp.a(alt_main.o) (close)
../ip_test_bsp/\libhal_bsp.a(alt_dcache_flush.o)
                              ../ip_test_bsp/\libhal_bsp.a(altera_avalon_cfi_flash.o) (alt_dcache_flush)
../ip_test_bsp/\libhal_bsp.a(alt_dcache_flush_all.o)
                              ../ip_test_bsp/\libhal_bsp.a(alt_load.o) (alt_dcache_flush_all)
../ip_test_bsp/\libhal_bsp.a(alt_dev.o)
                              ../ip_test_bsp/\libhal_bsp.a(alt_sys_init.o) (alt_dev_list)
../ip_test_bsp/\libhal_bsp.a(alt_dev_llist_insert.o)
                              ../ip_test_bsp/\libhal_bsp.a(alt_sys_init.o) (alt_dev_llist_insert)
../ip_test_bsp/\libhal_bsp.a(alt_do_ctors.o)
                              ../ip_test_bsp/\libhal_bsp.a(alt_main.o) (_do_ctors)
../ip_test_bsp/\libhal_bsp.a(alt_do_dtors.o)
                              ../ip_test_bsp/\libhal_bsp.a(alt_main.o) (_do_dtors)
../ip_test_bsp/\libhal_bsp.a(alt_errno.o)
                              ../ip_test_bsp/\libhal_bsp.a(alt_close.o) (alt_errno)
../ip_test_bsp/\libhal_bsp.a(alt_find_dev.o)
                              ../ip_test_bsp/\libhal_bsp.a(altera_up_avalon_character_lcd.o) (alt_find_dev)
../ip_test_bsp/\libhal_bsp.a(alt_flash_dev.o)
                              ../ip_test_bsp/\libhal_bsp.a(altera_avalon_cfi_flash.o) (alt_flash_dev_list)
../ip_test_bsp/\libhal_bsp.a(alt_icache_flush_all.o)
                              ../ip_test_bsp/\libhal_bsp.a(alt_load.o) (alt_icache_flush_all)
../ip_test_bsp/\libhal_bsp.a(alt_io_redirect.o)
                              ../ip_test_bsp/\libhal_bsp.a(alt_main.o) (alt_io_redirect)
../ip_test_bsp/\libhal_bsp.a(alt_irq_entry.o)
                              ../ip_test_bsp/\libhal_bsp.a(alt_irq_register.o) (alt_irq_entry)
../ip_test_bsp/\libhal_bsp.a(alt_irq_handler.o)
[...]
Memory Configuration

Name             Origin             Length             Attributes
reset            0x0000000000000000 0x0000000000000020
sdram            0x0000000000000020 0x0000000007ffffe0
flash_controller 0x0000000008000000 0x0000000000800000
onchip_memory    0x0000000008800000 0x0000000000008000
*default*        0x0000000000000000 0xffffffffffffffff

Linker script and memory map

LOAD ../ip_test_bsp//obj/HAL/src/crt0.o
LOAD obj/default/main.o
LOAD c:/intelfpga/17.1/nios2eds/bin/gnu/h-x86_64-mingw32/bin/../lib/gcc/nios2-elf/5.3.0/../../../../../H-x86_64-mingw32/nios2-elf/lib\libstdc++.a
LOAD c:/intelfpga/17.1/nios2eds/bin/gnu/h-x86_64-mingw32/bin/../lib/gcc/nios2-elf/5.3.0/../../../../../H-x86_64-mingw32/nios2-elf/lib\libm.a
LOAD c:/intelfpga/17.1/nios2eds/bin/gnu/h-x86_64-mingw32/bin/../lib/gcc/nios2-elf/5.3.0\libgcc.a
START GROUP
LOAD c:/intelfpga/17.1/nios2eds/bin/gnu/h-x86_64-mingw32/bin/../lib/gcc/nios2-elf/5.3.0/../../../../../H-x86_64-mingw32/nios2-elf/lib\libc.a
LOAD c:/intelfpga/17.1/nios2eds/bin/gnu/h-x86_64-mingw32/bin/../lib/gcc/nios2-elf/5.3.0\libgcc.a
LOAD ../ip_test_bsp/\libhal_bsp.a
LOAD c:/intelfpga/17.1/nios2eds/bin/gnu/h-x86_64-mingw32/bin/../lib/gcc/nios2-elf/5.3.0/../../../../../H-x86_64-mingw32/nios2-elf/lib\libm.a
END GROUP
LOAD c:/intelfpga/17.1/nios2eds/bin/gnu/h-x86_64-mingw32/bin/../lib/gcc/nios2-elf/5.3.0\libgcc.a
                0x0000000000000000                __alt_mem_sdram = 0x0
                0x0000000008000000                __alt_mem_flash_controller = 0x8000000
                0x0000000008800000                __alt_mem_onchip_memory = 0x8800000

.entry          0x0000000000000000       0x20
 *(.entry)
 .entry         0x0000000000000000       0x20 ../ip_test_bsp//obj/HAL/src/crt0.o
                0x0000000000000000                __reset

.exceptions     0x0000000000000020      0x228
                0x0000000000000020                PROVIDE (__ram_exceptions_start, ABSOLUTE (.))
                0x0000000000000020                . = ALIGN (0x20)
 *(.irq)
 *(.exceptions.entry.label)
 .exceptions.entry.label
                0x0000000000000020        0x0 ../ip_test_bsp/\libhal_bsp.a(alt_irq_entry.o)
                0x0000000000000020                alt_irq_entry
 .exceptions.entry.label
                0x0000000000000020        0x0 ../ip_test_bsp/\libhal_bsp.a(alt_exception_entry.o)
                0x0000000000000020                alt_exception
 *(.exceptions.entry.user)
 *(.exceptions.entry.ecc_fatal)
 *(.exceptions.entry)
 .exceptions.entry
                0x0000000000000020       0x54 ../ip_test_bsp/\libhal_bsp.a(alt_exception_entry.o)
 *(.exceptions.irqtest.user)
 *(.exceptions.irqtest)
 .exceptions.irqtest
                0x0000000000000074       0x10 ../ip_test_bsp/\libhal_bsp.a(alt_irq_entry.o)
 *(.exceptions.irqhandler.user)
 *(.exceptions.irqhandler)
 .exceptions.irqhandler
                0x0000000000000084        0x4 ../ip_test_bsp/\libhal_bsp.a(alt_irq_entry.o)
 *(.exceptions.irqreturn.user)
 *(.exceptions.irqreturn)
 .exceptions.irqreturn
                0x0000000000000088        0x4 ../ip_test_bsp/\libhal_bsp.a(alt_irq_entry.o)
 *(.exceptions.notirq.label)
 .exceptions.notirq.label
                0x000000000000008c        0x0 ../ip_test_bsp/\libhal_bsp.a(alt_irq_entry.o)
 *(.exceptions.notirq.user)
 *(.exceptions.notirq)
 .exceptions.notirq
                0x000000000000008c        0x8 ../ip_test_bsp/\libhal_bsp.a(alt_exception_entry.o)
 *(.exceptions.soft.user)
 *(.exceptions.soft)
 *(.exceptions.unknown.user)
 *(.exceptions.unknown)
 .exceptions.unknown
                0x0000000000000094       0x14 ../ip_test_bsp/\libhal_bsp.a(alt_exception_entry.o)
 *(.exceptions.exit.label)
 .exceptions.exit.label
                0x00000000000000a8        0x0 ../ip_test_bsp/\libhal_bsp.a(alt_irq_entry.o)
 .exceptions.exit.label
                0x00000000000000a8        0x0 ../ip_test_bsp/\libhal_bsp.a(alt_exception_entry.o)
 *(.exceptions.exit.user)
 *(.exceptions.exit)
 .exceptions.exit
                0x00000000000000a8       0x54 ../ip_test_bsp/\libhal_bsp.a(alt_exception_entry.o)
 *(.exceptions)
 .exceptions    0x00000000000000fc       0xd8 ../ip_test_bsp/\libhal_bsp.a(alt_irq_handler.o)
                0x00000000000000fc                alt_irq_handler
 .exceptions    0x00000000000001d4       0x74 ../ip_test_bsp/\libhal_bsp.a(alt_instruction_exception_entry.o)
                0x00000000000001d4                alt_instruction_exception_entry
                0x0000000000000248                PROVIDE (__ram_exceptions_end, ABSOLUTE (.))
                0x0000000000000020                PROVIDE (__flash_exceptions_start, LOADADDR (.exceptions))

.text           0x0000000000000248     0x8e44
                [!provide]                        PROVIDE (stext, ABSOLUTE (.))
 *(.interp)
 *(.hash)
 *(.dynsym)
 *(.dynstr)
 *(.gnu.version)
 *(.gnu.version_d)
 *(.gnu.version_r)
 *(.rel.init)
 *(.rela.init)
 *(.rel.text .rel.text.* .rel.gnu.linkonce.t.*)
 *(.rela.text .rela.text.* .rela.gnu.linkonce.t.*)
 *(.rel.fini)
 *(.rela.fini)
 *(.rel.rodata .rel.rodata.* .rel.gnu.linkonce.r.*)
 *(.rela.rodata .rela.rodata.* .rela.gnu.linkonce.r.*)
 *(.rel.data .rel.data.* .rel.gnu.linkonce.d.*)
 *(.rela.data .rela.data.* .rela.gnu.linkonce.d.*)
 *(.rel.tdata .rel.tdata.* .rel.gnu.linkonce.td.*)
 *(.rela.tdata .rela.tdata.* .rela.gnu.linkonce.td.*)
 *(.rel.tbss .rel.tbss.* .rel.gnu.linkonce.tb.*)
 *(.rela.tbss .rela.tbss.* .rela.gnu.linkonce.tb.*)
 *(.rel.ctors)
 *(.rela.ctors)
 *(.rel.dtors)
 *(.rela.dtors)
 *(.rel.got)
 *(.rela.got)
 *(.rel.sdata .rel.sdata.* .rel.gnu.linkonce.s.*)
 *(.rela.sdata .rela.sdata.* .rela.gnu.linkonce.s.*)
 *(.rel.sbss .rel.sbss.* .rel.gnu.linkonce.sb.*)
 *(.rela.sbss .rela.sbss.* .rela.gnu.linkonce.sb.*)
 *(.rel.sdata2 .rel.sdata2.* .rel.gnu.linkonce.s2.*)
 *(.rela.sdata2 .rela.sdata2.* .rela.gnu.linkonce.s2.*)
 *(.rel.sbss2 .rel.sbss2.* .rel.gnu.linkonce.sb2.*)
 *(.rela.sbss2 .rela.sbss2.* .rela.gnu.linkonce.sb2.*)
 *(.rel.bss .rel.bss.* .rel.gnu.linkonce.b.*)
 *(.rela.bss .rela.bss.* .rela.gnu.linkonce.b.*)
 *(.rel.plt)
 *(.rela.plt)
 *(.rel.dyn)
 *(.init)
 *(.plt)
 *(.text .stub .text.* .gnu.linkonce.t.*)
 .text          0x0000000000000248       0x4c ../ip_test_bsp//obj/HAL/src/crt0.o
                0x0000000000000248                _start
 .text          0x0000000000000294      0x300 obj/default/main.o
                0x0000000000000294                pushbutton_isr
                0x0000000000000518                main
 .text          0x0000000000000594      0x180 ../ip_test_bsp/\libhal_bsp.a(alt_irq_register.o)
                0x0000000000000594                alt_irq_register
 .text          0x0000000000000714        0x0 ../ip_test_bsp/\libhal_bsp.a(alt_irq_vars.o)
 .text          0x0000000000000714       0xec ../ip_test_bsp/\libhal_bsp.a(alt_load.o)
                0x000000000000077c                alt_load
 .text          0x0000000000000800       0x7c ../ip_test_bsp/\libhal_bsp.a(alt_main.o)
                0x0000000000000800                alt_main
 .text          0x000000000000087c      0x22c ../ip_test_bsp/\libhal_bsp.a(alt_printf.o)
                0x000000000000087c                alt_printf
 .text          0x0000000000000aa8       0x3c ../ip_test_bsp/\libhal_bsp.a(alt_putchar.o)
                0x0000000000000aa8                alt_putchar
 .text          0x0000000000000ae4      0x440 ../ip_test_bsp/\libhal_bsp.a(alt_sys_init.o)
                0x0000000000000b18                alt_irq_init
                0x0000000000000b50                alt_sys_init
 .text          0x0000000000000f24      0x898 ../ip_test_bsp/\libhal_bsp.a(altera_avalon_cfi_flash.o)
                0x0000000000000f58                alt_flash_cfi_init
                0x0000000000000fe8                alt_flash_cfi_write
                0x0000000000001290                alt_flash_cfi_get_info
                0x000000000000131c                alt_flash_cfi_read
                0x0000000000001380                alt_write_value_to_flash
                0x00000000000014dc                alt_flash_program_block
 .text          0x00000000000017bc     0x1448 ../ip_test_bsp/\libhal_bsp.a(altera_avalon_cfi_flash_table.o)
                0x00000000000017bc                alt_read_query_entry_8bit
                0x00000000000017f8                alt_read_query_entry_16bit
                0x0000000000001838                alt_read_query_entry_32bit
                0x0000000000001878                alt_write_flash_command_8bit_device_8bit_mode
                0x00000000000018bc                alt_write_flash_command_16bit_device_8bit_mode
                0x0000000000001934                alt_write_flash_command_32bit_device_8bit_mode
                0x0000000000001984                alt_write_flash_command_16bit_device_16bit_mode
                0x00000000000019d0                alt_write_flash_command_32bit_device_16bit_mode
                0x0000000000001a20                alt_write_flash_command_32bit_device_32bit_mode
                0x0000000000001a70                alt_write_native_8bit
                0x0000000000001aa8                alt_write_native_16bit
                0x0000000000001ae0                alt_write_native_32bit
                0x0000000000001b14                alt_set_flash_width_func
                0x0000000000001cd8                alt_set_flash_algorithm_func
                0x0000000000001df4                alt_read_cfi_table
                0x00000000000023bc                alt_read_cfi_width
                0x0000000000002b2c                alt_check_primary_table
 .text          0x0000000000002c04      0x164 ../ip_test_bsp/\libhal_bsp.a(altera_avalon_jtag_uart_fd.o)
                0x0000000000002c04                altera_avalon_jtag_uart_read_fd
                0x0000000000002c64                altera_avalon_jtag_uart_write_fd
                0x0000000000002cc4                altera_avalon_jtag_uart_close_fd
                0x0000000000002d14                altera_avalon_jtag_uart_ioctl_fd
 .text          0x0000000000002d68      0x3cc ../ip_test_bsp/\libhal_bsp.a(altera_avalon_jtag_uart_init.o)
                0x0000000000002d68                altera_avalon_jtag_uart_init
                0x00000000000030cc                altera_avalon_jtag_uart_close
 .text          0x0000000000003134       0xf0 ../ip_test_bsp/\libhal_bsp.a(altera_avalon_jtag_uart_ioctl.o)
                0x0000000000003134                altera_avalon_jtag_uart_ioctl
 .text          0x0000000000003224      0x21c ../ip_test_bsp/\libhal_bsp.a(altera_avalon_jtag_uart_read.o)
                0x0000000000003224                altera_avalon_jtag_uart_read
 .text          0x0000000000003440      0x224 ../ip_test_bsp/\libhal_bsp.a(altera_avalon_jtag_uart_write.o)
                0x0000000000003440                altera_avalon_jtag_uart_write
 .text          0x0000000000003664       0xf0 ../ip_test_bsp/\libhal_bsp.a(altera_avalon_timer_sc.o)
                0x00000000000036e0                alt_avalon_timer_sc_init
 .text          0x0000000000003754      0x4f4 ../ip_test_bsp/\libhal_bsp.a(altera_up_avalon_character_lcd.o)
                0x0000000000003754                get_DDRAM_addr
                0x00000000000037c8                alt_up_character_lcd_send_cmd
                0x0000000000003808                alt_up_character_lcd_init
                0x0000000000003840                alt_up_character_lcd_open_dev
                0x000000000000387c                alt_up_character_lcd_write
                0x00000000000038f8                alt_up_character_lcd_string
                0x0000000000003970                alt_up_character_lcd_write_fd
                0x00000000000039c0                alt_up_character_lcd_set_cursor_pos
                0x0000000000003a34                alt_up_character_lcd_shift_cursor
                0x0000000000003ac0                alt_up_character_lcd_shift_display
                0x0000000000003b4c                alt_up_character_lcd_erase_pos
                0x0000000000003bd8                alt_up_character_lcd_cursor_off
                0x0000000000003c10                alt_up_character_lcd_cursor_blink_on
 .text          0x0000000000003c48      0x6b0 ../ip_test_bsp/\libhal_bsp.a(altera_up_avalon_ps2.o)
                0x0000000000003c48                read_RI_bit
                0x0000000000003c7c                read_RE_bit
                0x0000000000003cac                read_CE_bit
                0x0000000000003ce0                read_num_bytes_available
                0x0000000000003d10                read_data_valid
                0x0000000000003d44                read_data_byte
                0x0000000000003d70                alt_up_ps2_init
                0x0000000000003e38                alt_up_ps2_enable_read_interrupt
                0x0000000000003e94                alt_up_ps2_disable_read_interrupt
                0x0000000000003ef4                alt_up_ps2_write_data_byte
                0x0000000000003f68                alt_up_ps2_wait_for_ack
                0x0000000000003fd0                alt_up_ps2_write_data_byte_with_ack
                0x0000000000004034                alt_up_ps2_read_data_byte_timeout
                0x00000000000040d0                alt_up_ps2_read_data_byte
                0x0000000000004140                alt_up_ps2_clear_fifo
                0x0000000000004198                alt_up_ps2_read_fd
                0x0000000000004224                alt_up_ps2_write_fd
                0x00000000000042bc                alt_up_ps2_open_dev
 .text          0x00000000000042f8      0x390 ../ip_test_bsp/\libhal_bsp.a(altera_up_avalon_rs232.o)
                0x00000000000042f8                alt_up_rs232_enable_read_interrupt
                0x0000000000004354                alt_up_rs232_disable_read_interrupt
                0x00000000000043b4                alt_up_rs232_get_used_space_in_read_FIFO
                0x00000000000043f4                alt_up_rs232_get_available_space_in_write_FIFO
                0x0000000000004430                alt_up_rs232_check_parity
                0x0000000000004474                alt_up_rs232_write_data
                0x00000000000044b4                alt_up_rs232_read_data
                0x0000000000004528                alt_up_rs232_read_fd
                0x00000000000045b8                alt_up_rs232_write_fd
                0x000000000000464c                alt_up_rs232_open_dev
 .text          0x0000000000004688      0x2e0 ../ip_test_bsp/\libhal_bsp.a(altera_up_avalon_video_character_buffer_with_dma.o)
                0x0000000000004688                alt_up_char_buffer_init
                0x0000000000004708                alt_up_char_buffer_open_dev
                0x0000000000004744                alt_up_char_buffer_draw
                0x0000000000004810                alt_up_char_buffer_string
                0x000000000000490c                alt_up_char_buffer_clear
 .text          0x0000000000004968      0x12c ../ip_test_bsp/\libhal_bsp.a(alt_alarm_start.o)
                0x0000000000004968                alt_alarm_start
 .text          0x0000000000004a94      0x10c ../ip_test_bsp/\libhal_bsp.a(alt_close.o)
                0x0000000000004ad0                close
 .text          0x0000000000004ba0       0x78 ../ip_test_bsp/\libhal_bsp.a(alt_dcache_flush.o)
                0x0000000000004ba0                alt_dcache_flush
 .text          0x0000000000004c18       0x48 ../ip_test_bsp/\libhal_bsp.a(alt_dcache_flush_all.o)
                0x0000000000004c18                alt_dcache_flush_all
 .text          0x0000000000004c60       0x2c ../ip_test_bsp/\libhal_bsp.a(alt_dev.o)
 .text          0x0000000000004c8c       0xe0 ../ip_test_bsp/\libhal_bsp.a(alt_dev_llist_insert.o)
                0x0000000000004cc8                alt_dev_llist_insert
 .text          0x0000000000004d6c       0x60 ../ip_test_bsp/\libhal_bsp.a(alt_do_ctors.o)
                0x0000000000004d6c                _do_ctors
 .text          0x0000000000004dcc       0x60 ../ip_test_bsp/\libhal_bsp.a(alt_do_dtors.o)
                0x0000000000004dcc                _do_dtors
 .text          0x0000000000004e2c        0x0 ../ip_test_bsp/\libhal_bsp.a(alt_errno.o)
 .text          0x0000000000004e2c       0x90 ../ip_test_bsp/\libhal_bsp.a(alt_find_dev.o)
                0x0000000000004e2c                alt_find_dev
 .text          0x0000000000004ebc       0xbc ../ip_test_bsp/\libhal_bsp.a(alt_flash_dev.o)
                0x0000000000004ebc                alt_flash_open_dev
                0x0000000000004f24                alt_flash_close_dev
 .text          0x0000000000004f78       0x34 ../ip_test_bsp/\libhal_bsp.a(alt_icache_flush_all.o)
                0x0000000000004f78                alt_icache_flush_all
 .text          0x0000000000004fac      0x140 ../ip_test_bsp/\libhal_bsp.a(alt_io_redirect.o)
                0x0000000000005070                alt_io_redirect
 .text          0x00000000000050ec        0x0 ../ip_test_bsp/\libhal_bsp.a(alt_irq_entry.o)
 .text          0x00000000000050ec        0x0 ../ip_test_bsp/\libhal_bsp.a(alt_irq_handler.o)
 .text          0x00000000000050ec      0x254 ../ip_test_bsp/\libhal_bsp.a(alt_open.o)
                0x00000000000051ec                open
 .text          0x0000000000005340       0x64 ../ip_test_bsp/\libhal_bsp.a(alt_release_fd.o)
                0x0000000000005340                alt_release_fd
 .text          0x00000000000053a4      0x1a4 ../ip_test_bsp/\libhal_bsp.a(alt_tick.o)
                0x00000000000053a4                alt_alarm_stop
                0x0000000000005440                alt_tick
 .text          0x0000000000005548       0x24 ../ip_test_bsp/\libhal_bsp.a(altera_nios2_gen2_irq.o)
                0x0000000000005548                altera_nios2_gen2_irq_init
 .text          0x000000000000556c      0x460 ../ip_test_bsp/\libhal_bsp.a(altera_avalon_cfi_flash_amd.o)
                0x000000000000556c                alt_program_amd
                0x00000000000055d4                alt_erase_block_amd
 .text          0x00000000000059cc      0x45c ../ip_test_bsp/\libhal_bsp.a(altera_avalon_cfi_flash_intel.o)
                0x00000000000059cc                alt_program_intel
                0x0000000000005a4c                alt_erase_block_intel
 .text          0x0000000000005e28        0x0 ../ip_test_bsp/\libhal_bsp.a(alt_exception_entry.o)
 .text          0x0000000000005e28      0x108 ../ip_test_bsp/\libhal_bsp.a(alt_find_file.o)
                0x0000000000005e28                alt_find_file
 .text          0x0000000000005f30       0xa4 ../ip_test_bsp/\libhal_bsp.a(alt_get_fd.o)
                0x0000000000005f30                alt_get_fd
 .text          0x0000000000005fd4       0x90 ../ip_test_bsp/\libhal_bsp.a(alt_icache_flush.o)
                0x0000000000005fd4                alt_icache_flush
 .text          0x0000000000006064       0x9c ../ip_test_bsp/\libhal_bsp.a(alt_instruction_exception_entry.o)
                0x0000000000006064                alt_exception_cause_generated_bad_addr
 .text          0x0000000000006100       0x30 ../ip_test_bsp/\libhal_bsp.a(alt_usleep.o)
                0x0000000000006100                usleep
 .text          0x0000000000006130      0x158 ../ip_test_bsp/\libhal_bsp.a(alt_busy_sleep.o)
                0x0000000000006130                alt_busy_sleep
 .text          0x0000000000006288        0x0 c:/intelfpga/17.1/nios2eds/bin/gnu/h-x86_64-mingw32/bin/../lib/gcc/nios2-elf/5.3.0/../../../../../H-x86_64-mingw32/nios2-elf/lib\libc.a(lib_a-atexit.o)
 .text.atexit   0x0000000000006288       0x14 c:/intelfpga/17.1/nios2eds/bin/gnu/h-x86_64-mingw32/bin/../lib/gcc/nios2-elf/5.3.0/../../../../../H-x86_64-mingw32/nios2-elf/lib\libc.a(lib_a-atexit.o)
                0x0000000000006288                atexit
 .text          0x000000000000629c        0x0 c:/intelfpga/17.1/nios2eds/bin/gnu/h-x86_64-mingw32/bin/../lib/gcc/nios2-elf/5.3.0/../../../../../H-x86_64-mingw32/nios2-elf/lib\libc.a(lib_a-exit.o)
 .text.exit     0x000000000000629c       0x38 c:/intelfpga/17.1/nios2eds/bin/gnu/h-x86_64-mingw32/bin/../lib/gcc/nios2-elf/5.3.0/../../../../../H-x86_64-mingw32/nios2-elf/lib\libc.a(lib_a-exit.o)
                0x000000000000629c                exit
 .text          0x00000000000062d4        0x0 c:/intelfpga/17.1/nios2eds/bin/gnu/h-x86_64-mingw32/bin/../lib/gcc/nios2-elf/5.3.0/../../../../../H-x86_64-mingw32/nios2-elf/lib\libc.a(lib_a-impure.o)
 .text          0x00000000000062d4        0x0 c:/intelfpga/17.1/nios2eds/bin/gnu/h-x86_64-mingw32/bin/../lib/gcc/nios2-elf/5.3.0/../../../../../H-x86_64-mingw32/nios2-elf/lib\libc.a(lib_a-int_errno.o)
 .text          0x00000000000062d4        0x0 c:/intelfpga/17.1/nios2eds/bin/gnu/h-x86_64-mingw32/bin/../lib/gcc/nios2-elf/5.3.0/../../../../../H-x86_64-mingw32/nios2-elf/lib\libc.a(lib_a-memcmp.o)
 .text.memcmp   0x00000000000062d4       0x7c c:/intelfpga/17.1/nios2eds/bin/gnu/h-x86_64-mingw32/bin/../lib/gcc/nios2-elf/5.3.0/../../../../../H-x86_64-mingw32/nios2-elf/lib\libc.a(lib_a-memcmp.o)
                0x00000000000062d4                memcmp
 .text          0x0000000000006350        0x0 c:/intelfpga/17.1/nios2eds/bin/gnu/h-x86_64-mingw32/bin/../lib/gcc/nios2-elf/5.3.0/../../../../../H-x86_64-mingw32/nios2-elf/lib\libc.a(lib_a-memcpy.o)
 .text.memcpy   0x0000000000006350      0x148 c:/intelfpga/17.1/nios2eds/bin/gnu/h-x86_64-mingw32/bin/../lib/gcc/nios2-elf/5.3.0/../../../../../H-x86_64-mingw32/nios2-elf/lib\libc.a(lib_a-memcpy.o)
                0x0000000000006350                memcpy
 .text          0x0000000000006498        0x0 c:/intelfpga/17.1/nios2eds/bin/gnu/h-x86_64-mingw32/bin/../lib/gcc/nios2-elf/5.3.0/../../../../../H-x86_64-mingw32/nios2-elf/lib\libc.a(lib_a-putc.o)
 .text._putc_r  0x0000000000006498       0xa0 c:/intelfpga/17.1/nios2eds/bin/gnu/h-x86_64-mingw32/bin/../lib/gcc/nios2-elf/5.3.0/../../../../../H-x86_64-mingw32/nios2-elf/lib\libc.a(lib_a-putc.o)
                0x0000000000006498                _putc_r
 .text.putc     0x0000000000006538       0xc8 c:/intelfpga/17.1/nios2eds/bin/gnu/h-x86_64-mingw32/bin/../lib/gcc/nios2-elf/5.3.0/../../../../../H-x86_64-mingw32/nios2-elf/lib\libc.a(lib_a-putc.o)
                0x0000000000006538                putc
 .text          0x0000000000006600        0x0 c:/intelfpga/17.1/nios2eds/bin/gnu/h-x86_64-mingw32/bin/../lib/gcc/nios2-elf/5.3.0/../../../../../H-x86_64-mingw32/nios2-elf/lib\libc.a(lib_a-strcmp.o)
 .text.strcmp   0x0000000000006600       0xdc c:/intelfpga/17.1/nios2eds/bin/gnu/h-x86_64-mingw32/bin/../lib/gcc/nios2-elf/5.3.0/../../../../../H-x86_64-mingw32/nios2-elf/lib\libc.a(lib_a-strcmp.o)
                0x0000000000006600                strcmp
 .text          0x00000000000066dc        0x0 c:/intelfpga/17.1/nios2eds/bin/gnu/h-x86_64-mingw32/bin/../lib/gcc/nios2-elf/5.3.0/../../../../../H-x86_64-mingw32/nios2-elf/lib\libc.a(lib_a-strlen.o)
 .text.strlen   0x00000000000066dc       0x98 c:/intelfpga/17.1/nios2eds/bin/gnu/h-x86_64-mingw32/bin/../lib/gcc/nios2-elf/5.3.0/../../../../../H-x86_64-mingw32/nios2-elf/lib\libc.a(lib_a-strlen.o)
                0x00000000000066dc                strlen
 .text          0x0000000000006774        0x0 c:/intelfpga/17.1/nios2eds/bin/gnu/h-x86_64-mingw32/bin/../lib/gcc/nios2-elf/5.3.0/../../../../../H-x86_64-mingw32/nios2-elf/lib\libc.a(lib_a-wbuf.o)
 .text.__swbuf_r
                0x0000000000006774      0x140 c:/intelfpga/17.1/nios2eds/bin/gnu/h-x86_64-mingw32/bin/../lib/gcc/nios2-elf/5.3.0/../../../../../H-x86_64-mingw32/nios2-elf/lib\libc.a(lib_a-wbuf.o)
                0x0000000000006774                __swbuf_r
 .text.__swbuf  0x00000000000068b4       0x18 c:/intelfpga/17.1/nios2eds/bin/gnu/h-x86_64-mingw32/bin/../lib/gcc/nios2-elf/5.3.0/../../../../../H-x86_64-mingw32/nios2-elf/lib\libc.a(lib_a-wbuf.o)
                0x00000000000068b4                __swbuf
 .text          0x00000000000068cc        0x0 c:/intelfpga/17.1/nios2eds/bin/gnu/h-x86_64-mingw32/bin/../lib/gcc/nios2-elf/5.3.0/../../../../../H-x86_64-mingw32/nios2-elf/lib\libc.a(lib_a-wsetup.o)
 .text.__swsetup_r
                0x00000000000068cc      0x154 c:/intelfpga/17.1/nios2eds/bin/gnu/h-x86_64-mingw32/bin/../lib/gcc/nios2-elf/5.3.0/../../../../../H-x86_64-mingw32/nios2-elf/lib\libc.a(lib_a-wsetup.o)
                0x00000000000068cc                __swsetup_r
 .text          0x0000000000006a20        0x0 c:/intelfpga/17.1/nios2eds/bin/gnu/h-x86_64-mingw32/bin/../lib/gcc/nios2-elf/5.3.0/../../../../../H-x86_64-mingw32/nios2-elf/lib\libc.a(lib_a-__atexit.o)
 .text.__register_exitproc
                0x0000000000006a20      0x118 c:/intelfpga/17.1/nios2eds/bin/gnu/h-x86_64-mingw32/bin/../lib/gcc/nios2-elf/5.3.0/../../../../../H-x86_64-mingw32/nios2-elf/lib\libc.a(lib_a-__atexit.o)
                0x0000000000006a20                __register_exitproc
 .text          0x0000000000006b38        0x0 c:/intelfpga/17.1/nios2eds/bin/gnu/h-x86_64-mingw32/bin/../lib/gcc/nios2-elf/5.3.0/../../../../../H-x86_64-mingw32/nios2-elf/lib\libc.a(lib_a-__call_atexit.o)
 .text.__call_exitprocs
                0x0000000000006b38      0x180 c:/intelfpga/17.1/nios2eds/bin/gnu/h-x86_64-mingw32/bin/../lib/gcc/nios2-elf/5.3.0/../../../../../H-x86_64-mingw32/nios2-elf/lib\libc.a(lib_a-__call_atexit.o)
                0x0000000000006b38                __call_exitprocs
 .text          0x0000000000006cb8        0x0 c:/intelfpga/17.1/nios2eds/bin/gnu/h-x86_64-mingw32/bin/../lib/gcc/nios2-elf/5.3.0/../../../../../H-x86_64-mingw32/nios2-elf/lib\libc.a(lib_a-fflush.o)
 .text.__sflush_r
                0x0000000000006cb8      0x21c c:/intelfpga/17.1/nios2eds/bin/gnu/h-x86_64-mingw32/bin/../lib/gcc/nios2-elf/5.3.0/../../../../../H-x86_64-mingw32/nios2-elf/lib\libc.a(lib_a-fflush.o)
                0x0000000000006cb8                __sflush_r
 .text._fflush_r
                0x0000000000006ed4       0x5c c:/intelfpga/17.1/nios2eds/bin/gnu/h-x86_64-mingw32/bin/../lib/gcc/nios2-elf/5.3.0/../../../../../H-x86_64-mingw32/nios2-elf/lib\libc.a(lib_a-fflush.o)
                0x0000000000006ed4                _fflush_r
 .text.fflush   0x0000000000006f30       0x30 c:/intelfpga/17.1/nios2eds/bin/gnu/h-x86_64-mingw32/bin/../lib/gcc/nios2-elf/5.3.0/../../../../../H-x86_64-mingw32/nios2-elf/lib\libc.a(lib_a-fflush.o)
                0x0000000000006f30                fflush
 .text          0x0000000000006f60        0x0 c:/intelfpga/17.1/nios2eds/bin/gnu/h-x86_64-mingw32/bin/../lib/gcc/nios2-elf/5.3.0/../../../../../H-x86_64-mingw32/nios2-elf/lib\libc.a(lib_a-findfp.o)
 .text.__fp_unlock
                0x0000000000006f60        0x8 c:/intelfpga/17.1/nios2eds/bin/gnu/h-x86_64-mingw32/bin/../lib/gcc/nios2-elf/5.3.0/../../../../../H-x86_64-mingw32/nios2-elf/lib\libc.a(lib_a-findfp.o)
 .text._cleanup_r
                0x0000000000006f68        0xc c:/intelfpga/17.1/nios2eds/bin/gnu/h-x86_64-mingw32/bin/../lib/gcc/nios2-elf/5.3.0/../../../../../H-x86_64-mingw32/nios2-elf/lib\libc.a(lib_a-findfp.o)
                0x0000000000006f68                _cleanup_r
 .text.__sinit.part.1
                0x0000000000006f74      0x19c c:/intelfpga/17.1/nios2eds/bin/gnu/h-x86_64-mingw32/bin/../lib/gcc/nios2-elf/5.3.0/../../../../../H-x86_64-mingw32/nios2-elf/lib\libc.a(lib_a-findfp.o)
 .text.__fp_lock
                0x0000000000007110        0x8 c:/intelfpga/17.1/nios2eds/bin/gnu/h-x86_64-mingw32/bin/../lib/gcc/nios2-elf/5.3.0/../../../../../H-x86_64-mingw32/nios2-elf/lib\libc.a(lib_a-findfp.o)
 .text.__sfmoreglue
                0x0000000000007118       0x68 c:/intelfpga/17.1/nios2eds/bin/gnu/h-x86_64-mingw32/bin/../lib/gcc/nios2-elf/5.3.0/../../../../../H-x86_64-mingw32/nios2-elf/lib\libc.a(lib_a-findfp.o)
                0x0000000000007118                __sfmoreglue
 .text.__sfp    0x0000000000007180      0x118 c:/intelfpga/17.1/nios2eds/bin/gnu/h-x86_64-mingw32/bin/../lib/gcc/nios2-elf/5.3.0/../../../../../H-x86_64-mingw32/nios2-elf/lib\libc.a(lib_a-findfp.o)
                0x0000000000007180                __sfp
 .text._cleanup
                0x0000000000007298       0x18 c:/intelfpga/17.1/nios2eds/bin/gnu/h-x86_64-mingw32/bin/../lib/gcc/nios2-elf/5.3.0/../../../../../H-x86_64-mingw32/nios2-elf/lib\libc.a(lib_a-findfp.o)
                0x0000000000007298                _cleanup
 .text.__sinit  0x00000000000072b0       0x10 c:/intelfpga/17.1/nios2eds/bin/gnu/h-x86_64-mingw32/bin/../lib/gcc/nios2-elf/5.3.0/../../../../../H-x86_64-mingw32/nios2-elf/lib\libc.a(lib_a-findfp.o)
                0x00000000000072b0                __sinit
 .text.__sfp_lock_acquire
                0x00000000000072c0        0x4 c:/intelfpga/17.1/nios2eds/bin/gnu/h-x86_64-mingw32/bin/../lib/gcc/nios2-elf/5.3.0/../../../../../H-x86_64-mingw32/nios2-elf/lib\libc.a(lib_a-findfp.o)
                0x00000000000072c0                __sfp_lock_acquire
 .text.__sfp_lock_release
                0x00000000000072c4        0x4 c:/intelfpga/17.1/nios2eds/bin/gnu/h-x86_64-mingw32/bin/../lib/gcc/nios2-elf/5.3.0/../../../../../H-x86_64-mingw32/nios2-elf/lib\libc.a(lib_a-findfp.o)
                0x00000000000072c4                __sfp_lock_release
 .text.__sinit_lock_acquire
                0x00000000000072c8        0x4 c:/intelfpga/17.1/nios2eds/bin/gnu/h-x86_64-mingw32/bin/../lib/gcc/nios2-elf/5.3.0/../../../../../H-x86_64-mingw32/nios2-elf/lib\libc.a(lib_a-findfp.o)
                0x00000000000072c8                __sinit_lock_acquire
 .text.__sinit_lock_release
                0x00000000000072cc        0x4 c:/intelfpga/17.1/nios2eds/bin/gnu/h-x86_64-mingw32/bin/../lib/gcc/nios2-elf/5.3.0/../../../../../H-x86_64-mingw32/nios2-elf/lib\libc.a(lib_a-findfp.o)
                0x00000000000072cc                __sinit_lock_release
 .text.__fp_lock_all
                0x00000000000072d0       0x18 c:/intelfpga/17.1/nios2eds/bin/gnu/h-x86_64-mingw32/bin/../lib/gcc/nios2-elf/5.3.0/../../../../../H-x86_64-mingw32/nios2-elf/lib\libc.a(lib_a-findfp.o)
                0x00000000000072d0                __fp_lock_all
 .text.__fp_unlock_all
                0x00000000000072e8       0x18 c:/intelfpga/17.1/nios2eds/bin/gnu/h-x86_64-mingw32/bin/../lib/gcc/nios2-elf/5.3.0/../../../../../H-x86_64-mingw32/nios2-elf/lib\libc.a(lib_a-findfp.o)
                0x00000000000072e8                __fp_unlock_all
 .text          0x0000000000007300        0x0 c:/intelfpga/17.1/nios2eds/bin/gnu/h-x86_64-mingw32/bin/../lib/gcc/nios2-elf/5.3.0/../../../../../H-x86_64-mingw32/nios2-elf/lib\libc.a(lib_a-freer.o)
 .text._malloc_trim_r
                0x0000000000007300      0x124 c:/intelfpga/17.1/nios2eds/bin/gnu/h-x86_64-mingw32/bin/../lib/gcc/nios2-elf/5.3.0/../../../../../H-x86_64-mingw32/nios2-elf/lib\libc.a(lib_a-freer.o)
                0x0000000000007300                _malloc_trim_r
 .text._free_r  0x0000000000007424      0x310 c:/intelfpga/17.1/nios2eds/bin/gnu/h-x86_64-mingw32/bin/../lib/gcc/nios2-elf/5.3.0/../../../../../H-x86_64-mingw32/nios2-elf/lib\libc.a(lib_a-freer.o)
                0x0000000000007424                _free_r
 .text          0x0000000000007734        0x0 c:/intelfpga/17.1/nios2eds/bin/gnu/h-x86_64-mingw32/bin/../lib/gcc/nios2-elf/5.3.0/../../../../../H-x86_64-mingw32/nios2-elf/lib\libc.a(lib_a-fwalk.o)
 .text._fwalk   0x0000000000007734       0xc4 c:/intelfpga/17.1/nios2eds/bin/gnu/h-x86_64-mingw32/bin/../lib/gcc/nios2-elf/5.3.0/../../../../../H-x86_64-mingw32/nios2-elf/lib\libc.a(lib_a-fwalk.o)
                0x0000000000007734                _fwalk
 .text._fwalk_reent
                0x00000000000077f8       0xc4 c:/intelfpga/17.1/nios2eds/bin/gnu/h-x86_64-mingw32/bin/../lib/gcc/nios2-elf/5.3.0/../../../../../H-x86_64-mingw32/nios2-elf/lib\libc.a(lib_a-fwalk.o)
                0x00000000000077f8                _fwalk_reent
 .text          0x00000000000078bc        0x0 c:/intelfpga/17.1/nios2eds/bin/gnu/h-x86_64-mingw32/bin/../lib/gcc/nios2-elf/5.3.0/../../../../../H-x86_64-mingw32/nios2-elf/lib\libc.a(lib_a-makebuf.o)
 .text.__smakebuf_r
                0x00000000000078bc      0x1bc c:/intelfpga/17.1/nios2eds/bin/gnu/h-x86_64-mingw32/bin/../lib/gcc/nios2-elf/5.3.0/../../../../../H-x86_64-mingw32/nios2-elf/lib\libc.a(lib_a-makebuf.o)
                0x00000000000078bc                __smakebuf_r
 .text          0x0000000000007a78        0x0 c:/intelfpga/17.1/nios2eds/bin/gnu/h-x86_64-mingw32/bin/../lib/gcc/nios2-elf/5.3.0/../../../../../H-x86_64-mingw32/nios2-elf/lib\libc.a(lib_a-mallocr.o)
 .text._malloc_r
                0x0000000000007a78      0x80c c:/intelfpga/17.1/nios2eds/bin/gnu/h-x86_64-mingw32/bin/../lib/gcc/nios2-elf/5.3.0/../../../../../H-x86_64-mingw32/nios2-elf/lib\libc.a(lib_a-mallocr.o)
                0x0000000000007a78                _malloc_r
 .text          0x0000000000008284        0x0 c:/intelfpga/17.1/nios2eds/bin/gnu/h-x86_64-mingw32/bin/../lib/gcc/nios2-elf/5.3.0/../../../../../H-x86_64-mingw32/nios2-elf/lib\libc.a(lib_a-memset.o)
 .text.memset   0x0000000000008284      0x128 c:/intelfpga/17.1/nios2eds/bin/gnu/h-x86_64-mingw32/bin/../lib/gcc/nios2-elf/5.3.0/../../../../../H-x86_64-mingw32/nios2-elf/lib\libc.a(lib_a-memset.o)
                0x0000000000008284                memset
 .text          0x00000000000083ac        0x0 c:/intelfpga/17.1/nios2eds/bin/gnu/h-x86_64-mingw32/bin/../lib/gcc/nios2-elf/5.3.0/../../../../../H-x86_64-mingw32/nios2-elf/lib\libc.a(lib_a-sbrkr.o)
 .text._sbrk_r  0x00000000000083ac       0x54 c:/intelfpga/17.1/nios2eds/bin/gnu/h-x86_64-mingw32/bin/../lib/gcc/nios2-elf/5.3.0/../../../../../H-x86_64-mingw32/nios2-elf/lib\libc.a(lib_a-sbrkr.o)
                0x00000000000083ac                _sbrk_r
 .text          0x0000000000008400        0x0 c:/intelfpga/17.1/nios2eds/bin/gnu/h-x86_64-mingw32/bin/../lib/gcc/nios2-elf/5.3.0/../../../../../H-x86_64-mingw32/nios2-elf/lib\libc.a(lib_a-stdio.o)
 .text.__sread  0x0000000000008400       0x54 c:/intelfpga/17.1/nios2eds/bin/gnu/h-x86_64-mingw32/bin/../lib/gcc/nios2-elf/5.3.0/../../../../../H-x86_64-mingw32/nios2-elf/lib\libc.a(lib_a-stdio.o)
                0x0000000000008400                __sread
 .text.__seofread
                0x0000000000008454        0x8 c:/intelfpga/17.1/nios2eds/bin/gnu/h-x86_64-mingw32/bin/../lib/gcc/nios2-elf/5.3.0/../../../../../H-x86_64-mingw32/nios2-elf/lib\libc.a(lib_a-stdio.o)
                0x0000000000008454                __seofread
 .text.__swrite
                0x000000000000845c       0x7c c:/intelfpga/17.1/nios2eds/bin/gnu/h-x86_64-mingw32/bin/../lib/gcc/nios2-elf/5.3.0/../../../../../H-x86_64-mingw32/nios2-elf/lib\libc.a(lib_a-stdio.o)
                0x000000000000845c                __swrite
 .text.__sseek  0x00000000000084d8       0x5c c:/intelfpga/17.1/nios2eds/bin/gnu/h-x86_64-mingw32/bin/../lib/gcc/nios2-elf/5.3.0/../../../../../H-x86_64-mingw32/nios2-elf/lib\libc.a(lib_a-stdio.o)
                0x00000000000084d8                __sseek
 .text.__sclose
                0x0000000000008534        0x8 c:/intelfpga/17.1/nios2eds/bin/gnu/h-x86_64-mingw32/bin/../lib/gcc/nios2-elf/5.3.0/../../../../../H-x86_64-mingw32/nios2-elf/lib\libc.a(lib_a-stdio.o)
                0x0000000000008534                __sclose
 .text          0x000000000000853c        0x0 c:/intelfpga/17.1/nios2eds/bin/gnu/h-x86_64-mingw32/bin/../lib/gcc/nios2-elf/5.3.0/../../../../../H-x86_64-mingw32/nios2-elf/lib\libc.a(lib_a-writer.o)
 .text._write_r
                0x000000000000853c       0x60 c:/intelfpga/17.1/nios2eds/bin/gnu/h-x86_64-mingw32/bin/../lib/gcc/nios2-elf/5.3.0/../../../../../H-x86_64-mingw32/nios2-elf/lib\libc.a(lib_a-writer.o)
                0x000000000000853c                _write_r
 .text          0x000000000000859c        0x0 c:/intelfpga/17.1/nios2eds/bin/gnu/h-x86_64-mingw32/bin/../lib/gcc/nios2-elf/5.3.0/../../../../../H-x86_64-mingw32/nios2-elf/lib\libc.a(closer.o)
 .text._close_r
                0x000000000000859c       0x54 c:/intelfpga/17.1/nios2eds/bin/gnu/h-x86_64-mingw32/bin/../lib/gcc/nios2-elf/5.3.0/../../../../../H-x86_64-mingw32/nios2-elf/lib\libc.a(closer.o)
                0x000000000000859c                _close_r
 .text          0x00000000000085f0        0x0 c:/intelfpga/17.1/nios2eds/bin/gnu/h-x86_64-mingw32/bin/../lib/gcc/nios2-elf/5.3.0/../../../../../H-x86_64-mingw32/nios2-elf/lib\libc.a(lib_a-fclose.o)
 .text._fclose_r
                0x00000000000085f0       0xf0 c:/intelfpga/17.1/nios2eds/bin/gnu/h-x86_64-mingw32/bin/../lib/gcc/nios2-elf/5.3.0/../../../../../H-x86_64-mingw32/nios2-elf/lib\libc.a(lib_a-fclose.o)
                0x00000000000085f0                _fclose_r
 .text.fclose   0x00000000000086e0       0x14 c:/intelfpga/17.1/nios2eds/bin/gnu/h-x86_64-mingw32/bin/../lib/gcc/nios2-elf/5.3.0/../../../../../H-x86_64-mingw32/nios2-elf/lib\libc.a(lib_a-fclose.o)
                0x00000000000086e0                fclose
 .text          0x00000000000086f4        0x0 c:/intelfpga/17.1/nios2eds/bin/gnu/h-x86_64-mingw32/bin/../lib/gcc/nios2-elf/5.3.0/../../../../../H-x86_64-mingw32/nios2-elf/lib\libc.a(lib_a-fstatr.o)
 .text._fstat_r
                0x00000000000086f4       0x5c c:/intelfpga/17.1/nios2eds/bin/gnu/h-x86_64-mingw32/bin/../lib/gcc/nios2-elf/5.3.0/../../../../../H-x86_64-mingw32/nios2-elf/lib\libc.a(lib_a-fstatr.o)
                0x00000000000086f4                _fstat_r
 .text          0x0000000000008750        0x0 c:/intelfpga/17.1/nios2eds/bin/gnu/h-x86_64-mingw32/bin/../lib/gcc/nios2-elf/5.3.0/../../../../../H-x86_64-mingw32/nios2-elf/lib\libc.a(lib_a-isattyr.o)
 .text._isatty_r
                0x0000000000008750       0x54 c:/intelfpga/17.1/nios2eds/bin/gnu/h-x86_64-mingw32/bin/../lib/gcc/nios2-elf/5.3.0/../../../../../H-x86_64-mingw32/nios2-elf/lib\libc.a(lib_a-isattyr.o)
                0x0000000000008750                _isatty_r
 .text          0x00000000000087a4        0x0 c:/intelfpga/17.1/nios2eds/bin/gnu/h-x86_64-mingw32/bin/../lib/gcc/nios2-elf/5.3.0/../../../../../H-x86_64-mingw32/nios2-elf/lib\libc.a(lib_a-lseekr.o)
 .text._lseek_r
                0x00000000000087a4       0x60 c:/intelfpga/17.1/nios2eds/bin/gnu/h-x86_64-mingw32/bin/../lib/gcc/nios2-elf/5.3.0/../../../../../H-x86_64-mingw32/nios2-elf/lib\libc.a(lib_a-lseekr.o)
                0x00000000000087a4                _lseek_r
 .text          0x0000000000008804        0x0 c:/intelfpga/17.1/nios2eds/bin/gnu/h-x86_64-mingw32/bin/../lib/gcc/nios2-elf/5.3.0/../../../../../H-x86_64-mingw32/nios2-elf/lib\libc.a(lib_a-readr.o)
 .text._read_r  0x0000000000008804       0x60 c:/intelfpga/17.1/nios2eds/bin/gnu/h-x86_64-mingw32/bin/../lib/gcc/nios2-elf/5.3.0/../../../../../H-x86_64-mingw32/nios2-elf/lib\libc.a(lib_a-readr.o)
                0x0000000000008804                _read_r
 .text          0x0000000000008864      0x1b4 c:/intelfpga/17.1/nios2eds/bin/gnu/h-x86_64-mingw32/bin/../lib/gcc/nios2-elf/5.3.0\libgcc.a(lib2-divmod.o)
                0x0000000000008864                __divsi3
                0x00000000000088e8                __modsi3
                0x000000000000895c                __udivsi3
                0x00000000000089c0                __umodsi3
 .text          0x0000000000008a18       0x34 ../ip_test_bsp/\libhal_bsp.a(alt_exit.o)
                0x0000000000008a18                _exit
 .text          0x0000000000008a4c       0xec ../ip_test_bsp/\libhal_bsp.a(alt_fstat.o)
                0x0000000000008a88                fstat
 .text          0x0000000000008b38       0xe0 ../ip_test_bsp/\libhal_bsp.a(alt_isatty.o)
                0x0000000000008b74                isatty
 .text          0x0000000000008c18      0x110 ../ip_test_bsp/\libhal_bsp.a(alt_lseek.o)
                0x0000000000008c54                lseek
 .text          0x0000000000008d28       0x48 ../ip_test_bsp/\libhal_bsp.a(alt_malloc_lock.o)
                0x0000000000008d28                __malloc_lock
                0x0000000000008d4c                __malloc_unlock
 .text          0x0000000000008d70      0x138 ../ip_test_bsp/\libhal_bsp.a(alt_read.o)
                0x0000000000008dac                read
 .text          0x0000000000008ea8       0xb0 ../ip_test_bsp/\libhal_bsp.a(alt_sbrk.o)
                0x0000000000008ea8                sbrk
 .text          0x0000000000008f58      0x134 ../ip_test_bsp/\libhal_bsp.a(alt_write.o)
                0x0000000000008f94                write
 *(.gnu.warning.*)
 *(.fini)
                [!provide]                        PROVIDE (__etext, ABSOLUTE (.))
                [!provide]                        PROVIDE (_etext, ABSOLUTE (.))
                [!provide]                        PROVIDE (etext, ABSOLUTE (.))
 *(.eh_frame_hdr)
                0x000000000000908c                . = ALIGN (0x4)
                [!provide]                        PROVIDE (__preinit_array_start, ABSOLUTE (.))
 *(.preinit_array)
                [!provide]                        PROVIDE (__preinit_array_end, ABSOLUTE (.))
                [!provide]                        PROVIDE (__init_array_start, ABSOLUTE (.))
 *(.init_array)
                [!provide]                        PROVIDE (__init_array_end, ABSOLUTE (.))
                [!provide]                        PROVIDE (__fini_array_start, ABSOLUTE (.))
 *(.fini_array)
                [!provide]                        PROVIDE (__fini_array_end, ABSOLUTE (.))
 *(.eh_frame)
 *(.gcc_except_table .gcc_except_table.*)
 *(.dynamic)
                0x000000000000908c                PROVIDE (__CTOR_LIST__, ABSOLUTE (.))
 *(.ctors)
 *(SORT(.ctors.*))
                0x000000000000908c                PROVIDE (__CTOR_END__, ABSOLUTE (.))
                0x000000000000908c                PROVIDE (__DTOR_LIST__, ABSOLUTE (.))
 *(.dtors)
 *(SORT(.dtors.*))
                0x000000000000908c                PROVIDE (__DTOR_END__, ABSOLUTE (.))
 *(.jcr)
                0x000000000000908c                . = ALIGN (0x4)

.rodata         0x000000000000908c      0x214
                0x000000000000908c                PROVIDE (__ram_rodata_start, ABSOLUTE (.))
                0x000000000000908c                . = ALIGN (0x4)
 *(.rodata .rodata.* .gnu.linkonce.r.*)
 .rodata        0x000000000000908c       0x89 obj/default/main.o
 *fill*         0x0000000000009115        0x3 
 .rodata        0x0000000000009118        0xf ../ip_test_bsp/\libhal_bsp.a(alt_main.o)
 *fill*         0x0000000000009127        0x1 
 .rodata        0x0000000000009128      0x149 ../ip_test_bsp/\libhal_bsp.a(alt_sys_init.o)
 *fill*         0x0000000000009271        0x3 
 .rodata        0x0000000000009274       0x1a ../ip_test_bsp/\libhal_bsp.a(altera_up_avalon_video_character_buffer_with_dma.o)
 *fill*         0x000000000000928e        0x2 
 .rodata        0x0000000000009290        0xa ../ip_test_bsp/\libhal_bsp.a(alt_dev.o)
 *fill*         0x000000000000929a        0x2 
 .rodata.str1.4
                0x000000000000929c        0x4 c:/intelfpga/17.1/nios2eds/bin/gnu/h-x86_64-mingw32/bin/../lib/gcc/nios2-elf/5.3.0/../../../../../H-x86_64-mingw32/nios2-elf/lib\libc.a(lib_a-impure.o)
                                          0x2 (size before relaxing)
 *(.rodata1)
                0x00000000000092a0                . = ALIGN (0x4)
                0x00000000000092a0                PROVIDE (__ram_rodata_end, ABSOLUTE (.))
                0x000000000000908c                PROVIDE (__flash_rodata_start, LOADADDR (.rodata))

.rwdata         0x00000000000092a0     0x1e50 load address 0x000000000000b0f0
                0x00000000000092a0                PROVIDE (__ram_rwdata_start, ABSOLUTE (.))
                0x00000000000092a0                . = ALIGN (0x4)
 *(.got.plt)
 *(.got)
 *(.data1)
 *(.data .data.* .gnu.linkonce.d.*)
 .data          0x00000000000092a0        0x0 ../ip_test_bsp//obj/HAL/src/crt0.o
 .data          0x00000000000092a0        0x0 obj/default/main.o
 .data          0x00000000000092a0        0x0 ../ip_test_bsp/\libhal_bsp.a(alt_irq_register.o)
 .data          0x00000000000092a0        0x0 ../ip_test_bsp/\libhal_bsp.a(alt_irq_vars.o)
 .data          0x00000000000092a0        0x0 ../ip_test_bsp/\libhal_bsp.a(alt_load.o)
 .data          0x00000000000092a0        0x0 ../ip_test_bsp/\libhal_bsp.a(alt_main.o)
 .data          0x00000000000092a0        0x0 ../ip_test_bsp/\libhal_bsp.a(alt_printf.o)
 .data          0x00000000000092a0        0x0 ../ip_test_bsp/\libhal_bsp.a(alt_putchar.o)
 .data          0x00000000000092a0     0x1434 ../ip_test_bsp/\libhal_bsp.a(alt_sys_init.o)
 .data          0x000000000000a6d4        0x0 ../ip_test_bsp/\libhal_bsp.a(altera_avalon_cfi_flash.o)
 .data          0x000000000000a6d4        0x0 ../ip_test_bsp/\libhal_bsp.a(altera_avalon_cfi_flash_table.o)
 .data          0x000000000000a6d4        0x0 ../ip_test_bsp/\libhal_bsp.a(altera_avalon_jtag_uart_fd.o)
 .data          0x000000000000a6d4        0x0 ../ip_test_bsp/\libhal_bsp.a(altera_avalon_jtag_uart_init.o)
 .data          0x000000000000a6d4        0x0 ../ip_test_bsp/\libhal_bsp.a(altera_avalon_jtag_uart_ioctl.o)
 .data          0x000000000000a6d4        0x0 ../ip_test_bsp/\libhal_bsp.a(altera_avalon_jtag_uart_read.o)
 .data          0x000000000000a6d4        0x0 ../ip_test_bsp/\libhal_bsp.a(altera_avalon_jtag_uart_write.o)
 .data          0x000000000000a6d4        0x0 ../ip_test_bsp/\libhal_bsp.a(altera_avalon_timer_sc.o)
 .data          0x000000000000a6d4        0x0 ../ip_test_bsp/\libhal_bsp.a(altera_up_avalon_character_lcd.o)
 .data          0x000000000000a6d4        0x0 ../ip_test_bsp/\libhal_bsp.a(altera_up_avalon_ps2.o)
 .data          0x000000000000a6d4        0x0 ../ip_test_bsp/\libhal_bsp.a(altera_up_avalon_rs232.o)
 .data          0x000000000000a6d4        0x0 ../ip_test_bsp/\libhal_bsp.a(altera_up_avalon_video_character_buffer_with_dma.o)
 .data          0x000000000000a6d4        0x0 ../ip_test_bsp/\libhal_bsp.a(alt_alarm_start.o)
 .data          0x000000000000a6d4        0x0 ../ip_test_bsp/\libhal_bsp.a(alt_close.o)
 .data          0x000000000000a6d4        0x0 ../ip_test_bsp/\libhal_bsp.a(alt_dcache_flush.o)
 .data          0x000000000000a6d4        0x0 ../ip_test_bsp/\libhal_bsp.a(alt_dcache_flush_all.o)
 .data          0x000000000000a6d4      0x1a8 ../ip_test_bsp/\libhal_bsp.a(alt_dev.o)
                0x000000000000a6d4                alt_dev_null
                0x000000000000a6fc                alt_fd_list
 .data          0x000000000000a87c        0x0 ../ip_test_bsp/\libhal_bsp.a(alt_dev_llist_insert.o)
 .data          0x000000000000a87c        0x0 ../ip_test_bsp/\libhal_bsp.a(alt_do_ctors.o)
 .data          0x000000000000a87c        0x0 ../ip_test_bsp/\libhal_bsp.a(alt_do_dtors.o)
 .data          0x000000000000a87c        0x0 ../ip_test_bsp/\libhal_bsp.a(alt_errno.o)
 .data          0x000000000000a87c        0x0 ../ip_test_bsp/\libhal_bsp.a(alt_find_dev.o)
 .data          0x000000000000a87c        0x0 ../ip_test_bsp/\libhal_bsp.a(alt_flash_dev.o)
 .data          0x000000000000a87c        0x0 ../ip_test_bsp/\libhal_bsp.a(alt_icache_flush_all.o)
 .data          0x000000000000a87c        0x0 ../ip_test_bsp/\libhal_bsp.a(alt_io_redirect.o)
 .data          0x000000000000a87c        0x0 ../ip_test_bsp/\libhal_bsp.a(alt_irq_entry.o)
 .data          0x000000000000a87c        0x0 ../ip_test_bsp/\libhal_bsp.a(alt_irq_handler.o)
 .data          0x000000000000a87c        0x0 ../ip_test_bsp/\libhal_bsp.a(alt_open.o)
 .data          0x000000000000a87c        0x0 ../ip_test_bsp/\libhal_bsp.a(alt_release_fd.o)
 .data          0x000000000000a87c        0x0 ../ip_test_bsp/\libhal_bsp.a(alt_tick.o)
 .data          0x000000000000a87c        0x0 ../ip_test_bsp/\libhal_bsp.a(altera_nios2_gen2_irq.o)
 .data          0x000000000000a87c        0x0 ../ip_test_bsp/\libhal_bsp.a(altera_avalon_cfi_flash_amd.o)
 .data          0x000000000000a87c        0x0 ../ip_test_bsp/\libhal_bsp.a(altera_avalon_cfi_flash_intel.o)
 .data          0x000000000000a87c        0x0 ../ip_test_bsp/\libhal_bsp.a(alt_exception_entry.o)
 .data          0x000000000000a87c        0x0 ../ip_test_bsp/\libhal_bsp.a(alt_find_file.o)
 .data          0x000000000000a87c        0x0 ../ip_test_bsp/\libhal_bsp.a(alt_get_fd.o)
 .data          0x000000000000a87c        0x0 ../ip_test_bsp/\libhal_bsp.a(alt_icache_flush.o)
 .data          0x000000000000a87c        0x0 ../ip_test_bsp/\libhal_bsp.a(alt_instruction_exception_entry.o)
 .data          0x000000000000a87c        0x0 ../ip_test_bsp/\libhal_bsp.a(alt_usleep.o)
 .data          0x000000000000a87c        0x0 ../ip_test_bsp/\libhal_bsp.a(alt_busy_sleep.o)
 .data          0x000000000000a87c        0x0 c:/intelfpga/17.1/nios2eds/bin/gnu/h-x86_64-mingw32/bin/../lib/gcc/nios2-elf/5.3.0/../../../../../H-x86_64-mingw32/nios2-elf/lib\libc.a(lib_a-atexit.o)
 .data          0x000000000000a87c        0x0 c:/intelfpga/17.1/nios2eds/bin/gnu/h-x86_64-mingw32/bin/../lib/gcc/nios2-elf/5.3.0/../../../../../H-x86_64-mingw32/nios2-elf/lib\libc.a(lib_a-exit.o)
 .data          0x000000000000a87c        0x0 c:/intelfpga/17.1/nios2eds/bin/gnu/h-x86_64-mingw32/bin/../lib/gcc/nios2-elf/5.3.0/../../../../../H-x86_64-mingw32/nios2-elf/lib\libc.a(lib_a-impure.o)
 .data.impure_data
                0x000000000000a87c      0x424 c:/intelfpga/17.1/nios2eds/bin/gnu/h-x86_64-mingw32/bin/../lib/gcc/nios2-elf/5.3.0/../../../../../H-x86_64-mingw32/nios2-elf/lib\libc.a(lib_a-impure.o)
 .data          0x000000000000aca0        0x0 c:/intelfpga/17.1/nios2eds/bin/gnu/h-x86_64-mingw32/bin/../lib/gcc/nios2-elf/5.3.0/../../../../../H-x86_64-mingw32/nios2-elf/lib\libc.a(lib_a-int_errno.o)
 .data          0x000000000000aca0        0x0 c:/intelfpga/17.1/nios2eds/bin/gnu/h-x86_64-mingw32/bin/../lib/gcc/nios2-elf/5.3.0/../../../../../H-x86_64-mingw32/nios2-elf/lib\libc.a(lib_a-memcmp.o)
 .data          0x000000000000aca0        0x0 c:/intelfpga/17.1/nios2eds/bin/gnu/h-x86_64-mingw32/bin/../lib/gcc/nios2-elf/5.3.0/../../../../../H-x86_64-mingw32/nios2-elf/lib\libc.a(lib_a-memcpy.o)
 .data          0x000000000000aca0        0x0 c:/intelfpga/17.1/nios2eds/bin/gnu/h-x86_64-mingw32/bin/../lib/gcc/nios2-elf/5.3.0/../../../../../H-x86_64-mingw32/nios2-elf/lib\libc.a(lib_a-putc.o)
 .data          0x000000000000aca0        0x0 c:/intelfpga/17.1/nios2eds/bin/gnu/h-x86_64-mingw32/bin/../lib/gcc/nios2-elf/5.3.0/../../../../../H-x86_64-mingw32/nios2-elf/lib\libc.a(lib_a-strcmp.o)
 .data          0x000000000000aca0        0x0 c:/intelfpga/17.1/nios2eds/bin/gnu/h-x86_64-mingw32/bin/../lib/gcc/nios2-elf/5.3.0/../../../../../H-x86_64-mingw32/nios2-elf/lib\libc.a(lib_a-strlen.o)
 .data          0x000000000000aca0        0x0 c:/intelfpga/17.1/nios2eds/bin/gnu/h-x86_64-mingw32/bin/../lib/gcc/nios2-elf/5.3.0/../../../../../H-x86_64-mingw32/nios2-elf/lib\libc.a(lib_a-wbuf.o)
 .data          0x000000000000aca0        0x0 c:/intelfpga/17.1/nios2eds/bin/gnu/h-x86_64-mingw32/bin/../lib/gcc/nios2-elf/5.3.0/../../../../../H-x86_64-mingw32/nios2-elf/lib\libc.a(lib_a-wsetup.o)
 .data          0x000000000000aca0        0x0 c:/intelfpga/17.1/nios2eds/bin/gnu/h-x86_64-mingw32/bin/../lib/gcc/nios2-elf/5.3.0/../../../../../H-x86_64-mingw32/nios2-elf/lib\libc.a(lib_a-__atexit.o)
 .data          0x000000000000aca0        0x0 c:/intelfpga/17.1/nios2eds/bin/gnu/h-x86_64-mingw32/bin/../lib/gcc/nios2-elf/5.3.0/../../../../../H-x86_64-mingw32/nios2-elf/lib\libc.a(lib_a-__call_atexit.o)
 .data          0x000000000000aca0        0x0 c:/intelfpga/17.1/nios2eds/bin/gnu/h-x86_64-mingw32/bin/../lib/gcc/nios2-elf/5.3.0/../../../../../H-x86_64-mingw32/nios2-elf/lib\libc.a(lib_a-fflush.o)
 .data          0x000000000000aca0        0x0 c:/intelfpga/17.1/nios2eds/bin/gnu/h-x86_64-mingw32/bin/../lib/gcc/nios2-elf/5.3.0/../../../../../H-x86_64-mingw32/nios2-elf/lib\libc.a(lib_a-findfp.o)
 .data          0x000000000000aca0        0x0 c:/intelfpga/17.1/nios2eds/bin/gnu/h-x86_64-mingw32/bin/../lib/gcc/nios2-elf/5.3.0/../../../../../H-x86_64-mingw32/nios2-elf/lib\libc.a(lib_a-freer.o)
 .data          0x000000000000aca0        0x0 c:/intelfpga/17.1/nios2eds/bin/gnu/h-x86_64-mingw32/bin/../lib/gcc/nios2-elf/5.3.0/../../../../../H-x86_64-mingw32/nios2-elf/lib\libc.a(lib_a-fwalk.o)
 .data          0x000000000000aca0        0x0 c:/intelfpga/17.1/nios2eds/bin/gnu/h-x86_64-mingw32/bin/../lib/gcc/nios2-elf/5.3.0/../../../../../H-x86_64-mingw32/nios2-elf/lib\libc.a(lib_a-makebuf.o)
 .data          0x000000000000aca0        0x0 c:/intelfpga/17.1/nios2eds/bin/gnu/h-x86_64-mingw32/bin/../lib/gcc/nios2-elf/5.3.0/../../../../../H-x86_64-mingw32/nios2-elf/lib\libc.a(lib_a-mallocr.o)
 .data.__malloc_av_
                0x000000000000aca0      0x408 c:/intelfpga/17.1/nios2eds/bin/gnu/h-x86_64-mingw32/bin/../lib/gcc/nios2-elf/5.3.0/../../../../../H-x86_64-mingw32/nios2-elf/lib\libc.a(lib_a-mallocr.o)
                0x000000000000aca0                __malloc_av_
 .data          0x000000000000b0a8        0x0 c:/intelfpga/17.1/nios2eds/bin/gnu/h-x86_64-mingw32/bin/../lib/gcc/nios2-elf/5.3.0/../../../../../H-x86_64-mingw32/nios2-elf/lib\libc.a(lib_a-memset.o)
 .data          0x000000000000b0a8        0x0 c:/intelfpga/17.1/nios2eds/bin/gnu/h-x86_64-mingw32/bin/../lib/gcc/nios2-elf/5.3.0/../../../../../H-x86_64-mingw32/nios2-elf/lib\libc.a(lib_a-sbrkr.o)
 .data          0x000000000000b0a8        0x0 c:/intelfpga/17.1/nios2eds/bin/gnu/h-x86_64-mingw32/bin/../lib/gcc/nios2-elf/5.3.0/../../../../../H-x86_64-mingw32/nios2-elf/lib\libc.a(lib_a-stdio.o)
 .data          0x000000000000b0a8        0x0 c:/intelfpga/17.1/nios2eds/bin/gnu/h-x86_64-mingw32/bin/../lib/gcc/nios2-elf/5.3.0/../../../../../H-x86_64-mingw32/nios2-elf/lib\libc.a(lib_a-writer.o)
 .data          0x000000000000b0a8        0x0 c:/intelfpga/17.1/nios2eds/bin/gnu/h-x86_64-mingw32/bin/../lib/gcc/nios2-elf/5.3.0/../../../../../H-x86_64-mingw32/nios2-elf/lib\libc.a(closer.o)
 .data          0x000000000000b0a8        0x0 c:/intelfpga/17.1/nios2eds/bin/gnu/h-x86_64-mingw32/bin/../lib/gcc/nios2-elf/5.3.0/../../../../../H-x86_64-mingw32/nios2-elf/lib\libc.a(lib_a-fclose.o)
 .data          0x000000000000b0a8        0x0 c:/intelfpga/17.1/nios2eds/bin/gnu/h-x86_64-mingw32/bin/../lib/gcc/nios2-elf/5.3.0/../../../../../H-x86_64-mingw32/nios2-elf/lib\libc.a(lib_a-fstatr.o)
 .data          0x000000000000b0a8        0x0 c:/intelfpga/17.1/nios2eds/bin/gnu/h-x86_64-mingw32/bin/../lib/gcc/nios2-elf/5.3.0/../../../../../H-x86_64-mingw32/nios2-elf/lib\libc.a(lib_a-isattyr.o)
 .data          0x000000000000b0a8        0x0 c:/intelfpga/17.1/nios2eds/bin/gnu/h-x86_64-mingw32/bin/../lib/gcc/nios2-elf/5.3.0/../../../../../H-x86_64-mingw32/nios2-elf/lib\libc.a(lib_a-lseekr.o)
 .data          0x000000000000b0a8        0x0 c:/intelfpga/17.1/nios2eds/bin/gnu/h-x86_64-mingw32/bin/../lib/gcc/nios2-elf/5.3.0/../../../../../H-x86_64-mingw32/nios2-elf/lib\libc.a(lib_a-readr.o)
 .data          0x000000000000b0a8        0x0 c:/intelfpga/17.1/nios2eds/bin/gnu/h-x86_64-mingw32/bin/../lib/gcc/nios2-elf/5.3.0\libgcc.a(lib2-divmod.o)
 .data          0x000000000000b0a8        0x0 ../ip_test_bsp/\libhal_bsp.a(alt_exit.o)
 .data          0x000000000000b0a8        0x0 ../ip_test_bsp/\libhal_bsp.a(alt_fstat.o)
 .data          0x000000000000b0a8        0x0 ../ip_test_bsp/\libhal_bsp.a(alt_isatty.o)
 .data          0x000000000000b0a8        0x0 ../ip_test_bsp/\libhal_bsp.a(alt_lseek.o)
 .data          0x000000000000b0a8        0x0 ../ip_test_bsp/\libhal_bsp.a(alt_malloc_lock.o)
 .data          0x000000000000b0a8        0x0 ../ip_test_bsp/\libhal_bsp.a(alt_read.o)
 .data          0x000000000000b0a8        0x0 ../ip_test_bsp/\libhal_bsp.a(alt_sbrk.o)
 .data          0x000000000000b0a8        0x0 ../ip_test_bsp/\libhal_bsp.a(alt_write.o)
                0x00000000000130a8                _gp = ABSOLUTE ((. + 0x8000))
                [!provide]                        PROVIDE (gp, _gp)
 *(.rwdata .rwdata.*)
 *(.sdata .sdata.* .gnu.linkonce.s.*)
 .sdata         0x000000000000b0a8        0x8 obj/default/main.o
                0x000000000000b0a8                KEY_ptr
                0x000000000000b0ac                EFFECT_ptr
 .sdata         0x000000000000b0b0        0x4 ../ip_test_bsp/\libhal_bsp.a(alt_irq_vars.o)
                0x000000000000b0b0                alt_priority_mask
 .sdata         0x000000000000b0b4       0x14 ../ip_test_bsp/\libhal_bsp.a(alt_dev.o)
                0x000000000000b0b4                alt_fs_list
                0x000000000000b0bc                alt_dev_list
                0x000000000000b0c4                alt_max_fd
 .sdata         0x000000000000b0c8        0x4 ../ip_test_bsp/\libhal_bsp.a(alt_errno.o)
                0x000000000000b0c8                alt_errno
 .sdata         0x000000000000b0cc        0x8 ../ip_test_bsp/\libhal_bsp.a(alt_flash_dev.o)
                0x000000000000b0cc                alt_flash_dev_list
 .sdata         0x000000000000b0d4        0x8 ../ip_test_bsp/\libhal_bsp.a(alt_tick.o)
                0x000000000000b0d4                alt_alarm_list
 .sdata._global_impure_ptr
                0x000000000000b0dc        0x4 c:/intelfpga/17.1/nios2eds/bin/gnu/h-x86_64-mingw32/bin/../lib/gcc/nios2-elf/5.3.0/../../../../../H-x86_64-mingw32/nios2-elf/lib\libc.a(lib_a-impure.o)
                0x000000000000b0dc                _global_impure_ptr
 .sdata._impure_ptr
                0x000000000000b0e0        0x4 c:/intelfpga/17.1/nios2eds/bin/gnu/h-x86_64-mingw32/bin/../lib/gcc/nios2-elf/5.3.0/../../../../../H-x86_64-mingw32/nios2-elf/lib\libc.a(lib_a-impure.o)
                0x000000000000b0e0                _impure_ptr
 .sdata.__malloc_sbrk_base
                0x000000000000b0e4        0x4 c:/intelfpga/17.1/nios2eds/bin/gnu/h-x86_64-mingw32/bin/../lib/gcc/nios2-elf/5.3.0/../../../../../H-x86_64-mingw32/nios2-elf/lib\libc.a(lib_a-mallocr.o)
                0x000000000000b0e4                __malloc_sbrk_base
 .sdata.__malloc_trim_threshold
                0x000000000000b0e8        0x4 c:/intelfpga/17.1/nios2eds/bin/gnu/h-x86_64-mingw32/bin/../lib/gcc/nios2-elf/5.3.0/../../../../../H-x86_64-mingw32/nios2-elf/lib\libc.a(lib_a-mallocr.o)
                0x000000000000b0e8                __malloc_trim_threshold
 .sdata         0x000000000000b0ec        0x4 ../ip_test_bsp/\libhal_bsp.a(alt_sbrk.o)
 *(.sdata2 .sdata2.* .gnu.linkonce.s2.*)
                0x000000000000b0f0                . = ALIGN (0x4)
                0x000000000000b0f0                _edata = ABSOLUTE (.)
                [!provide]                        PROVIDE (edata, ABSOLUTE (.))
                0x000000000000b0f0                PROVIDE (__ram_rwdata_end, ABSOLUTE (.))
                0x000000000000b0f0                PROVIDE (__flash_rwdata_start, LOADADDR (.rwdata))

.bss            0x000000000000cf40      0x154
                0x000000000000cf40                __bss_start = ABSOLUTE (.)
                [!provide]                        PROVIDE (__sbss_start, ABSOLUTE (.))
                [!provide]                        PROVIDE (___sbss_start, ABSOLUTE (.))
 *(.dynsbss)
 *(.sbss .sbss.* .gnu.linkonce.sb.*)
 .sbss          0x000000000000cf40        0x4 ../ip_test_bsp/\libhal_bsp.a(alt_irq_vars.o)
                0x000000000000cf40                alt_irq_active
 .sbss          0x000000000000cf44        0xc ../ip_test_bsp/\libhal_bsp.a(alt_main.o)
                0x000000000000cf44                alt_argc
                0x000000000000cf48                alt_argv
                0x000000000000cf4c                alt_envp
 .sbss          0x000000000000cf50        0x8 ../ip_test_bsp/\libhal_bsp.a(alt_tick.o)
                0x000000000000cf50                _alt_tick_rate
                0x000000000000cf54                _alt_nticks
 .sbss          0x000000000000cf58        0x4 ../ip_test_bsp/\libhal_bsp.a(alt_instruction_exception_entry.o)
                0x000000000000cf58                alt_instruction_exception_handler
 .sbss          0x000000000000cf5c        0x4 c:/intelfpga/17.1/nios2eds/bin/gnu/h-x86_64-mingw32/bin/../lib/gcc/nios2-elf/5.3.0/../../../../../H-x86_64-mingw32/nios2-elf/lib\libc.a(lib_a-int_errno.o)
                0x000000000000cf5c                errno
 .sbss.__malloc_max_total_mem
                0x000000000000cf60        0x4 c:/intelfpga/17.1/nios2eds/bin/gnu/h-x86_64-mingw32/bin/../lib/gcc/nios2-elf/5.3.0/../../../../../H-x86_64-mingw32/nios2-elf/lib\libc.a(lib_a-mallocr.o)
                0x000000000000cf60                __malloc_max_total_mem
 .sbss.__malloc_max_sbrked_mem
                0x000000000000cf64        0x4 c:/intelfpga/17.1/nios2eds/bin/gnu/h-x86_64-mingw32/bin/../lib/gcc/nios2-elf/5.3.0/../../../../../H-x86_64-mingw32/nios2-elf/lib\libc.a(lib_a-mallocr.o)
                0x000000000000cf64                __malloc_max_sbrked_mem
 .sbss.__malloc_top_pad
                0x000000000000cf68        0x4 c:/intelfpga/17.1/nios2eds/bin/gnu/h-x86_64-mingw32/bin/../lib/gcc/nios2-elf/5.3.0/../../../../../H-x86_64-mingw32/nios2-elf/lib\libc.a(lib_a-mallocr.o)
                0x000000000000cf68                __malloc_top_pad
 *(.sbss2 .sbss2.* .gnu.linkonce.sb2.*)
 *(.scommon)
                [!provide]                        PROVIDE (__sbss_end, ABSOLUTE (.))
                [!provide]                        PROVIDE (___sbss_end, ABSOLUTE (.))
 *(.dynbss)
 *(.bss .bss.* .gnu.linkonce.b.*)
 .bss           0x000000000000cf6c        0x0 ../ip_test_bsp//obj/HAL/src/crt0.o
 .bss           0x000000000000cf6c        0x0 obj/default/main.o
 .bss           0x000000000000cf6c        0x0 ../ip_test_bsp/\libhal_bsp.a(alt_irq_register.o)
 .bss           0x000000000000cf6c        0x0 ../ip_test_bsp/\libhal_bsp.a(alt_irq_vars.o)
 .bss           0x000000000000cf6c        0x0 ../ip_test_bsp/\libhal_bsp.a(alt_load.o)
 .bss           0x000000000000cf6c        0x0 ../ip_test_bsp/\libhal_bsp.a(alt_main.o)
 .bss           0x000000000000cf6c        0x0 ../ip_test_bsp/\libhal_bsp.a(alt_printf.o)
 .bss           0x000000000000cf6c        0x0 ../ip_test_bsp/\libhal_bsp.a(alt_putchar.o)
 .bss           0x000000000000cf6c        0x0 ../ip_test_bsp/\libhal_bsp.a(alt_sys_init.o)
 .bss           0x000000000000cf6c        0x0 ../ip_test_bsp/\libhal_bsp.a(altera_avalon_cfi_flash.o)
 .bss           0x000000000000cf6c        0x0 ../ip_test_bsp/\libhal_bsp.a(altera_avalon_cfi_flash_table.o)
 .bss           0x000000000000cf6c        0x0 ../ip_test_bsp/\libhal_bsp.a(altera_avalon_jtag_uart_fd.o)
 .bss           0x000000000000cf6c        0x0 ../ip_test_bsp/\libhal_bsp.a(altera_avalon_jtag_uart_init.o)
 .bss           0x000000000000cf6c        0x0 ../ip_test_bsp/\libhal_bsp.a(altera_avalon_jtag_uart_ioctl.o)
 .bss           0x000000000000cf6c        0x0 ../ip_test_bsp/\libhal_bsp.a(altera_avalon_jtag_uart_read.o)
 .bss           0x000000000000cf6c        0x0 ../ip_test_bsp/\libhal_bsp.a(altera_avalon_jtag_uart_write.o)
 .bss           0x000000000000cf6c        0x0 ../ip_test_bsp/\libhal_bsp.a(altera_avalon_timer_sc.o)
 .bss           0x000000000000cf6c        0x0 ../ip_test_bsp/\libhal_bsp.a(altera_up_avalon_character_lcd.o)
 .bss           0x000000000000cf6c        0x0 ../ip_test_bsp/\libhal_bsp.a(altera_up_avalon_ps2.o)
 .bss           0x000000000000cf6c        0x0 ../ip_test_bsp/\libhal_bsp.a(altera_up_avalon_rs232.o)
 .bss           0x000000000000cf6c        0x0 ../ip_test_bsp/\libhal_bsp.a(altera_up_avalon_video_character_buffer_with_dma.o)
 .bss           0x000000000000cf6c        0x0 ../ip_test_bsp/\libhal_bsp.a(alt_alarm_start.o)
 .bss           0x000000000000cf6c        0x0 ../ip_test_bsp/\libhal_bsp.a(alt_close.o)
 .bss           0x000000000000cf6c        0x0 ../ip_test_bsp/\libhal_bsp.a(alt_dcache_flush.o)
 .bss           0x000000000000cf6c        0x0 ../ip_test_bsp/\libhal_bsp.a(alt_dcache_flush_all.o)
 .bss           0x000000000000cf6c        0x0 ../ip_test_bsp/\libhal_bsp.a(alt_dev.o)
 .bss           0x000000000000cf6c        0x0 ../ip_test_bsp/\libhal_bsp.a(alt_dev_llist_insert.o)
 .bss           0x000000000000cf6c        0x0 ../ip_test_bsp/\libhal_bsp.a(alt_do_ctors.o)
 .bss           0x000000000000cf6c        0x0 ../ip_test_bsp/\libhal_bsp.a(alt_do_dtors.o)
 .bss           0x000000000000cf6c        0x0 ../ip_test_bsp/\libhal_bsp.a(alt_errno.o)
 .bss           0x000000000000cf6c        0x0 ../ip_test_bsp/\libhal_bsp.a(alt_find_dev.o)
 .bss           0x000000000000cf6c        0x0 ../ip_test_bsp/\libhal_bsp.a(alt_flash_dev.o)
 .bss           0x000000000000cf6c        0x0 ../ip_test_bsp/\libhal_bsp.a(alt_icache_flush_all.o)
 .bss           0x000000000000cf6c        0x0 ../ip_test_bsp/\libhal_bsp.a(alt_io_redirect.o)
 .bss           0x000000000000cf6c        0x0 ../ip_test_bsp/\libhal_bsp.a(alt_irq_entry.o)
 .bss           0x000000000000cf6c        0x0 ../ip_test_bsp/\libhal_bsp.a(alt_irq_handler.o)
 .bss           0x000000000000cf6c        0x0 ../ip_test_bsp/\libhal_bsp.a(alt_open.o)
 .bss           0x000000000000cf6c        0x0 ../ip_test_bsp/\libhal_bsp.a(alt_release_fd.o)
 .bss           0x000000000000cf6c        0x0 ../ip_test_bsp/\libhal_bsp.a(alt_tick.o)
 .bss           0x000000000000cf6c        0x0 ../ip_test_bsp/\libhal_bsp.a(altera_nios2_gen2_irq.o)
 .bss           0x000000000000cf6c        0x0 ../ip_test_bsp/\libhal_bsp.a(altera_avalon_cfi_flash_amd.o)
 .bss           0x000000000000cf6c        0x0 ../ip_test_bsp/\libhal_bsp.a(altera_avalon_cfi_flash_intel.o)
 .bss           0x000000000000cf6c        0x0 ../ip_test_bsp/\libhal_bsp.a(alt_exception_entry.o)
 .bss           0x000000000000cf6c        0x0 ../ip_test_bsp/\libhal_bsp.a(alt_find_file.o)
 .bss           0x000000000000cf6c        0x0 ../ip_test_bsp/\libhal_bsp.a(alt_get_fd.o)
 .bss           0x000000000000cf6c        0x0 ../ip_test_bsp/\libhal_bsp.a(alt_icache_flush.o)
 .bss           0x000000000000cf6c        0x0 ../ip_test_bsp/\libhal_bsp.a(alt_instruction_exception_entry.o)
 .bss           0x000000000000cf6c        0x0 ../ip_test_bsp/\libhal_bsp.a(alt_usleep.o)
 .bss           0x000000000000cf6c        0x0 ../ip_test_bsp/\libhal_bsp.a(alt_busy_sleep.o)
 .bss           0x000000000000cf6c        0x0 c:/intelfpga/17.1/nios2eds/bin/gnu/h-x86_64-mingw32/bin/../lib/gcc/nios2-elf/5.3.0/../../../../../H-x86_64-mingw32/nios2-elf/lib\libc.a(lib_a-atexit.o)
 .bss           0x000000000000cf6c        0x0 c:/intelfpga/17.1/nios2eds/bin/gnu/h-x86_64-mingw32/bin/../lib/gcc/nios2-elf/5.3.0/../../../../../H-x86_64-mingw32/nios2-elf/lib\libc.a(lib_a-exit.o)
 .bss           0x000000000000cf6c        0x0 c:/intelfpga/17.1/nios2eds/bin/gnu/h-x86_64-mingw32/bin/../lib/gcc/nios2-elf/5.3.0/../../../../../H-x86_64-mingw32/nios2-elf/lib\libc.a(lib_a-impure.o)
 .bss           0x000000000000cf6c        0x0 c:/intelfpga/17.1/nios2eds/bin/gnu/h-x86_64-mingw32/bin/../lib/gcc/nios2-elf/5.3.0/../../../../../H-x86_64-mingw32/nios2-elf/lib\libc.a(lib_a-int_errno.o)
 .bss           0x000000000000cf6c        0x0 c:/intelfpga/17.1/nios2eds/bin/gnu/h-x86_64-mingw32/bin/../lib/gcc/nios2-elf/5.3.0/../../../../../H-x86_64-mingw32/nios2-elf/lib\libc.a(lib_a-memcmp.o)
 .bss           0x000000000000cf6c        0x0 c:/intelfpga/17.1/nios2eds/bin/gnu/h-x86_64-mingw32/bin/../lib/gcc/nios2-elf/5.3.0/../../../../../H-x86_64-mingw32/nios2-elf/lib\libc.a(lib_a-memcpy.o)
 .bss           0x000000000000cf6c        0x0 c:/intelfpga/17.1/nios2eds/bin/gnu/h-x86_64-mingw32/bin/../lib/gcc/nios2-elf/5.3.0/../../../../../H-x86_64-mingw32/nios2-elf/lib\libc.a(lib_a-putc.o)
 .bss           0x000000000000cf6c        0x0 c:/intelfpga/17.1/nios2eds/bin/gnu/h-x86_64-mingw32/bin/../lib/gcc/nios2-elf/5.3.0/../../../../../H-x86_64-mingw32/nios2-elf/lib\libc.a(lib_a-strcmp.o)
 .bss           0x000000000000cf6c        0x0 c:/intelfpga/17.1/nios2eds/bin/gnu/h-x86_64-mingw32/bin/../lib/gcc/nios2-elf/5.3.0/../../../../../H-x86_64-mingw32/nios2-elf/lib\libc.a(lib_a-strlen.o)
 .bss           0x000000000000cf6c        0x0 c:/intelfpga/17.1/nios2eds/bin/gnu/h-x86_64-mingw32/bin/../lib/gcc/nios2-elf/5.3.0/../../../../../H-x86_64-mingw32/nios2-elf/lib\libc.a(lib_a-wbuf.o)
 .bss           0x000000000000cf6c        0x0 c:/intelfpga/17.1/nios2eds/bin/gnu/h-x86_64-mingw32/bin/../lib/gcc/nios2-elf/5.3.0/../../../../../H-x86_64-mingw32/nios2-elf/lib\libc.a(lib_a-wsetup.o)
 .bss           0x000000000000cf6c        0x0 c:/intelfpga/17.1/nios2eds/bin/gnu/h-x86_64-mingw32/bin/../lib/gcc/nios2-elf/5.3.0/../../../../../H-x86_64-mingw32/nios2-elf/lib\libc.a(lib_a-__atexit.o)
 .bss           0x000000000000cf6c        0x0 c:/intelfpga/17.1/nios2eds/bin/gnu/h-x86_64-mingw32/bin/../lib/gcc/nios2-elf/5.3.0/../../../../../H-x86_64-mingw32/nios2-elf/lib\libc.a(lib_a-__call_atexit.o)
 .bss           0x000000000000cf6c        0x0 c:/intelfpga/17.1/nios2eds/bin/gnu/h-x86_64-mingw32/bin/../lib/gcc/nios2-elf/5.3.0/../../../../../H-x86_64-mingw32/nios2-elf/lib\libc.a(lib_a-fflush.o)
 .bss           0x000000000000cf6c        0x0 c:/intelfpga/17.1/nios2eds/bin/gnu/h-x86_64-mingw32/bin/../lib/gcc/nios2-elf/5.3.0/../../../../../H-x86_64-mingw32/nios2-elf/lib\libc.a(lib_a-findfp.o)
 .bss           0x000000000000cf6c        0x0 c:/intelfpga/17.1/nios2eds/bin/gnu/h-x86_64-mingw32/bin/../lib/gcc/nios2-elf/5.3.0/../../../../../H-x86_64-mingw32/nios2-elf/lib\libc.a(lib_a-freer.o)
 .bss           0x000000000000cf6c        0x0 c:/intelfpga/17.1/nios2eds/bin/gnu/h-x86_64-mingw32/bin/../lib/gcc/nios2-elf/5.3.0/../../../../../H-x86_64-mingw32/nios2-elf/lib\libc.a(lib_a-fwalk.o)
 .bss           0x000000000000cf6c        0x0 c:/intelfpga/17.1/nios2eds/bin/gnu/h-x86_64-mingw32/bin/../lib/gcc/nios2-elf/5.3.0/../../../../../H-x86_64-mingw32/nios2-elf/lib\libc.a(lib_a-makebuf.o)
 .bss           0x000000000000cf6c        0x0 c:/intelfpga/17.1/nios2eds/bin/gnu/h-x86_64-mingw32/bin/../lib/gcc/nios2-elf/5.3.0/../../../../../H-x86_64-mingw32/nios2-elf/lib\libc.a(lib_a-mallocr.o)
 .bss.__malloc_current_mallinfo
                0x000000000000cf6c       0x28 c:/intelfpga/17.1/nios2eds/bin/gnu/h-x86_64-mingw32/bin/../lib/gcc/nios2-elf/5.3.0/../../../../../H-x86_64-mingw32/nios2-elf/lib\libc.a(lib_a-mallocr.o)
                0x000000000000cf6c                __malloc_current_mallinfo
 .bss           0x000000000000cf94        0x0 c:/intelfpga/17.1/nios2eds/bin/gnu/h-x86_64-mingw32/bin/../lib/gcc/nios2-elf/5.3.0/../../../../../H-x86_64-mingw32/nios2-elf/lib\libc.a(lib_a-memset.o)
 .bss           0x000000000000cf94        0x0 c:/intelfpga/17.1/nios2eds/bin/gnu/h-x86_64-mingw32/bin/../lib/gcc/nios2-elf/5.3.0/../../../../../H-x86_64-mingw32/nios2-elf/lib\libc.a(lib_a-sbrkr.o)
 .bss           0x000000000000cf94        0x0 c:/intelfpga/17.1/nios2eds/bin/gnu/h-x86_64-mingw32/bin/../lib/gcc/nios2-elf/5.3.0/../../../../../H-x86_64-mingw32/nios2-elf/lib\libc.a(lib_a-stdio.o)
 .bss           0x000000000000cf94        0x0 c:/intelfpga/17.1/nios2eds/bin/gnu/h-x86_64-mingw32/bin/../lib/gcc/nios2-elf/5.3.0/../../../../../H-x86_64-mingw32/nios2-elf/lib\libc.a(lib_a-writer.o)
 .bss           0x000000000000cf94        0x0 c:/intelfpga/17.1/nios2eds/bin/gnu/h-x86_64-mingw32/bin/../lib/gcc/nios2-elf/5.3.0/../../../../../H-x86_64-mingw32/nios2-elf/lib\libc.a(closer.o)
 .bss           0x000000000000cf94        0x0 c:/intelfpga/17.1/nios2eds/bin/gnu/h-x86_64-mingw32/bin/../lib/gcc/nios2-elf/5.3.0/../../../../../H-x86_64-mingw32/nios2-elf/lib\libc.a(lib_a-fclose.o)
 .bss           0x000000000000cf94        0x0 c:/intelfpga/17.1/nios2eds/bin/gnu/h-x86_64-mingw32/bin/../lib/gcc/nios2-elf/5.3.0/../../../../../H-x86_64-mingw32/nios2-elf/lib\libc.a(lib_a-fstatr.o)
 .bss           0x000000000000cf94        0x0 c:/intelfpga/17.1/nios2eds/bin/gnu/h-x86_64-mingw32/bin/../lib/gcc/nios2-elf/5.3.0/../../../../../H-x86_64-mingw32/nios2-elf/lib\libc.a(lib_a-isattyr.o)
 .bss           0x000000000000cf94        0x0 c:/intelfpga/17.1/nios2eds/bin/gnu/h-x86_64-mingw32/bin/../lib/gcc/nios2-elf/5.3.0/../../../../../H-x86_64-mingw32/nios2-elf/lib\libc.a(lib_a-lseekr.o)
 .bss           0x000000000000cf94        0x0 c:/intelfpga/17.1/nios2eds/bin/gnu/h-x86_64-mingw32/bin/../lib/gcc/nios2-elf/5.3.0/../../../../../H-x86_64-mingw32/nios2-elf/lib\libc.a(lib_a-readr.o)
 .bss           0x000000000000cf94        0x0 c:/intelfpga/17.1/nios2eds/bin/gnu/h-x86_64-mingw32/bin/../lib/gcc/nios2-elf/5.3.0\libgcc.a(lib2-divmod.o)
 .bss           0x000000000000cf94        0x0 ../ip_test_bsp/\libhal_bsp.a(alt_exit.o)
 .bss           0x000000000000cf94        0x0 ../ip_test_bsp/\libhal_bsp.a(alt_fstat.o)
 .bss           0x000000000000cf94        0x0 ../ip_test_bsp/\libhal_bsp.a(alt_isatty.o)
 .bss           0x000000000000cf94        0x0 ../ip_test_bsp/\libhal_bsp.a(alt_lseek.o)
 .bss           0x000000000000cf94        0x0 ../ip_test_bsp/\libhal_bsp.a(alt_malloc_lock.o)
 .bss           0x000000000000cf94        0x0 ../ip_test_bsp/\libhal_bsp.a(alt_read.o)
 .bss           0x000000000000cf94        0x0 ../ip_test_bsp/\libhal_bsp.a(alt_sbrk.o)
 .bss           0x000000000000cf94        0x0 ../ip_test_bsp/\libhal_bsp.a(alt_write.o)
 *(COMMON)
 COMMON         0x000000000000cf94      0x100 ../ip_test_bsp/\libhal_bsp.a(alt_irq_handler.o)
                0x000000000000cf94                alt_irq
                0x000000000000d094                . = ALIGN (0x4)
                0x000000000000d094                __bss_end = ABSOLUTE (.)

.sdram          0x000000000000d094        0x0
                [!provide]                        PROVIDE (_alt_partition_sdram_start, ABSOLUTE (.))
 *(.sdram .sdram. sdram.*)
                0x000000000000d094                . = ALIGN (0x4)
                [!provide]                        PROVIDE (_alt_partition_sdram_end, ABSOLUTE (.))
                0x000000000000d094                _end = ABSOLUTE (.)
                0x000000000000d094                end = ABSOLUTE (.)
                0x000000000000d094                __alt_stack_base = ABSOLUTE (.)
                [!provide]                        PROVIDE (_alt_partition_sdram_load_addr, LOADADDR (.sdram))

.flash_controller
                0x0000000008000000        0x0 load address 0x000000000000d094
                [!provide]                        PROVIDE (_alt_partition_flash_controller_start, ABSOLUTE (.))
 *(.flash_controller .flash_controller. flash_controller.*)
                0x0000000008000000                . = ALIGN (0x4)
                [!provide]                        PROVIDE (_alt_partition_flash_controller_end, ABSOLUTE (.))
                [!provide]                        PROVIDE (_alt_partition_flash_controller_load_addr, LOADADDR (.flash_controller))

.onchip_memory  0x0000000008800000        0x0 load address 0x000000000000d094
                [!provide]                        PROVIDE (_alt_partition_onchip_memory_start, ABSOLUTE (.))
 *(.onchip_memory .onchip_memory. onchip_memory.*)
                0x0000000008800000                . = ALIGN (0x4)
                [!provide]                        PROVIDE (_alt_partition_onchip_memory_end, ABSOLUTE (.))
                [!provide]                        PROVIDE (_alt_partition_onchip_memory_load_addr, LOADADDR (.onchip_memory))

.stab
 *(.stab)

.stabstr
 *(.stabstr)

.stab.excl
 *(.stab.excl)

.stab.exclstr
 *(.stab.exclstr)

.stab.index
 *(.stab.index)

.stab.indexstr
 *(.stab.indexstr)

.comment        0x0000000000000000       0x23
 *(.comment)
 .comment       0x0000000000000000       0x23 obj/default/main.o
                                         0x24 (size before relaxing)
 .comment       0x0000000000000023       0x24 ../ip_test_bsp/\libhal_bsp.a(alt_irq_register.o)
 .comment       0x0000000000000023       0x24 ../ip_test_bsp/\libhal_bsp.a(alt_irq_vars.o)
 .comment       0x0000000000000023       0x24 ../ip_test_bsp/\libhal_bsp.a(alt_load.o)
 .comment       0x0000000000000023       0x24 ../ip_test_bsp/\libhal_bsp.a(alt_main.o)
 .comment       0x0000000000000023       0x24 ../ip_test_bsp/\libhal_bsp.a(alt_printf.o)
 .comment       0x0000000000000023       0x24 ../ip_test_bsp/\libhal_bsp.a(alt_putchar.o)
 .comment       0x0000000000000023       0x24 ../ip_test_bsp/\libhal_bsp.a(alt_sys_init.o)
 .comment       0x0000000000000023       0x24 ../ip_test_bsp/\libhal_bsp.a(altera_avalon_cfi_flash.o)
 .comment       0x0000000000000023       0x24 ../ip_test_bsp/\libhal_bsp.a(altera_avalon_cfi_flash_table.o)
 .comment       0x0000000000000023       0x24 ../ip_test_bsp/\libhal_bsp.a(altera_avalon_jtag_uart_fd.o)
 .comment       0x0000000000000023       0x24 ../ip_test_bsp/\libhal_bsp.a(altera_avalon_jtag_uart_init.o)
 .comment       0x0000000000000023       0x24 ../ip_test_bsp/\libhal_bsp.a(altera_avalon_jtag_uart_ioctl.o)
 .comment       0x0000000000000023       0x24 ../ip_test_bsp/\libhal_bsp.a(altera_avalon_jtag_uart_read.o)
 .comment       0x0000000000000023       0x24 ../ip_test_bsp/\libhal_bsp.a(altera_avalon_jtag_uart_write.o)
 .comment       0x0000000000000023       0x24 ../ip_test_bsp/\libhal_bsp.a(altera_avalon_timer_sc.o)
 .comment       0x0000000000000023       0x24 ../ip_test_bsp/\libhal_bsp.a(altera_up_avalon_character_lcd.o)
 .comment       0x0000000000000023       0x24 ../ip_test_bsp/\libhal_bsp.a(altera_up_avalon_ps2.o)
 .comment       0x0000000000000023       0x24 ../ip_test_bsp/\libhal_bsp.a(altera_up_avalon_rs232.o)
 .comment       0x0000000000000023       0x24 ../ip_test_bsp/\libhal_bsp.a(altera_up_avalon_video_character_buffer_with_dma.o)
 .comment       0x0000000000000023       0x24 ../ip_test_bsp/\libhal_bsp.a(alt_alarm_start.o)
 .comment       0x0000000000000023       0x24 ../ip_test_bsp/\libhal_bsp.a(alt_close.o)
 .comment       0x0000000000000023       0x24 ../ip_test_bsp/\libhal_bsp.a(alt_dcache_flush.o)
 .comment       0x0000000000000023       0x24 ../ip_test_bsp/\libhal_bsp.a(alt_dcache_flush_all.o)
 .comment       0x0000000000000023       0x24 ../ip_test_bsp/\libhal_bsp.a(alt_dev.o)
 .comment       0x0000000000000023       0x24 ../ip_test_bsp/\libhal_bsp.a(alt_dev_llist_insert.o)
 .comment       0x0000000000000023       0x24 ../ip_test_bsp/\libhal_bsp.a(alt_do_ctors.o)
 .comment       0x0000000000000023       0x24 ../ip_test_bsp/\libhal_bsp.a(alt_do_dtors.o)
 .comment       0x0000000000000023       0x24 ../ip_test_bsp/\libhal_bsp.a(alt_errno.o)
 .comment       0x0000000000000023       0x24 ../ip_test_bsp/\libhal_bsp.a(alt_find_dev.o)
 .comment       0x0000000000000023       0x24 ../ip_test_bsp/\libhal_bsp.a(alt_flash_dev.o)
 .comment       0x0000000000000023       0x24 ../ip_test_bsp/\libhal_bsp.a(alt_icache_flush_all.o)
 .comment       0x0000000000000023       0x24 ../ip_test_bsp/\libhal_bsp.a(alt_io_redirect.o)
 .comment       0x0000000000000023       0x24 ../ip_test_bsp/\libhal_bsp.a(alt_irq_handler.o)
 .comment       0x0000000000000023       0x24 ../ip_test_bsp/\libhal_bsp.a(alt_open.o)
 .comment       0x0000000000000023       0x24 ../ip_test_bsp/\libhal_bsp.a(alt_release_fd.o)
 .comment       0x0000000000000023       0x24 ../ip_test_bsp/\libhal_bsp.a(alt_tick.o)
 .comment       0x0000000000000023       0x24 ../ip_test_bsp/\libhal_bsp.a(altera_nios2_gen2_irq.o)
 .comment       0x0000000000000023       0x24 ../ip_test_bsp/\libhal_bsp.a(altera_avalon_cfi_flash_amd.o)
 .comment       0x0000000000000023       0x24 ../ip_test_bsp/\libhal_bsp.a(altera_avalon_cfi_flash_intel.o)
 .comment       0x0000000000000023       0x24 ../ip_test_bsp/\libhal_bsp.a(alt_find_file.o)
 .comment       0x0000000000000023       0x24 ../ip_test_bsp/\libhal_bsp.a(alt_get_fd.o)
 .comment       0x0000000000000023       0x24 ../ip_test_bsp/\libhal_bsp.a(alt_icache_flush.o)
 .comment       0x0000000000000023       0x24 ../ip_test_bsp/\libhal_bsp.a(alt_instruction_exception_entry.o)
 .comment       0x0000000000000023       0x24 ../ip_test_bsp/\libhal_bsp.a(alt_usleep.o)
 .comment       0x0000000000000023       0x24 ../ip_test_bsp/\libhal_bsp.a(alt_busy_sleep.o)
 .comment       0x0000000000000023       0x24 c:/intelfpga/17.1/nios2eds/bin/gnu/h-x86_64-mingw32/bin/../lib/gcc/nios2-elf/5.3.0/../../../../../H-x86_64-mingw32/nios2-elf/lib\libc.a(lib_a-atexit.o)
 .comment       0x0000000000000023       0x24 c:/intelfpga/17.1/nios2eds/bin/gnu/h-x86_64-mingw32/bin/../lib/gcc/nios2-elf/5.3.0/../../../../../H-x86_64-mingw32/nios2-elf/lib\libc.a(lib_a-exit.o)
 .comment       0x0000000000000023       0x24 c:/intelfpga/17.1/nios2eds/bin/gnu/h-x86_64-mingw32/bin/../lib/gcc/nios2-elf/5.3.0/../../../../../H-x86_64-mingw32/nios2-elf/lib\libc.a(lib_a-impure.o)
 .comment       0x0000000000000023       0x24 c:/intelfpga/17.1/nios2eds/bin/gnu/h-x86_64-mingw32/bin/../lib/gcc/nios2-elf/5.3.0/../../../../../H-x86_64-mingw32/nios2-elf/lib\libc.a(lib_a-int_errno.o)
 .comment       0x0000000000000023       0x24 c:/intelfpga/17.1/nios2eds/bin/gnu/h-x86_64-mingw32/bin/../lib/gcc/nios2-elf/5.3.0/../../../../../H-x86_64-mingw32/nios2-elf/lib\libc.a(lib_a-memcmp.o)
 .comment       0x0000000000000023       0x24 c:/intelfpga/17.1/nios2eds/bin/gnu/h-x86_64-mingw32/bin/../lib/gcc/nios2-elf/5.3.0/../../../../../H-x86_64-mingw32/nios2-elf/lib\libc.a(lib_a-memcpy.o)
 .comment       0x0000000000000023       0x24 c:/intelfpga/17.1/nios2eds/bin/gnu/h-x86_64-mingw32/bin/../lib/gcc/nios2-elf/5.3.0/../../../../../H-x86_64-mingw32/nios2-elf/lib\libc.a(lib_a-putc.o)
 .comment       0x0000000000000023       0x24 c:/intelfpga/17.1/nios2eds/bin/gnu/h-x86_64-mingw32/bin/../lib/gcc/nios2-elf/5.3.0/../../../../../H-x86_64-mingw32/nios2-elf/lib\libc.a(lib_a-strcmp.o)
 .comment       0x0000000000000023       0x24 c:/intelfpga/17.1/nios2eds/bin/gnu/h-x86_64-mingw32/bin/../lib/gcc/nios2-elf/5.3.0/../../../../../H-x86_64-mingw32/nios2-elf/lib\libc.a(lib_a-strlen.o)
 .comment       0x0000000000000023       0x24 c:/intelfpga/17.1/nios2eds/bin/gnu/h-x86_64-mingw32/bin/../lib/gcc/nios2-elf/5.3.0/../../../../../H-x86_64-mingw32/nios2-elf/lib\libc.a(lib_a-wbuf.o)
 .comment       0x0000000000000023       0x24 c:/intelfpga/17.1/nios2eds/bin/gnu/h-x86_64-mingw32/bin/../lib/gcc/nios2-elf/5.3.0/../../../../../H-x86_64-mingw32/nios2-elf/lib\libc.a(lib_a-wsetup.o)
 .comment       0x0000000000000023       0x24 c:/intelfpga/17.1/nios2eds/bin/gnu/h-x86_64-mingw32/bin/../lib/gcc/nios2-elf/5.3.0/../../../../../H-x86_64-mingw32/nios2-elf/lib\libc.a(lib_a-__atexit.o)
 .comment       0x0000000000000023       0x24 c:/intelfpga/17.1/nios2eds/bin/gnu/h-x86_64-mingw32/bin/../lib/gcc/nios2-elf/5.3.0/../../../../../H-x86_64-mingw32/nios2-elf/lib\libc.a(lib_a-__call_atexit.o)
 .comment       0x0000000000000023       0x24 c:/intelfpga/17.1/nios2eds/bin/gnu/h-x86_64-mingw32/bin/../lib/gcc/nios2-elf/5.3.0/../../../../../H-x86_64-mingw32/nios2-elf/lib\libc.a(lib_a-fflush.o)
 .comment       0x0000000000000023       0x24 c:/intelfpga/17.1/nios2eds/bin/gnu/h-x86_64-mingw32/bin/../lib/gcc/nios2-elf/5.3.0/../../../../../H-x86_64-mingw32/nios2-elf/lib\libc.a(lib_a-findfp.o)
 .comment       0x0000000000000023       0x24 c:/intelfpga/17.1/nios2eds/bin/gnu/h-x86_64-mingw32/bin/../lib/gcc/nios2-elf/5.3.0/../../../../../H-x86_64-mingw32/nios2-elf/lib\libc.a(lib_a-freer.o)
 .comment       0x0000000000000023       0x24 c:/intelfpga/17.1/nios2eds/bin/gnu/h-x86_64-mingw32/bin/../lib/gcc/nios2-elf/5.3.0/../../../../../H-x86_64-mingw32/nios2-elf/lib\libc.a(lib_a-fwalk.o)
 .comment       0x0000000000000023       0x24 c:/intelfpga/17.1/nios2eds/bin/gnu/h-x86_64-mingw32/bin/../lib/gcc/nios2-elf/5.3.0/../../../../../H-x86_64-mingw32/nios2-elf/lib\libc.a(lib_a-makebuf.o)
 .comment       0x0000000000000023       0x24 c:/intelfpga/17.1/nios2eds/bin/gnu/h-x86_64-mingw32/bin/../lib/gcc/nios2-elf/5.3.0/../../../../../H-x86_64-mingw32/nios2-elf/lib\libc.a(lib_a-mallocr.o)
 .comment       0x0000000000000023       0x24 c:/intelfpga/17.1/nios2eds/bin/gnu/h-x86_64-mingw32/bin/../lib/gcc/nios2-elf/5.3.0/../../../../../H-x86_64-mingw32/nios2-elf/lib\libc.a(lib_a-memset.o)
 .comment       0x0000000000000023       0x24 c:/intelfpga/17.1/nios2eds/bin/gnu/h-x86_64-mingw32/bin/../lib/gcc/nios2-elf/5.3.0/../../../../../H-x86_64-mingw32/nios2-elf/lib\libc.a(lib_a-sbrkr.o)
 .comment       0x0000000000000023       0x24 c:/intelfpga/17.1/nios2eds/bin/gnu/h-x86_64-mingw32/bin/../lib/gcc/nios2-elf/5.3.0/../../../../../H-x86_64-mingw32/nios2-elf/lib\libc.a(lib_a-stdio.o)
 .comment       0x0000000000000023       0x24 c:/intelfpga/17.1/nios2eds/bin/gnu/h-x86_64-mingw32/bin/../lib/gcc/nios2-elf/5.3.0/../../../../../H-x86_64-mingw32/nios2-elf/lib\libc.a(lib_a-writer.o)
 .comment       0x0000000000000023       0x24 c:/intelfpga/17.1/nios2eds/bin/gnu/h-x86_64-mingw32/bin/../lib/gcc/nios2-elf/5.3.0/../../../../../H-x86_64-mingw32/nios2-elf/lib\libc.a(closer.o)
 .comment       0x0000000000000023       0x24 c:/intelfpga/17.1/nios2eds/bin/gnu/h-x86_64-mingw32/bin/../lib/gcc/nios2-elf/5.3.0/../../../../../H-x86_64-mingw32/nios2-elf/lib\libc.a(lib_a-fclose.o)
 .comment       0x0000000000000023       0x24 c:/intelfpga/17.1/nios2eds/bin/gnu/h-x86_64-mingw32/bin/../lib/gcc/nios2-elf/5.3.0/../../../../../H-x86_64-mingw32/nios2-elf/lib\libc.a(lib_a-fstatr.o)
 .comment       0x0000000000000023       0x24 c:/intelfpga/17.1/nios2eds/bin/gnu/h-x86_64-mingw32/bin/../lib/gcc/nios2-elf/5.3.0/../../../../../H-x86_64-mingw32/nios2-elf/lib\libc.a(lib_a-isattyr.o)
 .comment       0x0000000000000023       0x24 c:/intelfpga/17.1/nios2eds/bin/gnu/h-x86_64-mingw32/bin/../lib/gcc/nios2-elf/5.3.0/../../../../../H-x86_64-mingw32/nios2-elf/lib\libc.a(lib_a-lseekr.o)
 .comment       0x0000000000000023       0x24 c:/intelfpga/17.1/nios2eds/bin/gnu/h-x86_64-mingw32/bin/../lib/gcc/nios2-elf/5.3.0/../../../../../H-x86_64-mingw32/nios2-elf/lib\libc.a(lib_a-readr.o)
 .comment       0x0000000000000023       0x24 c:/intelfpga/17.1/nios2eds/bin/gnu/h-x86_64-mingw32/bin/../lib/gcc/nios2-elf/5.3.0\libgcc.a(lib2-divmod.o)
 .comment       0x0000000000000023       0x24 ../ip_test_bsp/\libhal_bsp.a(alt_exit.o)
 .comment       0x0000000000000023       0x24 ../ip_test_bsp/\libhal_bsp.a(alt_fstat.o)
 .comment       0x0000000000000023       0x24 ../ip_test_bsp/\libhal_bsp.a(alt_isatty.o)
 .comment       0x0000000000000023       0x24 ../ip_test_bsp/\libhal_bsp.a(alt_lseek.o)
 .comment       0x0000000000000023       0x24 ../ip_test_bsp/\libhal_bsp.a(alt_malloc_lock.o)
 .comment       0x0000000000000023       0x24 ../ip_test_bsp/\libhal_bsp.a(alt_read.o)
 .comment       0x0000000000000023       0x24 ../ip_test_bsp/\libhal_bsp.a(alt_sbrk.o)
 .comment       0x0000000000000023       0x24 ../ip_test_bsp/\libhal_bsp.a(alt_write.o)

.debug
 *(.debug)

.line
 *(.line)

.debug_srcinfo
 *(.debug_srcinfo)

.debug_sfnames
 *(.debug_sfnames)

.debug_aranges  0x0000000000000000      0xb98
 *(.debug_aranges)
 .debug_aranges
                0x0000000000000000       0x28 ../ip_test_bsp//obj/HAL/src/crt0.o
 .debug_aranges
                0x0000000000000028       0x20 obj/default/main.o
 .debug_aranges
                0x0000000000000048       0x20 ../ip_test_bsp/\libhal_bsp.a(alt_irq_register.o)
 .debug_aranges
                0x0000000000000068       0x18 ../ip_test_bsp/\libhal_bsp.a(alt_irq_vars.o)
 .debug_aranges
                0x0000000000000080       0x20 ../ip_test_bsp/\libhal_bsp.a(alt_load.o)
 .debug_aranges
                0x00000000000000a0       0x20 ../ip_test_bsp/\libhal_bsp.a(alt_main.o)
 .debug_aranges
                0x00000000000000c0       0x20 ../ip_test_bsp/\libhal_bsp.a(alt_printf.o)
 .debug_aranges
                0x00000000000000e0       0x20 ../ip_test_bsp/\libhal_bsp.a(alt_putchar.o)
 .debug_aranges
                0x0000000000000100       0x20 ../ip_test_bsp/\libhal_bsp.a(alt_sys_init.o)
 .debug_aranges
                0x0000000000000120       0x20 ../ip_test_bsp/\libhal_bsp.a(altera_avalon_cfi_flash.o)
 .debug_aranges
                0x0000000000000140       0x20 ../ip_test_bsp/\libhal_bsp.a(altera_avalon_cfi_flash_table.o)
 .debug_aranges
                0x0000000000000160       0x20 ../ip_test_bsp/\libhal_bsp.a(altera_avalon_jtag_uart_fd.o)
 .debug_aranges
                0x0000000000000180       0x20 ../ip_test_bsp/\libhal_bsp.a(altera_avalon_jtag_uart_init.o)
 .debug_aranges
                0x00000000000001a0       0x20 ../ip_test_bsp/\libhal_bsp.a(altera_avalon_jtag_uart_ioctl.o)
 .debug_aranges
                0x00000000000001c0       0x20 ../ip_test_bsp/\libhal_bsp.a(altera_avalon_jtag_uart_read.o)
 .debug_aranges
                0x00000000000001e0       0x20 ../ip_test_bsp/\libhal_bsp.a(altera_avalon_jtag_uart_write.o)
 .debug_aranges
                0x0000000000000200       0x20 ../ip_test_bsp/\libhal_bsp.a(altera_avalon_timer_sc.o)
 .debug_aranges
                0x0000000000000220       0x20 ../ip_test_bsp/\libhal_bsp.a(altera_up_avalon_character_lcd.o)
 .debug_aranges
                0x0000000000000240       0x20 ../ip_test_bsp/\libhal_bsp.a(altera_up_avalon_ps2.o)
 .debug_aranges
                0x0000000000000260       0x20 ../ip_test_bsp/\libhal_bsp.a(altera_up_avalon_rs232.o)
 .debug_aranges
                0x0000000000000280       0x20 ../ip_test_bsp/\libhal_bsp.a(altera_up_avalon_video_character_buffer_with_dma.o)
 .debug_aranges
                0x00000000000002a0       0x20 ../ip_test_bsp/\libhal_bsp.a(alt_alarm_start.o)
 .debug_aranges
                0x00000000000002c0       0x20 ../ip_test_bsp/\libhal_bsp.a(alt_close.o)
 .debug_aranges
                0x00000000000002e0       0x20 ../ip_test_bsp/\libhal_bsp.a(alt_dcache_flush.o)
 .debug_aranges
                0x0000000000000300       0x20 ../ip_test_bsp/\libhal_bsp.a(alt_dcache_flush_all.o)
 .debug_aranges
                0x0000000000000320       0x20 ../ip_test_bsp/\libhal_bsp.a(alt_dev.o)
 .debug_aranges
                0x0000000000000340       0x20 ../ip_test_bsp/\libhal_bsp.a(alt_dev_llist_insert.o)
 .debug_aranges
                0x0000000000000360       0x20 ../ip_test_bsp/\libhal_bsp.a(alt_do_ctors.o)
 .debug_aranges
                0x0000000000000380       0x20 ../ip_test_bsp/\libhal_bsp.a(alt_do_dtors.o)
 .debug_aranges
                0x00000000000003a0       0x18 ../ip_test_bsp/\libhal_bsp.a(alt_errno.o)
 .debug_aranges
                0x00000000000003b8       0x20 ../ip_test_bsp/\libhal_bsp.a(alt_find_dev.o)
 .debug_aranges
                0x00000000000003d8       0x20 ../ip_test_bsp/\libhal_bsp.a(alt_flash_dev.o)
 .debug_aranges
                0x00000000000003f8       0x20 ../ip_test_bsp/\libhal_bsp.a(alt_icache_flush_all.o)
 .debug_aranges
                0x0000000000000418       0x20 ../ip_test_bsp/\libhal_bsp.a(alt_io_redirect.o)
 .debug_aranges
                0x0000000000000438       0x30 ../ip_test_bsp/\libhal_bsp.a(alt_irq_entry.o)
 .debug_aranges
                0x0000000000000468       0x20 ../ip_test_bsp/\libhal_bsp.a(alt_irq_handler.o)
 .debug_aranges
                0x0000000000000488       0x20 ../ip_test_bsp/\libhal_bsp.a(alt_open.o)
 .debug_aranges
                0x00000000000004a8       0x20 ../ip_test_bsp/\libhal_bsp.a(alt_release_fd.o)
 .debug_aranges
                0x00000000000004c8       0x20 ../ip_test_bsp/\libhal_bsp.a(alt_tick.o)
 .debug_aranges
                0x00000000000004e8       0x20 ../ip_test_bsp/\libhal_bsp.a(altera_nios2_gen2_irq.o)
 .debug_aranges
                0x0000000000000508       0x20 ../ip_test_bsp/\libhal_bsp.a(altera_avalon_cfi_flash_amd.o)
 .debug_aranges
                0x0000000000000528       0x20 ../ip_test_bsp/\libhal_bsp.a(altera_avalon_cfi_flash_intel.o)
 .debug_aranges
                0x0000000000000548       0x38 ../ip_test_bsp/\libhal_bsp.a(alt_exception_entry.o)
 .debug_aranges
                0x0000000000000580       0x20 ../ip_test_bsp/\libhal_bsp.a(alt_find_file.o)
 .debug_aranges
                0x00000000000005a0       0x20 ../ip_test_bsp/\libhal_bsp.a(alt_get_fd.o)
 .debug_aranges
                0x00000000000005c0       0x20 ../ip_test_bsp/\libhal_bsp.a(alt_icache_flush.o)
 .debug_aranges
                0x00000000000005e0       0x28 ../ip_test_bsp/\libhal_bsp.a(alt_instruction_exception_entry.o)
 .debug_aranges
                0x0000000000000608       0x20 ../ip_test_bsp/\libhal_bsp.a(alt_usleep.o)
 .debug_aranges
                0x0000000000000628       0x20 ../ip_test_bsp/\libhal_bsp.a(alt_busy_sleep.o)
 .debug_aranges
                0x0000000000000648       0x20 c:/intelfpga/17.1/nios2eds/bin/gnu/h-x86_64-mingw32/bin/../lib/gcc/nios2-elf/5.3.0/../../../../../H-x86_64-mingw32/nios2-elf/lib\libc.a(lib_a-atexit.o)
 .debug_aranges
                0x0000000000000668       0x20 c:/intelfpga/17.1/nios2eds/bin/gnu/h-x86_64-mingw32/bin/../lib/gcc/nios2-elf/5.3.0/../../../../../H-x86_64-mingw32/nios2-elf/lib\libc.a(lib_a-exit.o)
 .debug_aranges
                0x0000000000000688       0x18 c:/intelfpga/17.1/nios2eds/bin/gnu/h-x86_64-mingw32/bin/../lib/gcc/nios2-elf/5.3.0/../../../../../H-x86_64-mingw32/nios2-elf/lib\libc.a(lib_a-impure.o)
 .debug_aranges
                0x00000000000006a0       0x18 c:/intelfpga/17.1/nios2eds/bin/gnu/h-x86_64-mingw32/bin/../lib/gcc/nios2-elf/5.3.0/../../../../../H-x86_64-mingw32/nios2-elf/lib\libc.a(lib_a-int_errno.o)
 .debug_aranges
                0x00000000000006b8       0x20 c:/intelfpga/17.1/nios2eds/bin/gnu/h-x86_64-mingw32/bin/../lib/gcc/nios2-elf/5.3.0/../../../../../H-x86_64-mingw32/nios2-elf/lib\libc.a(lib_a-memcmp.o)
 .debug_aranges
                0x00000000000006d8       0x20 c:/intelfpga/17.1/nios2eds/bin/gnu/h-x86_64-mingw32/bin/../lib/gcc/nios2-elf/5.3.0/../../../../../H-x86_64-mingw32/nios2-elf/lib\libc.a(lib_a-memcpy.o)
 .debug_aranges
                0x00000000000006f8       0x28 c:/intelfpga/17.1/nios2eds/bin/gnu/h-x86_64-mingw32/bin/../lib/gcc/nios2-elf/5.3.0/../../../../../H-x86_64-mingw32/nios2-elf/lib\libc.a(lib_a-putc.o)
 .debug_aranges
                0x0000000000000720       0x20 c:/intelfpga/17.1/nios2eds/bin/gnu/h-x86_64-mingw32/bin/../lib/gcc/nios2-elf/5.3.0/../../../../../H-x86_64-mingw32/nios2-elf/lib\libc.a(lib_a-strcmp.o)
 .debug_aranges
                0x0000000000000740       0x20 c:/intelfpga/17.1/nios2eds/bin/gnu/h-x86_64-mingw32/bin/../lib/gcc/nios2-elf/5.3.0/../../../../../H-x86_64-mingw32/nios2-elf/lib\libc.a(lib_a-strlen.o)
 .debug_aranges
                0x0000000000000760       0x28 c:/intelfpga/17.1/nios2eds/bin/gnu/h-x86_64-mingw32/bin/../lib/gcc/nios2-elf/5.3.0/../../../../../H-x86_64-mingw32/nios2-elf/lib\libc.a(lib_a-wbuf.o)
 .debug_aranges
                0x0000000000000788       0x20 c:/intelfpga/17.1/nios2eds/bin/gnu/h-x86_64-mingw32/bin/../lib/gcc/nios2-elf/5.3.0/../../../../../H-x86_64-mingw32/nios2-elf/lib\libc.a(lib_a-wsetup.o)
 .debug_aranges
                0x00000000000007a8       0x20 c:/intelfpga/17.1/nios2eds/bin/gnu/h-x86_64-mingw32/bin/../lib/gcc/nios2-elf/5.3.0/../../../../../H-x86_64-mingw32/nios2-elf/lib\libc.a(lib_a-__atexit.o)
 .debug_aranges
                0x00000000000007c8       0x20 c:/intelfpga/17.1/nios2eds/bin/gnu/h-x86_64-mingw32/bin/../lib/gcc/nios2-elf/5.3.0/../../../../../H-x86_64-mingw32/nios2-elf/lib\libc.a(lib_a-__call_atexit.o)
 .debug_aranges
                0x00000000000007e8       0x30 c:/intelfpga/17.1/nios2eds/bin/gnu/h-x86_64-mingw32/bin/../lib/gcc/nios2-elf/5.3.0/../../../../../H-x86_64-mingw32/nios2-elf/lib\libc.a(lib_a-fflush.o)
 .debug_aranges