Archive member included to satisfy reference by file (symbol)

../ip_test_bsp/\libhal_bsp.a(alt_irq_register.o)
                              obj/default/main.o (alt_irq_register)
../ip_test_bsp/\libhal_bsp.a(alt_irq_vars.o)
                              ../ip_test_bsp/\libhal_bsp.a(alt_irq_register.o) (alt_irq_active)
../ip_test_bsp/\libhal_bsp.a(alt_load.o)
                              ../ip_test_bsp//obj/HAL/src/crt0.o (alt_load)
../ip_test_bsp/\libhal_bsp.a(alt_main.o)
                              ../ip_test_bsp//obj/HAL/src/crt0.o (alt_main)
../ip_test_bsp/\libhal_bsp.a(alt_printf.o)
                              obj/default/main.o (alt_printf)
../ip_test_bsp/\libhal_bsp.a(alt_putchar.o)
                              ../ip_test_bsp/\libhal_bsp.a(alt_printf.o) (alt_putchar)
../ip_test_bsp/\libhal_bsp.a(alt_sys_init.o)
                              ../ip_test_bsp/\libhal_bsp.a(alt_main.o) (alt_irq_init)
../ip_test_bsp/\libhal_bsp.a(altera_avalon_cfi_flash.o)
                              ../ip_test_bsp/\libhal_bsp.a(alt_sys_init.o) (alt_flash_cfi_init)
../ip_test_bsp/\libhal_bsp.a(altera_avalon_cfi_flash_table.o)
                              ../ip_test_bsp/\libhal_bsp.a(altera_avalon_cfi_flash.o) (alt_set_flash_width_func)
../ip_test_bsp/\libhal_bsp.a(altera_avalon_jtag_uart_fd.o)
                              ../ip_test_bsp/\libhal_bsp.a(alt_sys_init.o) (altera_avalon_jtag_uart_read_fd)
../ip_test_bsp/\libhal_bsp.a(altera_avalon_jtag_uart_init.o)
                              ../ip_test_bsp/\libhal_bsp.a(alt_sys_init.o) (altera_avalon_jtag_uart_init)
../ip_test_bsp/\libhal_bsp.a(altera_avalon_jtag_uart_ioctl.o)
                              ../ip_test_bsp/\libhal_bsp.a(altera_avalon_jtag_uart_fd.o) (altera_avalon_jtag_uart_ioctl)
../ip_test_bsp/\libhal_bsp.a(altera_avalon_jtag_uart_read.o)
                              ../ip_test_bsp/\libhal_bsp.a(altera_avalon_jtag_uart_fd.o) (altera_avalon_jtag_uart_read)
../ip_test_bsp/\libhal_bsp.a(altera_avalon_jtag_uart_write.o)
                              ../ip_test_bsp/\libhal_bsp.a(altera_avalon_jtag_uart_fd.o) (altera_avalon_jtag_uart_write)
../ip_test_bsp/\libhal_bsp.a(altera_avalon_timer_sc.o)
                              ../ip_test_bsp/\libhal_bsp.a(alt_sys_init.o) (alt_avalon_timer_sc_init)
../ip_test_bsp/\libhal_bsp.a(altera_up_avalon_character_lcd.o)
                              ../ip_test_bsp/\libhal_bsp.a(alt_sys_init.o) (alt_up_character_lcd_init)
../ip_test_bsp/\libhal_bsp.a(altera_up_avalon_ps2.o)
                              ../ip_test_bsp/\libhal_bsp.a(alt_sys_init.o) (alt_up_ps2_init)
../ip_test_bsp/\libhal_bsp.a(altera_up_avalon_rs232.o)
                              ../ip_test_bsp/\libhal_bsp.a(alt_sys_init.o) (alt_up_rs232_read_fd)
../ip_test_bsp/\libhal_bsp.a(altera_up_avalon_video_character_buffer_with_dma.o)
                              ../ip_test_bsp/\libhal_bsp.a(alt_sys_init.o) (alt_up_char_buffer_init)
../ip_test_bsp/\libhal_bsp.a(alt_alarm_start.o)
                              ../ip_test_bsp/\libhal_bsp.a(altera_avalon_jtag_uart_init.o) (alt_alarm_start)
../ip_test_bsp/\libhal_bsp.a(alt_close.o)
                              ../ip_test_bsp/\libhal_bsp.a(alt_main.o) (close)
../ip_test_bsp/\libhal_bsp.a(alt_dcache_flush.o)
                              ../ip_test_bsp/\libhal_bsp.a(altera_avalon_cfi_flash.o) (alt_dcache_flush)
../ip_test_bsp/\libhal_bsp.a(alt_dcache_flush_all.o)
                              ../ip_test_bsp/\libhal_bsp.a(alt_load.o) (alt_dcache_flush_all)
../ip_test_bsp/\libhal_bsp.a(alt_dev.o)
                              ../ip_test_bsp/\libhal_bsp.a(alt_sys_init.o) (alt_dev_list)
../ip_test_bsp/\libhal_bsp.a(alt_dev_llist_insert.o)
                              ../ip_test_bsp/\libhal_bsp.a(alt_sys_init.o) (alt_dev_llist_insert)
../ip_test_bsp/\libhal_bsp.a(alt_do_ctors.o)
                              ../ip_test_bsp/\libhal_bsp.a(alt_main.o) (_do_ctors)
../ip_test_bsp/\libhal_bsp.a(alt_do_dtors.o)
                              ../ip_test_bsp/\libhal_bsp.a(alt_main.o) (_do_dtors)
../ip_test_bsp/\libhal_bsp.a(alt_errno.o)
                              ../ip_test_bsp/\libhal_bsp.a(alt_close.o) (alt_errno)
../ip_test_bsp/\libhal_bsp.a(alt_find_dev.o)
                              ../ip_test_bsp/\libhal_bsp.a(altera_up_avalon_character_lcd.o) (alt_find_dev)
../ip_test_bsp/\libhal_bsp.a(alt_flash_dev.o)
                              ../ip_test_bsp/\libhal_bsp.a(altera_avalon_cfi_flash.o) (alt_flash_dev_list)
../ip_test_bsp/\libhal_bsp.a(alt_icache_flush_all.o)
                              ../ip_test_bsp/\libhal_bsp.a(alt_load.o) (alt_icache_flush_all)
../ip_test_bsp/\libhal_bsp.a(alt_io_redirect.o)
                              ../ip_test_bsp/\libhal_bsp.a(alt_main.o) (alt_io_redirect)
../ip_test_bsp/\libhal_bsp.a(alt_irq_entry.o)
                              ../ip_test_bsp/\libhal_bsp.a(alt_irq_register.o) (alt_irq_entry)
../ip_test_bsp/\libhal_bsp.a(alt_irq_handler.o)
[...]
Memory Configuration

Name             Origin             Length             Attributes
reset            0x0000000000000000 0x0000000000000020
sdram            0x0000000000000020 0x0000000007ffffe0
flash_controller 0x0000000008000000 0x0000000000800000
onchip_memory    0x0000000008800000 0x0000000000008000
*default*        0x0000000000000000 0xffffffffffffffff

Linker script and memory map

LOAD ../ip_test_bsp//obj/HAL/src/crt0.o
LOAD obj/default/main.o
LOAD c:/intelfpga/17.1/nios2eds/bin/gnu/h-x86_64-mingw32/bin/../lib/gcc/nios2-elf/5.3.0/../../../../../H-x86_64-mingw32/nios2-elf/lib\libstdc++.a
LOAD c:/intelfpga/17.1/nios2eds/bin/gnu/h-x86_64-mingw32/bin/../lib/gcc/nios2-elf/5.3.0/../../../../../H-x86_64-mingw32/nios2-elf/lib\libm.a
LOAD c:/intelfpga/17.1/nios2eds/bin/gnu/h-x86_64-mingw32/bin/../lib/gcc/nios2-elf/5.3.0\libgcc.a
START GROUP
LOAD c:/intelfpga/17.1/nios2eds/bin/gnu/h-x86_64-mingw32/bin/../lib/gcc/nios2-elf/5.3.0/../../../../../H-x86_64-mingw32/nios2-elf/lib\libc.a
LOAD c:/intelfpga/17.1/nios2eds/bin/gnu/h-x86_64-mingw32/bin/../lib/gcc/nios2-elf/5.3.0\libgcc.a
LOAD ../ip_test_bsp/\libhal_bsp.a
LOAD c:/intelfpga/17.1/nios2eds/bin/gnu/h-x86_64-mingw32/bin/../lib/gcc/nios2-elf/5.3.0/../../../../../H-x86_64-mingw32/nios2-elf/lib\libm.a
END GROUP
LOAD c:/intelfpga/17.1/nios2eds/bin/gnu/h-x86_64-mingw32/bin/../lib/gcc/nios2-elf/5.3.0\libgcc.a
                0x0000000000000000                __alt_mem_sdram = 0x0
                0x0000000008000000                __alt_mem_flash_controller = 0x8000000
                0x0000000008800000                __alt_mem_onchip_memory = 0x8800000

.entry          0x0000000000000000       0x20
 *(.entry)
 .entry         0x0000000000000000       0x20 ../ip_test_bsp//obj/HAL/src/crt0.o
                0x0000000000000000                __reset

.exceptions     0x0000000000000020      0x228
                0x0000000000000020                PROVIDE (__ram_exceptions_start, ABSOLUTE (.))
                0x0000000000000020                . = ALIGN (0x20)
 *(.irq)
 *(.exceptions.entry.label)
 .exceptions.entry.label
                0x0000000000000020        0x0 ../ip_test_bsp/\libhal_bsp.a(alt_irq_entry.o)
                0x0000000000000020                alt_irq_entry
 .exceptions.entry.label
                0x0000000000000020        0x0 ../ip_test_bsp/\libhal_bsp.a(alt_exception_entry.o)
                0x0000000000000020                alt_exception
 *(.exceptions.entry.user)
 *(.exceptions.entry.ecc_fatal)
 *(.exceptions.entry)
 .exceptions.entry
                0x0000000000000020       0x54 ../ip_test_bsp/\libhal_bsp.a(alt_exception_entry.o)
 *(.exceptions.irqtest.user)
 *(.exceptions.irqtest)
 .exceptions.irqtest
                0x0000000000000074       0x10 ../ip_test_bsp/\libhal_bsp.a(alt_irq_entry.o)
 *(.exceptions.irqhandler.user)
 *(.exceptions.irqhandler)
 .exceptions.irqhandler
                0x0000000000000084        0x4 ../ip_test_bsp/\libhal_bsp.a(alt_irq_entry.o)
 *(.exceptions.irqreturn.user)
 *(.exceptions.irqreturn)
 .exceptions.irqreturn
                0x0000000000000088        0x4 ../ip_test_bsp/\libhal_bsp.a(alt_irq_entry.o)
 *(.exceptions.notirq.label)
 .exceptions.notirq.label
                0x000000000000008c        0x0 ../ip_test_bsp/\libhal_bsp.a(alt_irq_entry.o)
 *(.exceptions.notirq.user)
 *(.exceptions.notirq)
 .exceptions.notirq
                0x000000000000008c        0x8 ../ip_test_bsp/\libhal_bsp.a(alt_exception_entry.o)
 *(.exceptions.soft.user)
 *(.exceptions.soft)
 *(.exceptions.unknown.user)
 *(.exceptions.unknown)
 .exceptions.unknown
                0x0000000000000094       0x14 ../ip_test_bsp/\libhal_bsp.a(alt_exception_entry.o)
 *(.exceptions.exit.label)
 .exceptions.exit.label
                0x00000000000000a8        0x0 ../ip_test_bsp/\libhal_bsp.a(alt_irq_entry.o)
 .exceptions.exit.label
                0x00000000000000a8        0x0 ../ip_test_bsp/\libhal_bsp.a(alt_exception_entry.o)
 *(.exceptions.exit.user)
 *(.exceptions.exit)
 .exceptions.exit
                0x00000000000000a8       0x54 ../ip_test_bsp/\libhal_bsp.a(alt_exception_entry.o)
 *(.exceptions)
 .exceptions    0x00000000000000fc       0xd8 ../ip_test_bsp/\libhal_bsp.a(alt_irq_handler.o)
                0x00000000000000fc                alt_irq_handler
 .exceptions    0x00000000000001d4       0x74 ../ip_test_bsp/\libhal_bsp.a(alt_instruction_exception_entry.o)
                0x00000000000001d4                alt_instruction_exception_entry
                0x0000000000000248                PROVIDE (__ram_exceptions_end, ABSOLUTE (.))
                0x0000000000000020                PROVIDE (__flash_exceptions_start, LOADADDR (.exceptions))

.text           0x0000000000000248     0x8e28
                [!provide]                        PROVIDE (stext, ABSOLUTE (.))
 *(.interp)
 *(.hash)
 *(.dynsym)
 *(.dynstr)
 *(.gnu.version)
 *(.gnu.version_d)
 *(.gnu.version_r)
 *(.rel.init)
 *(.rela.init)
 *(.rel.text .rel.text.* .rel.gnu.linkonce.t.*)
 *(.rela.text .rela.text.* .rela.gnu.linkonce.t.*)
 *(.rel.fini)
 *(.rela.fini)
 *(.rel.rodata .rel.rodata.* .rel.gnu.linkonce.r.*)
 *(.rela.rodata .rela.rodata.* .rela.gnu.linkonce.r.*)
 *(.rel.data .rel.data.* .rel.gnu.linkonce.d.*)
 *(.rela.data .rela.data.* .rela.gnu.linkonce.d.*)
 *(.rel.tdata .rel.tdata.* .rel.gnu.linkonce.td.*)
 *(.rela.tdata .rela.tdata.* .rela.gnu.linkonce.td.*)
 *(.rel.tbss .rel.tbss.* .rel.gnu.linkonce.tb.*)
 *(.rela.tbss .rela.tbss.* .rela.gnu.linkonce.tb.*)
 *(.rel.ctors)
 *(.rela.ctors)
 *(.rel.dtors)
 *(.rela.dtors)
 *(.rel.got)
 *(.rela.got)
 *(.rel.sdata .rel.sdata.* .rel.gnu.linkonce.s.*)
 *(.rela.sdata .rela.sdata.* .rela.gnu.linkonce.s.*)
 *(.rel.sbss .rel.sbss.* .rel.gnu.linkonce.sb.*)
 *(.rela.sbss .rela.sbss.* .rela.gnu.linkonce.sb.*)
 *(.rel.sdata2 .rel.sdata2.* .rel.gnu.linkonce.s2.*)
 *(.rela.sdata2 .rela.sdata2.* .rela.gnu.linkonce.s2.*)
 *(.rel.sbss2 .rel.sbss2.* .rel.gnu.linkonce.sb2.*)
 *(.rela.sbss2 .rela.sbss2.* .rela.gnu.linkonce.sb2.*)
 *(.rel.bss .rel.bss.* .rel.gnu.linkonce.b.*)
 *(.rela.bss .rela.bss.* .rela.gnu.linkonce.b.*)
 *(.rel.plt)
 *(.rela.plt)
 *(.rel.dyn)
 *(.init)
 *(.plt)
 *(.text .stub .text.* .gnu.linkonce.t.*)
 .text          0x0000000000000248       0x4c ../ip_test_bsp//obj/HAL/src/crt0.o
                0x0000000000000248                _start
 .text          0x0000000000000294      0x2e4 obj/default/main.o
                0x0000000000000294                pushbutton_isr
                0x00000000000004fc                main
 .text          0x0000000000000578      0x180 ../ip_test_bsp/\libhal_bsp.a(alt_irq_register.o)
                0x0000000000000578                alt_irq_register
 .text          0x00000000000006f8        0x0 ../ip_test_bsp/\libhal_bsp.a(alt_irq_vars.o)
 .text          0x00000000000006f8       0xec ../ip_test_bsp/\libhal_bsp.a(alt_load.o)
                0x0000000000000760                alt_load
 .text          0x00000000000007e4       0x7c ../ip_test_bsp/\libhal_bsp.a(alt_main.o)
                0x00000000000007e4                alt_main
 .text          0x0000000000000860      0x22c ../ip_test_bsp/\libhal_bsp.a(alt_printf.o)
                0x0000000000000860                alt_printf
 .text          0x0000000000000a8c       0x3c ../ip_test_bsp/\libhal_bsp.a(alt_putchar.o)
                0x0000000000000a8c                alt_putchar
 .text          0x0000000000000ac8      0x440 ../ip_test_bsp/\libhal_bsp.a(alt_sys_init.o)
                0x0000000000000afc                alt_irq_init
                0x0000000000000b34                alt_sys_init
 .text          0x0000000000000f08      0x898 ../ip_test_bsp/\libhal_bsp.a(altera_avalon_cfi_flash.o)
                0x0000000000000f3c                alt_flash_cfi_init
                0x0000000000000fcc                alt_flash_cfi_write
                0x0000000000001274                alt_flash_cfi_get_info
                0x0000000000001300                alt_flash_cfi_read
                0x0000000000001364                alt_write_value_to_flash
                0x00000000000014c0                alt_flash_program_block
 .text          0x00000000000017a0     0x1448 ../ip_test_bsp/\libhal_bsp.a(altera_avalon_cfi_flash_table.o)
                0x00000000000017a0                alt_read_query_entry_8bit
                0x00000000000017dc                alt_read_query_entry_16bit
                0x000000000000181c                alt_read_query_entry_32bit
                0x000000000000185c                alt_write_flash_command_8bit_device_8bit_mode
                0x00000000000018a0                alt_write_flash_command_16bit_device_8bit_mode
                0x0000000000001918                alt_write_flash_command_32bit_device_8bit_mode
                0x0000000000001968                alt_write_flash_command_16bit_device_16bit_mode
                0x00000000000019b4                alt_write_flash_command_32bit_device_16bit_mode
                0x0000000000001a04                alt_write_flash_command_32bit_device_32bit_mode
                0x0000000000001a54                alt_write_native_8bit
                0x0000000000001a8c                alt_write_native_16bit
                0x0000000000001ac4                alt_write_native_32bit
                0x0000000000001af8                alt_set_flash_width_func
                0x0000000000001cbc                alt_set_flash_algorithm_func
                0x0000000000001dd8                alt_read_cfi_table
                0x00000000000023a0                alt_read_cfi_width
                0x0000000000002b10                alt_check_primary_table
 .text          0x0000000000002be8      0x164 ../ip_test_bsp/\libhal_bsp.a(altera_avalon_jtag_uart_fd.o)
                0x0000000000002be8                altera_avalon_jtag_uart_read_fd
                0x0000000000002c48                altera_avalon_jtag_uart_write_fd
                0x0000000000002ca8                altera_avalon_jtag_uart_close_fd
                0x0000000000002cf8                altera_avalon_jtag_uart_ioctl_fd
 .text          0x0000000000002d4c      0x3cc ../ip_test_bsp/\libhal_bsp.a(altera_avalon_jtag_uart_init.o)
                0x0000000000002d4c                altera_avalon_jtag_uart_init
                0x00000000000030b0                altera_avalon_jtag_uart_close
 .text          0x0000000000003118       0xf0 ../ip_test_bsp/\libhal_bsp.a(altera_avalon_jtag_uart_ioctl.o)
                0x0000000000003118                altera_avalon_jtag_uart_ioctl
 .text          0x0000000000003208      0x21c ../ip_test_bsp/\libhal_bsp.a(altera_avalon_jtag_uart_read.o)
                0x0000000000003208                altera_avalon_jtag_uart_read
 .text          0x0000000000003424      0x224 ../ip_test_bsp/\libhal_bsp.a(altera_avalon_jtag_uart_write.o)
                0x0000000000003424                altera_avalon_jtag_uart_write
 .text          0x0000000000003648       0xf0 ../ip_test_bsp/\libhal_bsp.a(altera_avalon_timer_sc.o)
                0x00000000000036c4                alt_avalon_timer_sc_init
 .text          0x0000000000003738      0x4f4 ../ip_test_bsp/\libhal_bsp.a(altera_up_avalon_character_lcd.o)
                0x0000000000003738                get_DDRAM_addr
                0x00000000000037ac                alt_up_character_lcd_send_cmd
                0x00000000000037ec                alt_up_character_lcd_init
                0x0000000000003824                alt_up_character_lcd_open_dev
                0x0000000000003860                alt_up_character_lcd_write
                0x00000000000038dc                alt_up_character_lcd_string
                0x0000000000003954                alt_up_character_lcd_write_fd
                0x00000000000039a4                alt_up_character_lcd_set_cursor_pos
                0x0000000000003a18                alt_up_character_lcd_shift_cursor
                0x0000000000003aa4                alt_up_character_lcd_shift_display
                0x0000000000003b30                alt_up_character_lcd_erase_pos
                0x0000000000003bbc                alt_up_character_lcd_cursor_off
                0x0000000000003bf4                alt_up_character_lcd_cursor_blink_on
 .text          0x0000000000003c2c      0x6b0 ../ip_test_bsp/\libhal_bsp.a(altera_up_avalon_ps2.o)
                0x0000000000003c2c                read_RI_bit
                0x0000000000003c60                read_RE_bit
                0x0000000000003c90                read_CE_bit
                0x0000000000003cc4                read_num_bytes_available
                0x0000000000003cf4                read_data_valid
                0x0000000000003d28                read_data_byte
                0x0000000000003d54                alt_up_ps2_init
                0x0000000000003e1c                alt_up_ps2_enable_read_interrupt
                0x0000000000003e78                alt_up_ps2_disable_read_interrupt
                0x0000000000003ed8                alt_up_ps2_write_data_byte
                0x0000000000003f4c                alt_up_ps2_wait_for_ack
                0x0000000000003fb4                alt_up_ps2_write_data_byte_with_ack
                0x0000000000004018                alt_up_ps2_read_data_byte_timeout
                0x00000000000040b4                alt_up_ps2_read_data_byte
                0x0000000000004124                alt_up_ps2_clear_fifo
                0x000000000000417c                alt_up_ps2_read_fd
                0x0000000000004208                alt_up_ps2_write_fd
                0x00000000000042a0                alt_up_ps2_open_dev
 .text          0x00000000000042dc      0x390 ../ip_test_bsp/\libhal_bsp.a(altera_up_avalon_rs232.o)
                0x00000000000042dc                alt_up_rs232_enable_read_interrupt
                0x0000000000004338                alt_up_rs232_disable_read_interrupt
                0x0000000000004398                alt_up_rs232_get_used_space_in_read_FIFO
                0x00000000000043d8                alt_up_rs232_get_available_space_in_write_FIFO
                0x0000000000004414                alt_up_rs232_check_parity
                0x0000000000004458                alt_up_rs232_write_data
                0x0000000000004498                alt_up_rs232_read_data
                0x000000000000450c                alt_up_rs232_read_fd
                0x000000000000459c                alt_up_rs232_write_fd
                0x0000000000004630                alt_up_rs232_open_dev
 .text          0x000000000000466c      0x2e0 ../ip_test_bsp/\libhal_bsp.a(altera_up_avalon_video_character_buffer_with_dma.o)
                0x000000000000466c                alt_up_char_buffer_init
                0x00000000000046ec                alt_up_char_buffer_open_dev
                0x0000000000004728                alt_up_char_buffer_draw
                0x00000000000047f4                alt_up_char_buffer_string
                0x00000000000048f0                alt_up_char_buffer_clear
 .text          0x000000000000494c      0x12c ../ip_test_bsp/\libhal_bsp.a(alt_alarm_start.o)
                0x000000000000494c                alt_alarm_start
 .text          0x0000000000004a78      0x10c ../ip_test_bsp/\libhal_bsp.a(alt_close.o)
                0x0000000000004ab4                close
 .text          0x0000000000004b84       0x78 ../ip_test_bsp/\libhal_bsp.a(alt_dcache_flush.o)
                0x0000000000004b84                alt_dcache_flush
 .text          0x0000000000004bfc       0x48 ../ip_test_bsp/\libhal_bsp.a(alt_dcache_flush_all.o)
                0x0000000000004bfc                alt_dcache_flush_all
 .text          0x0000000000004c44       0x2c ../ip_test_bsp/\libhal_bsp.a(alt_dev.o)
 .text          0x0000000000004c70       0xe0 ../ip_test_bsp/\libhal_bsp.a(alt_dev_llist_insert.o)
                0x0000000000004cac                alt_dev_llist_insert
 .text          0x0000000000004d50       0x60 ../ip_test_bsp/\libhal_bsp.a(alt_do_ctors.o)
                0x0000000000004d50                _do_ctors
 .text          0x0000000000004db0       0x60 ../ip_test_bsp/\libhal_bsp.a(alt_do_dtors.o)
                0x0000000000004db0                _do_dtors
 .text          0x0000000000004e10        0x0 ../ip_test_bsp/\libhal_bsp.a(alt_errno.o)
 .text          0x0000000000004e10       0x90 ../ip_test_bsp/\libhal_bsp.a(alt_find_dev.o)
                0x0000000000004e10                alt_find_dev
 .text          0x0000000000004ea0       0xbc ../ip_test_bsp/\libhal_bsp.a(alt_flash_dev.o)
                0x0000000000004ea0                alt_flash_open_dev
                0x0000000000004f08                alt_flash_close_dev
 .text          0x0000000000004f5c       0x34 ../ip_test_bsp/\libhal_bsp.a(alt_icache_flush_all.o)
                0x0000000000004f5c                alt_icache_flush_all
 .text          0x0000000000004f90      0x140 ../ip_test_bsp/\libhal_bsp.a(alt_io_redirect.o)
                0x0000000000005054                alt_io_redirect
 .text          0x00000000000050d0        0x0 ../ip_test_bsp/\libhal_bsp.a(alt_irq_entry.o)
 .text          0x00000000000050d0        0x0 ../ip_test_bsp/\libhal_bsp.a(alt_irq_handler.o)
 .text          0x00000000000050d0      0x254 ../ip_test_bsp/\libhal_bsp.a(alt_open.o)
                0x00000000000051d0                open
 .text          0x0000000000005324       0x64 ../ip_test_bsp/\libhal_bsp.a(alt_release_fd.o)
                0x0000000000005324                alt_release_fd
 .text          0x0000000000005388      0x1a4 ../ip_test_bsp/\libhal_bsp.a(alt_tick.o)
                0x0000000000005388                alt_alarm_stop
                0x0000000000005424                alt_tick
 .text          0x000000000000552c       0x24 ../ip_test_bsp/\libhal_bsp.a(altera_nios2_gen2_irq.o)
                0x000000000000552c                altera_nios2_gen2_irq_init
 .text          0x0000000000005550      0x460 ../ip_test_bsp/\libhal_bsp.a(altera_avalon_cfi_flash_amd.o)
                0x0000000000005550                alt_program_amd
                0x00000000000055b8                alt_erase_block_amd
 .text          0x00000000000059b0      0x45c ../ip_test_bsp/\libhal_bsp.a(altera_avalon_cfi_flash_intel.o)
                0x00000000000059b0                alt_program_intel
                0x0000000000005a30                alt_erase_block_intel
 .text          0x0000000000005e0c        0x0 ../ip_test_bsp/\libhal_bsp.a(alt_exception_entry.o)
 .text          0x0000000000005e0c      0x108 ../ip_test_bsp/\libhal_bsp.a(alt_find_file.o)
                0x0000000000005e0c                alt_find_file
 .text          0x0000000000005f14       0xa4 ../ip_test_bsp/\libhal_bsp.a(alt_get_fd.o)
                0x0000000000005f14                alt_get_fd
 .text          0x0000000000005fb8       0x90 ../ip_test_bsp/\libhal_bsp.a(alt_icache_flush.o)
                0x0000000000005fb8                alt_icache_flush
 .text          0x0000000000006048       0x9c ../ip_test_bsp/\libhal_bsp.a(alt_instruction_exception_entry.o)
                0x0000000000006048                alt_exception_cause_generated_bad_addr
 .text          0x00000000000060e4       0x30 ../ip_test_bsp/\libhal_bsp.a(alt_usleep.o)
                0x00000000000060e4                usleep
 .text          0x0000000000006114      0x158 ../ip_test_bsp/\libhal_bsp.a(alt_busy_sleep.o)
                0x0000000000006114                alt_busy_sleep
 .text          0x000000000000626c        0x0 c:/intelfpga/17.1/nios2eds/bin/gnu/h-x86_64-mingw32/bin/../lib/gcc/nios2-elf/5.3.0/../../../../../H-x86_64-mingw32/nios2-elf/lib\libc.a(lib_a-atexit.o)
 .text.atexit   0x000000000000626c       0x14 c:/intelfpga/17.1/nios2eds/bin/gnu/h-x86_64-mingw32/bin/../lib/gcc/nios2-elf/5.3.0/../../../../../H-x86_64-mingw32/nios2-elf/lib\libc.a(lib_a-atexit.o)
                0x000000000000626c                atexit
 .text          0x0000000000006280        0x0 c:/intelfpga/17.1/nios2eds/bin/gnu/h-x86_64-mingw32/bin/../lib/gcc/nios2-elf/5.3.0/../../../../../H-x86_64-mingw32/nios2-elf/lib\libc.a(lib_a-exit.o)
 .text.exit     0x0000000000006280       0x38 c:/intelfpga/17.1/nios2eds/bin/gnu/h-x86_64-mingw32/bin/../lib/gcc/nios2-elf/5.3.0/../../../../../H-x86_64-mingw32/nios2-elf/lib\libc.a(lib_a-exit.o)
                0x0000000000006280                exit
 .text          0x00000000000062b8        0x0 c:/intelfpga/17.1/nios2eds/bin/gnu/h-x86_64-mingw32/bin/../lib/gcc/nios2-elf/5.3.0/../../../../../H-x86_64-mingw32/nios2-elf/lib\libc.a(lib_a-impure.o)
 .text          0x00000000000062b8        0x0 c:/intelfpga/17.1/nios2eds/bin/gnu/h-x86_64-mingw32/bin/../lib/gcc/nios2-elf/5.3.0/../../../../../H-x86_64-mingw32/nios2-elf/lib\libc.a(lib_a-int_errno.o)
 .text          0x00000000000062b8        0x0 c:/intelfpga/17.1/nios2eds/bin/gnu/h-x86_64-mingw32/bin/../lib/gcc/nios2-elf/5.3.0/../../../../../H-x86_64-mingw32/nios2-elf/lib\libc.a(lib_a-memcmp.o)
 .text.memcmp   0x00000000000062b8       0x7c c:/intelfpga/17.1/nios2eds/bin/gnu/h-x86_64-mingw32/bin/../lib/gcc/nios2-elf/5.3.0/../../../../../H-x86_64-mingw32/nios2-elf/lib\libc.a(lib_a-memcmp.o)
                0x00000000000062b8                memcmp
 .text          0x0000000000006334        0x0 c:/intelfpga/17.1/nios2eds/bin/gnu/h-x86_64-mingw32/bin/../lib/gcc/nios2-elf/5.3.0/../../../../../H-x86_64-mingw32/nios2-elf/lib\libc.a(lib_a-memcpy.o)
 .text.memcpy   0x0000000000006334      0x148 c:/intelfpga/17.1/nios2eds/bin/gnu/h-x86_64-mingw32/bin/../lib/gcc/nios2-elf/5.3.0/../../../../../H-x86_64-mingw32/nios2-elf/lib\libc.a(lib_a-memcpy.o)
                0x0000000000006334                memcpy
 .text          0x000000000000647c        0x0 c:/intelfpga/17.1/nios2eds/bin/gnu/h-x86_64-mingw32/bin/../lib/gcc/nios2-elf/5.3.0/../../../../../H-x86_64-mingw32/nios2-elf/lib\libc.a(lib_a-putc.o)
 .text._putc_r  0x000000000000647c       0xa0 c:/intelfpga/17.1/nios2eds/bin/gnu/h-x86_64-mingw32/bin/../lib/gcc/nios2-elf/5.3.0/../../../../../H-x86_64-mingw32/nios2-elf/lib\libc.a(lib_a-putc.o)
                0x000000000000647c                _putc_r
 .text.putc     0x000000000000651c       0xc8 c:/intelfpga/17.1/nios2eds/bin/gnu/h-x86_64-mingw32/bin/../lib/gcc/nios2-elf/5.3.0/../../../../../H-x86_64-mingw32/nios2-elf/lib\libc.a(lib_a-putc.o)
                0x000000000000651c                putc
 .text          0x00000000000065e4        0x0 c:/intelfpga/17.1/nios2eds/bin/gnu/h-x86_64-mingw32/bin/../lib/gcc/nios2-elf/5.3.0/../../../../../H-x86_64-mingw32/nios2-elf/lib\libc.a(lib_a-strcmp.o)
 .text.strcmp   0x00000000000065e4       0xdc c:/intelfpga/17.1/nios2eds/bin/gnu/h-x86_64-mingw32/bin/../lib/gcc/nios2-elf/5.3.0/../../../../../H-x86_64-mingw32/nios2-elf/lib\libc.a(lib_a-strcmp.o)
                0x00000000000065e4                strcmp
 .text          0x00000000000066c0        0x0 c:/intelfpga/17.1/nios2eds/bin/gnu/h-x86_64-mingw32/bin/../lib/gcc/nios2-elf/5.3.0/../../../../../H-x86_64-mingw32/nios2-elf/lib\libc.a(lib_a-strlen.o)
 .text.strlen   0x00000000000066c0       0x98 c:/intelfpga/17.1/nios2eds/bin/gnu/h-x86_64-mingw32/bin/../lib/gcc/nios2-elf/5.3.0/../../../../../H-x86_64-mingw32/nios2-elf/lib\libc.a(lib_a-strlen.o)
                0x00000000000066c0                strlen
 .text          0x0000000000006758        0x0 c:/intelfpga/17.1/nios2eds/bin/gnu/h-x86_64-mingw32/bin/../lib/gcc/nios2-elf/5.3.0/../../../../../H-x86_64-mingw32/nios2-elf/lib\libc.a(lib_a-wbuf.o)
 .text.__swbuf_r
                0x0000000000006758      0x140 c:/intelfpga/17.1/nios2eds/bin/gnu/h-x86_64-mingw32/bin/../lib/gcc/nios2-elf/5.3.0/../../../../../H-x86_64-mingw32/nios2-elf/lib\libc.a(lib_a-wbuf.o)
                0x0000000000006758                __swbuf_r
 .text.__swbuf  0x0000000000006898       0x18 c:/intelfpga/17.1/nios2eds/bin/gnu/h-x86_64-mingw32/bin/../lib/gcc/nios2-elf/5.3.0/../../../../../H-x86_64-mingw32/nios2-elf/lib\libc.a(lib_a-wbuf.o)
                0x0000000000006898                __swbuf
 .text          0x00000000000068b0        0x0 c:/intelfpga/17.1/nios2eds/bin/gnu/h-x86_64-mingw32/bin/../lib/gcc/nios2-elf/5.3.0/../../../../../H-x86_64-mingw32/nios2-elf/lib\libc.a(lib_a-wsetup.o)
 .text.__swsetup_r
                0x00000000000068b0      0x154 c:/intelfpga/17.1/nios2eds/bin/gnu/h-x86_64-mingw32/bin/../lib/gcc/nios2-elf/5.3.0/../../../../../H-x86_64-mingw32/nios2-elf/lib\libc.a(lib_a-wsetup.o)
                0x00000000000068b0                __swsetup_r
 .text          0x0000000000006a04        0x0 c:/intelfpga/17.1/nios2eds/bin/gnu/h-x86_64-mingw32/bin/../lib/gcc/nios2-elf/5.3.0/../../../../../H-x86_64-mingw32/nios2-elf/lib\libc.a(lib_a-__atexit.o)
 .text.__register_exitproc
                0x0000000000006a04      0x118 c:/intelfpga/17.1/nios2eds/bin/gnu/h-x86_64-mingw32/bin/../lib/gcc/nios2-elf/5.3.0/../../../../../H-x86_64-mingw32/nios2-elf/lib\libc.a(lib_a-__atexit.o)
                0x0000000000006a04                __register_exitproc
 .text          0x0000000000006b1c        0x0 c:/intelfpga/17.1/nios2eds/bin/gnu/h-x86_64-mingw32/bin/../lib/gcc/nios2-elf/5.3.0/../../../../../H-x86_64-mingw32/nios2-elf/lib\libc.a(lib_a-__call_atexit.o)
 .text.__call_exitprocs
                0x0000000000006b1c      0x180 c:/intelfpga/17.1/nios2eds/bin/gnu/h-x86_64-mingw32/bin/../lib/gcc/nios2-elf/5.3.0/../../../../../H-x86_64-mingw32/nios2-elf/lib\libc.a(lib_a-__call_atexit.o)
                0x0000000000006b1c                __call_exitprocs
 .text          0x0000000000006c9c        0x0 c:/intelfpga/17.1/nios2eds/bin/gnu/h-x86_64-mingw32/bin/../lib/gcc/nios2-elf/5.3.0/../../../../../H-x86_64-mingw32/nios2-elf/lib\libc.a(lib_a-fflush.o)
 .text.__sflush_r
                0x0000000000006c9c      0x21c c:/intelfpga/17.1/nios2eds/bin/gnu/h-x86_64-mingw32/bin/../lib/gcc/nios2-elf/5.3.0/../../../../../H-x86_64-mingw32/nios2-elf/lib\libc.a(lib_a-fflush.o)
                0x0000000000006c9c                __sflush_r
 .text._fflush_r
                0x0000000000006eb8       0x5c c:/intelfpga/17.1/nios2eds/bin/gnu/h-x86_64-mingw32/bin/../lib/gcc/nios2-elf/5.3.0/../../../../../H-x86_64-mingw32/nios2-elf/lib\libc.a(lib_a-fflush.o)
                0x0000000000006eb8                _fflush_r
 .text.fflush   0x0000000000006f14       0x30 c:/intelfpga/17.1/nios2eds/bin/gnu/h-x86_64-mingw32/bin/../lib/gcc/nios2-elf/5.3.0/../../../../../H-x86_64-mingw32/nios2-elf/lib\libc.a(lib_a-fflush.o)
                0x0000000000006f14                fflush
 .text          0x0000000000006f44        0x0 c:/intelfpga/17.1/nios2eds/bin/gnu/h-x86_64-mingw32/bin/../lib/gcc/nios2-elf/5.3.0/../../../../../H-x86_64-mingw32/nios2-elf/lib\libc.a(lib_a-findfp.o)
 .text.__fp_unlock
                0x0000000000006f44        0x8 c:/intelfpga/17.1/nios2eds/bin/gnu/h-x86_64-mingw32/bin/../lib/gcc/nios2-elf/5.3.0/../../../../../H-x86_64-mingw32/nios2-elf/lib\libc.a(lib_a-findfp.o)
 .text._cleanup_r
                0x0000000000006f4c        0xc c:/intelfpga/17.1/nios2eds/bin/gnu/h-x86_64-mingw32/bin/../lib/gcc/nios2-elf/5.3.0/../../../../../H-x86_64-mingw32/nios2-elf/lib\libc.a(lib_a-findfp.o)
                0x0000000000006f4c                _cleanup_r
 .text.__sinit.part.1
                0x0000000000006f58      0x19c c:/intelfpga/17.1/nios2eds/bin/gnu/h-x86_64-mingw32/bin/../lib/gcc/nios2-elf/5.3.0/../../../../../H-x86_64-mingw32/nios2-elf/lib\libc.a(lib_a-findfp.o)
 .text.__fp_lock
                0x00000000000070f4        0x8 c:/intelfpga/17.1/nios2eds/bin/gnu/h-x86_64-mingw32/bin/../lib/gcc/nios2-elf/5.3.0/../../../../../H-x86_64-mingw32/nios2-elf/lib\libc.a(lib_a-findfp.o)
 .text.__sfmoreglue
                0x00000000000070fc       0x68 c:/intelfpga/17.1/nios2eds/bin/gnu/h-x86_64-mingw32/bin/../lib/gcc/nios2-elf/5.3.0/../../../../../H-x86_64-mingw32/nios2-elf/lib\libc.a(lib_a-findfp.o)
                0x00000000000070fc                __sfmoreglue
 .text.__sfp    0x0000000000007164      0x118 c:/intelfpga/17.1/nios2eds/bin/gnu/h-x86_64-mingw32/bin/../lib/gcc/nios2-elf/5.3.0/../../../../../H-x86_64-mingw32/nios2-elf/lib\libc.a(lib_a-findfp.o)
                0x0000000000007164                __sfp
 .text._cleanup
                0x000000000000727c       0x18 c:/intelfpga/17.1/nios2eds/bin/gnu/h-x86_64-mingw32/bin/../lib/gcc/nios2-elf/5.3.0/../../../../../H-x86_64-mingw32/nios2-elf/lib\libc.a(lib_a-findfp.o)
                0x000000000000727c                _cleanup
 .text.__sinit  0x0000000000007294       0x10 c:/intelfpga/17.1/nios2eds/bin/gnu/h-x86_64-mingw32/bin/../lib/gcc/nios2-elf/5.3.0/../../../../../H-x86_64-mingw32/nios2-elf/lib\libc.a(lib_a-findfp.o)
                0x0000000000007294                __sinit
 .text.__sfp_lock_acquire
                0x00000000000072a4        0x4 c:/intelfpga/17.1/nios2eds/bin/gnu/h-x86_64-mingw32/bin/../lib/gcc/nios2-elf/5.3.0/../../../../../H-x86_64-mingw32/nios2-elf/lib\libc.a(lib_a-findfp.o)
                0x00000000000072a4                __sfp_lock_acquire
 .text.__sfp_lock_release
                0x00000000000072a8        0x4 c:/intelfpga/17.1/nios2eds/bin/gnu/h-x86_64-mingw32/bin/../lib/gcc/nios2-elf/5.3.0/../../../../../H-x86_64-mingw32/nios2-elf/lib\libc.a(lib_a-findfp.o)
                0x00000000000072a8                __sfp_lock_release
 .text.__sinit_lock_acquire
                0x00000000000072ac        0x4 c:/intelfpga/17.1/nios2eds/bin/gnu/h-x86_64-mingw32/bin/../lib/gcc/nios2-elf/5.3.0/../../../../../H-x86_64-mingw32/nios2-elf/lib\libc.a(lib_a-findfp.o)
                0x00000000000072ac                __sinit_lock_acquire
 .text.__sinit_lock_release
                0x00000000000072b0        0x4 c:/intelfpga/17.1/nios2eds/bin/gnu/h-x86_64-mingw32/bin/../lib/gcc/nios2-elf/5.3.0/../../../../../H-x86_64-mingw32/nios2-elf/lib\libc.a(lib_a-findfp.o)
                0x00000000000072b0                __sinit_lock_release
 .text.__fp_lock_all
                0x00000000000072b4       0x18 c:/intelfpga/17.1/nios2eds/bin/gnu/h-x86_64-mingw32/bin/../lib/gcc/nios2-elf/5.3.0/../../../../../H-x86_64-mingw32/nios2-elf/lib\libc.a(lib_a-findfp.o)
                0x00000000000072b4                __fp_lock_all
 .text.__fp_unlock_all
                0x00000000000072cc       0x18 c:/intelfpga/17.1/nios2eds/bin/gnu/h-x86_64-mingw32/bin/../lib/gcc/nios2-elf/5.3.0/../../../../../H-x86_64-mingw32/nios2-elf/lib\libc.a(lib_a-findfp.o)
                0x00000000000072cc                __fp_unlock_all
 .text          0x00000000000072e4        0x0 c:/intelfpga/17.1/nios2eds/bin/gnu/h-x86_64-mingw32/bin/../lib/gcc/nios2-elf/5.3.0/../../../../../H-x86_64-mingw32/nios2-elf/lib\libc.a(lib_a-freer.o)
 .text._malloc_trim_r
                0x00000000000072e4      0x124 c:/intelfpga/17.1/nios2eds/bin/gnu/h-x86_64-mingw32/bin/../lib/gcc/nios2-elf/5.3.0/../../../../../H-x86_64-mingw32/nios2-elf/lib\libc.a(lib_a-freer.o)
                0x00000000000072e4                _malloc_trim_r
 .text._free_r  0x0000000000007408      0x310 c:/intelfpga/17.1/nios2eds/bin/gnu/h-x86_64-mingw32/bin/../lib/gcc/nios2-elf/5.3.0/../../../../../H-x86_64-mingw32/nios2-elf/lib\libc.a(lib_a-freer.o)
                0x0000000000007408                _free_r
 .text          0x0000000000007718        0x0 c:/intelfpga/17.1/nios2eds/bin/gnu/h-x86_64-mingw32/bin/../lib/gcc/nios2-elf/5.3.0/../../../../../H-x86_64-mingw32/nios2-elf/lib\libc.a(lib_a-fwalk.o)
 .text._fwalk   0x0000000000007718       0xc4 c:/intelfpga/17.1/nios2eds/bin/gnu/h-x86_64-mingw32/bin/../lib/gcc/nios2-elf/5.3.0/../../../../../H-x86_64-mingw32/nios2-elf/lib\libc.a(lib_a-fwalk.o)
                0x0000000000007718                _fwalk
 .text._fwalk_reent
                0x00000000000077dc       0xc4 c:/intelfpga/17.1/nios2eds/bin/gnu/h-x86_64-mingw32/bin/../lib/gcc/nios2-elf/5.3.0/../../../../../H-x86_64-mingw32/nios2-elf/lib\libc.a(lib_a-fwalk.o)
                0x00000000000077dc                _fwalk_reent
 .text          0x00000000000078a0        0x0 c:/intelfpga/17.1/nios2eds/bin/gnu/h-x86_64-mingw32/bin/../lib/gcc/nios2-elf/5.3.0/../../../../../H-x86_64-mingw32/nios2-elf/lib\libc.a(lib_a-makebuf.o)
 .text.__smakebuf_r
                0x00000000000078a0      0x1bc c:/intelfpga/17.1/nios2eds/bin/gnu/h-x86_64-mingw32/bin/../lib/gcc/nios2-elf/5.3.0/../../../../../H-x86_64-mingw32/nios2-elf/lib\libc.a(lib_a-makebuf.o)
                0x00000000000078a0                __smakebuf_r
 .text          0x0000000000007a5c        0x0 c:/intelfpga/17.1/nios2eds/bin/gnu/h-x86_64-mingw32/bin/../lib/gcc/nios2-elf/5.3.0/../../../../../H-x86_64-mingw32/nios2-elf/lib\libc.a(lib_a-mallocr.o)
 .text._malloc_r
                0x0000000000007a5c      0x80c c:/intelfpga/17.1/nios2eds/bin/gnu/h-x86_64-mingw32/bin/../lib/gcc/nios2-elf/5.3.0/../../../../../H-x86_64-mingw32/nios2-elf/lib\libc.a(lib_a-mallocr.o)
                0x0000000000007a5c                _malloc_r
 .text          0x0000000000008268        0x0 c:/intelfpga/17.1/nios2eds/bin/gnu/h-x86_64-mingw32/bin/../lib/gcc/nios2-elf/5.3.0/../../../../../H-x86_64-mingw32/nios2-elf/lib\libc.a(lib_a-memset.o)
 .text.memset   0x0000000000008268      0x128 c:/intelfpga/17.1/nios2eds/bin/gnu/h-x86_64-mingw32/bin/../lib/gcc/nios2-elf/5.3.0/../../../../../H-x86_64-mingw32/nios2-elf/lib\libc.a(lib_a-memset.o)
                0x0000000000008268                memset
 .text          0x0000000000008390        0x0 c:/intelfpga/17.1/nios2eds/bin/gnu/h-x86_64-mingw32/bin/../lib/gcc/nios2-elf/5.3.0/../../../../../H-x86_64-mingw32/nios2-elf/lib\libc.a(lib_a-sbrkr.o)
 .text._sbrk_r  0x0000000000008390       0x54 c:/intelfpga/17.1/nios2eds/bin/gnu/h-x86_64-mingw32/bin/../lib/gcc/nios2-elf/5.3.0/../../../../../H-x86_64-mingw32/nios2-elf/lib\libc.a(lib_a-sbrkr.o)
                0x0000000000008390                _sbrk_r
 .text          0x00000000000083e4        0x0 c:/intelfpga/17.1/nios2eds/bin/gnu/h-x86_64-mingw32/bin/../lib/gcc/nios2-elf/5.3.0/../../../../../H-x86_64-mingw32/nios2-elf/lib\libc.a(lib_a-stdio.o)
 .text.__sread  0x00000000000083e4       0x54 c:/intelfpga/17.1/nios2eds/bin/gnu/h-x86_64-mingw32/bin/../lib/gcc/nios2-elf/5.3.0/../../../../../H-x86_64-mingw32/nios2-elf/lib\libc.a(lib_a-stdio.o)
                0x00000000000083e4                __sread
 .text.__seofread
                0x0000000000008438        0x8 c:/intelfpga/17.1/nios2eds/bin/gnu/h-x86_64-mingw32/bin/../lib/gcc/nios2-elf/5.3.0/../../../../../H-x86_64-mingw32/nios2-elf/lib\libc.a(lib_a-stdio.o)
                0x0000000000008438                __seofread
 .text.__swrite
                0x0000000000008440       0x7c c:/intelfpga/17.1/nios2eds/bin/gnu/h-x86_64-mingw32/bin/../lib/gcc/nios2-elf/5.3.0/../../../../../H-x86_64-mingw32/nios2-elf/lib\libc.a(lib_a-stdio.o)
                0x0000000000008440                __swrite
 .text.__sseek  0x00000000000084bc       0x5c c:/intelfpga/17.1/nios2eds/bin/gnu/h-x86_64-mingw32/bin/../lib/gcc/nios2-elf/5.3.0/../../../../../H-x86_64-mingw32/nios2-elf/lib\libc.a(lib_a-stdio.o)
                0x00000000000084bc                __sseek
 .text.__sclose
                0x0000000000008518        0x8 c:/intelfpga/17.1/nios2eds/bin/gnu/h-x86_64-mingw32/bin/../lib/gcc/nios2-elf/5.3.0/../../../../../H-x86_64-mingw32/nios2-elf/lib\libc.a(lib_a-stdio.o)
                0x0000000000008518                __sclose
 .text          0x0000000000008520        0x0 c:/intelfpga/17.1/nios2eds/bin/gnu/h-x86_64-mingw32/bin/../lib/gcc/nios2-elf/5.3.0/../../../../../H-x86_64-mingw32/nios2-elf/lib\libc.a(lib_a-writer.o)
 .text._write_r
                0x0000000000008520       0x60 c:/intelfpga/17.1/nios2eds/bin/gnu/h-x86_64-mingw32/bin/../lib/gcc/nios2-elf/5.3.0/../../../../../H-x86_64-mingw32/nios2-elf/lib\libc.a(lib_a-writer.o)
                0x0000000000008520                _write_r
 .text          0x0000000000008580        0x0 c:/intelfpga/17.1/nios2eds/bin/gnu/h-x86_64-mingw32/bin/../lib/gcc/nios2-elf/5.3.0/../../../../../H-x86_64-mingw32/nios2-elf/lib\libc.a(closer.o)
 .text._close_r
                0x0000000000008580       0x54 c:/intelfpga/17.1/nios2eds/bin/gnu/h-x86_64-mingw32/bin/../lib/gcc/nios2-elf/5.3.0/../../../../../H-x86_64-mingw32/nios2-elf/lib\libc.a(closer.o)
                0x0000000000008580                _close_r
 .text          0x00000000000085d4        0x0 c:/intelfpga/17.1/nios2eds/bin/gnu/h-x86_64-mingw32/bin/../lib/gcc/nios2-elf/5.3.0/../../../../../H-x86_64-mingw32/nios2-elf/lib\libc.a(lib_a-fclose.o)
 .text._fclose_r
                0x00000000000085d4       0xf0 c:/intelfpga/17.1/nios2eds/bin/gnu/h-x86_64-mingw32/bin/../lib/gcc/nios2-elf/5.3.0/../../../../../H-x86_64-mingw32/nios2-elf/lib\libc.a(lib_a-fclose.o)
                0x00000000000085d4                _fclose_r
 .text.fclose   0x00000000000086c4       0x14 c:/intelfpga/17.1/nios2eds/bin/gnu/h-x86_64-mingw32/bin/../lib/gcc/nios2-elf/5.3.0/../../../../../H-x86_64-mingw32/nios2-elf/lib\libc.a(lib_a-fclose.o)
                0x00000000000086c4                fclose
 .text          0x00000000000086d8        0x0 c:/intelfpga/17.1/nios2eds/bin/gnu/h-x86_64-mingw32/bin/../lib/gcc/nios2-elf/5.3.0/../../../../../H-x86_64-mingw32/nios2-elf/lib\libc.a(lib_a-fstatr.o)
 .text._fstat_r
                0x00000000000086d8       0x5c c:/intelfpga/17.1/nios2eds/bin/gnu/h-x86_64-mingw32/bin/../lib/gcc/nios2-elf/5.3.0/../../../../../H-x86_64-mingw32/nios2-elf/lib\libc.a(lib_a-fstatr.o)
                0x00000000000086d8                _fstat_r
 .text          0x0000000000008734        0x0 c:/intelfpga/17.1/nios2eds/bin/gnu/h-x86_64-mingw32/bin/../lib/gcc/nios2-elf/5.3.0/../../../../../H-x86_64-mingw32/nios2-elf/lib\libc.a(lib_a-isattyr.o)
 .text._isatty_r
                0x0000000000008734       0x54 c:/intelfpga/17.1/nios2eds/bin/gnu/h-x86_64-mingw32/bin/../lib/gcc/nios2-elf/5.3.0/../../../../../H-x86_64-mingw32/nios2-elf/lib\libc.a(lib_a-isattyr.o)
                0x0000000000008734                _isatty_r
 .text          0x0000000000008788        0x0 c:/intelfpga/17.1/nios2eds/bin/gnu/h-x86_64-mingw32/bin/../lib/gcc/nios2-elf/5.3.0/../../../../../H-x86_64-mingw32/nios2-elf/lib\libc.a(lib_a-lseekr.o)
 .text._lseek_r
                0x0000000000008788       0x60 c:/intelfpga/17.1/nios2eds/bin/gnu/h-x86_64-mingw32/bin/../lib/gcc/nios2-elf/5.3.0/../../../../../H-x86_64-mingw32/nios2-elf/lib\libc.a(lib_a-lseekr.o)
                0x0000000000008788                _lseek_r
 .text          0x00000000000087e8        0x0 c:/intelfpga/17.1/nios2eds/bin/gnu/h-x86_64-mingw32/bin/../lib/gcc/nios2-elf/5.3.0/../../../../../H-x86_64-mingw32/nios2-elf/lib\libc.a(lib_a-readr.o)
 .text._read_r  0x00000000000087e8       0x60 c:/intelfpga/17.1/nios2eds/bin/gnu/h-x86_64-mingw32/bin/../lib/gcc/nios2-elf/5.3.0/../../../../../H-x86_64-mingw32/nios2-elf/lib\libc.a(lib_a-readr.o)
                0x00000000000087e8                _read_r
 .text          0x0000000000008848      0x1b4 c:/intelfpga/17.1/nios2eds/bin/gnu/h-x86_64-mingw32/bin/../lib/gcc/nios2-elf/5.3.0\libgcc.a(lib2-divmod.o)
                0x0000000000008848                __divsi3
                0x00000000000088cc                __modsi3
                0x0000000000008940                __udivsi3
                0x00000000000089a4                __umodsi3
 .text          0x00000000000089fc       0x34 ../ip_test_bsp/\libhal_bsp.a(alt_exit.o)
                0x00000000000089fc                _exit
 .text          0x0000000000008a30       0xec ../ip_test_bsp/\libhal_bsp.a(alt_fstat.o)
                0x0000000000008a6c                fstat
 .text          0x0000000000008b1c       0xe0 ../ip_test_bsp/\libhal_bsp.a(alt_isatty.o)
                0x0000000000008b58                isatty
 .text          0x0000000000008bfc      0x110 ../ip_test_bsp/\libhal_bsp.a(alt_lseek.o)
                0x0000000000008c38                lseek
 .text          0x0000000000008d0c       0x48 ../ip_test_bsp/\libhal_bsp.a(alt_malloc_lock.o)
                0x0000000000008d0c                __malloc_lock
                0x0000000000008d30                __malloc_unlock
 .text          0x0000000000008d54      0x138 ../ip_test_bsp/\libhal_bsp.a(alt_read.o)
                0x0000000000008d90                read
 .text          0x0000000000008e8c       0xb0 ../ip_test_bsp/\libhal_bsp.a(alt_sbrk.o)
                0x0000000000008e8c                sbrk
 .text          0x0000000000008f3c      0x134 ../ip_test_bsp/\libhal_bsp.a(alt_write.o)
                0x0000000000008f78                write
 *(.gnu.warning.*)
 *(.fini)
                [!provide]                        PROVIDE (__etext, ABSOLUTE (.))
                [!provide]                        PROVIDE (_etext, ABSOLUTE (.))
                [!provide]                        PROVIDE (etext, ABSOLUTE (.))
 *(.eh_frame_hdr)
                0x0000000000009070                . = ALIGN (0x4)
                [!provide]                        PROVIDE (__preinit_array_start, ABSOLUTE (.))
 *(.preinit_array)
                [!provide]                        PROVIDE (__preinit_array_end, ABSOLUTE (.))
                [!provide]                        PROVIDE (__init_array_start, ABSOLUTE (.))
 *(.init_array)
                [!provide]                        PROVIDE (__init_array_end, ABSOLUTE (.))
                [!provide]                        PROVIDE (__fini_array_start, ABSOLUTE (.))
 *(.fini_array)
                [!provide]                        PROVIDE (__fini_array_end, ABSOLUTE (.))
 *(.eh_frame)
 *(.gcc_except_table .gcc_except_table.*)
 *(.dynamic)
                0x0000000000009070                PROVIDE (__CTOR_LIST__, ABSOLUTE (.))
 *(.ctors)
 *(SORT(.ctors.*))
                0x0000000000009070                PROVIDE (__CTOR_END__, ABSOLUTE (.))
                0x0000000000009070                PROVIDE (__DTOR_LIST__, ABSOLUTE (.))
 *(.dtors)
 *(SORT(.dtors.*))
                0x0000000000009070                PROVIDE (__DTOR_END__, ABSOLUTE (.))
 *(.jcr)
                0x0000000000009070                . = ALIGN (0x4)

.rodata         0x0000000000009070      0x1fc
                0x0000000000009070                PROVIDE (__ram_rodata_start, ABSOLUTE (.))
                0x0000000000009070                . = ALIGN (0x4)
 *(.rodata .rodata.* .gnu.linkonce.r.*)
 .rodata        0x0000000000009070       0x71 obj/default/main.o
 *fill*         0x00000000000090e1        0x3 
 .rodata        0x00000000000090e4        0xf ../ip_test_bsp/\libhal_bsp.a(alt_main.o)
 *fill*         0x00000000000090f3        0x1 
 .rodata        0x00000000000090f4      0x149 ../ip_test_bsp/\libhal_bsp.a(alt_sys_init.o)
 *fill*         0x000000000000923d        0x3 
 .rodata        0x0000000000009240       0x1a ../ip_test_bsp/\libhal_bsp.a(altera_up_avalon_video_character_buffer_with_dma.o)
 *fill*         0x000000000000925a        0x2 
 .rodata        0x000000000000925c        0xa ../ip_test_bsp/\libhal_bsp.a(alt_dev.o)
 *fill*         0x0000000000009266        0x2 
 .rodata.str1.4
                0x0000000000009268        0x4 c:/intelfpga/17.1/nios2eds/bin/gnu/h-x86_64-mingw32/bin/../lib/gcc/nios2-elf/5.3.0/../../../../../H-x86_64-mingw32/nios2-elf/lib\libc.a(lib_a-impure.o)
                                          0x2 (size before relaxing)
 *(.rodata1)
                0x000000000000926c                . = ALIGN (0x4)
                0x000000000000926c                PROVIDE (__ram_rodata_end, ABSOLUTE (.))
                0x0000000000009070                PROVIDE (__flash_rodata_start, LOADADDR (.rodata))

.rwdata         0x000000000000926c     0x1e50 load address 0x000000000000b0bc
                0x000000000000926c                PROVIDE (__ram_rwdata_start, ABSOLUTE (.))
                0x000000000000926c                . = ALIGN (0x4)
 *(.got.plt)
 *(.got)
 *(.data1)
 *(.data .data.* .gnu.linkonce.d.*)
 .data          0x000000000000926c        0x0 ../ip_test_bsp//obj/HAL/src/crt0.o
 .data          0x000000000000926c        0x0 obj/default/main.o
 .data          0x000000000000926c        0x0 ../ip_test_bsp/\libhal_bsp.a(alt_irq_register.o)
 .data          0x000000000000926c        0x0 ../ip_test_bsp/\libhal_bsp.a(alt_irq_vars.o)
 .data          0x000000000000926c        0x0 ../ip_test_bsp/\libhal_bsp.a(alt_load.o)
 .data          0x000000000000926c        0x0 ../ip_test_bsp/\libhal_bsp.a(alt_main.o)
 .data          0x000000000000926c        0x0 ../ip_test_bsp/\libhal_bsp.a(alt_printf.o)
 .data          0x000000000000926c        0x0 ../ip_test_bsp/\libhal_bsp.a(alt_putchar.o)
 .data          0x000000000000926c     0x1434 ../ip_test_bsp/\libhal_bsp.a(alt_sys_init.o)
 .data          0x000000000000a6a0        0x0 ../ip_test_bsp/\libhal_bsp.a(altera_avalon_cfi_flash.o)
 .data          0x000000000000a6a0        0x0 ../ip_test_bsp/\libhal_bsp.a(altera_avalon_cfi_flash_table.o)
 .data          0x000000000000a6a0        0x0 ../ip_test_bsp/\libhal_bsp.a(altera_avalon_jtag_uart_fd.o)
 .data          0x000000000000a6a0        0x0 ../ip_test_bsp/\libhal_bsp.a(altera_avalon_jtag_uart_init.o)
 .data          0x000000000000a6a0        0x0 ../ip_test_bsp/\libhal_bsp.a(altera_avalon_jtag_uart_ioctl.o)
 .data          0x000000000000a6a0        0x0 ../ip_test_bsp/\libhal_bsp.a(altera_avalon_jtag_uart_read.o)
 .data          0x000000000000a6a0        0x0 ../ip_test_bsp/\libhal_bsp.a(altera_avalon_jtag_uart_write.o)
 .data          0x000000000000a6a0        0x0 ../ip_test_bsp/\libhal_bsp.a(altera_avalon_timer_sc.o)
 .data          0x000000000000a6a0        0x0 ../ip_test_bsp/\libhal_bsp.a(altera_up_avalon_character_lcd.o)
 .data          0x000000000000a6a0        0x0 ../ip_test_bsp/\libhal_bsp.a(altera_up_avalon_ps2.o)
 .data          0x000000000000a6a0        0x0 ../ip_test_bsp/\libhal_bsp.a(altera_up_avalon_rs232.o)
 .data          0x000000000000a6a0        0x0 ../ip_test_bsp/\libhal_bsp.a(altera_up_avalon_video_character_buffer_with_dma.o)
 .data          0x000000000000a6a0        0x0 ../ip_test_bsp/\libhal_bsp.a(alt_alarm_start.o)
 .data          0x000000000000a6a0        0x0 ../ip_test_bsp/\libhal_bsp.a(alt_close.o)
 .data          0x000000000000a6a0        0x0 ../ip_test_bsp/\libhal_bsp.a(alt_dcache_flush.o)
 .data          0x000000000000a6a0        0x0 ../ip_test_bsp/\libhal_bsp.a(alt_dcache_flush_all.o)
 .data          0x000000000000a6a0      0x1a8 ../ip_test_bsp/\libhal_bsp.a(alt_dev.o)
                0x000000000000a6a0                alt_dev_null
                0x000000000000a6c8                alt_fd_list
 .data          0x000000000000a848        0x0 ../ip_test_bsp/\libhal_bsp.a(alt_dev_llist_insert.o)
 .data          0x000000000000a848        0x0 ../ip_test_bsp/\libhal_bsp.a(alt_do_ctors.o)
 .data          0x000000000000a848        0x0 ../ip_test_bsp/\libhal_bsp.a(alt_do_dtors.o)
 .data          0x000000000000a848        0x0 ../ip_test_bsp/\libhal_bsp.a(alt_errno.o)
 .data          0x000000000000a848        0x0 ../ip_test_bsp/\libhal_bsp.a(alt_find_dev.o)
 .data          0x000000000000a848        0x0 ../ip_test_bsp/\libhal_bsp.a(alt_flash_dev.o)
 .data          0x000000000000a848        0x0 ../ip_test_bsp/\libhal_bsp.a(alt_icache_flush_all.o)
 .data          0x000000000000a848        0x0 ../ip_test_bsp/\libhal_bsp.a(alt_io_redirect.o)
 .data          0x000000000000a848        0x0 ../ip_test_bsp/\libhal_bsp.a(alt_irq_entry.o)
 .data          0x000000000000a848        0x0 ../ip_test_bsp/\libhal_bsp.a(alt_irq_handler.o)
 .data          0x000000000000a848        0x0 ../ip_test_bsp/\libhal_bsp.a(alt_open.o)
 .data          0x000000000000a848        0x0 ../ip_test_bsp/\libhal_bsp.a(alt_release_fd.o)
 .data          0x000000000000a848        0x0 ../ip_test_bsp/\libhal_bsp.a(alt_tick.o)
 .data          0x000000000000a848        0x0 ../ip_test_bsp/\libhal_bsp.a(altera_nios2_gen2_irq.o)
 .data          0x000000000000a848        0x0 ../ip_test_bsp/\libhal_bsp.a(altera_avalon_cfi_flash_amd.o)
 .data          0x000000000000a848        0x0 ../ip_test_bsp/\libhal_bsp.a(altera_avalon_cfi_flash_intel.o)
 .data          0x000000000000a848        0x0 ../ip_test_bsp/\libhal_bsp.a(alt_exception_entry.o)
 .data          0x000000000000a848        0x0 ../ip_test_bsp/\libhal_bsp.a(alt_find_file.o)
 .data          0x000000000000a848        0x0 ../ip_test_bsp/\libhal_bsp.a(alt_get_fd.o)
 .data          0x000000000000a848        0x0 ../ip_test_bsp/\libhal_bsp.a(alt_icache_flush.o)
 .data          0x000000000000a848        0x0 ../ip_test_bsp/\libhal_bsp.a(alt_instruction_exception_entry.o)
 .data          0x000000000000a848        0x0 ../ip_test_bsp/\libhal_bsp.a(alt_usleep.o)
 .data          0x000000000000a848        0x0 ../ip_test_bsp/\libhal_bsp.a(alt_busy_sleep.o)
 .data          0x000000000000a848        0x0 c:/intelfpga/17.1/nios2eds/bin/gnu/h-x86_64-mingw32/bin/../lib/gcc/nios2-elf/5.3.0/../../../../../H-x86_64-mingw32/nios2-elf/lib\libc.a(lib_a-atexit.o)
 .data          0x000000000000a848        0x0 c:/intelfpga/17.1/nios2eds/bin/gnu/h-x86_64-mingw32/bin/../lib/gcc/nios2-elf/5.3.0/../../../../../H-x86_64-mingw32/nios2-elf/lib\libc.a(lib_a-exit.o)
 .data          0x000000000000a848        0x0 c:/intelfpga/17.1/nios2eds/bin/gnu/h-x86_64-mingw32/bin/../lib/gcc/nios2-elf/5.3.0/../../../../../H-x86_64-mingw32/nios2-elf/lib\libc.a(lib_a-impure.o)
 .data.impure_data
                0x000000000000a848      0x424 c:/intelfpga/17.1/nios2eds/bin/gnu/h-x86_64-mingw32/bin/../lib/gcc/nios2-elf/5.3.0/../../../../../H-x86_64-mingw32/nios2-elf/lib\libc.a(lib_a-impure.o)
 .data          0x000000000000ac6c        0x0 c:/intelfpga/17.1/nios2eds/bin/gnu/h-x86_64-mingw32/bin/../lib/gcc/nios2-elf/5.3.0/../../../../../H-x86_64-mingw32/nios2-elf/lib\libc.a(lib_a-int_errno.o)
 .data          0x000000000000ac6c        0x0 c:/intelfpga/17.1/nios2eds/bin/gnu/h-x86_64-mingw32/bin/../lib/gcc/nios2-elf/5.3.0/../../../../../H-x86_64-mingw32/nios2-elf/lib\libc.a(lib_a-memcmp.o)
 .data          0x000000000000ac6c        0x0 c:/intelfpga/17.1/nios2eds/bin/gnu/h-x86_64-mingw32/bin/../lib/gcc/nios2-elf/5.3.0/../../../../../H-x86_64-mingw32/nios2-elf/lib\libc.a(lib_a-memcpy.o)
 .data          0x000000000000ac6c        0x0 c:/intelfpga/17.1/nios2eds/bin/gnu/h-x86_64-mingw32/bin/../lib/gcc/nios2-elf/5.3.0/../../../../../H-x86_64-mingw32/nios2-elf/lib\libc.a(lib_a-putc.o)
 .data          0x000000000000ac6c        0x0 c:/intelfpga/17.1/nios2eds/bin/gnu/h-x86_64-mingw32/bin/../lib/gcc/nios2-elf/5.3.0/../../../../../H-x86_64-mingw32/nios2-elf/lib\libc.a(lib_a-strcmp.o)
 .data          0x000000000000ac6c        0x0 c:/intelfpga/17.1/nios2eds/bin/gnu/h-x86_64-mingw32/bin/../lib/gcc/nios2-elf/5.3.0/../../../../../H-x86_64-mingw32/nios2-elf/lib\libc.a(lib_a-strlen.o)
 .data          0x000000000000ac6c        0x0 c:/intelfpga/17.1/nios2eds/bin/gnu/h-x86_64-mingw32/bin/../lib/gcc/nios2-elf/5.3.0/../../../../../H-x86_64-mingw32/nios2-elf/lib\libc.a(lib_a-wbuf.o)
 .data          0x000000000000ac6c        0x0 c:/intelfpga/17.1/nios2eds/bin/gnu/h-x86_64-mingw32/bin/../lib/gcc/nios2-elf/5.3.0/../../../../../H-x86_64-mingw32/nios2-elf/lib\libc.a(lib_a-wsetup.o)
 .data          0x000000000000ac6c        0x0 c:/intelfpga/17.1/nios2eds/bin/gnu/h-x86_64-mingw32/bin/../lib/gcc/nios2-elf/5.3.0/../../../../../H-x86_64-mingw32/nios2-elf/lib\libc.a(lib_a-__atexit.o)
 .data          0x000000000000ac6c        0x0 c:/intelfpga/17.1/nios2eds/bin/gnu/h-x86_64-mingw32/bin/../lib/gcc/nios2-elf/5.3.0/../../../../../H-x86_64-mingw32/nios2-elf/lib\libc.a(lib_a-__call_atexit.o)
 .data          0x000000000000ac6c        0x0 c:/intelfpga/17.1/nios2eds/bin/gnu/h-x86_64-mingw32/bin/../lib/gcc/nios2-elf/5.3.0/../../../../../H-x86_64-mingw32/nios2-elf/lib\libc.a(lib_a-fflush.o)
 .data          0x000000000000ac6c        0x0 c:/intelfpga/17.1/nios2eds/bin/gnu/h-x86_64-mingw32/bin/../lib/gcc/nios2-elf/5.3.0/../../../../../H-x86_64-mingw32/nios2-elf/lib\libc.a(lib_a-findfp.o)
 .data          0x000000000000ac6c        0x0 c:/intelfpga/17.1/nios2eds/bin/gnu/h-x86_64-mingw32/bin/../lib/gcc/nios2-elf/5.3.0/../../../../../H-x86_64-mingw32/nios2-elf/lib\libc.a(lib_a-freer.o)
 .data          0x000000000000ac6c        0x0 c:/intelfpga/17.1/nios2eds/bin/gnu/h-x86_64-mingw32/bin/../lib/gcc/nios2-elf/5.3.0/../../../../../H-x86_64-mingw32/nios2-elf/lib\libc.a(lib_a-fwalk.o)
 .data          0x000000000000ac6c        0x0 c:/intelfpga/17.1/nios2eds/bin/gnu/h-x86_64-mingw32/bin/../lib/gcc/nios2-elf/5.3.0/../../../../../H-x86_64-mingw32/nios2-elf/lib\libc.a(lib_a-makebuf.o)
 .data          0x000000000000ac6c        0x0 c:/intelfpga/17.1/nios2eds/bin/gnu/h-x86_64-mingw32/bin/../lib/gcc/nios2-elf/5.3.0/../../../../../H-x86_64-mingw32/nios2-elf/lib\libc.a(lib_a-mallocr.o)
 .data.__malloc_av_
                0x000000000000ac6c      0x408 c:/intelfpga/17.1/nios2eds/bin/gnu/h-x86_64-mingw32/bin/../lib/gcc/nios2-elf/5.3.0/../../../../../H-x86_64-mingw32/nios2-elf/lib\libc.a(lib_a-mallocr.o)
                0x000000000000ac6c                __malloc_av_
 .data          0x000000000000b074        0x0 c:/intelfpga/17.1/nios2eds/bin/gnu/h-x86_64-mingw32/bin/../lib/gcc/nios2-elf/5.3.0/../../../../../H-x86_64-mingw32/nios2-elf/lib\libc.a(lib_a-memset.o)
 .data          0x000000000000b074        0x0 c:/intelfpga/17.1/nios2eds/bin/gnu/h-x86_64-mingw32/bin/../lib/gcc/nios2-elf/5.3.0/../../../../../H-x86_64-mingw32/nios2-elf/lib\libc.a(lib_a-sbrkr.o)
 .data          0x000000000000b074        0x0 c:/intelfpga/17.1/nios2eds/bin/gnu/h-x86_64-mingw32/bin/../lib/gcc/nios2-elf/5.3.0/../../../../../H-x86_64-mingw32/nios2-elf/lib\libc.a(lib_a-stdio.o)
 .data          0x000000000000b074        0x0 c:/intelfpga/17.1/nios2eds/bin/gnu/h-x86_64-mingw32/bin/../lib/gcc/nios2-elf/5.3.0/../../../../../H-x86_64-mingw32/nios2-elf/lib\libc.a(lib_a-writer.o)
 .data          0x000000000000b074        0x0 c:/intelfpga/17.1/nios2eds/bin/gnu/h-x86_64-mingw32/bin/../lib/gcc/nios2-elf/5.3.0/../../../../../H-x86_64-mingw32/nios2-elf/lib\libc.a(closer.o)
 .data          0x000000000000b074        0x0 c:/intelfpga/17.1/nios2eds/bin/gnu/h-x86_64-mingw32/bin/../lib/gcc/nios2-elf/5.3.0/../../../../../H-x86_64-mingw32/nios2-elf/lib\libc.a(lib_a-fclose.o)
 .data          0x000000000000b074        0x0 c:/intelfpga/17.1/nios2eds/bin/gnu/h-x86_64-mingw32/bin/../lib/gcc/nios2-elf/5.3.0/../../../../../H-x86_64-mingw32/nios2-elf/lib\libc.a(lib_a-fstatr.o)
 .data          0x000000000000b074        0x0 c:/intelfpga/17.1/nios2eds/bin/gnu/h-x86_64-mingw32/bin/../lib/gcc/nios2-elf/5.3.0/../../../../../H-x86_64-mingw32/nios2-elf/lib\libc.a(lib_a-isattyr.o)
 .data          0x000000000000b074        0x0 c:/intelfpga/17.1/nios2eds/bin/gnu/h-x86_64-mingw32/bin/../lib/gcc/nios2-elf/5.3.0/../../../../../H-x86_64-mingw32/nios2-elf/lib\libc.a(lib_a-lseekr.o)
 .data          0x000000000000b074        0x0 c:/intelfpga/17.1/nios2eds/bin/gnu/h-x86_64-mingw32/bin/../lib/gcc/nios2-elf/5.3.0/../../../../../H-x86_64-mingw32/nios2-elf/lib\libc.a(lib_a-readr.o)
 .data          0x000000000000b074        0x0 c:/intelfpga/17.1/nios2eds/bin/gnu/h-x86_64-mingw32/bin/../lib/gcc/nios2-elf/5.3.0\libgcc.a(lib2-divmod.o)
 .data          0x000000000000b074        0x0 ../ip_test_bsp/\libhal_bsp.a(alt_exit.o)
 .data          0x000000000000b074        0x0 ../ip_test_bsp/\libhal_bsp.a(alt_fstat.o)
 .data          0x000000000000b074        0x0 ../ip_test_bsp/\libhal_bsp.a(alt_isatty.o)
 .data          0x000000000000b074        0x0 ../ip_test_bsp/\libhal_bsp.a(alt_lseek.o)
 .data          0x000000000000b074        0x0 ../ip_test_bsp/\libhal_bsp.a(alt_malloc_lock.o)
 .data          0x000000000000b074        0x0 ../ip_test_bsp/\libhal_bsp.a(alt_read.o)
 .data          0x000000000000b074        0x0 ../ip_test_bsp/\libhal_bsp.a(alt_sbrk.o)
 .data          0x000000000000b074        0x0 ../ip_test_bsp/\libhal_bsp.a(alt_write.o)
                0x0000000000013074                _gp = ABSOLUTE ((. + 0x8000))
                [!provide]                        PROVIDE (gp, _gp)
 *(.rwdata .rwdata.*)
 *(.sdata .sdata.* .gnu.linkonce.s.*)
 .sdata         0x000000000000b074        0x8 obj/default/main.o
                0x000000000000b074                KEY_ptr
                0x000000000000b078                EFFECT_ptr
 .sdata         0x000000000000b07c        0x4 ../ip_test_bsp/\libhal_bsp.a(alt_irq_vars.o)
                0x000000000000b07c                alt_priority_mask
 .sdata         0x000000000000b080       0x14 ../ip_test_bsp/\libhal_bsp.a(alt_dev.o)
                0x000000000000b080                alt_fs_list
                0x000000000000b088                alt_dev_list
                0x000000000000b090                alt_max_fd
 .sdata         0x000000000000b094        0x4 ../ip_test_bsp/\libhal_bsp.a(alt_errno.o)
                0x000000000000b094                alt_errno
 .sdata         0x000000000000b098        0x8 ../ip_test_bsp/\libhal_bsp.a(alt_flash_dev.o)
                0x000000000000b098                alt_flash_dev_list
 .sdata         0x000000000000b0a0        0x8 ../ip_test_bsp/\libhal_bsp.a(alt_tick.o)
                0x000000000000b0a0                alt_alarm_list
 .sdata._global_impure_ptr
                0x000000000000b0a8        0x4 c:/intelfpga/17.1/nios2eds/bin/gnu/h-x86_64-mingw32/bin/../lib/gcc/nios2-elf/5.3.0/../../../../../H-x86_64-mingw32/nios2-elf/lib\libc.a(lib_a-impure.o)
                0x000000000000b0a8                _global_impure_ptr
 .sdata._impure_ptr
                0x000000000000b0ac        0x4 c:/intelfpga/17.1/nios2eds/bin/gnu/h-x86_64-mingw32/bin/../lib/gcc/nios2-elf/5.3.0/../../../../../H-x86_64-mingw32/nios2-elf/lib\libc.a(lib_a-impure.o)
                0x000000000000b0ac                _impure_ptr
 .sdata.__malloc_sbrk_base
                0x000000000000b0b0        0x4 c:/intelfpga/17.1/nios2eds/bin/gnu/h-x86_64-mingw32/bin/../lib/gcc/nios2-elf/5.3.0/../../../../../H-x86_64-mingw32/nios2-elf/lib\libc.a(lib_a-mallocr.o)
                0x000000000000b0b0                __malloc_sbrk_base
 .sdata.__malloc_trim_threshold
                0x000000000000b0b4        0x4 c:/intelfpga/17.1/nios2eds/bin/gnu/h-x86_64-mingw32/bin/../lib/gcc/nios2-elf/5.3.0/../../../../../H-x86_64-mingw32/nios2-elf/lib\libc.a(lib_a-mallocr.o)
                0x000000000000b0b4                __malloc_trim_threshold
 .sdata         0x000000000000b0b8        0x4 ../ip_test_bsp/\libhal_bsp.a(alt_sbrk.o)
 *(.sdata2 .sdata2.* .gnu.linkonce.s2.*)
                0x000000000000b0bc                . = ALIGN (0x4)
                0x000000000000b0bc                _edata = ABSOLUTE (.)
                [!provide]                        PROVIDE (edata, ABSOLUTE (.))
                0x000000000000b0bc                PROVIDE (__ram_rwdata_end, ABSOLUTE (.))
                0x000000000000b0bc                PROVIDE (__flash_rwdata_start, LOADADDR (.rwdata))

.bss            0x000000000000cf0c      0x154
                0x000000000000cf0c                __bss_start = ABSOLUTE (.)
                [!provide]                        PROVIDE (__sbss_start, ABSOLUTE (.))
                [!provide]                        PROVIDE (___sbss_start, ABSOLUTE (.))
 *(.dynsbss)
 *(.sbss .sbss.* .gnu.linkonce.sb.*)
 .sbss          0x000000000000cf0c        0x4 ../ip_test_bsp/\libhal_bsp.a(alt_irq_vars.o)
                0x000000000000cf0c                alt_irq_active
 .sbss          0x000000000000cf10        0xc ../ip_test_bsp/\libhal_bsp.a(alt_main.o)
                0x000000000000cf10                alt_argc
                0x000000000000cf14                alt_argv
                0x000000000000cf18                alt_envp
 .sbss          0x000000000000cf1c        0x8 ../ip_test_bsp/\libhal_bsp.a(alt_tick.o)
                0x000000000000cf1c                _alt_tick_rate
                0x000000000000cf20                _alt_nticks
 .sbss          0x000000000000cf24        0x4 ../ip_test_bsp/\libhal_bsp.a(alt_instruction_exception_entry.o)
                0x000000000000cf24                alt_instruction_exception_handler
 .sbss          0x000000000000cf28        0x4 c:/intelfpga/17.1/nios2eds/bin/gnu/h-x86_64-mingw32/bin/../lib/gcc/nios2-elf/5.3.0/../../../../../H-x86_64-mingw32/nios2-elf/lib\libc.a(lib_a-int_errno.o)
                0x000000000000cf28                errno
 .sbss.__malloc_max_total_mem
                0x000000000000cf2c        0x4 c:/intelfpga/17.1/nios2eds/bin/gnu/h-x86_64-mingw32/bin/../lib/gcc/nios2-elf/5.3.0/../../../../../H-x86_64-mingw32/nios2-elf/lib\libc.a(lib_a-mallocr.o)
                0x000000000000cf2c                __malloc_max_total_mem
 .sbss.__malloc_max_sbrked_mem
                0x000000000000cf30        0x4 c:/intelfpga/17.1/nios2eds/bin/gnu/h-x86_64-mingw32/bin/../lib/gcc/nios2-elf/5.3.0/../../../../../H-x86_64-mingw32/nios2-elf/lib\libc.a(lib_a-mallocr.o)
                0x000000000000cf30                __malloc_max_sbrked_mem
 .sbss.__malloc_top_pad
                0x000000000000cf34        0x4 c:/intelfpga/17.1/nios2eds/bin/gnu/h-x86_64-mingw32/bin/../lib/gcc/nios2-elf/5.3.0/../../../../../H-x86_64-mingw32/nios2-elf/lib\libc.a(lib_a-mallocr.o)
                0x000000000000cf34                __malloc_top_pad
 *(.sbss2 .sbss2.* .gnu.linkonce.sb2.*)
 *(.scommon)
                [!provide]                        PROVIDE (__sbss_end, ABSOLUTE (.))
                [!provide]                        PROVIDE (___sbss_end, ABSOLUTE (.))
 *(.dynbss)
 *(.bss .bss.* .gnu.linkonce.b.*)
 .bss           0x000000000000cf38        0x0 ../ip_test_bsp//obj/HAL/src/crt0.o
 .bss           0x000000000000cf38        0x0 obj/default/main.o
 .bss           0x000000000000cf38        0x0 ../ip_test_bsp/\libhal_bsp.a(alt_irq_register.o)
 .bss           0x000000000000cf38        0x0 ../ip_test_bsp/\libhal_bsp.a(alt_irq_vars.o)
 .bss           0x000000000000cf38        0x0 ../ip_test_bsp/\libhal_bsp.a(alt_load.o)
 .bss           0x000000000000cf38        0x0 ../ip_test_bsp/\libhal_bsp.a(alt_main.o)
 .bss           0x000000000000cf38        0x0 ../ip_test_bsp/\libhal_bsp.a(alt_printf.o)
 .bss           0x000000000000cf38        0x0 ../ip_test_bsp/\libhal_bsp.a(alt_putchar.o)
 .bss           0x000000000000cf38        0x0 ../ip_test_bsp/\libhal_bsp.a(alt_sys_init.o)
 .bss           0x000000000000cf38        0x0 ../ip_test_bsp/\libhal_bsp.a(altera_avalon_cfi_flash.o)
 .bss           0x000000000000cf38        0x0 ../ip_test_bsp/\libhal_bsp.a(altera_avalon_cfi_flash_table.o)
 .bss           0x000000000000cf38        0x0 ../ip_test_bsp/\libhal_bsp.a(altera_avalon_jtag_uart_fd.o)
 .bss           0x000000000000cf38        0x0 ../ip_test_bsp/\libhal_bsp.a(altera_avalon_jtag_uart_init.o)
 .bss           0x000000000000cf38        0x0 ../ip_test_bsp/\libhal_bsp.a(altera_avalon_jtag_uart_ioctl.o)
 .bss           0x000000000000cf38        0x0 ../ip_test_bsp/\libhal_bsp.a(altera_avalon_jtag_uart_read.o)
 .bss           0x000000000000cf38        0x0 ../ip_test_bsp/\libhal_bsp.a(altera_avalon_jtag_uart_write.o)
 .bss           0x000000000000cf38        0x0 ../ip_test_bsp/\libhal_bsp.a(altera_avalon_timer_sc.o)
 .bss           0x000000000000cf38        0x0 ../ip_test_bsp/\libhal_bsp.a(altera_up_avalon_character_lcd.o)
 .bss           0x000000000000cf38        0x0 ../ip_test_bsp/\libhal_bsp.a(altera_up_avalon_ps2.o)
 .bss           0x000000000000cf38        0x0 ../ip_test_bsp/\libhal_bsp.a(altera_up_avalon_rs232.o)
 .bss           0x000000000000cf38        0x0 ../ip_test_bsp/\libhal_bsp.a(altera_up_avalon_video_character_buffer_with_dma.o)
 .bss           0x000000000000cf38        0x0 ../ip_test_bsp/\libhal_bsp.a(alt_alarm_start.o)
 .bss           0x000000000000cf38        0x0 ../ip_test_bsp/\libhal_bsp.a(alt_close.o)
 .bss           0x000000000000cf38        0x0 ../ip_test_bsp/\libhal_bsp.a(alt_dcache_flush.o)
 .bss           0x000000000000cf38        0x0 ../ip_test_bsp/\libhal_bsp.a(alt_dcache_flush_all.o)
 .bss           0x000000000000cf38        0x0 ../ip_test_bsp/\libhal_bsp.a(alt_dev.o)
 .bss           0x000000000000cf38        0x0 ../ip_test_bsp/\libhal_bsp.a(alt_dev_llist_insert.o)
 .bss           0x000000000000cf38        0x0 ../ip_test_bsp/\libhal_bsp.a(alt_do_ctors.o)
 .bss           0x000000000000cf38        0x0 ../ip_test_bsp/\libhal_bsp.a(alt_do_dtors.o)
 .bss           0x000000000000cf38        0x0 ../ip_test_bsp/\libhal_bsp.a(alt_errno.o)
 .bss           0x000000000000cf38        0x0 ../ip_test_bsp/\libhal_bsp.a(alt_find_dev.o)
 .bss           0x000000000000cf38        0x0 ../ip_test_bsp/\libhal_bsp.a(alt_flash_dev.o)
 .bss           0x000000000000cf38        0x0 ../ip_test_bsp/\libhal_bsp.a(alt_icache_flush_all.o)
 .bss           0x000000000000cf38        0x0 ../ip_test_bsp/\libhal_bsp.a(alt_io_redirect.o)
 .bss           0x000000000000cf38        0x0 ../ip_test_bsp/\libhal_bsp.a(alt_irq_entry.o)
 .bss           0x000000000000cf38        0x0 ../ip_test_bsp/\libhal_bsp.a(alt_irq_handler.o)
 .bss           0x000000000000cf38        0x0 ../ip_test_bsp/\libhal_bsp.a(alt_open.o)
 .bss           0x000000000000cf38        0x0 ../ip_test_bsp/\libhal_bsp.a(alt_release_fd.o)
 .bss           0x000000000000cf38        0x0 ../ip_test_bsp/\libhal_bsp.a(alt_tick.o)
 .bss           0x000000000000cf38        0x0 ../ip_test_bsp/\libhal_bsp.a(altera_nios2_gen2_irq.o)
 .bss           0x000000000000cf38        0x0 ../ip_test_bsp/\libhal_bsp.a(altera_avalon_cfi_flash_amd.o)
 .bss           0x000000000000cf38        0x0 ../ip_test_bsp/\libhal_bsp.a(altera_avalon_cfi_flash_intel.o)
 .bss           0x000000000000cf38        0x0 ../ip_test_bsp/\libhal_bsp.a(alt_exception_entry.o)
 .bss           0x000000000000cf38        0x0 ../ip_test_bsp/\libhal_bsp.a(alt_find_file.o)
 .bss           0x000000000000cf38        0x0 ../ip_test_bsp/\libhal_bsp.a(alt_get_fd.o)
 .bss           0x000000000000cf38        0x0 ../ip_test_bsp/\libhal_bsp.a(alt_icache_flush.o)
 .bss           0x000000000000cf38        0x0 ../ip_test_bsp/\libhal_bsp.a(alt_instruction_exception_entry.o)
 .bss           0x000000000000cf38        0x0 ../ip_test_bsp/\libhal_bsp.a(alt_usleep.o)
 .bss           0x000000000000cf38        0x0 ../ip_test_bsp/\libhal_bsp.a(alt_busy_sleep.o)
 .bss           0x000000000000cf38        0x0 c:/intelfpga/17.1/nios2eds/bin/gnu/h-x86_64-mingw32/bin/../lib/gcc/nios2-elf/5.3.0/../../../../../H-x86_64-mingw32/nios2-elf/lib\libc.a(lib_a-atexit.o)
 .bss           0x000000000000cf38        0x0 c:/intelfpga/17.1/nios2eds/bin/gnu/h-x86_64-mingw32/bin/../lib/gcc/nios2-elf/5.3.0/../../../../../H-x86_64-mingw32/nios2-elf/lib\libc.a(lib_a-exit.o)
 .bss           0x000000000000cf38        0x0 c:/intelfpga/17.1/nios2eds/bin/gnu/h-x86_64-mingw32/bin/../lib/gcc/nios2-elf/5.3.0/../../../../../H-x86_64-mingw32/nios2-elf/lib\libc.a(lib_a-impure.o)
 .bss           0x000000000000cf38        0x0 c:/intelfpga/17.1/nios2eds/bin/gnu/h-x86_64-mingw32/bin/../lib/gcc/nios2-elf/5.3.0/../../../../../H-x86_64-mingw32/nios2-elf/lib\libc.a(lib_a-int_errno.o)
 .bss           0x000000000000cf38        0x0 c:/intelfpga/17.1/nios2eds/bin/gnu/h-x86_64-mingw32/bin/../lib/gcc/nios2-elf/5.3.0/../../../../../H-x86_64-mingw32/nios2-elf/lib\libc.a(lib_a-memcmp.o)
 .bss           0x000000000000cf38        0x0 c:/intelfpga/17.1/nios2eds/bin/gnu/h-x86_64-mingw32/bin/../lib/gcc/nios2-elf/5.3.0/../../../../../H-x86_64-mingw32/nios2-elf/lib\libc.a(lib_a-memcpy.o)
 .bss           0x000000000000cf38        0x0 c:/intelfpga/17.1/nios2eds/bin/gnu/h-x86_64-mingw32/bin/../lib/gcc/nios2-elf/5.3.0/../../../../../H-x86_64-mingw32/nios2-elf/lib\libc.a(lib_a-putc.o)
 .bss           0x000000000000cf38        0x0 c:/intelfpga/17.1/nios2eds/bin/gnu/h-x86_64-mingw32/bin/../lib/gcc/nios2-elf/5.3.0/../../../../../H-x86_64-mingw32/nios2-elf/lib\libc.a(lib_a-strcmp.o)
 .bss           0x000000000000cf38        0x0 c:/intelfpga/17.1/nios2eds/bin/gnu/h-x86_64-mingw32/bin/../lib/gcc/nios2-elf/5.3.0/../../../../../H-x86_64-mingw32/nios2-elf/lib\libc.a(lib_a-strlen.o)
 .bss           0x000000000000cf38        0x0 c:/intelfpga/17.1/nios2eds/bin/gnu/h-x86_64-mingw32/bin/../lib/gcc/nios2-elf/5.3.0/../../../../../H-x86_64-mingw32/nios2-elf/lib\libc.a(lib_a-wbuf.o)
 .bss           0x000000000000cf38        0x0 c:/intelfpga/17.1/nios2eds/bin/gnu/h-x86_64-mingw32/bin/../lib/gcc/nios2-elf/5.3.0/../../../../../H-x86_64-mingw32/nios2-elf/lib\libc.a(lib_a-wsetup.o)
 .bss           0x000000000000cf38        0x0 c:/intelfpga/17.1/nios2eds/bin/gnu/h-x86_64-mingw32/bin/../lib/gcc/nios2-elf/5.3.0/../../../../../H-x86_64-mingw32/nios2-elf/lib\libc.a(lib_a-__atexit.o)
 .bss           0x000000000000cf38        0x0 c:/intelfpga/17.1/nios2eds/bin/gnu/h-x86_64-mingw32/bin/../lib/gcc/nios2-elf/5.3.0/../../../../../H-x86_64-mingw32/nios2-elf/lib\libc.a(lib_a-__call_atexit.o)
 .bss           0x000000000000cf38        0x0 c:/intelfpga/17.1/nios2eds/bin/gnu/h-x86_64-mingw32/bin/../lib/gcc/nios2-elf/5.3.0/../../../../../H-x86_64-mingw32/nios2-elf/lib\libc.a(lib_a-fflush.o)
 .bss           0x000000000000cf38        0x0 c:/intelfpga/17.1/nios2eds/bin/gnu/h-x86_64-mingw32/bin/../lib/gcc/nios2-elf/5.3.0/../../../../../H-x86_64-mingw32/nios2-elf/lib\libc.a(lib_a-findfp.o)
 .bss           0x000000000000cf38        0x0 c:/intelfpga/17.1/nios2eds/bin/gnu/h-x86_64-mingw32/bin/../lib/gcc/nios2-elf/5.3.0/../../../../../H-x86_64-mingw32/nios2-elf/lib\libc.a(lib_a-freer.o)
 .bss           0x000000000000cf38        0x0 c:/intelfpga/17.1/nios2eds/bin/gnu/h-x86_64-mingw32/bin/../lib/gcc/nios2-elf/5.3.0/../../../../../H-x86_64-mingw32/nios2-elf/lib\libc.a(lib_a-fwalk.o)
 .bss           0x000000000000cf38        0x0 c:/intelfpga/17.1/nios2eds/bin/gnu/h-x86_64-mingw32/bin/../lib/gcc/nios2-elf/5.3.0/../../../../../H-x86_64-mingw32/nios2-elf/lib\libc.a(lib_a-makebuf.o)
 .bss           0x000000000000cf38        0x0 c:/intelfpga/17.1/nios2eds/bin/gnu/h-x86_64-mingw32/bin/../lib/gcc/nios2-elf/5.3.0/../../../../../H-x86_64-mingw32/nios2-elf/lib\libc.a(lib_a-mallocr.o)
 .bss.__malloc_current_mallinfo
                0x000000000000cf38       0x28 c:/intelfpga/17.1/nios2eds/bin/gnu/h-x86_64-mingw32/bin/../lib/gcc/nios2-elf/5.3.0/../../../../../H-x86_64-mingw32/nios2-elf/lib\libc.a(lib_a-mallocr.o)
                0x000000000000cf38                __malloc_current_mallinfo
 .bss           0x000000000000cf60        0x0 c:/intelfpga/17.1/nios2eds/bin/gnu/h-x86_64-mingw32/bin/../lib/gcc/nios2-elf/5.3.0/../../../../../H-x86_64-mingw32/nios2-elf/lib\libc.a(lib_a-memset.o)
 .bss           0x000000000000cf60        0x0 c:/intelfpga/17.1/nios2eds/bin/gnu/h-x86_64-mingw32/bin/../lib/gcc/nios2-elf/5.3.0/../../../../../H-x86_64-mingw32/nios2-elf/lib\libc.a(lib_a-sbrkr.o)
 .bss           0x000000000000cf60        0x0 c:/intelfpga/17.1/nios2eds/bin/gnu/h-x86_64-mingw32/bin/../lib/gcc/nios2-elf/5.3.0/../../../../../H-x86_64-mingw32/nios2-elf/lib\libc.a(lib_a-stdio.o)
 .bss           0x000000000000cf60        0x0 c:/intelfpga/17.1/nios2eds/bin/gnu/h-x86_64-mingw32/bin/../lib/gcc/nios2-elf/5.3.0/../../../../../H-x86_64-mingw32/nios2-elf/lib\libc.a(lib_a-writer.o)
 .bss           0x000000000000cf60        0x0 c:/intelfpga/17.1/nios2eds/bin/gnu/h-x86_64-mingw32/bin/../lib/gcc/nios2-elf/5.3.0/../../../../../H-x86_64-mingw32/nios2-elf/lib\libc.a(closer.o)
 .bss           0x000000000000cf60        0x0 c:/intelfpga/17.1/nios2eds/bin/gnu/h-x86_64-mingw32/bin/../lib/gcc/nios2-elf/5.3.0/../../../../../H-x86_64-mingw32/nios2-elf/lib\libc.a(lib_a-fclose.o)
 .bss           0x000000000000cf60        0x0 c:/intelfpga/17.1/nios2eds/bin/gnu/h-x86_64-mingw32/bin/../lib/gcc/nios2-elf/5.3.0/../../../../../H-x86_64-mingw32/nios2-elf/lib\libc.a(lib_a-fstatr.o)
 .bss           0x000000000000cf60        0x0 c:/intelfpga/17.1/nios2eds/bin/gnu/h-x86_64-mingw32/bin/../lib/gcc/nios2-elf/5.3.0/../../../../../H-x86_64-mingw32/nios2-elf/lib\libc.a(lib_a-isattyr.o)
 .bss           0x000000000000cf60        0x0 c:/intelfpga/17.1/nios2eds/bin/gnu/h-x86_64-mingw32/bin/../lib/gcc/nios2-elf/5.3.0/../../../../../H-x86_64-mingw32/nios2-elf/lib\libc.a(lib_a-lseekr.o)
 .bss           0x000000000000cf60        0x0 c:/intelfpga/17.1/nios2eds/bin/gnu/h-x86_64-mingw32/bin/../lib/gcc/nios2-elf/5.3.0/../../../../../H-x86_64-mingw32/nios2-elf/lib\libc.a(lib_a-readr.o)
 .bss           0x000000000000cf60        0x0 c:/intelfpga/17.1/nios2eds/bin/gnu/h-x86_64-mingw32/bin/../lib/gcc/nios2-elf/5.3.0\libgcc.a(lib2-divmod.o)
 .bss           0x000000000000cf60        0x0 ../ip_test_bsp/\libhal_bsp.a(alt_exit.o)
 .bss           0x000000000000cf60        0x0 ../ip_test_bsp/\libhal_bsp.a(alt_fstat.o)
 .bss           0x000000000000cf60        0x0 ../ip_test_bsp/\libhal_bsp.a(alt_isatty.o)
 .bss           0x000000000000cf60        0x0 ../ip_test_bsp/\libhal_bsp.a(alt_lseek.o)
 .bss           0x000000000000cf60        0x0 ../ip_test_bsp/\libhal_bsp.a(alt_malloc_lock.o)
 .bss           0x000000000000cf60        0x0 ../ip_test_bsp/\libhal_bsp.a(alt_read.o)
 .bss           0x000000000000cf60        0x0 ../ip_test_bsp/\libhal_bsp.a(alt_sbrk.o)
 .bss           0x000000000000cf60        0x0 ../ip_test_bsp/\libhal_bsp.a(alt_write.o)
 *(COMMON)
 COMMON         0x000000000000cf60      0x100 ../ip_test_bsp/\libhal_bsp.a(alt_irq_handler.o)
                0x000000000000cf60                alt_irq
                0x000000000000d060                . = ALIGN (0x4)
                0x000000000000d060                __bss_end = ABSOLUTE (.)

.sdram          0x000000000000d060        0x0
                [!provide]                        PROVIDE (_alt_partition_sdram_start, ABSOLUTE (.))
 *(.sdram .sdram. sdram.*)
                0x000000000000d060                . = ALIGN (0x4)
                [!provide]                        PROVIDE (_alt_partition_sdram_end, ABSOLUTE (.))
                0x000000000000d060                _end = ABSOLUTE (.)
                0x000000000000d060                end = ABSOLUTE (.)
                0x000000000000d060                __alt_stack_base = ABSOLUTE (.)
                [!provide]                        PROVIDE (_alt_partition_sdram_load_addr, LOADADDR (.sdram))

.flash_controller
                0x0000000008000000        0x0 load address 0x000000000000d060
                [!provide]                        PROVIDE (_alt_partition_flash_controller_start, ABSOLUTE (.))
 *(.flash_controller .flash_controller. flash_controller.*)
                0x0000000008000000                . = ALIGN (0x4)
                [!provide]                        PROVIDE (_alt_partition_flash_controller_end, ABSOLUTE (.))
                [!provide]                        PROVIDE (_alt_partition_flash_controller_load_addr, LOADADDR (.flash_controller))

.onchip_memory  0x0000000008800000        0x0 load address 0x000000000000d060
                [!provide]                        PROVIDE (_alt_partition_onchip_memory_start, ABSOLUTE (.))
 *(.onchip_memory .onchip_memory. onchip_memory.*)
                0x0000000008800000                . = ALIGN (0x4)
                [!provide]                        PROVIDE (_alt_partition_onchip_memory_end, ABSOLUTE (.))
                [!provide]                        PROVIDE (_alt_partition_onchip_memory_load_addr, LOADADDR (.onchip_memory))

.stab
 *(.stab)

.stabstr
 *(.stabstr)

.stab.excl
 *(.stab.excl)

.stab.exclstr
 *(.stab.exclstr)

.stab.index
 *(.stab.index)

.stab.indexstr
 *(.stab.indexstr)

.comment        0x0000000000000000       0x23
 *(.comment)
 .comment       0x0000000000000000       0x23 obj/default/main.o
                                         0x24 (size before relaxing)
 .comment       0x0000000000000023       0x24 ../ip_test_bsp/\libhal_bsp.a(alt_irq_register.o)
 .comment       0x0000000000000023       0x24 ../ip_test_bsp/\libhal_bsp.a(alt_irq_vars.o)
 .comment       0x0000000000000023       0x24 ../ip_test_bsp/\libhal_bsp.a(alt_load.o)
 .comment       0x0000000000000023       0x24 ../ip_test_bsp/\libhal_bsp.a(alt_main.o)
 .comment       0x0000000000000023       0x24 ../ip_test_bsp/\libhal_bsp.a(alt_printf.o)
 .comment       0x0000000000000023       0x24 ../ip_test_bsp/\libhal_bsp.a(alt_putchar.o)
 .comment       0x0000000000000023       0x24 ../ip_test_bsp/\libhal_bsp.a(alt_sys_init.o)
 .comment       0x0000000000000023       0x24 ../ip_test_bsp/\libhal_bsp.a(altera_avalon_cfi_flash.o)
 .comment       0x0000000000000023       0x24 ../ip_test_bsp/\libhal_bsp.a(altera_avalon_cfi_flash_table.o)
 .comment       0x0000000000000023       0x24 ../ip_test_bsp/\libhal_bsp.a(altera_avalon_jtag_uart_fd.o)
 .comment       0x0000000000000023       0x24 ../ip_test_bsp/\libhal_bsp.a(altera_avalon_jtag_uart_init.o)
 .comment       0x0000000000000023       0x24 ../ip_test_bsp/\libhal_bsp.a(altera_avalon_jtag_uart_ioctl.o)
 .comment       0x0000000000000023       0x24 ../ip_test_bsp/\libhal_bsp.a(altera_avalon_jtag_uart_read.o)
 .comment       0x0000000000000023       0x24 ../ip_test_bsp/\libhal_bsp.a(altera_avalon_jtag_uart_write.o)
 .comment       0x0000000000000023       0x24 ../ip_test_bsp/\libhal_bsp.a(altera_avalon_timer_sc.o)
 .comment       0x0000000000000023       0x24 ../ip_test_bsp/\libhal_bsp.a(altera_up_avalon_character_lcd.o)
 .comment       0x0000000000000023       0x24 ../ip_test_bsp/\libhal_bsp.a(altera_up_avalon_ps2.o)
 .comment       0x0000000000000023       0x24 ../ip_test_bsp/\libhal_bsp.a(altera_up_avalon_rs232.o)
 .comment       0x0000000000000023       0x24 ../ip_test_bsp/\libhal_bsp.a(altera_up_avalon_video_character_buffer_with_dma.o)
 .comment       0x0000000000000023       0x24 ../ip_test_bsp/\libhal_bsp.a(alt_alarm_start.o)
 .comment       0x0000000000000023       0x24 ../ip_test_bsp/\libhal_bsp.a(alt_close.o)
 .comment       0x0000000000000023       0x24 ../ip_test_bsp/\libhal_bsp.a(alt_dcache_flush.o)
 .comment       0x0000000000000023       0x24 ../ip_test_bsp/\libhal_bsp.a(alt_dcache_flush_all.o)
 .comment       0x0000000000000023       0x24 ../ip_test_bsp/\libhal_bsp.a(alt_dev.o)
 .comment       0x0000000000000023       0x24 ../ip_test_bsp/\libhal_bsp.a(alt_dev_llist_insert.o)
 .comment       0x0000000000000023       0x24 ../ip_test_bsp/\libhal_bsp.a(alt_do_ctors.o)
 .comment       0x0000000000000023       0x24 ../ip_test_bsp/\libhal_bsp.a(alt_do_dtors.o)
 .comment       0x0000000000000023       0x24 ../ip_test_bsp/\libhal_bsp.a(alt_errno.o)
 .comment       0x0000000000000023       0x24 ../ip_test_bsp/\libhal_bsp.a(alt_find_dev.o)
 .comment       0x0000000000000023       0x24 ../ip_test_bsp/\libhal_bsp.a(alt_flash_dev.o)
 .comment       0x0000000000000023       0x24 ../ip_test_bsp/\libhal_bsp.a(alt_icache_flush_all.o)
 .comment       0x0000000000000023       0x24 ../ip_test_bsp/\libhal_bsp.a(alt_io_redirect.o)
 .comment       0x0000000000000023       0x24 ../ip_test_bsp/\libhal_bsp.a(alt_irq_handler.o)
 .comment       0x0000000000000023       0x24 ../ip_test_bsp/\libhal_bsp.a(alt_open.o)
 .comment       0x0000000000000023       0x24 ../ip_test_bsp/\libhal_bsp.a(alt_release_fd.o)
 .comment       0x0000000000000023       0x24 ../ip_test_bsp/\libhal_bsp.a(alt_tick.o)
 .comment       0x0000000000000023       0x24 ../ip_test_bsp/\libhal_bsp.a(altera_nios2_gen2_irq.o)
 .comment       0x0000000000000023       0x24 ../ip_test_bsp/\libhal_bsp.a(altera_avalon_cfi_flash_amd.o)
 .comment       0x0000000000000023       0x24 ../ip_test_bsp/\libhal_bsp.a(altera_avalon_cfi_flash_intel.o)
 .comment       0x0000000000000023       0x24 ../ip_test_bsp/\libhal_bsp.a(alt_find_file.o)
 .comment       0x0000000000000023       0x24 ../ip_test_bsp/\libhal_bsp.a(alt_get_fd.o)
 .comment       0x0000000000000023       0x24 ../ip_test_bsp/\libhal_bsp.a(alt_icache_flush.o)
 .comment       0x0000000000000023       0x24 ../ip_test_bsp/\libhal_bsp.a(alt_instruction_exception_entry.o)
 .comment       0x0000000000000023       0x24 ../ip_test_bsp/\libhal_bsp.a(alt_usleep.o)
 .comment       0x0000000000000023       0x24 ../ip_test_bsp/\libhal_bsp.a(alt_busy_sleep.o)
 .comment       0x0000000000000023       0x24 c:/intelfpga/17.1/nios2eds/bin/gnu/h-x86_64-mingw32/bin/../lib/gcc/nios2-elf/5.3.0/../../../../../H-x86_64-mingw32/nios2-elf/lib\libc.a(lib_a-atexit.o)
 .comment       0x0000000000000023       0x24 c:/intelfpga/17.1/nios2eds/bin/gnu/h-x86_64-mingw32/bin/../lib/gcc/nios2-elf/5.3.0/../../../../../H-x86_64-mingw32/nios2-elf/lib\libc.a(lib_a-exit.o)
 .comment       0x0000000000000023       0x24 c:/intelfpga/17.1/nios2eds/bin/gnu/h-x86_64-mingw32/bin/../lib/gcc/nios2-elf/5.3.0/../../../../../H-x86_64-mingw32/nios2-elf/lib\libc.a(lib_a-impure.o)
 .comment       0x0000000000000023       0x24 c:/intelfpga/17.1/nios2eds/bin/gnu/h-x86_64-mingw32/bin/../lib/gcc/nios2-elf/5.3.0/../../../../../H-x86_64-mingw32/nios2-elf/lib\libc.a(lib_a-int_errno.o)
 .comment       0x0000000000000023       0x24 c:/intelfpga/17.1/nios2eds/bin/gnu/h-x86_64-mingw32/bin/../lib/gcc/nios2-elf/5.3.0/../../../../../H-x86_64-mingw32/nios2-elf/lib\libc.a(lib_a-memcmp.o)
 .comment       0x0000000000000023       0x24 c:/intelfpga/17.1/nios2eds/bin/gnu/h-x86_64-mingw32/bin/../lib/gcc/nios2-elf/5.3.0/../../../../../H-x86_64-mingw32/nios2-elf/lib\libc.a(lib_a-memcpy.o)
 .comment       0x0000000000000023       0x24 c:/intelfpga/17.1/nios2eds/bin/gnu/h-x86_64-mingw32/bin/../lib/gcc/nios2-elf/5.3.0/../../../../../H-x86_64-mingw32/nios2-elf/lib\libc.a(lib_a-putc.o)
 .comment       0x0000000000000023       0x24 c:/intelfpga/17.1/nios2eds/bin/gnu/h-x86_64-mingw32/bin/../lib/gcc/nios2-elf/5.3.0/../../../../../H-x86_64-mingw32/nios2-elf/lib\libc.a(lib_a-strcmp.o)
 .comment       0x0000000000000023       0x24 c:/intelfpga/17.1/nios2eds/bin/gnu/h-x86_64-mingw32/bin/../lib/gcc/nios2-elf/5.3.0/../../../../../H-x86_64-mingw32/nios2-elf/lib\libc.a(lib_a-strlen.o)
 .comment       0x0000000000000023       0x24 c:/intelfpga/17.1/nios2eds/bin/gnu/h-x86_64-mingw32/bin/../lib/gcc/nios2-elf/5.3.0/../../../../../H-x86_64-mingw32/nios2-elf/lib\libc.a(lib_a-wbuf.o)
 .comment       0x0000000000000023       0x24 c:/intelfpga/17.1/nios2eds/bin/gnu/h-x86_64-mingw32/bin/../lib/gcc/nios2-elf/5.3.0/../../../../../H-x86_64-mingw32/nios2-elf/lib\libc.a(lib_a-wsetup.o)
 .comment       0x0000000000000023       0x24 c:/intelfpga/17.1/nios2eds/bin/gnu/h-x86_64-mingw32/bin/../lib/gcc/nios2-elf/5.3.0/../../../../../H-x86_64-mingw32/nios2-elf/lib\libc.a(lib_a-__atexit.o)
 .comment       0x0000000000000023       0x24 c:/intelfpga/17.1/nios2eds/bin/gnu/h-x86_64-mingw32/bin/../lib/gcc/nios2-elf/5.3.0/../../../../../H-x86_64-mingw32/nios2-elf/lib\libc.a(lib_a-__call_atexit.o)
 .comment       0x0000000000000023       0x24 c:/intelfpga/17.1/nios2eds/bin/gnu/h-x86_64-mingw32/bin/../lib/gcc/nios2-elf/5.3.0/../../../../../H-x86_64-mingw32/nios2-elf/lib\libc.a(lib_a-fflush.o)
 .comment       0x0000000000000023       0x24 c:/intelfpga/17.1/nios2eds/bin/gnu/h-x86_64-mingw32/bin/../lib/gcc/nios2-elf/5.3.0/../../../../../H-x86_64-mingw32/nios2-elf/lib\libc.a(lib_a-findfp.o)
 .comment       0x0000000000000023       0x24 c:/intelfpga/17.1/nios2eds/bin/gnu/h-x86_64-mingw32/bin/../lib/gcc/nios2-elf/5.3.0/../../../../../H-x86_64-mingw32/nios2-elf/lib\libc.a(lib_a-freer.o)
 .comment       0x0000000000000023       0x24 c:/intelfpga/17.1/nios2eds/bin/gnu/h-x86_64-mingw32/bin/../lib/gcc/nios2-elf/5.3.0/../../../../../H-x86_64-mingw32/nios2-elf/lib\libc.a(lib_a-fwalk.o)
 .comment       0x0000000000000023       0x24 c:/intelfpga/17.1/nios2eds/bin/gnu/h-x86_64-mingw32/bin/../lib/gcc/nios2-elf/5.3.0/../../../../../H-x86_64-mingw32/nios2-elf/lib\libc.a(lib_a-makebuf.o)
 .comment       0x0000000000000023       0x24 c:/intelfpga/17.1/nios2eds/bin/gnu/h-x86_64-mingw32/bin/../lib/gcc/nios2-elf/5.3.0/../../../../../H-x86_64-mingw32/nios2-elf/lib\libc.a(lib_a-mallocr.o)
 .comment       0x0000000000000023       0x24 c:/intelfpga/17.1/nios2eds/bin/gnu/h-x86_64-mingw32/bin/../lib/gcc/nios2-elf/5.3.0/../../../../../H-x86_64-mingw32/nios2-elf/lib\libc.a(lib_a-memset.o)
 .comment       0x0000000000000023       0x24 c:/intelfpga/17.1/nios2eds/bin/gnu/h-x86_64-mingw32/bin/../lib/gcc/nios2-elf/5.3.0/../../../../../H-x86_64-mingw32/nios2-elf/lib\libc.a(lib_a-sbrkr.o)
 .comment       0x0000000000000023       0x24 c:/intelfpga/17.1/nios2eds/bin/gnu/h-x86_64-mingw32/bin/../lib/gcc/nios2-elf/5.3.0/../../../../../H-x86_64-mingw32/nios2-elf/lib\libc.a(lib_a-stdio.o)
 .comment       0x0000000000000023       0x24 c:/intelfpga/17.1/nios2eds/bin/gnu/h-x86_64-mingw32/bin/../lib/gcc/nios2-elf/5.3.0/../../../../../H-x86_64-mingw32/nios2-elf/lib\libc.a(lib_a-writer.o)
 .comment       0x0000000000000023       0x24 c:/intelfpga/17.1/nios2eds/bin/gnu/h-x86_64-mingw32/bin/../lib/gcc/nios2-elf/5.3.0/../../../../../H-x86_64-mingw32/nios2-elf/lib\libc.a(closer.o)
 .comment       0x0000000000000023       0x24 c:/intelfpga/17.1/nios2eds/bin/gnu/h-x86_64-mingw32/bin/../lib/gcc/nios2-elf/5.3.0/../../../../../H-x86_64-mingw32/nios2-elf/lib\libc.a(lib_a-fclose.o)
 .comment       0x0000000000000023       0x24 c:/intelfpga/17.1/nios2eds/bin/gnu/h-x86_64-mingw32/bin/../lib/gcc/nios2-elf/5.3.0/../../../../../H-x86_64-mingw32/nios2-elf/lib\libc.a(lib_a-fstatr.o)
 .comment       0x0000000000000023       0x24 c:/intelfpga/17.1/nios2eds/bin/gnu/h-x86_64-mingw32/bin/../lib/gcc/nios2-elf/5.3.0/../../../../../H-x86_64-mingw32/nios2-elf/lib\libc.a(lib_a-isattyr.o)
 .comment       0x0000000000000023       0x24 c:/intelfpga/17.1/nios2eds/bin/gnu/h-x86_64-mingw32/bin/../lib/gcc/nios2-elf/5.3.0/../../../../../H-x86_64-mingw32/nios2-elf/lib\libc.a(lib_a-lseekr.o)
 .comment       0x0000000000000023       0x24 c:/intelfpga/17.1/nios2eds/bin/gnu/h-x86_64-mingw32/bin/../lib/gcc/nios2-elf/5.3.0/../../../../../H-x86_64-mingw32/nios2-elf/lib\libc.a(lib_a-readr.o)
 .comment       0x0000000000000023       0x24 c:/intelfpga/17.1/nios2eds/bin/gnu/h-x86_64-mingw32/bin/../lib/gcc/nios2-elf/5.3.0\libgcc.a(lib2-divmod.o)
 .comment       0x0000000000000023       0x24 ../ip_test_bsp/\libhal_bsp.a(alt_exit.o)
 .comment       0x0000000000000023       0x24 ../ip_test_bsp/\libhal_bsp.a(alt_fstat.o)
 .comment       0x0000000000000023       0x24 ../ip_test_bsp/\libhal_bsp.a(alt_isatty.o)
 .comment       0x0000000000000023       0x24 ../ip_test_bsp/\libhal_bsp.a(alt_lseek.o)
 .comment       0x0000000000000023       0x24 ../ip_test_bsp/\libhal_bsp.a(alt_malloc_lock.o)
 .comment       0x0000000000000023       0x24 ../ip_test_bsp/\libhal_bsp.a(alt_read.o)
 .comment       0x0000000000000023       0x24 ../ip_test_bsp/\libhal_bsp.a(alt_sbrk.o)
 .comment       0x0000000000000023       0x24 ../ip_test_bsp/\libhal_bsp.a(alt_write.o)

.debug
 *(.debug)

.line
 *(.line)

.debug_srcinfo
 *(.debug_srcinfo)

.debug_sfnames
 *(.debug_sfnames)

.debug_aranges  0x0000000000000000      0xb98
 *(.debug_aranges)
 .debug_aranges
                0x0000000000000000       0x28 ../ip_test_bsp//obj/HAL/src/crt0.o
 .debug_aranges
                0x0000000000000028       0x20 obj/default/main.o
 .debug_aranges
                0x0000000000000048       0x20 ../ip_test_bsp/\libhal_bsp.a(alt_irq_register.o)
 .debug_aranges
                0x0000000000000068       0x18 ../ip_test_bsp/\libhal_bsp.a(alt_irq_vars.o)
 .debug_aranges
                0x0000000000000080       0x20 ../ip_test_bsp/\libhal_bsp.a(alt_load.o)
 .debug_aranges
                0x00000000000000a0       0x20 ../ip_test_bsp/\libhal_bsp.a(alt_main.o)
 .debug_aranges
                0x00000000000000c0       0x20 ../ip_test_bsp/\libhal_bsp.a(alt_printf.o)
 .debug_aranges
                0x00000000000000e0       0x20 ../ip_test_bsp/\libhal_bsp.a(alt_putchar.o)
 .debug_aranges
                0x0000000000000100       0x20 ../ip_test_bsp/\libhal_bsp.a(alt_sys_init.o)
 .debug_aranges
                0x0000000000000120       0x20 ../ip_test_bsp/\libhal_bsp.a(altera_avalon_cfi_flash.o)
 .debug_aranges
                0x0000000000000140       0x20 ../ip_test_bsp/\libhal_bsp.a(altera_avalon_cfi_flash_table.o)
 .debug_aranges
                0x0000000000000160       0x20 ../ip_test_bsp/\libhal_bsp.a(altera_avalon_jtag_uart_fd.o)
 .debug_aranges
                0x0000000000000180       0x20 ../ip_test_bsp/\libhal_bsp.a(altera_avalon_jtag_uart_init.o)
 .debug_aranges
                0x00000000000001a0       0x20 ../ip_test_bsp/\libhal_bsp.a(altera_avalon_jtag_uart_ioctl.o)
 .debug_aranges
                0x00000000000001c0       0x20 ../ip_test_bsp/\libhal_bsp.a(altera_avalon_jtag_uart_read.o)
 .debug_aranges
                0x00000000000001e0       0x20 ../ip_test_bsp/\libhal_bsp.a(altera_avalon_jtag_uart_write.o)
 .debug_aranges
                0x0000000000000200       0x20 ../ip_test_bsp/\libhal_bsp.a(altera_avalon_timer_sc.o)
 .debug_aranges
                0x0000000000000220       0x20 ../ip_test_bsp/\libhal_bsp.a(altera_up_avalon_character_lcd.o)
 .debug_aranges
                0x0000000000000240       0x20 ../ip_test_bsp/\libhal_bsp.a(altera_up_avalon_ps2.o)
 .debug_aranges
                0x0000000000000260       0x20 ../ip_test_bsp/\libhal_bsp.a(altera_up_avalon_rs232.o)
 .debug_aranges
                0x0000000000000280       0x20 ../ip_test_bsp/\libhal_bsp.a(altera_up_avalon_video_character_buffer_with_dma.o)
 .debug_aranges
                0x00000000000002a0       0x20 ../ip_test_bsp/\libhal_bsp.a(alt_alarm_start.o)
 .debug_aranges
                0x00000000000002c0       0x20 ../ip_test_bsp/\libhal_bsp.a(alt_close.o)
 .debug_aranges
                0x00000000000002e0       0x20 ../ip_test_bsp/\libhal_bsp.a(alt_dcache_flush.o)
 .debug_aranges
                0x0000000000000300       0x20 ../ip_test_bsp/\libhal_bsp.a(alt_dcache_flush_all.o)
 .debug_aranges
                0x0000000000000320       0x20 ../ip_test_bsp/\libhal_bsp.a(alt_dev.o)
 .debug_aranges
                0x0000000000000340       0x20 ../ip_test_bsp/\libhal_bsp.a(alt_dev_llist_insert.o)
 .debug_aranges
                0x0000000000000360       0x20 ../ip_test_bsp/\libhal_bsp.a(alt_do_ctors.o)
 .debug_aranges
                0x0000000000000380       0x20 ../ip_test_bsp/\libhal_bsp.a(alt_do_dtors.o)
 .debug_aranges
                0x00000000000003a0       0x18 ../ip_test_bsp/\libhal_bsp.a(alt_errno.o)
 .debug_aranges
                0x00000000000003b8       0x20 ../ip_test_bsp/\libhal_bsp.a(alt_find_dev.o)
 .debug_aranges
                0x00000000000003d8       0x20 ../ip_test_bsp/\libhal_bsp.a(alt_flash_dev.o)
 .debug_aranges
                0x00000000000003f8       0x20 ../ip_test_bsp/\libhal_bsp.a(alt_icache_flush_all.o)
 .debug_aranges
                0x0000000000000418       0x20 ../ip_test_bsp/\libhal_bsp.a(alt_io_redirect.o)
 .debug_aranges
                0x0000000000000438       0x30 ../ip_test_bsp/\libhal_bsp.a(alt_irq_entry.o)
 .debug_aranges
                0x0000000000000468       0x20 ../ip_test_bsp/\libhal_bsp.a(alt_irq_handler.o)
 .debug_aranges
                0x0000000000000488       0x20 ../ip_test_bsp/\libhal_bsp.a(alt_open.o)
 .debug_aranges
                0x00000000000004a8       0x20 ../ip_test_bsp/\libhal_bsp.a(alt_release_fd.o)
 .debug_aranges
                0x00000000000004c8       0x20 ../ip_test_bsp/\libhal_bsp.a(alt_tick.o)
 .debug_aranges
                0x00000000000004e8       0x20 ../ip_test_bsp/\libhal_bsp.a(altera_nios2_gen2_irq.o)
 .debug_aranges
                0x0000000000000508       0x20 ../ip_test_bsp/\libhal_bsp.a(altera_avalon_cfi_flash_amd.o)
 .debug_aranges
                0x0000000000000528       0x20 ../ip_test_bsp/\libhal_bsp.a(altera_avalon_cfi_flash_intel.o)
 .debug_aranges
                0x0000000000000548       0x38 ../ip_test_bsp/\libhal_bsp.a(alt_exception_entry.o)
 .debug_aranges
                0x0000000000000580       0x20 ../ip_test_bsp/\libhal_bsp.a(alt_find_file.o)
 .debug_aranges
                0x00000000000005a0       0x20 ../ip_test_bsp/\libhal_bsp.a(alt_get_fd.o)
 .debug_aranges
                0x00000000000005c0       0x20 ../ip_test_bsp/\libhal_bsp.a(alt_icache_flush.o)
 .debug_aranges
                0x00000000000005e0       0x28 ../ip_test_bsp/\libhal_bsp.a(alt_instruction_exception_entry.o)
 .debug_aranges
                0x0000000000000608       0x20 ../ip_test_bsp/\libhal_bsp.a(alt_usleep.o)
 .debug_aranges
                0x0000000000000628       0x20 ../ip_test_bsp/\libhal_bsp.a(alt_busy_sleep.o)
 .debug_aranges
                0x0000000000000648       0x20 c:/intelfpga/17.1/nios2eds/bin/gnu/h-x86_64-mingw32/bin/../lib/gcc/nios2-elf/5.3.0/../../../../../H-x86_64-mingw32/nios2-elf/lib\libc.a(lib_a-atexit.o)
 .debug_aranges
                0x0000000000000668       0x20 c:/intelfpga/17.1/nios2eds/bin/gnu/h-x86_64-mingw32/bin/../lib/gcc/nios2-elf/5.3.0/../../../../../H-x86_64-mingw32/nios2-elf/lib\libc.a(lib_a-exit.o)
 .debug_aranges
                0x0000000000000688       0x18 c:/intelfpga/17.1/nios2eds/bin/gnu/h-x86_64-mingw32/bin/../lib/gcc/nios2-elf/5.3.0/../../../../../H-x86_64-mingw32/nios2-elf/lib\libc.a(lib_a-impure.o)
 .debug_aranges
                0x00000000000006a0       0x18 c:/intelfpga/17.1/nios2eds/bin/gnu/h-x86_64-mingw32/bin/../lib/gcc/nios2-elf/5.3.0/../../../../../H-x86_64-mingw32/nios2-elf/lib\libc.a(lib_a-int_errno.o)
 .debug_aranges
                0x00000000000006b8       0x20 c:/intelfpga/17.1/nios2eds/bin/gnu/h-x86_64-mingw32/bin/../lib/gcc/nios2-elf/5.3.0/../../../../../H-x86_64-mingw32/nios2-elf/lib\libc.a(lib_a-memcmp.o)
 .debug_aranges
                0x00000000000006d8       0x20 c:/intelfpga/17.1/nios2eds/bin/gnu/h-x86_64-mingw32/bin/../lib/gcc/nios2-elf/5.3.0/../../../../../H-x86_64-mingw32/nios2-elf/lib\libc.a(lib_a-memcpy.o)
 .debug_aranges
                0x00000000000006f8       0x28 c:/intelfpga/17.1/nios2eds/bin/gnu/h-x86_64-mingw32/bin/../lib/gcc/nios2-elf/5.3.0/../../../../../H-x86_64-mingw32/nios2-elf/lib\libc.a(lib_a-putc.o)
 .debug_aranges
                0x0000000000000720       0x20 c:/intelfpga/17.1/nios2eds/bin/gnu/h-x86_64-mingw32/bin/../lib/gcc/nios2-elf/5.3.0/../../../../../H-x86_64-mingw32/nios2-elf/lib\libc.a(lib_a-strcmp.o)
 .debug_aranges
                0x0000000000000740       0x20 c:/intelfpga/17.1/nios2eds/bin/gnu/h-x86_64-mingw32/bin/../lib/gcc/nios2-elf/5.3.0/../../../../../H-x86_64-mingw32/nios2-elf/lib\libc.a(lib_a-strlen.o)
 .debug_aranges
                0x0000000000000760       0x28 c:/intelfpga/17.1/nios2eds/bin/gnu/h-x86_64-mingw32/bin/../lib/gcc/nios2-elf/5.3.0/../../../../../H-x86_64-mingw32/nios2-elf/lib\libc.a(lib_a-wbuf.o)
 .debug_aranges
                0x0000000000000788       0x20 c:/intelfpga/17.1/nios2eds/bin/gnu/h-x86_64-mingw32/bin/../lib/gcc/nios2-elf/5.3.0/../../../../../H-x86_64-mingw32/nios2-elf/lib\libc.a(lib_a-wsetup.o)
 .debug_aranges
                0x00000000000007a8       0x20 c:/intelfpga/17.1/nios2eds/bin/gnu/h-x86_64-mingw32/bin/../lib/gcc/nios2-elf/5.3.0/../../../../../H-x86_64-mingw32/nios2-elf/lib\libc.a(lib_a-__atexit.o)
 .debug_aranges
                0x00000000000007c8       0x20 c:/intelfpga/17.1/nios2eds/bin/gnu/h-x86_64-mingw32/bin/../lib/gcc/nios2-elf/5.3.0/../../../../../H-x86_64-mingw32/nios2-elf/lib\libc.a(lib_a-__call_atexit.o)
 .debug_aranges
                0x00000000000007e8       0x30 c:/intelfpga/17.1/nios2eds/bin/gnu/h-x86_64-mingw32/bin/../lib/gcc/nios2-elf/5.3.0/../../../../../H-x86_64-mingw32/nios2-elf/lib\libc.a(lib_a-fflush.o)
 .debug_aranges