Archive member included to satisfy reference by file (symbol)

c:/intelfpga/17.1/nios2eds/bin/gnu/h-x86_64-mingw32/bin/../lib/gcc/nios2-elf/5.3.0/../../../../../H-x86_64-mingw32/nios2-elf/lib\libc.a(lib_a-memcpy.o)
                              obj/default/media_graphics_HAL.o (memcpy)
../media_computer_HAL_bsp/\libhal_bsp.a(alt_load.o)
                              ../media_computer_HAL_bsp//obj/HAL/src/crt0.o (alt_load)
../media_computer_HAL_bsp/\libhal_bsp.a(alt_main.o)
                              ../media_computer_HAL_bsp//obj/HAL/src/crt0.o (alt_main)
../media_computer_HAL_bsp/\libhal_bsp.a(alt_printf.o)
                              obj/default/media_graphics_HAL.o (alt_printf)
../media_computer_HAL_bsp/\libhal_bsp.a(alt_putchar.o)
                              ../media_computer_HAL_bsp/\libhal_bsp.a(alt_printf.o) (alt_putchar)
../media_computer_HAL_bsp/\libhal_bsp.a(alt_sys_init.o)
                              ../media_computer_HAL_bsp/\libhal_bsp.a(alt_main.o) (alt_irq_init)
../media_computer_HAL_bsp/\libhal_bsp.a(altera_avalon_cfi_flash.o)
                              ../media_computer_HAL_bsp/\libhal_bsp.a(alt_sys_init.o) (alt_flash_cfi_init)
../media_computer_HAL_bsp/\libhal_bsp.a(altera_avalon_cfi_flash_table.o)
                              ../media_computer_HAL_bsp/\libhal_bsp.a(altera_avalon_cfi_flash.o) (alt_set_flash_width_func)
../media_computer_HAL_bsp/\libhal_bsp.a(altera_avalon_jtag_uart_fd.o)
                              ../media_computer_HAL_bsp/\libhal_bsp.a(alt_sys_init.o) (altera_avalon_jtag_uart_read_fd)
../media_computer_HAL_bsp/\libhal_bsp.a(altera_avalon_jtag_uart_init.o)
                              ../media_computer_HAL_bsp/\libhal_bsp.a(alt_sys_init.o) (altera_avalon_jtag_uart_init)
../media_computer_HAL_bsp/\libhal_bsp.a(altera_avalon_jtag_uart_ioctl.o)
                              ../media_computer_HAL_bsp/\libhal_bsp.a(altera_avalon_jtag_uart_fd.o) (altera_avalon_jtag_uart_ioctl)
../media_computer_HAL_bsp/\libhal_bsp.a(altera_avalon_jtag_uart_read.o)
                              ../media_computer_HAL_bsp/\libhal_bsp.a(altera_avalon_jtag_uart_fd.o) (altera_avalon_jtag_uart_read)
../media_computer_HAL_bsp/\libhal_bsp.a(altera_avalon_jtag_uart_write.o)
                              ../media_computer_HAL_bsp/\libhal_bsp.a(altera_avalon_jtag_uart_fd.o) (altera_avalon_jtag_uart_write)
../media_computer_HAL_bsp/\libhal_bsp.a(altera_avalon_timer_sc.o)
                              ../media_computer_HAL_bsp/\libhal_bsp.a(alt_sys_init.o) (alt_avalon_timer_sc_init)
../media_computer_HAL_bsp/\libhal_bsp.a(altera_up_avalon_character_lcd.o)
                              ../media_computer_HAL_bsp/\libhal_bsp.a(alt_sys_init.o) (alt_up_character_lcd_init)
../media_computer_HAL_bsp/\libhal_bsp.a(altera_up_avalon_ps2.o)
                              ../media_computer_HAL_bsp/\libhal_bsp.a(alt_sys_init.o) (alt_up_ps2_init)
../media_computer_HAL_bsp/\libhal_bsp.a(altera_up_avalon_rs232.o)
                              ../media_computer_HAL_bsp/\libhal_bsp.a(alt_sys_init.o) (alt_up_rs232_read_fd)
../media_computer_HAL_bsp/\libhal_bsp.a(altera_up_avalon_video_character_buffer_with_dma.o)
                              ../media_computer_HAL_bsp/\libhal_bsp.a(alt_sys_init.o) (alt_up_char_buffer_init)
../media_computer_HAL_bsp/\libhal_bsp.a(altera_up_avalon_video_pixel_buffer_dma.o)
                              obj/default/media_graphics_HAL.o (alt_up_pixel_buffer_dma_open_dev)
../media_computer_HAL_bsp/\libhal_bsp.a(alt_alarm_start.o)
                              ../media_computer_HAL_bsp/\libhal_bsp.a(altera_avalon_jtag_uart_init.o) (alt_alarm_start)
../media_computer_HAL_bsp/\libhal_bsp.a(alt_close.o)
                              ../media_computer_HAL_bsp/\libhal_bsp.a(alt_main.o) (close)
../media_computer_HAL_bsp/\libhal_bsp.a(alt_dcache_flush.o)
                              ../media_computer_HAL_bsp/\libhal_bsp.a(altera_avalon_cfi_flash.o) (alt_dcache_flush)
../media_computer_HAL_bsp/\libhal_bsp.a(alt_dcache_flush_all.o)
                              ../media_computer_HAL_bsp/\libhal_bsp.a(alt_load.o) (alt_dcache_flush_all)
../media_computer_HAL_bsp/\libhal_bsp.a(alt_dev.o)
                              ../media_computer_HAL_bsp/\libhal_bsp.a(alt_sys_init.o) (alt_dev_list)
../media_computer_HAL_bsp/\libhal_bsp.a(alt_dev_llist_insert.o)
                              ../media_computer_HAL_bsp/\libhal_bsp.a(alt_sys_init.o) (alt_dev_llist_insert)
../media_computer_HAL_bsp/\libhal_bsp.a(alt_do_ctors.o)
                              ../media_computer_HAL_bsp/\libhal_bsp.a(alt_main.o) (_do_ctors)
../media_computer_HAL_bsp/\libhal_bsp.a(alt_do_dtors.o)
                              ../media_computer_HAL_bsp/\libhal_bsp.a(alt_main.o) (_do_dtors)
../media_computer_HAL_bsp/\libhal_bsp.a(alt_errno.o)
                              ../media_computer_HAL_bsp/\libhal_bsp.a(alt_close.o) (alt_errno)
../media_computer_HAL_bsp/\libhal_bsp.a(alt_find_dev.o)
[...]
Memory Configuration

Name             Origin             Length             Attributes
reset            0x0000000000000000 0x0000000000000020
sdram            0x0000000000000020 0x0000000007ffffe0
flash_controller 0x0000000008000000 0x0000000000800000
onchip_memory    0x0000000008800000 0x0000000000008000
*default*        0x0000000000000000 0xffffffffffffffff

Linker script and memory map

LOAD ../media_computer_HAL_bsp//obj/HAL/src/crt0.o
LOAD obj/default/media_graphics_HAL.o
LOAD c:/intelfpga/17.1/nios2eds/bin/gnu/h-x86_64-mingw32/bin/../lib/gcc/nios2-elf/5.3.0/../../../../../H-x86_64-mingw32/nios2-elf/lib\libstdc++.a
LOAD c:/intelfpga/17.1/nios2eds/bin/gnu/h-x86_64-mingw32/bin/../lib/gcc/nios2-elf/5.3.0/../../../../../H-x86_64-mingw32/nios2-elf/lib\libm.a
LOAD c:/intelfpga/17.1/nios2eds/bin/gnu/h-x86_64-mingw32/bin/../lib/gcc/nios2-elf/5.3.0\libgcc.a
START GROUP
LOAD c:/intelfpga/17.1/nios2eds/bin/gnu/h-x86_64-mingw32/bin/../lib/gcc/nios2-elf/5.3.0/../../../../../H-x86_64-mingw32/nios2-elf/lib\libc.a
LOAD c:/intelfpga/17.1/nios2eds/bin/gnu/h-x86_64-mingw32/bin/../lib/gcc/nios2-elf/5.3.0\libgcc.a
LOAD ../media_computer_HAL_bsp/\libhal_bsp.a
LOAD c:/intelfpga/17.1/nios2eds/bin/gnu/h-x86_64-mingw32/bin/../lib/gcc/nios2-elf/5.3.0/../../../../../H-x86_64-mingw32/nios2-elf/lib\libm.a
END GROUP
LOAD c:/intelfpga/17.1/nios2eds/bin/gnu/h-x86_64-mingw32/bin/../lib/gcc/nios2-elf/5.3.0\libgcc.a
                0x0000000000000000                __alt_mem_sdram = 0x0
                0x0000000008000000                __alt_mem_flash_controller = 0x8000000
                0x0000000008800000                __alt_mem_onchip_memory = 0x8800000

.entry          0x0000000000000000       0x20
 *(.entry)
 .entry         0x0000000000000000       0x20 ../media_computer_HAL_bsp//obj/HAL/src/crt0.o
                0x0000000000000000                __reset

.exceptions     0x0000000000000020      0x228
                0x0000000000000020                PROVIDE (__ram_exceptions_start, ABSOLUTE (.))
                0x0000000000000020                . = ALIGN (0x20)
 *(.irq)
 *(.exceptions.entry.label)
 .exceptions.entry.label
                0x0000000000000020        0x0 ../media_computer_HAL_bsp/\libhal_bsp.a(alt_irq_entry.o)
                0x0000000000000020                alt_irq_entry
 .exceptions.entry.label
                0x0000000000000020        0x0 ../media_computer_HAL_bsp/\libhal_bsp.a(alt_exception_entry.o)
                0x0000000000000020                alt_exception
 *(.exceptions.entry.user)
 *(.exceptions.entry.ecc_fatal)
 *(.exceptions.entry)
 .exceptions.entry
                0x0000000000000020       0x54 ../media_computer_HAL_bsp/\libhal_bsp.a(alt_exception_entry.o)
 *(.exceptions.irqtest.user)
 *(.exceptions.irqtest)
 .exceptions.irqtest
                0x0000000000000074       0x10 ../media_computer_HAL_bsp/\libhal_bsp.a(alt_irq_entry.o)
 *(.exceptions.irqhandler.user)
 *(.exceptions.irqhandler)
 .exceptions.irqhandler
                0x0000000000000084        0x4 ../media_computer_HAL_bsp/\libhal_bsp.a(alt_irq_entry.o)
 *(.exceptions.irqreturn.user)
 *(.exceptions.irqreturn)
 .exceptions.irqreturn
                0x0000000000000088        0x4 ../media_computer_HAL_bsp/\libhal_bsp.a(alt_irq_entry.o)
 *(.exceptions.notirq.label)
 .exceptions.notirq.label
                0x000000000000008c        0x0 ../media_computer_HAL_bsp/\libhal_bsp.a(alt_irq_entry.o)
 *(.exceptions.notirq.user)
 *(.exceptions.notirq)
 .exceptions.notirq
                0x000000000000008c        0x8 ../media_computer_HAL_bsp/\libhal_bsp.a(alt_exception_entry.o)
 *(.exceptions.soft.user)
 *(.exceptions.soft)
 *(.exceptions.unknown.user)
 *(.exceptions.unknown)
 .exceptions.unknown
                0x0000000000000094       0x14 ../media_computer_HAL_bsp/\libhal_bsp.a(alt_exception_entry.o)
 *(.exceptions.exit.label)
 .exceptions.exit.label
                0x00000000000000a8        0x0 ../media_computer_HAL_bsp/\libhal_bsp.a(alt_irq_entry.o)
 .exceptions.exit.label
                0x00000000000000a8        0x0 ../media_computer_HAL_bsp/\libhal_bsp.a(alt_exception_entry.o)
 *(.exceptions.exit.user)
 *(.exceptions.exit)
 .exceptions.exit
                0x00000000000000a8       0x54 ../media_computer_HAL_bsp/\libhal_bsp.a(alt_exception_entry.o)
 *(.exceptions)
 .exceptions    0x00000000000000fc       0xd8 ../media_computer_HAL_bsp/\libhal_bsp.a(alt_irq_handler.o)
                0x00000000000000fc                alt_irq_handler
 .exceptions    0x00000000000001d4       0x74 ../media_computer_HAL_bsp/\libhal_bsp.a(alt_instruction_exception_entry.o)
                0x00000000000001d4                alt_instruction_exception_entry
                0x0000000000000248                PROVIDE (__ram_exceptions_end, ABSOLUTE (.))
                0x0000000000000020                PROVIDE (__flash_exceptions_start, LOADADDR (.exceptions))

.text           0x0000000000000248     0xa440
                [!provide]                        PROVIDE (stext, ABSOLUTE (.))
 *(.interp)
 *(.hash)
 *(.dynsym)
 *(.dynstr)
 *(.gnu.version)
 *(.gnu.version_d)
 *(.gnu.version_r)
 *(.rel.init)
 *(.rela.init)
 *(.rel.text .rel.text.* .rel.gnu.linkonce.t.*)
 *(.rela.text .rela.text.* .rela.gnu.linkonce.t.*)
 *(.rel.fini)
 *(.rela.fini)
 *(.rel.rodata .rel.rodata.* .rel.gnu.linkonce.r.*)
 *(.rela.rodata .rela.rodata.* .rela.gnu.linkonce.r.*)
 *(.rel.data .rel.data.* .rel.gnu.linkonce.d.*)
 *(.rela.data .rela.data.* .rela.gnu.linkonce.d.*)
 *(.rel.tdata .rel.tdata.* .rel.gnu.linkonce.td.*)
 *(.rela.tdata .rela.tdata.* .rela.gnu.linkonce.td.*)
 *(.rel.tbss .rel.tbss.* .rel.gnu.linkonce.tb.*)
 *(.rela.tbss .rela.tbss.* .rela.gnu.linkonce.tb.*)
 *(.rel.ctors)
 *(.rela.ctors)
 *(.rel.dtors)
 *(.rela.dtors)
 *(.rel.got)
 *(.rela.got)
 *(.rel.sdata .rel.sdata.* .rel.gnu.linkonce.s.*)
 *(.rela.sdata .rela.sdata.* .rela.gnu.linkonce.s.*)
 *(.rel.sbss .rel.sbss.* .rel.gnu.linkonce.sb.*)
 *(.rela.sbss .rela.sbss.* .rela.gnu.linkonce.sb.*)
 *(.rel.sdata2 .rel.sdata2.* .rel.gnu.linkonce.s2.*)
 *(.rela.sdata2 .rela.sdata2.* .rela.gnu.linkonce.s2.*)
 *(.rel.sbss2 .rel.sbss2.* .rel.gnu.linkonce.sb2.*)
 *(.rela.sbss2 .rela.sbss2.* .rela.gnu.linkonce.sb2.*)
 *(.rel.bss .rel.bss.* .rel.gnu.linkonce.b.*)
 *(.rela.bss .rela.bss.* .rela.gnu.linkonce.b.*)
 *(.rel.plt)
 *(.rela.plt)
 *(.rel.dyn)
 *(.init)
 *(.plt)
 *(.text .stub .text.* .gnu.linkonce.t.*)
 .text          0x0000000000000248       0x4c ../media_computer_HAL_bsp//obj/HAL/src/crt0.o
                0x0000000000000248                _start
 .text          0x0000000000000294      0xa48 obj/default/media_graphics_HAL.o
                0x0000000000000294                main
                0x0000000000000884                draw_big_A
                0x0000000000000a68                LCD_cursor
                0x0000000000000ad4                LCD_text
                0x0000000000000b40                LCD_cursor_off
                0x0000000000000b78                HEX_PS2
 .text          0x0000000000000cdc        0x0 c:/intelfpga/17.1/nios2eds/bin/gnu/h-x86_64-mingw32/bin/../lib/gcc/nios2-elf/5.3.0/../../../../../H-x86_64-mingw32/nios2-elf/lib\libc.a(lib_a-memcpy.o)
 .text.memcpy   0x0000000000000cdc      0x148 c:/intelfpga/17.1/nios2eds/bin/gnu/h-x86_64-mingw32/bin/../lib/gcc/nios2-elf/5.3.0/../../../../../H-x86_64-mingw32/nios2-elf/lib\libc.a(lib_a-memcpy.o)
                0x0000000000000cdc                memcpy
 .text          0x0000000000000e24       0xec ../media_computer_HAL_bsp/\libhal_bsp.a(alt_load.o)
                0x0000000000000e8c                alt_load
 .text          0x0000000000000f10       0x7c ../media_computer_HAL_bsp/\libhal_bsp.a(alt_main.o)
                0x0000000000000f10                alt_main
 .text          0x0000000000000f8c      0x22c ../media_computer_HAL_bsp/\libhal_bsp.a(alt_printf.o)
                0x0000000000000f8c                alt_printf
 .text          0x00000000000011b8       0x3c ../media_computer_HAL_bsp/\libhal_bsp.a(alt_putchar.o)
                0x00000000000011b8                alt_putchar
 .text          0x00000000000011f4      0x440 ../media_computer_HAL_bsp/\libhal_bsp.a(alt_sys_init.o)
                0x0000000000001228                alt_irq_init
                0x0000000000001260                alt_sys_init
 .text          0x0000000000001634      0x898 ../media_computer_HAL_bsp/\libhal_bsp.a(altera_avalon_cfi_flash.o)
                0x0000000000001668                alt_flash_cfi_init
                0x00000000000016f8                alt_flash_cfi_write
                0x00000000000019a0                alt_flash_cfi_get_info
                0x0000000000001a2c                alt_flash_cfi_read
                0x0000000000001a90                alt_write_value_to_flash
                0x0000000000001bec                alt_flash_program_block
 .text          0x0000000000001ecc     0x1448 ../media_computer_HAL_bsp/\libhal_bsp.a(altera_avalon_cfi_flash_table.o)
                0x0000000000001ecc                alt_read_query_entry_8bit
                0x0000000000001f08                alt_read_query_entry_16bit
                0x0000000000001f48                alt_read_query_entry_32bit
                0x0000000000001f88                alt_write_flash_command_8bit_device_8bit_mode
                0x0000000000001fcc                alt_write_flash_command_16bit_device_8bit_mode
                0x0000000000002044                alt_write_flash_command_32bit_device_8bit_mode
                0x0000000000002094                alt_write_flash_command_16bit_device_16bit_mode
                0x00000000000020e0                alt_write_flash_command_32bit_device_16bit_mode
                0x0000000000002130                alt_write_flash_command_32bit_device_32bit_mode
                0x0000000000002180                alt_write_native_8bit
                0x00000000000021b8                alt_write_native_16bit
                0x00000000000021f0                alt_write_native_32bit
                0x0000000000002224                alt_set_flash_width_func
                0x00000000000023e8                alt_set_flash_algorithm_func
                0x0000000000002504                alt_read_cfi_table
                0x0000000000002acc                alt_read_cfi_width
                0x000000000000323c                alt_check_primary_table
 .text          0x0000000000003314      0x164 ../media_computer_HAL_bsp/\libhal_bsp.a(altera_avalon_jtag_uart_fd.o)
                0x0000000000003314                altera_avalon_jtag_uart_read_fd
                0x0000000000003374                altera_avalon_jtag_uart_write_fd
                0x00000000000033d4                altera_avalon_jtag_uart_close_fd
                0x0000000000003424                altera_avalon_jtag_uart_ioctl_fd
 .text          0x0000000000003478      0x3cc ../media_computer_HAL_bsp/\libhal_bsp.a(altera_avalon_jtag_uart_init.o)
                0x0000000000003478                altera_avalon_jtag_uart_init
                0x00000000000037dc                altera_avalon_jtag_uart_close
 .text          0x0000000000003844       0xf0 ../media_computer_HAL_bsp/\libhal_bsp.a(altera_avalon_jtag_uart_ioctl.o)
                0x0000000000003844                altera_avalon_jtag_uart_ioctl
 .text          0x0000000000003934      0x21c ../media_computer_HAL_bsp/\libhal_bsp.a(altera_avalon_jtag_uart_read.o)
                0x0000000000003934                altera_avalon_jtag_uart_read
 .text          0x0000000000003b50      0x224 ../media_computer_HAL_bsp/\libhal_bsp.a(altera_avalon_jtag_uart_write.o)
                0x0000000000003b50                altera_avalon_jtag_uart_write
 .text          0x0000000000003d74       0xf0 ../media_computer_HAL_bsp/\libhal_bsp.a(altera_avalon_timer_sc.o)
                0x0000000000003df0                alt_avalon_timer_sc_init
 .text          0x0000000000003e64      0x4f4 ../media_computer_HAL_bsp/\libhal_bsp.a(altera_up_avalon_character_lcd.o)
                0x0000000000003e64                get_DDRAM_addr
                0x0000000000003ed8                alt_up_character_lcd_send_cmd
                0x0000000000003f18                alt_up_character_lcd_init
                0x0000000000003f50                alt_up_character_lcd_open_dev
                0x0000000000003f8c                alt_up_character_lcd_write
                0x0000000000004008                alt_up_character_lcd_string
                0x0000000000004080                alt_up_character_lcd_write_fd
                0x00000000000040d0                alt_up_character_lcd_set_cursor_pos
                0x0000000000004144                alt_up_character_lcd_shift_cursor
                0x00000000000041d0                alt_up_character_lcd_shift_display
                0x000000000000425c                alt_up_character_lcd_erase_pos
                0x00000000000042e8                alt_up_character_lcd_cursor_off
                0x0000000000004320                alt_up_character_lcd_cursor_blink_on
 .text          0x0000000000004358      0x6b0 ../media_computer_HAL_bsp/\libhal_bsp.a(altera_up_avalon_ps2.o)
                0x0000000000004358                read_RI_bit
                0x000000000000438c                read_RE_bit
                0x00000000000043bc                read_CE_bit
                0x00000000000043f0                read_num_bytes_available
                0x0000000000004420                read_data_valid
                0x0000000000004454                read_data_byte
                0x0000000000004480                alt_up_ps2_init
                0x0000000000004548                alt_up_ps2_enable_read_interrupt
                0x00000000000045a4                alt_up_ps2_disable_read_interrupt
                0x0000000000004604                alt_up_ps2_write_data_byte
                0x0000000000004678                alt_up_ps2_wait_for_ack
                0x00000000000046e0                alt_up_ps2_write_data_byte_with_ack
                0x0000000000004744                alt_up_ps2_read_data_byte_timeout
                0x00000000000047e0                alt_up_ps2_read_data_byte
                0x0000000000004850                alt_up_ps2_clear_fifo
                0x00000000000048a8                alt_up_ps2_read_fd
                0x0000000000004934                alt_up_ps2_write_fd
                0x00000000000049cc                alt_up_ps2_open_dev
 .text          0x0000000000004a08      0x390 ../media_computer_HAL_bsp/\libhal_bsp.a(altera_up_avalon_rs232.o)
                0x0000000000004a08                alt_up_rs232_enable_read_interrupt
                0x0000000000004a64                alt_up_rs232_disable_read_interrupt
                0x0000000000004ac4                alt_up_rs232_get_used_space_in_read_FIFO
                0x0000000000004b04                alt_up_rs232_get_available_space_in_write_FIFO
                0x0000000000004b40                alt_up_rs232_check_parity
                0x0000000000004b84                alt_up_rs232_write_data
                0x0000000000004bc4                alt_up_rs232_read_data
                0x0000000000004c38                alt_up_rs232_read_fd
                0x0000000000004cc8                alt_up_rs232_write_fd
                0x0000000000004d5c                alt_up_rs232_open_dev
 .text          0x0000000000004d98      0x2e0 ../media_computer_HAL_bsp/\libhal_bsp.a(altera_up_avalon_video_character_buffer_with_dma.o)
                0x0000000000004d98                alt_up_char_buffer_init
                0x0000000000004e18                alt_up_char_buffer_open_dev
                0x0000000000004e54                alt_up_char_buffer_draw
                0x0000000000004f20                alt_up_char_buffer_string
                0x000000000000501c                alt_up_char_buffer_clear
 .text          0x0000000000005078      0xeb4 ../media_computer_HAL_bsp/\libhal_bsp.a(altera_up_avalon_video_pixel_buffer_dma.o)
                0x0000000000005078                alt_up_pixel_buffer_dma_open_dev
                0x00000000000050b4                alt_up_pixel_buffer_dma_draw
                0x0000000000005248                alt_up_pixel_buffer_dma_change_back_buffer_address
                0x00000000000052a4                alt_up_pixel_buffer_dma_swap_buffers
                0x0000000000005304                alt_up_pixel_buffer_dma_check_swap_buffers_status
                0x0000000000005338                alt_up_pixel_buffer_dma_clear_screen
                0x0000000000005460                alt_up_pixel_buffer_dma_draw_box
                0x000000000000573c                alt_up_pixel_buffer_dma_draw_hline
                0x000000000000594c                alt_up_pixel_buffer_dma_draw_vline
                0x0000000000005b98                alt_up_pixel_buffer_dma_draw_rectangle
                0x0000000000005c60                helper_plot_pixel
                0x0000000000005ce4                alt_up_pixel_buffer_dma_draw_line
 .text          0x0000000000005f2c      0x12c ../media_computer_HAL_bsp/\libhal_bsp.a(alt_alarm_start.o)
                0x0000000000005f2c                alt_alarm_start
 .text          0x0000000000006058      0x10c ../media_computer_HAL_bsp/\libhal_bsp.a(alt_close.o)
                0x0000000000006094                close
 .text          0x0000000000006164       0x78 ../media_computer_HAL_bsp/\libhal_bsp.a(alt_dcache_flush.o)
                0x0000000000006164                alt_dcache_flush
 .text          0x00000000000061dc       0x48 ../media_computer_HAL_bsp/\libhal_bsp.a(alt_dcache_flush_all.o)
                0x00000000000061dc                alt_dcache_flush_all
 .text          0x0000000000006224       0x2c ../media_computer_HAL_bsp/\libhal_bsp.a(alt_dev.o)
 .text          0x0000000000006250       0xe0 ../media_computer_HAL_bsp/\libhal_bsp.a(alt_dev_llist_insert.o)
                0x000000000000628c                alt_dev_llist_insert
 .text          0x0000000000006330       0x60 ../media_computer_HAL_bsp/\libhal_bsp.a(alt_do_ctors.o)
                0x0000000000006330                _do_ctors
 .text          0x0000000000006390       0x60 ../media_computer_HAL_bsp/\libhal_bsp.a(alt_do_dtors.o)
                0x0000000000006390                _do_dtors
 .text          0x00000000000063f0        0x0 ../media_computer_HAL_bsp/\libhal_bsp.a(alt_errno.o)
 .text          0x00000000000063f0       0x90 ../media_computer_HAL_bsp/\libhal_bsp.a(alt_find_dev.o)
                0x00000000000063f0                alt_find_dev
 .text          0x0000000000006480       0xbc ../media_computer_HAL_bsp/\libhal_bsp.a(alt_flash_dev.o)
                0x0000000000006480                alt_flash_open_dev
                0x00000000000064e8                alt_flash_close_dev
 .text          0x000000000000653c       0x34 ../media_computer_HAL_bsp/\libhal_bsp.a(alt_icache_flush_all.o)
                0x000000000000653c                alt_icache_flush_all
 .text          0x0000000000006570      0x140 ../media_computer_HAL_bsp/\libhal_bsp.a(alt_io_redirect.o)
                0x0000000000006634                alt_io_redirect
 .text          0x00000000000066b0      0x180 ../media_computer_HAL_bsp/\libhal_bsp.a(alt_irq_register.o)
                0x00000000000066b0                alt_irq_register
 .text          0x0000000000006830        0x0 ../media_computer_HAL_bsp/\libhal_bsp.a(alt_irq_vars.o)
 .text          0x0000000000006830      0x254 ../media_computer_HAL_bsp/\libhal_bsp.a(alt_open.o)
                0x0000000000006930                open
 .text          0x0000000000006a84       0x64 ../media_computer_HAL_bsp/\libhal_bsp.a(alt_release_fd.o)
                0x0000000000006a84                alt_release_fd
 .text          0x0000000000006ae8      0x1a4 ../media_computer_HAL_bsp/\libhal_bsp.a(alt_tick.o)
                0x0000000000006ae8                alt_alarm_stop
                0x0000000000006b84                alt_tick
 .text          0x0000000000006c8c       0x24 ../media_computer_HAL_bsp/\libhal_bsp.a(altera_nios2_gen2_irq.o)
                0x0000000000006c8c                altera_nios2_gen2_irq_init
 .text          0x0000000000006cb0      0x460 ../media_computer_HAL_bsp/\libhal_bsp.a(altera_avalon_cfi_flash_amd.o)
                0x0000000000006cb0                alt_program_amd
                0x0000000000006d18                alt_erase_block_amd
 .text          0x0000000000007110      0x45c ../media_computer_HAL_bsp/\libhal_bsp.a(altera_avalon_cfi_flash_intel.o)
                0x0000000000007110                alt_program_intel
                0x0000000000007190                alt_erase_block_intel
 .text          0x000000000000756c      0x108 ../media_computer_HAL_bsp/\libhal_bsp.a(alt_find_file.o)
                0x000000000000756c                alt_find_file
 .text          0x0000000000007674       0xa4 ../media_computer_HAL_bsp/\libhal_bsp.a(alt_get_fd.o)
                0x0000000000007674                alt_get_fd
 .text          0x0000000000007718       0x90 ../media_computer_HAL_bsp/\libhal_bsp.a(alt_icache_flush.o)
                0x0000000000007718                alt_icache_flush
 .text          0x00000000000077a8        0x0 ../media_computer_HAL_bsp/\libhal_bsp.a(alt_irq_entry.o)
 .text          0x00000000000077a8        0x0 ../media_computer_HAL_bsp/\libhal_bsp.a(alt_irq_handler.o)
 .text          0x00000000000077a8       0x30 ../media_computer_HAL_bsp/\libhal_bsp.a(alt_usleep.o)
                0x00000000000077a8                usleep
 .text          0x00000000000077d8      0x158 ../media_computer_HAL_bsp/\libhal_bsp.a(alt_busy_sleep.o)
                0x00000000000077d8                alt_busy_sleep
 .text          0x0000000000007930        0x0 ../media_computer_HAL_bsp/\libhal_bsp.a(alt_exception_entry.o)
 .text          0x0000000000007930       0x9c ../media_computer_HAL_bsp/\libhal_bsp.a(alt_instruction_exception_entry.o)
                0x0000000000007930                alt_exception_cause_generated_bad_addr
 .text          0x00000000000079cc        0x0 c:/intelfpga/17.1/nios2eds/bin/gnu/h-x86_64-mingw32/bin/../lib/gcc/nios2-elf/5.3.0/../../../../../H-x86_64-mingw32/nios2-elf/lib\libc.a(lib_a-atexit.o)
 .text.atexit   0x00000000000079cc       0x14 c:/intelfpga/17.1/nios2eds/bin/gnu/h-x86_64-mingw32/bin/../lib/gcc/nios2-elf/5.3.0/../../../../../H-x86_64-mingw32/nios2-elf/lib\libc.a(lib_a-atexit.o)
                0x00000000000079cc                atexit
 .text          0x00000000000079e0        0x0 c:/intelfpga/17.1/nios2eds/bin/gnu/h-x86_64-mingw32/bin/../lib/gcc/nios2-elf/5.3.0/../../../../../H-x86_64-mingw32/nios2-elf/lib\libc.a(lib_a-exit.o)
 .text.exit     0x00000000000079e0       0x38 c:/intelfpga/17.1/nios2eds/bin/gnu/h-x86_64-mingw32/bin/../lib/gcc/nios2-elf/5.3.0/../../../../../H-x86_64-mingw32/nios2-elf/lib\libc.a(lib_a-exit.o)
                0x00000000000079e0                exit
 .text          0x0000000000007a18        0x0 c:/intelfpga/17.1/nios2eds/bin/gnu/h-x86_64-mingw32/bin/../lib/gcc/nios2-elf/5.3.0/../../../../../H-x86_64-mingw32/nios2-elf/lib\libc.a(lib_a-impure.o)
 .text          0x0000000000007a18        0x0 c:/intelfpga/17.1/nios2eds/bin/gnu/h-x86_64-mingw32/bin/../lib/gcc/nios2-elf/5.3.0/../../../../../H-x86_64-mingw32/nios2-elf/lib\libc.a(lib_a-int_errno.o)
 .text          0x0000000000007a18        0x0 c:/intelfpga/17.1/nios2eds/bin/gnu/h-x86_64-mingw32/bin/../lib/gcc/nios2-elf/5.3.0/../../../../../H-x86_64-mingw32/nios2-elf/lib\libc.a(lib_a-memcmp.o)
 .text.memcmp   0x0000000000007a18       0x7c c:/intelfpga/17.1/nios2eds/bin/gnu/h-x86_64-mingw32/bin/../lib/gcc/nios2-elf/5.3.0/../../../../../H-x86_64-mingw32/nios2-elf/lib\libc.a(lib_a-memcmp.o)
                0x0000000000007a18                memcmp
 .text          0x0000000000007a94        0x0 c:/intelfpga/17.1/nios2eds/bin/gnu/h-x86_64-mingw32/bin/../lib/gcc/nios2-elf/5.3.0/../../../../../H-x86_64-mingw32/nios2-elf/lib\libc.a(lib_a-putc.o)
 .text._putc_r  0x0000000000007a94       0xa0 c:/intelfpga/17.1/nios2eds/bin/gnu/h-x86_64-mingw32/bin/../lib/gcc/nios2-elf/5.3.0/../../../../../H-x86_64-mingw32/nios2-elf/lib\libc.a(lib_a-putc.o)
                0x0000000000007a94                _putc_r
 .text.putc     0x0000000000007b34       0xc8 c:/intelfpga/17.1/nios2eds/bin/gnu/h-x86_64-mingw32/bin/../lib/gcc/nios2-elf/5.3.0/../../../../../H-x86_64-mingw32/nios2-elf/lib\libc.a(lib_a-putc.o)
                0x0000000000007b34                putc
 .text          0x0000000000007bfc        0x0 c:/intelfpga/17.1/nios2eds/bin/gnu/h-x86_64-mingw32/bin/../lib/gcc/nios2-elf/5.3.0/../../../../../H-x86_64-mingw32/nios2-elf/lib\libc.a(lib_a-strcmp.o)
 .text.strcmp   0x0000000000007bfc       0xdc c:/intelfpga/17.1/nios2eds/bin/gnu/h-x86_64-mingw32/bin/../lib/gcc/nios2-elf/5.3.0/../../../../../H-x86_64-mingw32/nios2-elf/lib\libc.a(lib_a-strcmp.o)
                0x0000000000007bfc                strcmp
 .text          0x0000000000007cd8        0x0 c:/intelfpga/17.1/nios2eds/bin/gnu/h-x86_64-mingw32/bin/../lib/gcc/nios2-elf/5.3.0/../../../../../H-x86_64-mingw32/nios2-elf/lib\libc.a(lib_a-strlen.o)
 .text.strlen   0x0000000000007cd8       0x98 c:/intelfpga/17.1/nios2eds/bin/gnu/h-x86_64-mingw32/bin/../lib/gcc/nios2-elf/5.3.0/../../../../../H-x86_64-mingw32/nios2-elf/lib\libc.a(lib_a-strlen.o)
                0x0000000000007cd8                strlen
 .text          0x0000000000007d70        0x0 c:/intelfpga/17.1/nios2eds/bin/gnu/h-x86_64-mingw32/bin/../lib/gcc/nios2-elf/5.3.0/../../../../../H-x86_64-mingw32/nios2-elf/lib\libc.a(lib_a-wbuf.o)
 .text.__swbuf_r
                0x0000000000007d70      0x140 c:/intelfpga/17.1/nios2eds/bin/gnu/h-x86_64-mingw32/bin/../lib/gcc/nios2-elf/5.3.0/../../../../../H-x86_64-mingw32/nios2-elf/lib\libc.a(lib_a-wbuf.o)
                0x0000000000007d70                __swbuf_r
 .text.__swbuf  0x0000000000007eb0       0x18 c:/intelfpga/17.1/nios2eds/bin/gnu/h-x86_64-mingw32/bin/../lib/gcc/nios2-elf/5.3.0/../../../../../H-x86_64-mingw32/nios2-elf/lib\libc.a(lib_a-wbuf.o)
                0x0000000000007eb0                __swbuf
 .text          0x0000000000007ec8        0x0 c:/intelfpga/17.1/nios2eds/bin/gnu/h-x86_64-mingw32/bin/../lib/gcc/nios2-elf/5.3.0/../../../../../H-x86_64-mingw32/nios2-elf/lib\libc.a(lib_a-wsetup.o)
 .text.__swsetup_r
                0x0000000000007ec8      0x154 c:/intelfpga/17.1/nios2eds/bin/gnu/h-x86_64-mingw32/bin/../lib/gcc/nios2-elf/5.3.0/../../../../../H-x86_64-mingw32/nios2-elf/lib\libc.a(lib_a-wsetup.o)
                0x0000000000007ec8                __swsetup_r
 .text          0x000000000000801c        0x0 c:/intelfpga/17.1/nios2eds/bin/gnu/h-x86_64-mingw32/bin/../lib/gcc/nios2-elf/5.3.0/../../../../../H-x86_64-mingw32/nios2-elf/lib\libc.a(lib_a-__atexit.o)
 .text.__register_exitproc
                0x000000000000801c      0x118 c:/intelfpga/17.1/nios2eds/bin/gnu/h-x86_64-mingw32/bin/../lib/gcc/nios2-elf/5.3.0/../../../../../H-x86_64-mingw32/nios2-elf/lib\libc.a(lib_a-__atexit.o)
                0x000000000000801c                __register_exitproc
 .text          0x0000000000008134        0x0 c:/intelfpga/17.1/nios2eds/bin/gnu/h-x86_64-mingw32/bin/../lib/gcc/nios2-elf/5.3.0/../../../../../H-x86_64-mingw32/nios2-elf/lib\libc.a(lib_a-__call_atexit.o)
 .text.__call_exitprocs
                0x0000000000008134      0x180 c:/intelfpga/17.1/nios2eds/bin/gnu/h-x86_64-mingw32/bin/../lib/gcc/nios2-elf/5.3.0/../../../../../H-x86_64-mingw32/nios2-elf/lib\libc.a(lib_a-__call_atexit.o)
                0x0000000000008134                __call_exitprocs
 .text          0x00000000000082b4        0x0 c:/intelfpga/17.1/nios2eds/bin/gnu/h-x86_64-mingw32/bin/../lib/gcc/nios2-elf/5.3.0/../../../../../H-x86_64-mingw32/nios2-elf/lib\libc.a(lib_a-fflush.o)
 .text.__sflush_r
                0x00000000000082b4      0x21c c:/intelfpga/17.1/nios2eds/bin/gnu/h-x86_64-mingw32/bin/../lib/gcc/nios2-elf/5.3.0/../../../../../H-x86_64-mingw32/nios2-elf/lib\libc.a(lib_a-fflush.o)
                0x00000000000082b4                __sflush_r
 .text._fflush_r
                0x00000000000084d0       0x5c c:/intelfpga/17.1/nios2eds/bin/gnu/h-x86_64-mingw32/bin/../lib/gcc/nios2-elf/5.3.0/../../../../../H-x86_64-mingw32/nios2-elf/lib\libc.a(lib_a-fflush.o)
                0x00000000000084d0                _fflush_r
 .text.fflush   0x000000000000852c       0x30 c:/intelfpga/17.1/nios2eds/bin/gnu/h-x86_64-mingw32/bin/../lib/gcc/nios2-elf/5.3.0/../../../../../H-x86_64-mingw32/nios2-elf/lib\libc.a(lib_a-fflush.o)
                0x000000000000852c                fflush
 .text          0x000000000000855c        0x0 c:/intelfpga/17.1/nios2eds/bin/gnu/h-x86_64-mingw32/bin/../lib/gcc/nios2-elf/5.3.0/../../../../../H-x86_64-mingw32/nios2-elf/lib\libc.a(lib_a-findfp.o)
 .text.__fp_unlock
                0x000000000000855c        0x8 c:/intelfpga/17.1/nios2eds/bin/gnu/h-x86_64-mingw32/bin/../lib/gcc/nios2-elf/5.3.0/../../../../../H-x86_64-mingw32/nios2-elf/lib\libc.a(lib_a-findfp.o)
 .text._cleanup_r
                0x0000000000008564        0xc c:/intelfpga/17.1/nios2eds/bin/gnu/h-x86_64-mingw32/bin/../lib/gcc/nios2-elf/5.3.0/../../../../../H-x86_64-mingw32/nios2-elf/lib\libc.a(lib_a-findfp.o)
                0x0000000000008564                _cleanup_r
 .text.__sinit.part.1
                0x0000000000008570      0x19c c:/intelfpga/17.1/nios2eds/bin/gnu/h-x86_64-mingw32/bin/../lib/gcc/nios2-elf/5.3.0/../../../../../H-x86_64-mingw32/nios2-elf/lib\libc.a(lib_a-findfp.o)
 .text.__fp_lock
                0x000000000000870c        0x8 c:/intelfpga/17.1/nios2eds/bin/gnu/h-x86_64-mingw32/bin/../lib/gcc/nios2-elf/5.3.0/../../../../../H-x86_64-mingw32/nios2-elf/lib\libc.a(lib_a-findfp.o)
 .text.__sfmoreglue
                0x0000000000008714       0x68 c:/intelfpga/17.1/nios2eds/bin/gnu/h-x86_64-mingw32/bin/../lib/gcc/nios2-elf/5.3.0/../../../../../H-x86_64-mingw32/nios2-elf/lib\libc.a(lib_a-findfp.o)
                0x0000000000008714                __sfmoreglue
 .text.__sfp    0x000000000000877c      0x118 c:/intelfpga/17.1/nios2eds/bin/gnu/h-x86_64-mingw32/bin/../lib/gcc/nios2-elf/5.3.0/../../../../../H-x86_64-mingw32/nios2-elf/lib\libc.a(lib_a-findfp.o)
                0x000000000000877c                __sfp
 .text._cleanup
                0x0000000000008894       0x18 c:/intelfpga/17.1/nios2eds/bin/gnu/h-x86_64-mingw32/bin/../lib/gcc/nios2-elf/5.3.0/../../../../../H-x86_64-mingw32/nios2-elf/lib\libc.a(lib_a-findfp.o)
                0x0000000000008894                _cleanup
 .text.__sinit  0x00000000000088ac       0x10 c:/intelfpga/17.1/nios2eds/bin/gnu/h-x86_64-mingw32/bin/../lib/gcc/nios2-elf/5.3.0/../../../../../H-x86_64-mingw32/nios2-elf/lib\libc.a(lib_a-findfp.o)
                0x00000000000088ac                __sinit
 .text.__sfp_lock_acquire
                0x00000000000088bc        0x4 c:/intelfpga/17.1/nios2eds/bin/gnu/h-x86_64-mingw32/bin/../lib/gcc/nios2-elf/5.3.0/../../../../../H-x86_64-mingw32/nios2-elf/lib\libc.a(lib_a-findfp.o)
                0x00000000000088bc                __sfp_lock_acquire
 .text.__sfp_lock_release
                0x00000000000088c0        0x4 c:/intelfpga/17.1/nios2eds/bin/gnu/h-x86_64-mingw32/bin/../lib/gcc/nios2-elf/5.3.0/../../../../../H-x86_64-mingw32/nios2-elf/lib\libc.a(lib_a-findfp.o)
                0x00000000000088c0                __sfp_lock_release
 .text.__sinit_lock_acquire
                0x00000000000088c4        0x4 c:/intelfpga/17.1/nios2eds/bin/gnu/h-x86_64-mingw32/bin/../lib/gcc/nios2-elf/5.3.0/../../../../../H-x86_64-mingw32/nios2-elf/lib\libc.a(lib_a-findfp.o)
                0x00000000000088c4                __sinit_lock_acquire
 .text.__sinit_lock_release
                0x00000000000088c8        0x4 c:/intelfpga/17.1/nios2eds/bin/gnu/h-x86_64-mingw32/bin/../lib/gcc/nios2-elf/5.3.0/../../../../../H-x86_64-mingw32/nios2-elf/lib\libc.a(lib_a-findfp.o)
                0x00000000000088c8                __sinit_lock_release
 .text.__fp_lock_all
                0x00000000000088cc       0x18 c:/intelfpga/17.1/nios2eds/bin/gnu/h-x86_64-mingw32/bin/../lib/gcc/nios2-elf/5.3.0/../../../../../H-x86_64-mingw32/nios2-elf/lib\libc.a(lib_a-findfp.o)
                0x00000000000088cc                __fp_lock_all
 .text.__fp_unlock_all
                0x00000000000088e4       0x18 c:/intelfpga/17.1/nios2eds/bin/gnu/h-x86_64-mingw32/bin/../lib/gcc/nios2-elf/5.3.0/../../../../../H-x86_64-mingw32/nios2-elf/lib\libc.a(lib_a-findfp.o)
                0x00000000000088e4                __fp_unlock_all
 .text          0x00000000000088fc        0x0 c:/intelfpga/17.1/nios2eds/bin/gnu/h-x86_64-mingw32/bin/../lib/gcc/nios2-elf/5.3.0/../../../../../H-x86_64-mingw32/nios2-elf/lib\libc.a(lib_a-freer.o)
 .text._malloc_trim_r
                0x00000000000088fc      0x124 c:/intelfpga/17.1/nios2eds/bin/gnu/h-x86_64-mingw32/bin/../lib/gcc/nios2-elf/5.3.0/../../../../../H-x86_64-mingw32/nios2-elf/lib\libc.a(lib_a-freer.o)
                0x00000000000088fc                _malloc_trim_r
 .text._free_r  0x0000000000008a20      0x310 c:/intelfpga/17.1/nios2eds/bin/gnu/h-x86_64-mingw32/bin/../lib/gcc/nios2-elf/5.3.0/../../../../../H-x86_64-mingw32/nios2-elf/lib\libc.a(lib_a-freer.o)
                0x0000000000008a20                _free_r
 .text          0x0000000000008d30        0x0 c:/intelfpga/17.1/nios2eds/bin/gnu/h-x86_64-mingw32/bin/../lib/gcc/nios2-elf/5.3.0/../../../../../H-x86_64-mingw32/nios2-elf/lib\libc.a(lib_a-fwalk.o)
 .text._fwalk   0x0000000000008d30       0xc4 c:/intelfpga/17.1/nios2eds/bin/gnu/h-x86_64-mingw32/bin/../lib/gcc/nios2-elf/5.3.0/../../../../../H-x86_64-mingw32/nios2-elf/lib\libc.a(lib_a-fwalk.o)
                0x0000000000008d30                _fwalk
 .text._fwalk_reent
                0x0000000000008df4       0xc4 c:/intelfpga/17.1/nios2eds/bin/gnu/h-x86_64-mingw32/bin/../lib/gcc/nios2-elf/5.3.0/../../../../../H-x86_64-mingw32/nios2-elf/lib\libc.a(lib_a-fwalk.o)
                0x0000000000008df4                _fwalk_reent
 .text          0x0000000000008eb8        0x0 c:/intelfpga/17.1/nios2eds/bin/gnu/h-x86_64-mingw32/bin/../lib/gcc/nios2-elf/5.3.0/../../../../../H-x86_64-mingw32/nios2-elf/lib\libc.a(lib_a-makebuf.o)
 .text.__smakebuf_r
                0x0000000000008eb8      0x1bc c:/intelfpga/17.1/nios2eds/bin/gnu/h-x86_64-mingw32/bin/../lib/gcc/nios2-elf/5.3.0/../../../../../H-x86_64-mingw32/nios2-elf/lib\libc.a(lib_a-makebuf.o)
                0x0000000000008eb8                __smakebuf_r
 .text          0x0000000000009074        0x0 c:/intelfpga/17.1/nios2eds/bin/gnu/h-x86_64-mingw32/bin/../lib/gcc/nios2-elf/5.3.0/../../../../../H-x86_64-mingw32/nios2-elf/lib\libc.a(lib_a-mallocr.o)
 .text._malloc_r
                0x0000000000009074      0x80c c:/intelfpga/17.1/nios2eds/bin/gnu/h-x86_64-mingw32/bin/../lib/gcc/nios2-elf/5.3.0/../../../../../H-x86_64-mingw32/nios2-elf/lib\libc.a(lib_a-mallocr.o)
                0x0000000000009074                _malloc_r
 .text          0x0000000000009880        0x0 c:/intelfpga/17.1/nios2eds/bin/gnu/h-x86_64-mingw32/bin/../lib/gcc/nios2-elf/5.3.0/../../../../../H-x86_64-mingw32/nios2-elf/lib\libc.a(lib_a-memset.o)
 .text.memset   0x0000000000009880      0x128 c:/intelfpga/17.1/nios2eds/bin/gnu/h-x86_64-mingw32/bin/../lib/gcc/nios2-elf/5.3.0/../../../../../H-x86_64-mingw32/nios2-elf/lib\libc.a(lib_a-memset.o)
                0x0000000000009880                memset
 .text          0x00000000000099a8        0x0 c:/intelfpga/17.1/nios2eds/bin/gnu/h-x86_64-mingw32/bin/../lib/gcc/nios2-elf/5.3.0/../../../../../H-x86_64-mingw32/nios2-elf/lib\libc.a(lib_a-sbrkr.o)
 .text._sbrk_r  0x00000000000099a8       0x54 c:/intelfpga/17.1/nios2eds/bin/gnu/h-x86_64-mingw32/bin/../lib/gcc/nios2-elf/5.3.0/../../../../../H-x86_64-mingw32/nios2-elf/lib\libc.a(lib_a-sbrkr.o)
                0x00000000000099a8                _sbrk_r
 .text          0x00000000000099fc        0x0 c:/intelfpga/17.1/nios2eds/bin/gnu/h-x86_64-mingw32/bin/../lib/gcc/nios2-elf/5.3.0/../../../../../H-x86_64-mingw32/nios2-elf/lib\libc.a(lib_a-stdio.o)
 .text.__sread  0x00000000000099fc       0x54 c:/intelfpga/17.1/nios2eds/bin/gnu/h-x86_64-mingw32/bin/../lib/gcc/nios2-elf/5.3.0/../../../../../H-x86_64-mingw32/nios2-elf/lib\libc.a(lib_a-stdio.o)
                0x00000000000099fc                __sread
 .text.__seofread
                0x0000000000009a50        0x8 c:/intelfpga/17.1/nios2eds/bin/gnu/h-x86_64-mingw32/bin/../lib/gcc/nios2-elf/5.3.0/../../../../../H-x86_64-mingw32/nios2-elf/lib\libc.a(lib_a-stdio.o)
                0x0000000000009a50                __seofread
 .text.__swrite
                0x0000000000009a58       0x7c c:/intelfpga/17.1/nios2eds/bin/gnu/h-x86_64-mingw32/bin/../lib/gcc/nios2-elf/5.3.0/../../../../../H-x86_64-mingw32/nios2-elf/lib\libc.a(lib_a-stdio.o)
                0x0000000000009a58                __swrite
 .text.__sseek  0x0000000000009ad4       0x5c c:/intelfpga/17.1/nios2eds/bin/gnu/h-x86_64-mingw32/bin/../lib/gcc/nios2-elf/5.3.0/../../../../../H-x86_64-mingw32/nios2-elf/lib\libc.a(lib_a-stdio.o)
                0x0000000000009ad4                __sseek
 .text.__sclose
                0x0000000000009b30        0x8 c:/intelfpga/17.1/nios2eds/bin/gnu/h-x86_64-mingw32/bin/../lib/gcc/nios2-elf/5.3.0/../../../../../H-x86_64-mingw32/nios2-elf/lib\libc.a(lib_a-stdio.o)
                0x0000000000009b30                __sclose
 .text          0x0000000000009b38        0x0 c:/intelfpga/17.1/nios2eds/bin/gnu/h-x86_64-mingw32/bin/../lib/gcc/nios2-elf/5.3.0/../../../../../H-x86_64-mingw32/nios2-elf/lib\libc.a(lib_a-writer.o)
 .text._write_r
                0x0000000000009b38       0x60 c:/intelfpga/17.1/nios2eds/bin/gnu/h-x86_64-mingw32/bin/../lib/gcc/nios2-elf/5.3.0/../../../../../H-x86_64-mingw32/nios2-elf/lib\libc.a(lib_a-writer.o)
                0x0000000000009b38                _write_r
 .text          0x0000000000009b98        0x0 c:/intelfpga/17.1/nios2eds/bin/gnu/h-x86_64-mingw32/bin/../lib/gcc/nios2-elf/5.3.0/../../../../../H-x86_64-mingw32/nios2-elf/lib\libc.a(closer.o)
 .text._close_r
                0x0000000000009b98       0x54 c:/intelfpga/17.1/nios2eds/bin/gnu/h-x86_64-mingw32/bin/../lib/gcc/nios2-elf/5.3.0/../../../../../H-x86_64-mingw32/nios2-elf/lib\libc.a(closer.o)
                0x0000000000009b98                _close_r
 .text          0x0000000000009bec        0x0 c:/intelfpga/17.1/nios2eds/bin/gnu/h-x86_64-mingw32/bin/../lib/gcc/nios2-elf/5.3.0/../../../../../H-x86_64-mingw32/nios2-elf/lib\libc.a(lib_a-fclose.o)
 .text._fclose_r
                0x0000000000009bec       0xf0 c:/intelfpga/17.1/nios2eds/bin/gnu/h-x86_64-mingw32/bin/../lib/gcc/nios2-elf/5.3.0/../../../../../H-x86_64-mingw32/nios2-elf/lib\libc.a(lib_a-fclose.o)
                0x0000000000009bec                _fclose_r
 .text.fclose   0x0000000000009cdc       0x14 c:/intelfpga/17.1/nios2eds/bin/gnu/h-x86_64-mingw32/bin/../lib/gcc/nios2-elf/5.3.0/../../../../../H-x86_64-mingw32/nios2-elf/lib\libc.a(lib_a-fclose.o)
                0x0000000000009cdc                fclose
 .text          0x0000000000009cf0        0x0 c:/intelfpga/17.1/nios2eds/bin/gnu/h-x86_64-mingw32/bin/../lib/gcc/nios2-elf/5.3.0/../../../../../H-x86_64-mingw32/nios2-elf/lib\libc.a(lib_a-fstatr.o)
 .text._fstat_r
                0x0000000000009cf0       0x5c c:/intelfpga/17.1/nios2eds/bin/gnu/h-x86_64-mingw32/bin/../lib/gcc/nios2-elf/5.3.0/../../../../../H-x86_64-mingw32/nios2-elf/lib\libc.a(lib_a-fstatr.o)
                0x0000000000009cf0                _fstat_r
 .text          0x0000000000009d4c        0x0 c:/intelfpga/17.1/nios2eds/bin/gnu/h-x86_64-mingw32/bin/../lib/gcc/nios2-elf/5.3.0/../../../../../H-x86_64-mingw32/nios2-elf/lib\libc.a(lib_a-isattyr.o)
 .text._isatty_r
                0x0000000000009d4c       0x54 c:/intelfpga/17.1/nios2eds/bin/gnu/h-x86_64-mingw32/bin/../lib/gcc/nios2-elf/5.3.0/../../../../../H-x86_64-mingw32/nios2-elf/lib\libc.a(lib_a-isattyr.o)
                0x0000000000009d4c                _isatty_r
 .text          0x0000000000009da0        0x0 c:/intelfpga/17.1/nios2eds/bin/gnu/h-x86_64-mingw32/bin/../lib/gcc/nios2-elf/5.3.0/../../../../../H-x86_64-mingw32/nios2-elf/lib\libc.a(lib_a-lseekr.o)
 .text._lseek_r
                0x0000000000009da0       0x60 c:/intelfpga/17.1/nios2eds/bin/gnu/h-x86_64-mingw32/bin/../lib/gcc/nios2-elf/5.3.0/../../../../../H-x86_64-mingw32/nios2-elf/lib\libc.a(lib_a-lseekr.o)
                0x0000000000009da0                _lseek_r
 .text          0x0000000000009e00        0x0 c:/intelfpga/17.1/nios2eds/bin/gnu/h-x86_64-mingw32/bin/../lib/gcc/nios2-elf/5.3.0/../../../../../H-x86_64-mingw32/nios2-elf/lib\libc.a(lib_a-readr.o)
 .text._read_r  0x0000000000009e00       0x60 c:/intelfpga/17.1/nios2eds/bin/gnu/h-x86_64-mingw32/bin/../lib/gcc/nios2-elf/5.3.0/../../../../../H-x86_64-mingw32/nios2-elf/lib\libc.a(lib_a-readr.o)
                0x0000000000009e00                _read_r
 .text          0x0000000000009e60      0x1b4 c:/intelfpga/17.1/nios2eds/bin/gnu/h-x86_64-mingw32/bin/../lib/gcc/nios2-elf/5.3.0\libgcc.a(lib2-divmod.o)
                0x0000000000009e60                __divsi3
                0x0000000000009ee4                __modsi3
                0x0000000000009f58                __udivsi3
                0x0000000000009fbc                __umodsi3
 .text          0x000000000000a014       0x34 ../media_computer_HAL_bsp/\libhal_bsp.a(alt_exit.o)
                0x000000000000a014                _exit
 .text          0x000000000000a048       0xec ../media_computer_HAL_bsp/\libhal_bsp.a(alt_fstat.o)
                0x000000000000a084                fstat
 .text          0x000000000000a134       0xe0 ../media_computer_HAL_bsp/\libhal_bsp.a(alt_isatty.o)
                0x000000000000a170                isatty
 .text          0x000000000000a214      0x110 ../media_computer_HAL_bsp/\libhal_bsp.a(alt_lseek.o)
                0x000000000000a250                lseek
 .text          0x000000000000a324       0x48 ../media_computer_HAL_bsp/\libhal_bsp.a(alt_malloc_lock.o)
                0x000000000000a324                __malloc_lock
                0x000000000000a348                __malloc_unlock
 .text          0x000000000000a36c      0x138 ../media_computer_HAL_bsp/\libhal_bsp.a(alt_read.o)
                0x000000000000a3a8                read
 .text          0x000000000000a4a4       0xb0 ../media_computer_HAL_bsp/\libhal_bsp.a(alt_sbrk.o)
                0x000000000000a4a4                sbrk
 .text          0x000000000000a554      0x134 ../media_computer_HAL_bsp/\libhal_bsp.a(alt_write.o)
                0x000000000000a590                write
 *(.gnu.warning.*)
 *(.fini)
                [!provide]                        PROVIDE (__etext, ABSOLUTE (.))
                [!provide]                        PROVIDE (_etext, ABSOLUTE (.))
                [!provide]                        PROVIDE (etext, ABSOLUTE (.))
 *(.eh_frame_hdr)
                0x000000000000a688                . = ALIGN (0x4)
                [!provide]                        PROVIDE (__preinit_array_start, ABSOLUTE (.))
 *(.preinit_array)
                [!provide]                        PROVIDE (__preinit_array_end, ABSOLUTE (.))
                [!provide]                        PROVIDE (__init_array_start, ABSOLUTE (.))
 *(.init_array)
                [!provide]                        PROVIDE (__init_array_end, ABSOLUTE (.))
                [!provide]                        PROVIDE (__fini_array_start, ABSOLUTE (.))
 *(.fini_array)
                [!provide]                        PROVIDE (__fini_array_end, ABSOLUTE (.))
 *(.eh_frame)
 *(.gcc_except_table .gcc_except_table.*)
 *(.dynamic)
                0x000000000000a688                PROVIDE (__CTOR_LIST__, ABSOLUTE (.))
 *(.ctors)
 *(SORT(.ctors.*))
                0x000000000000a688                PROVIDE (__CTOR_END__, ABSOLUTE (.))
                0x000000000000a688                PROVIDE (__DTOR_LIST__, ABSOLUTE (.))
 *(.dtors)
 *(SORT(.dtors.*))
                0x000000000000a688                PROVIDE (__DTOR_END__, ABSOLUTE (.))
 *(.jcr)
                0x000000000000a688                . = ALIGN (0x4)

.rodata         0x000000000000a688      0x2c4
                0x000000000000a688                PROVIDE (__ram_rodata_start, ABSOLUTE (.))
                0x000000000000a688                . = ALIGN (0x4)
 *(.rodata .rodata.* .gnu.linkonce.r.*)
 .rodata        0x000000000000a688      0x13c obj/default/media_graphics_HAL.o
 .rodata        0x000000000000a7c4        0xf ../media_computer_HAL_bsp/\libhal_bsp.a(alt_main.o)
 *fill*         0x000000000000a7d3        0x1 
 .rodata        0x000000000000a7d4      0x149 ../media_computer_HAL_bsp/\libhal_bsp.a(alt_sys_init.o)
 *fill*         0x000000000000a91d        0x3 
 .rodata        0x000000000000a920       0x1a ../media_computer_HAL_bsp/\libhal_bsp.a(altera_up_avalon_video_character_buffer_with_dma.o)
 *fill*         0x000000000000a93a        0x2 
 .rodata        0x000000000000a93c        0xa ../media_computer_HAL_bsp/\libhal_bsp.a(alt_dev.o)
 *fill*         0x000000000000a946        0x2 
 .rodata.str1.4
                0x000000000000a948        0x4 c:/intelfpga/17.1/nios2eds/bin/gnu/h-x86_64-mingw32/bin/../lib/gcc/nios2-elf/5.3.0/../../../../../H-x86_64-mingw32/nios2-elf/lib\libc.a(lib_a-impure.o)
                                          0x2 (size before relaxing)
 *(.rodata1)
                0x000000000000a94c                . = ALIGN (0x4)
                0x000000000000a94c                PROVIDE (__ram_rodata_end, ABSOLUTE (.))
                0x000000000000a688                PROVIDE (__flash_rodata_start, LOADADDR (.rodata))

.rwdata         0x000000000000a94c     0x1e48 load address 0x000000000000c794
                0x000000000000a94c                PROVIDE (__ram_rwdata_start, ABSOLUTE (.))
                0x000000000000a94c                . = ALIGN (0x4)
 *(.got.plt)
 *(.got)
 *(.data1)
 *(.data .data.* .gnu.linkonce.d.*)
 .data          0x000000000000a94c        0x0 ../media_computer_HAL_bsp//obj/HAL/src/crt0.o
 .data          0x000000000000a94c        0x0 obj/default/media_graphics_HAL.o
 .data          0x000000000000a94c        0x0 c:/intelfpga/17.1/nios2eds/bin/gnu/h-x86_64-mingw32/bin/../lib/gcc/nios2-elf/5.3.0/../../../../../H-x86_64-mingw32/nios2-elf/lib\libc.a(lib_a-memcpy.o)
 .data          0x000000000000a94c        0x0 ../media_computer_HAL_bsp/\libhal_bsp.a(alt_load.o)
 .data          0x000000000000a94c        0x0 ../media_computer_HAL_bsp/\libhal_bsp.a(alt_main.o)
 .data          0x000000000000a94c        0x0 ../media_computer_HAL_bsp/\libhal_bsp.a(alt_printf.o)
 .data          0x000000000000a94c        0x0 ../media_computer_HAL_bsp/\libhal_bsp.a(alt_putchar.o)
 .data          0x000000000000a94c     0x1434 ../media_computer_HAL_bsp/\libhal_bsp.a(alt_sys_init.o)
 .data          0x000000000000bd80        0x0 ../media_computer_HAL_bsp/\libhal_bsp.a(altera_avalon_cfi_flash.o)
 .data          0x000000000000bd80        0x0 ../media_computer_HAL_bsp/\libhal_bsp.a(altera_avalon_cfi_flash_table.o)
 .data          0x000000000000bd80        0x0 ../media_computer_HAL_bsp/\libhal_bsp.a(altera_avalon_jtag_uart_fd.o)
 .data          0x000000000000bd80        0x0 ../media_computer_HAL_bsp/\libhal_bsp.a(altera_avalon_jtag_uart_init.o)
 .data          0x000000000000bd80        0x0 ../media_computer_HAL_bsp/\libhal_bsp.a(altera_avalon_jtag_uart_ioctl.o)
 .data          0x000000000000bd80        0x0 ../media_computer_HAL_bsp/\libhal_bsp.a(altera_avalon_jtag_uart_read.o)
 .data          0x000000000000bd80        0x0 ../media_computer_HAL_bsp/\libhal_bsp.a(altera_avalon_jtag_uart_write.o)
 .data          0x000000000000bd80        0x0 ../media_computer_HAL_bsp/\libhal_bsp.a(altera_avalon_timer_sc.o)
 .data          0x000000000000bd80        0x0 ../media_computer_HAL_bsp/\libhal_bsp.a(altera_up_avalon_character_lcd.o)
 .data          0x000000000000bd80        0x0 ../media_computer_HAL_bsp/\libhal_bsp.a(altera_up_avalon_ps2.o)
 .data          0x000000000000bd80        0x0 ../media_computer_HAL_bsp/\libhal_bsp.a(altera_up_avalon_rs232.o)
 .data          0x000000000000bd80        0x0 ../media_computer_HAL_bsp/\libhal_bsp.a(altera_up_avalon_video_character_buffer_with_dma.o)
 .data          0x000000000000bd80        0x0 ../media_computer_HAL_bsp/\libhal_bsp.a(altera_up_avalon_video_pixel_buffer_dma.o)
 .data          0x000000000000bd80        0x0 ../media_computer_HAL_bsp/\libhal_bsp.a(alt_alarm_start.o)
 .data          0x000000000000bd80        0x0 ../media_computer_HAL_bsp/\libhal_bsp.a(alt_close.o)
 .data          0x000000000000bd80        0x0 ../media_computer_HAL_bsp/\libhal_bsp.a(alt_dcache_flush.o)
 .data          0x000000000000bd80        0x0 ../media_computer_HAL_bsp/\libhal_bsp.a(alt_dcache_flush_all.o)
 .data          0x000000000000bd80      0x1a8 ../media_computer_HAL_bsp/\libhal_bsp.a(alt_dev.o)
                0x000000000000bd80                alt_dev_null
                0x000000000000bda8                alt_fd_list
 .data          0x000000000000bf28        0x0 ../media_computer_HAL_bsp/\libhal_bsp.a(alt_dev_llist_insert.o)
 .data          0x000000000000bf28        0x0 ../media_computer_HAL_bsp/\libhal_bsp.a(alt_do_ctors.o)
 .data          0x000000000000bf28        0x0 ../media_computer_HAL_bsp/\libhal_bsp.a(alt_do_dtors.o)
 .data          0x000000000000bf28        0x0 ../media_computer_HAL_bsp/\libhal_bsp.a(alt_errno.o)
 .data          0x000000000000bf28        0x0 ../media_computer_HAL_bsp/\libhal_bsp.a(alt_find_dev.o)
 .data          0x000000000000bf28        0x0 ../media_computer_HAL_bsp/\libhal_bsp.a(alt_flash_dev.o)
 .data          0x000000000000bf28        0x0 ../media_computer_HAL_bsp/\libhal_bsp.a(alt_icache_flush_all.o)
 .data          0x000000000000bf28        0x0 ../media_computer_HAL_bsp/\libhal_bsp.a(alt_io_redirect.o)
 .data          0x000000000000bf28        0x0 ../media_computer_HAL_bsp/\libhal_bsp.a(alt_irq_register.o)
 .data          0x000000000000bf28        0x0 ../media_computer_HAL_bsp/\libhal_bsp.a(alt_irq_vars.o)
 .data          0x000000000000bf28        0x0 ../media_computer_HAL_bsp/\libhal_bsp.a(alt_open.o)
 .data          0x000000000000bf28        0x0 ../media_computer_HAL_bsp/\libhal_bsp.a(alt_release_fd.o)
 .data          0x000000000000bf28        0x0 ../media_computer_HAL_bsp/\libhal_bsp.a(alt_tick.o)
 .data          0x000000000000bf28        0x0 ../media_computer_HAL_bsp/\libhal_bsp.a(altera_nios2_gen2_irq.o)
 .data          0x000000000000bf28        0x0 ../media_computer_HAL_bsp/\libhal_bsp.a(altera_avalon_cfi_flash_amd.o)
 .data          0x000000000000bf28        0x0 ../media_computer_HAL_bsp/\libhal_bsp.a(altera_avalon_cfi_flash_intel.o)
 .data          0x000000000000bf28        0x0 ../media_computer_HAL_bsp/\libhal_bsp.a(alt_find_file.o)
 .data          0x000000000000bf28        0x0 ../media_computer_HAL_bsp/\libhal_bsp.a(alt_get_fd.o)
 .data          0x000000000000bf28        0x0 ../media_computer_HAL_bsp/\libhal_bsp.a(alt_icache_flush.o)
 .data          0x000000000000bf28        0x0 ../media_computer_HAL_bsp/\libhal_bsp.a(alt_irq_entry.o)
 .data          0x000000000000bf28        0x0 ../media_computer_HAL_bsp/\libhal_bsp.a(alt_irq_handler.o)
 .data          0x000000000000bf28        0x0 ../media_computer_HAL_bsp/\libhal_bsp.a(alt_usleep.o)
 .data          0x000000000000bf28        0x0 ../media_computer_HAL_bsp/\libhal_bsp.a(alt_busy_sleep.o)
 .data          0x000000000000bf28        0x0 ../media_computer_HAL_bsp/\libhal_bsp.a(alt_exception_entry.o)
 .data          0x000000000000bf28        0x0 ../media_computer_HAL_bsp/\libhal_bsp.a(alt_instruction_exception_entry.o)
 .data          0x000000000000bf28        0x0 c:/intelfpga/17.1/nios2eds/bin/gnu/h-x86_64-mingw32/bin/../lib/gcc/nios2-elf/5.3.0/../../../../../H-x86_64-mingw32/nios2-elf/lib\libc.a(lib_a-atexit.o)
 .data          0x000000000000bf28        0x0 c:/intelfpga/17.1/nios2eds/bin/gnu/h-x86_64-mingw32/bin/../lib/gcc/nios2-elf/5.3.0/../../../../../H-x86_64-mingw32/nios2-elf/lib\libc.a(lib_a-exit.o)
 .data          0x000000000000bf28        0x0 c:/intelfpga/17.1/nios2eds/bin/gnu/h-x86_64-mingw32/bin/../lib/gcc/nios2-elf/5.3.0/../../../../../H-x86_64-mingw32/nios2-elf/lib\libc.a(lib_a-impure.o)
 .data.impure_data
                0x000000000000bf28      0x424 c:/intelfpga/17.1/nios2eds/bin/gnu/h-x86_64-mingw32/bin/../lib/gcc/nios2-elf/5.3.0/../../../../../H-x86_64-mingw32/nios2-elf/lib\libc.a(lib_a-impure.o)
 .data          0x000000000000c34c        0x0 c:/intelfpga/17.1/nios2eds/bin/gnu/h-x86_64-mingw32/bin/../lib/gcc/nios2-elf/5.3.0/../../../../../H-x86_64-mingw32/nios2-elf/lib\libc.a(lib_a-int_errno.o)
 .data          0x000000000000c34c        0x0 c:/intelfpga/17.1/nios2eds/bin/gnu/h-x86_64-mingw32/bin/../lib/gcc/nios2-elf/5.3.0/../../../../../H-x86_64-mingw32/nios2-elf/lib\libc.a(lib_a-memcmp.o)
 .data          0x000000000000c34c        0x0 c:/intelfpga/17.1/nios2eds/bin/gnu/h-x86_64-mingw32/bin/../lib/gcc/nios2-elf/5.3.0/../../../../../H-x86_64-mingw32/nios2-elf/lib\libc.a(lib_a-putc.o)
 .data          0x000000000000c34c        0x0 c:/intelfpga/17.1/nios2eds/bin/gnu/h-x86_64-mingw32/bin/../lib/gcc/nios2-elf/5.3.0/../../../../../H-x86_64-mingw32/nios2-elf/lib\libc.a(lib_a-strcmp.o)
 .data          0x000000000000c34c        0x0 c:/intelfpga/17.1/nios2eds/bin/gnu/h-x86_64-mingw32/bin/../lib/gcc/nios2-elf/5.3.0/../../../../../H-x86_64-mingw32/nios2-elf/lib\libc.a(lib_a-strlen.o)
 .data          0x000000000000c34c        0x0 c:/intelfpga/17.1/nios2eds/bin/gnu/h-x86_64-mingw32/bin/../lib/gcc/nios2-elf/5.3.0/../../../../../H-x86_64-mingw32/nios2-elf/lib\libc.a(lib_a-wbuf.o)
 .data          0x000000000000c34c        0x0 c:/intelfpga/17.1/nios2eds/bin/gnu/h-x86_64-mingw32/bin/../lib/gcc/nios2-elf/5.3.0/../../../../../H-x86_64-mingw32/nios2-elf/lib\libc.a(lib_a-wsetup.o)
 .data          0x000000000000c34c        0x0 c:/intelfpga/17.1/nios2eds/bin/gnu/h-x86_64-mingw32/bin/../lib/gcc/nios2-elf/5.3.0/../../../../../H-x86_64-mingw32/nios2-elf/lib\libc.a(lib_a-__atexit.o)
 .data          0x000000000000c34c        0x0 c:/intelfpga/17.1/nios2eds/bin/gnu/h-x86_64-mingw32/bin/../lib/gcc/nios2-elf/5.3.0/../../../../../H-x86_64-mingw32/nios2-elf/lib\libc.a(lib_a-__call_atexit.o)
 .data          0x000000000000c34c        0x0 c:/intelfpga/17.1/nios2eds/bin/gnu/h-x86_64-mingw32/bin/../lib/gcc/nios2-elf/5.3.0/../../../../../H-x86_64-mingw32/nios2-elf/lib\libc.a(lib_a-fflush.o)
 .data          0x000000000000c34c        0x0 c:/intelfpga/17.1/nios2eds/bin/gnu/h-x86_64-mingw32/bin/../lib/gcc/nios2-elf/5.3.0/../../../../../H-x86_64-mingw32/nios2-elf/lib\libc.a(lib_a-findfp.o)
 .data          0x000000000000c34c        0x0 c:/intelfpga/17.1/nios2eds/bin/gnu/h-x86_64-mingw32/bin/../lib/gcc/nios2-elf/5.3.0/../../../../../H-x86_64-mingw32/nios2-elf/lib\libc.a(lib_a-freer.o)
 .data          0x000000000000c34c        0x0 c:/intelfpga/17.1/nios2eds/bin/gnu/h-x86_64-mingw32/bin/../lib/gcc/nios2-elf/5.3.0/../../../../../H-x86_64-mingw32/nios2-elf/lib\libc.a(lib_a-fwalk.o)
 .data          0x000000000000c34c        0x0 c:/intelfpga/17.1/nios2eds/bin/gnu/h-x86_64-mingw32/bin/../lib/gcc/nios2-elf/5.3.0/../../../../../H-x86_64-mingw32/nios2-elf/lib\libc.a(lib_a-makebuf.o)
 .data          0x000000000000c34c        0x0 c:/intelfpga/17.1/nios2eds/bin/gnu/h-x86_64-mingw32/bin/../lib/gcc/nios2-elf/5.3.0/../../../../../H-x86_64-mingw32/nios2-elf/lib\libc.a(lib_a-mallocr.o)
 .data.__malloc_av_
                0x000000000000c34c      0x408 c:/intelfpga/17.1/nios2eds/bin/gnu/h-x86_64-mingw32/bin/../lib/gcc/nios2-elf/5.3.0/../../../../../H-x86_64-mingw32/nios2-elf/lib\libc.a(lib_a-mallocr.o)
                0x000000000000c34c                __malloc_av_
 .data          0x000000000000c754        0x0 c:/intelfpga/17.1/nios2eds/bin/gnu/h-x86_64-mingw32/bin/../lib/gcc/nios2-elf/5.3.0/../../../../../H-x86_64-mingw32/nios2-elf/lib\libc.a(lib_a-memset.o)
 .data          0x000000000000c754        0x0 c:/intelfpga/17.1/nios2eds/bin/gnu/h-x86_64-mingw32/bin/../lib/gcc/nios2-elf/5.3.0/../../../../../H-x86_64-mingw32/nios2-elf/lib\libc.a(lib_a-sbrkr.o)
 .data          0x000000000000c754        0x0 c:/intelfpga/17.1/nios2eds/bin/gnu/h-x86_64-mingw32/bin/../lib/gcc/nios2-elf/5.3.0/../../../../../H-x86_64-mingw32/nios2-elf/lib\libc.a(lib_a-stdio.o)
 .data          0x000000000000c754        0x0 c:/intelfpga/17.1/nios2eds/bin/gnu/h-x86_64-mingw32/bin/../lib/gcc/nios2-elf/5.3.0/../../../../../H-x86_64-mingw32/nios2-elf/lib\libc.a(lib_a-writer.o)
 .data          0x000000000000c754        0x0 c:/intelfpga/17.1/nios2eds/bin/gnu/h-x86_64-mingw32/bin/../lib/gcc/nios2-elf/5.3.0/../../../../../H-x86_64-mingw32/nios2-elf/lib\libc.a(closer.o)
 .data          0x000000000000c754        0x0 c:/intelfpga/17.1/nios2eds/bin/gnu/h-x86_64-mingw32/bin/../lib/gcc/nios2-elf/5.3.0/../../../../../H-x86_64-mingw32/nios2-elf/lib\libc.a(lib_a-fclose.o)
 .data          0x000000000000c754        0x0 c:/intelfpga/17.1/nios2eds/bin/gnu/h-x86_64-mingw32/bin/../lib/gcc/nios2-elf/5.3.0/../../../../../H-x86_64-mingw32/nios2-elf/lib\libc.a(lib_a-fstatr.o)
 .data          0x000000000000c754        0x0 c:/intelfpga/17.1/nios2eds/bin/gnu/h-x86_64-mingw32/bin/../lib/gcc/nios2-elf/5.3.0/../../../../../H-x86_64-mingw32/nios2-elf/lib\libc.a(lib_a-isattyr.o)
 .data          0x000000000000c754        0x0 c:/intelfpga/17.1/nios2eds/bin/gnu/h-x86_64-mingw32/bin/../lib/gcc/nios2-elf/5.3.0/../../../../../H-x86_64-mingw32/nios2-elf/lib\libc.a(lib_a-lseekr.o)
 .data          0x000000000000c754        0x0 c:/intelfpga/17.1/nios2eds/bin/gnu/h-x86_64-mingw32/bin/../lib/gcc/nios2-elf/5.3.0/../../../../../H-x86_64-mingw32/nios2-elf/lib\libc.a(lib_a-readr.o)
 .data          0x000000000000c754        0x0 c:/intelfpga/17.1/nios2eds/bin/gnu/h-x86_64-mingw32/bin/../lib/gcc/nios2-elf/5.3.0\libgcc.a(lib2-divmod.o)
 .data          0x000000000000c754        0x0 ../media_computer_HAL_bsp/\libhal_bsp.a(alt_exit.o)
 .data          0x000000000000c754        0x0 ../media_computer_HAL_bsp/\libhal_bsp.a(alt_fstat.o)
 .data          0x000000000000c754        0x0 ../media_computer_HAL_bsp/\libhal_bsp.a(alt_isatty.o)
 .data          0x000000000000c754        0x0 ../media_computer_HAL_bsp/\libhal_bsp.a(alt_lseek.o)
 .data          0x000000000000c754        0x0 ../media_computer_HAL_bsp/\libhal_bsp.a(alt_malloc_lock.o)
 .data          0x000000000000c754        0x0 ../media_computer_HAL_bsp/\libhal_bsp.a(alt_read.o)
 .data          0x000000000000c754        0x0 ../media_computer_HAL_bsp/\libhal_bsp.a(alt_sbrk.o)
 .data          0x000000000000c754        0x0 ../media_computer_HAL_bsp/\libhal_bsp.a(alt_write.o)
                0x0000000000014754                _gp = ABSOLUTE ((. + 0x8000))
                [!provide]                        PROVIDE (gp, _gp)
 *(.rwdata .rwdata.*)
 *(.sdata .sdata.* .gnu.linkonce.s.*)
 .sdata         0x000000000000c754       0x14 ../media_computer_HAL_bsp/\libhal_bsp.a(alt_dev.o)
                0x000000000000c754                alt_fs_list
                0x000000000000c75c                alt_dev_list
                0x000000000000c764                alt_max_fd
 .sdata         0x000000000000c768        0x4 ../media_computer_HAL_bsp/\libhal_bsp.a(alt_errno.o)
                0x000000000000c768                alt_errno
 .sdata         0x000000000000c76c        0x8 ../media_computer_HAL_bsp/\libhal_bsp.a(alt_flash_dev.o)
                0x000000000000c76c                alt_flash_dev_list
 .sdata         0x000000000000c774        0x4 ../media_computer_HAL_bsp/\libhal_bsp.a(alt_irq_vars.o)
                0x000000000000c774                alt_priority_mask
 .sdata         0x000000000000c778        0x8 ../media_computer_HAL_bsp/\libhal_bsp.a(alt_tick.o)
                0x000000000000c778                alt_alarm_list
 .sdata._global_impure_ptr
                0x000000000000c780        0x4 c:/intelfpga/17.1/nios2eds/bin/gnu/h-x86_64-mingw32/bin/../lib/gcc/nios2-elf/5.3.0/../../../../../H-x86_64-mingw32/nios2-elf/lib\libc.a(lib_a-impure.o)
                0x000000000000c780                _global_impure_ptr
 .sdata._impure_ptr
                0x000000000000c784        0x4 c:/intelfpga/17.1/nios2eds/bin/gnu/h-x86_64-mingw32/bin/../lib/gcc/nios2-elf/5.3.0/../../../../../H-x86_64-mingw32/nios2-elf/lib\libc.a(lib_a-impure.o)
                0x000000000000c784                _impure_ptr
 .sdata.__malloc_sbrk_base
                0x000000000000c788        0x4 c:/intelfpga/17.1/nios2eds/bin/gnu/h-x86_64-mingw32/bin/../lib/gcc/nios2-elf/5.3.0/../../../../../H-x86_64-mingw32/nios2-elf/lib\libc.a(lib_a-mallocr.o)
                0x000000000000c788                __malloc_sbrk_base
 .sdata.__malloc_trim_threshold
                0x000000000000c78c        0x4 c:/intelfpga/17.1/nios2eds/bin/gnu/h-x86_64-mingw32/bin/../lib/gcc/nios2-elf/5.3.0/../../../../../H-x86_64-mingw32/nios2-elf/lib\libc.a(lib_a-mallocr.o)
                0x000000000000c78c                __malloc_trim_threshold
 .sdata         0x000000000000c790        0x4 ../media_computer_HAL_bsp/\libhal_bsp.a(alt_sbrk.o)
 *(.sdata2 .sdata2.* .gnu.linkonce.s2.*)
                0x000000000000c794                . = ALIGN (0x4)
                0x000000000000c794                _edata = ABSOLUTE (.)
                [!provide]                        PROVIDE (edata, ABSOLUTE (.))
                0x000000000000c794                PROVIDE (__ram_rwdata_end, ABSOLUTE (.))
                0x000000000000c794                PROVIDE (__flash_rwdata_start, LOADADDR (.rwdata))

.bss            0x000000000000e5dc      0x154
                0x000000000000e5dc                __bss_start = ABSOLUTE (.)
                [!provide]                        PROVIDE (__sbss_start, ABSOLUTE (.))
                [!provide]                        PROVIDE (___sbss_start, ABSOLUTE (.))
 *(.dynsbss)
 *(.sbss .sbss.* .gnu.linkonce.sb.*)
 .sbss          0x000000000000e5dc        0xc ../media_computer_HAL_bsp/\libhal_bsp.a(alt_main.o)
                0x000000000000e5dc                alt_argc
                0x000000000000e5e0                alt_argv
                0x000000000000e5e4                alt_envp
 .sbss          0x000000000000e5e8        0x4 ../media_computer_HAL_bsp/\libhal_bsp.a(alt_irq_vars.o)
                0x000000000000e5e8                alt_irq_active
 .sbss          0x000000000000e5ec        0x8 ../media_computer_HAL_bsp/\libhal_bsp.a(alt_tick.o)
                0x000000000000e5ec                _alt_tick_rate
                0x000000000000e5f0                _alt_nticks
 .sbss          0x000000000000e5f4        0x4 ../media_computer_HAL_bsp/\libhal_bsp.a(alt_instruction_exception_entry.o)
                0x000000000000e5f4                alt_instruction_exception_handler
 .sbss          0x000000000000e5f8        0x4 c:/intelfpga/17.1/nios2eds/bin/gnu/h-x86_64-mingw32/bin/../lib/gcc/nios2-elf/5.3.0/../../../../../H-x86_64-mingw32/nios2-elf/lib\libc.a(lib_a-int_errno.o)
                0x000000000000e5f8                errno
 .sbss.__malloc_max_total_mem
                0x000000000000e5fc        0x4 c:/intelfpga/17.1/nios2eds/bin/gnu/h-x86_64-mingw32/bin/../lib/gcc/nios2-elf/5.3.0/../../../../../H-x86_64-mingw32/nios2-elf/lib\libc.a(lib_a-mallocr.o)
                0x000000000000e5fc                __malloc_max_total_mem
 .sbss.__malloc_max_sbrked_mem
                0x000000000000e600        0x4 c:/intelfpga/17.1/nios2eds/bin/gnu/h-x86_64-mingw32/bin/../lib/gcc/nios2-elf/5.3.0/../../../../../H-x86_64-mingw32/nios2-elf/lib\libc.a(lib_a-mallocr.o)
                0x000000000000e600                __malloc_max_sbrked_mem
 .sbss.__malloc_top_pad
                0x000000000000e604        0x4 c:/intelfpga/17.1/nios2eds/bin/gnu/h-x86_64-mingw32/bin/../lib/gcc/nios2-elf/5.3.0/../../../../../H-x86_64-mingw32/nios2-elf/lib\libc.a(lib_a-mallocr.o)
                0x000000000000e604                __malloc_top_pad
 *(.sbss2 .sbss2.* .gnu.linkonce.sb2.*)
 *(.scommon)
                [!provide]                        PROVIDE (__sbss_end, ABSOLUTE (.))
                [!provide]                        PROVIDE (___sbss_end, ABSOLUTE (.))
 *(.dynbss)
 *(.bss .bss.* .gnu.linkonce.b.*)
 .bss           0x000000000000e608        0x0 ../media_computer_HAL_bsp//obj/HAL/src/crt0.o
 .bss           0x000000000000e608        0x0 obj/default/media_graphics_HAL.o
 .bss           0x000000000000e608        0x0 c:/intelfpga/17.1/nios2eds/bin/gnu/h-x86_64-mingw32/bin/../lib/gcc/nios2-elf/5.3.0/../../../../../H-x86_64-mingw32/nios2-elf/lib\libc.a(lib_a-memcpy.o)
 .bss           0x000000000000e608        0x0 ../media_computer_HAL_bsp/\libhal_bsp.a(alt_load.o)
 .bss           0x000000000000e608        0x0 ../media_computer_HAL_bsp/\libhal_bsp.a(alt_main.o)
 .bss           0x000000000000e608        0x0 ../media_computer_HAL_bsp/\libhal_bsp.a(alt_printf.o)
 .bss           0x000000000000e608        0x0 ../media_computer_HAL_bsp/\libhal_bsp.a(alt_putchar.o)
 .bss           0x000000000000e608        0x0 ../media_computer_HAL_bsp/\libhal_bsp.a(alt_sys_init.o)
 .bss           0x000000000000e608        0x0 ../media_computer_HAL_bsp/\libhal_bsp.a(altera_avalon_cfi_flash.o)
 .bss           0x000000000000e608        0x0 ../media_computer_HAL_bsp/\libhal_bsp.a(altera_avalon_cfi_flash_table.o)
 .bss           0x000000000000e608        0x0 ../media_computer_HAL_bsp/\libhal_bsp.a(altera_avalon_jtag_uart_fd.o)
 .bss           0x000000000000e608        0x0 ../media_computer_HAL_bsp/\libhal_bsp.a(altera_avalon_jtag_uart_init.o)
 .bss           0x000000000000e608        0x0 ../media_computer_HAL_bsp/\libhal_bsp.a(altera_avalon_jtag_uart_ioctl.o)
 .bss           0x000000000000e608        0x0 ../media_computer_HAL_bsp/\libhal_bsp.a(altera_avalon_jtag_uart_read.o)
 .bss           0x000000000000e608        0x0 ../media_computer_HAL_bsp/\libhal_bsp.a(altera_avalon_jtag_uart_write.o)
 .bss           0x000000000000e608        0x0 ../media_computer_HAL_bsp/\libhal_bsp.a(altera_avalon_timer_sc.o)
 .bss           0x000000000000e608        0x0 ../media_computer_HAL_bsp/\libhal_bsp.a(altera_up_avalon_character_lcd.o)
 .bss           0x000000000000e608        0x0 ../media_computer_HAL_bsp/\libhal_bsp.a(altera_up_avalon_ps2.o)
 .bss           0x000000000000e608        0x0 ../media_computer_HAL_bsp/\libhal_bsp.a(altera_up_avalon_rs232.o)
 .bss           0x000000000000e608        0x0 ../media_computer_HAL_bsp/\libhal_bsp.a(altera_up_avalon_video_character_buffer_with_dma.o)
 .bss           0x000000000000e608        0x0 ../media_computer_HAL_bsp/\libhal_bsp.a(altera_up_avalon_video_pixel_buffer_dma.o)
 .bss           0x000000000000e608        0x0 ../media_computer_HAL_bsp/\libhal_bsp.a(alt_alarm_start.o)
 .bss           0x000000000000e608        0x0 ../media_computer_HAL_bsp/\libhal_bsp.a(alt_close.o)
 .bss           0x000000000000e608        0x0 ../media_computer_HAL_bsp/\libhal_bsp.a(alt_dcache_flush.o)
 .bss           0x000000000000e608        0x0 ../media_computer_HAL_bsp/\libhal_bsp.a(alt_dcache_flush_all.o)
 .bss           0x000000000000e608        0x0 ../media_computer_HAL_bsp/\libhal_bsp.a(alt_dev.o)
 .bss           0x000000000000e608        0x0 ../media_computer_HAL_bsp/\libhal_bsp.a(alt_dev_llist_insert.o)
 .bss           0x000000000000e608        0x0 ../media_computer_HAL_bsp/\libhal_bsp.a(alt_do_ctors.o)
 .bss           0x000000000000e608        0x0 ../media_computer_HAL_bsp/\libhal_bsp.a(alt_do_dtors.o)
 .bss           0x000000000000e608        0x0 ../media_computer_HAL_bsp/\libhal_bsp.a(alt_errno.o)
 .bss           0x000000000000e608        0x0 ../media_computer_HAL_bsp/\libhal_bsp.a(alt_find_dev.o)
 .bss           0x000000000000e608        0x0 ../media_computer_HAL_bsp/\libhal_bsp.a(alt_flash_dev.o)
 .bss           0x000000000000e608        0x0 ../media_computer_HAL_bsp/\libhal_bsp.a(alt_icache_flush_all.o)
 .bss           0x000000000000e608        0x0 ../media_computer_HAL_bsp/\libhal_bsp.a(alt_io_redirect.o)
 .bss           0x000000000000e608        0x0 ../media_computer_HAL_bsp/\libhal_bsp.a(alt_irq_register.o)
 .bss           0x000000000000e608        0x0 ../media_computer_HAL_bsp/\libhal_bsp.a(alt_irq_vars.o)
 .bss           0x000000000000e608        0x0 ../media_computer_HAL_bsp/\libhal_bsp.a(alt_open.o)
 .bss           0x000000000000e608        0x0 ../media_computer_HAL_bsp/\libhal_bsp.a(alt_release_fd.o)
 .bss           0x000000000000e608        0x0 ../media_computer_HAL_bsp/\libhal_bsp.a(alt_tick.o)
 .bss           0x000000000000e608        0x0 ../media_computer_HAL_bsp/\libhal_bsp.a(altera_nios2_gen2_irq.o)
 .bss           0x000000000000e608        0x0 ../media_computer_HAL_bsp/\libhal_bsp.a(altera_avalon_cfi_flash_amd.o)
 .bss           0x000000000000e608        0x0 ../media_computer_HAL_bsp/\libhal_bsp.a(altera_avalon_cfi_flash_intel.o)
 .bss           0x000000000000e608        0x0 ../media_computer_HAL_bsp/\libhal_bsp.a(alt_find_file.o)
 .bss           0x000000000000e608        0x0 ../media_computer_HAL_bsp/\libhal_bsp.a(alt_get_fd.o)
 .bss           0x000000000000e608        0x0 ../media_computer_HAL_bsp/\libhal_bsp.a(alt_icache_flush.o)
 .bss           0x000000000000e608        0x0 ../media_computer_HAL_bsp/\libhal_bsp.a(alt_irq_entry.o)
 .bss           0x000000000000e608        0x0 ../media_computer_HAL_bsp/\libhal_bsp.a(alt_irq_handler.o)
 .bss           0x000000000000e608        0x0 ../media_computer_HAL_bsp/\libhal_bsp.a(alt_usleep.o)
 .bss           0x000000000000e608        0x0 ../media_computer_HAL_bsp/\libhal_bsp.a(alt_busy_sleep.o)
 .bss           0x000000000000e608        0x0 ../media_computer_HAL_bsp/\libhal_bsp.a(alt_exception_entry.o)
 .bss           0x000000000000e608        0x0 ../media_computer_HAL_bsp/\libhal_bsp.a(alt_instruction_exception_entry.o)
 .bss           0x000000000000e608        0x0 c:/intelfpga/17.1/nios2eds/bin/gnu/h-x86_64-mingw32/bin/../lib/gcc/nios2-elf/5.3.0/../../../../../H-x86_64-mingw32/nios2-elf/lib\libc.a(lib_a-atexit.o)
 .bss           0x000000000000e608        0x0 c:/intelfpga/17.1/nios2eds/bin/gnu/h-x86_64-mingw32/bin/../lib/gcc/nios2-elf/5.3.0/../../../../../H-x86_64-mingw32/nios2-elf/lib\libc.a(lib_a-exit.o)
 .bss           0x000000000000e608        0x0 c:/intelfpga/17.1/nios2eds/bin/gnu/h-x86_64-mingw32/bin/../lib/gcc/nios2-elf/5.3.0/../../../../../H-x86_64-mingw32/nios2-elf/lib\libc.a(lib_a-impure.o)
 .bss           0x000000000000e608        0x0 c:/intelfpga/17.1/nios2eds/bin/gnu/h-x86_64-mingw32/bin/../lib/gcc/nios2-elf/5.3.0/../../../../../H-x86_64-mingw32/nios2-elf/lib\libc.a(lib_a-int_errno.o)
 .bss           0x000000000000e608        0x0 c:/intelfpga/17.1/nios2eds/bin/gnu/h-x86_64-mingw32/bin/../lib/gcc/nios2-elf/5.3.0/../../../../../H-x86_64-mingw32/nios2-elf/lib\libc.a(lib_a-memcmp.o)
 .bss           0x000000000000e608        0x0 c:/intelfpga/17.1/nios2eds/bin/gnu/h-x86_64-mingw32/bin/../lib/gcc/nios2-elf/5.3.0/../../../../../H-x86_64-mingw32/nios2-elf/lib\libc.a(lib_a-putc.o)
 .bss           0x000000000000e608        0x0 c:/intelfpga/17.1/nios2eds/bin/gnu/h-x86_64-mingw32/bin/../lib/gcc/nios2-elf/5.3.0/../../../../../H-x86_64-mingw32/nios2-elf/lib\libc.a(lib_a-strcmp.o)
 .bss           0x000000000000e608        0x0 c:/intelfpga/17.1/nios2eds/bin/gnu/h-x86_64-mingw32/bin/../lib/gcc/nios2-elf/5.3.0/../../../../../H-x86_64-mingw32/nios2-elf/lib\libc.a(lib_a-strlen.o)
 .bss           0x000000000000e608        0x0 c:/intelfpga/17.1/nios2eds/bin/gnu/h-x86_64-mingw32/bin/../lib/gcc/nios2-elf/5.3.0/../../../../../H-x86_64-mingw32/nios2-elf/lib\libc.a(lib_a-wbuf.o)
 .bss           0x000000000000e608        0x0 c:/intelfpga/17.1/nios2eds/bin/gnu/h-x86_64-mingw32/bin/../lib/gcc/nios2-elf/5.3.0/../../../../../H-x86_64-mingw32/nios2-elf/lib\libc.a(lib_a-wsetup.o)
 .bss           0x000000000000e608        0x0 c:/intelfpga/17.1/nios2eds/bin/gnu/h-x86_64-mingw32/bin/../lib/gcc/nios2-elf/5.3.0/../../../../../H-x86_64-mingw32/nios2-elf/lib\libc.a(lib_a-__atexit.o)
 .bss           0x000000000000e608        0x0 c:/intelfpga/17.1/nios2eds/bin/gnu/h-x86_64-mingw32/bin/../lib/gcc/nios2-elf/5.3.0/../../../../../H-x86_64-mingw32/nios2-elf/lib\libc.a(lib_a-__call_atexit.o)
 .bss           0x000000000000e608        0x0 c:/intelfpga/17.1/nios2eds/bin/gnu/h-x86_64-mingw32/bin/../lib/gcc/nios2-elf/5.3.0/../../../../../H-x86_64-mingw32/nios2-elf/lib\libc.a(lib_a-fflush.o)
 .bss           0x000000000000e608        0x0 c:/intelfpga/17.1/nios2eds/bin/gnu/h-x86_64-mingw32/bin/../lib/gcc/nios2-elf/5.3.0/../../../../../H-x86_64-mingw32/nios2-elf/lib\libc.a(lib_a-findfp.o)
 .bss           0x000000000000e608        0x0 c:/intelfpga/17.1/nios2eds/bin/gnu/h-x86_64-mingw32/bin/../lib/gcc/nios2-elf/5.3.0/../../../../../H-x86_64-mingw32/nios2-elf/lib\libc.a(lib_a-freer.o)
 .bss           0x000000000000e608        0x0 c:/intelfpga/17.1/nios2eds/bin/gnu/h-x86_64-mingw32/bin/../lib/gcc/nios2-elf/5.3.0/../../../../../H-x86_64-mingw32/nios2-elf/lib\libc.a(lib_a-fwalk.o)
 .bss           0x000000000000e608        0x0 c:/intelfpga/17.1/nios2eds/bin/gnu/h-x86_64-mingw32/bin/../lib/gcc/nios2-elf/5.3.0/../../../../../H-x86_64-mingw32/nios2-elf/lib\libc.a(lib_a-makebuf.o)
 .bss           0x000000000000e608        0x0 c:/intelfpga/17.1/nios2eds/bin/gnu/h-x86_64-mingw32/bin/../lib/gcc/nios2-elf/5.3.0/../../../../../H-x86_64-mingw32/nios2-elf/lib\libc.a(lib_a-mallocr.o)
 .bss.__malloc_current_mallinfo
                0x000000000000e608       0x28 c:/intelfpga/17.1/nios2eds/bin/gnu/h-x86_64-mingw32/bin/../lib/gcc/nios2-elf/5.3.0/../../../../../H-x86_64-mingw32/nios2-elf/lib\libc.a(lib_a-mallocr.o)
                0x000000000000e608                __malloc_current_mallinfo
 .bss           0x000000000000e630        0x0 c:/intelfpga/17.1/nios2eds/bin/gnu/h-x86_64-mingw32/bin/../lib/gcc/nios2-elf/5.3.0/../../../../../H-x86_64-mingw32/nios2-elf/lib\libc.a(lib_a-memset.o)
 .bss           0x000000000000e630        0x0 c:/intelfpga/17.1/nios2eds/bin/gnu/h-x86_64-mingw32/bin/../lib/gcc/nios2-elf/5.3.0/../../../../../H-x86_64-mingw32/nios2-elf/lib\libc.a(lib_a-sbrkr.o)
 .bss           0x000000000000e630        0x0 c:/intelfpga/17.1/nios2eds/bin/gnu/h-x86_64-mingw32/bin/../lib/gcc/nios2-elf/5.3.0/../../../../../H-x86_64-mingw32/nios2-elf/lib\libc.a(lib_a-stdio.o)
 .bss           0x000000000000e630        0x0 c:/intelfpga/17.1/nios2eds/bin/gnu/h-x86_64-mingw32/bin/../lib/gcc/nios2-elf/5.3.0/../../../../../H-x86_64-mingw32/nios2-elf/lib\libc.a(lib_a-writer.o)
 .bss           0x000000000000e630        0x0 c:/intelfpga/17.1/nios2eds/bin/gnu/h-x86_64-mingw32/bin/../lib/gcc/nios2-elf/5.3.0/../../../../../H-x86_64-mingw32/nios2-elf/lib\libc.a(closer.o)
 .bss           0x000000000000e630        0x0 c:/intelfpga/17.1/nios2eds/bin/gnu/h-x86_64-mingw32/bin/../lib/gcc/nios2-elf/5.3.0/../../../../../H-x86_64-mingw32/nios2-elf/lib\libc.a(lib_a-fclose.o)
 .bss           0x000000000000e630        0x0 c:/intelfpga/17.1/nios2eds/bin/gnu/h-x86_64-mingw32/bin/../lib/gcc/nios2-elf/5.3.0/../../../../../H-x86_64-mingw32/nios2-elf/lib\libc.a(lib_a-fstatr.o)
 .bss           0x000000000000e630        0x0 c:/intelfpga/17.1/nios2eds/bin/gnu/h-x86_64-mingw32/bin/../lib/gcc/nios2-elf/5.3.0/../../../../../H-x86_64-mingw32/nios2-elf/lib\libc.a(lib_a-isattyr.o)
 .bss           0x000000000000e630        0x0 c:/intelfpga/17.1/nios2eds/bin/gnu/h-x86_64-mingw32/bin/../lib/gcc/nios2-elf/5.3.0/../../../../../H-x86_64-mingw32/nios2-elf/lib\libc.a(lib_a-lseekr.o)
 .bss           0x000000000000e630        0x0 c:/intelfpga/17.1/nios2eds/bin/gnu/h-x86_64-mingw32/bin/../lib/gcc/nios2-elf/5.3.0/../../../../../H-x86_64-mingw32/nios2-elf/lib\libc.a(lib_a-readr.o)
 .bss           0x000000000000e630        0x0 c:/intelfpga/17.1/nios2eds/bin/gnu/h-x86_64-mingw32/bin/../lib/gcc/nios2-elf/5.3.0\libgcc.a(lib2-divmod.o)
 .bss           0x000000000000e630        0x0 ../media_computer_HAL_bsp/\libhal_bsp.a(alt_exit.o)
 .bss           0x000000000000e630        0x0 ../media_computer_HAL_bsp/\libhal_bsp.a(alt_fstat.o)
 .bss           0x000000000000e630        0x0 ../media_computer_HAL_bsp/\libhal_bsp.a(alt_isatty.o)
 .bss           0x000000000000e630        0x0 ../media_computer_HAL_bsp/\libhal_bsp.a(alt_lseek.o)
 .bss           0x000000000000e630        0x0 ../media_computer_HAL_bsp/\libhal_bsp.a(alt_malloc_lock.o)
 .bss           0x000000000000e630        0x0 ../media_computer_HAL_bsp/\libhal_bsp.a(alt_read.o)
 .bss           0x000000000000e630        0x0 ../media_computer_HAL_bsp/\libhal_bsp.a(alt_sbrk.o)
 .bss           0x000000000000e630        0x0 ../media_computer_HAL_bsp/\libhal_bsp.a(alt_write.o)
 *(COMMON)
 COMMON         0x000000000000e630      0x100 ../media_computer_HAL_bsp/\libhal_bsp.a(alt_irq_handler.o)
                0x000000000000e630                alt_irq
                0x000000000000e730                . = ALIGN (0x4)
                0x000000000000e730                __bss_end = ABSOLUTE (.)

.sdram          0x000000000000e730        0x0
                [!provide]                        PROVIDE (_alt_partition_sdram_start, ABSOLUTE (.))
 *(.sdram .sdram. sdram.*)
                0x000000000000e730                . = ALIGN (0x4)
                [!provide]                        PROVIDE (_alt_partition_sdram_end, ABSOLUTE (.))
                0x000000000000e730                _end = ABSOLUTE (.)
                0x000000000000e730                end = ABSOLUTE (.)
                0x000000000000e730                __alt_stack_base = ABSOLUTE (.)
                [!provide]                        PROVIDE (_alt_partition_sdram_load_addr, LOADADDR (.sdram))

.flash_controller
                0x0000000008000000        0x0 load address 0x000000000000e730
                [!provide]                        PROVIDE (_alt_partition_flash_controller_start, ABSOLUTE (.))
 *(.flash_controller .flash_controller. flash_controller.*)
                0x0000000008000000                . = ALIGN (0x4)
                [!provide]                        PROVIDE (_alt_partition_flash_controller_end, ABSOLUTE (.))
                [!provide]                        PROVIDE (_alt_partition_flash_controller_load_addr, LOADADDR (.flash_controller))

.onchip_memory  0x0000000008800000        0x0 load address 0x000000000000e730
                [!provide]                        PROVIDE (_alt_partition_onchip_memory_start, ABSOLUTE (.))
 *(.onchip_memory .onchip_memory. onchip_memory.*)
                0x0000000008800000                . = ALIGN (0x4)
                [!provide]                        PROVIDE (_alt_partition_onchip_memory_end, ABSOLUTE (.))
                [!provide]                        PROVIDE (_alt_partition_onchip_memory_load_addr, LOADADDR (.onchip_memory))

.stab
 *(.stab)

.stabstr
 *(.stabstr)

.stab.excl
 *(.stab.excl)

.stab.exclstr
 *(.stab.exclstr)

.stab.index
 *(.stab.index)

.stab.indexstr
 *(.stab.indexstr)

.comment        0x0000000000000000       0x23
 *(.comment)
 .comment       0x0000000000000000       0x23 obj/default/media_graphics_HAL.o
                                         0x24 (size before relaxing)
 .comment       0x0000000000000023       0x24 c:/intelfpga/17.1/nios2eds/bin/gnu/h-x86_64-mingw32/bin/../lib/gcc/nios2-elf/5.3.0/../../../../../H-x86_64-mingw32/nios2-elf/lib\libc.a(lib_a-memcpy.o)
 .comment       0x0000000000000023       0x24 ../media_computer_HAL_bsp/\libhal_bsp.a(alt_load.o)
 .comment       0x0000000000000023       0x24 ../media_computer_HAL_bsp/\libhal_bsp.a(alt_main.o)
 .comment       0x0000000000000023       0x24 ../media_computer_HAL_bsp/\libhal_bsp.a(alt_printf.o)
 .comment       0x0000000000000023       0x24 ../media_computer_HAL_bsp/\libhal_bsp.a(alt_putchar.o)
 .comment       0x0000000000000023       0x24 ../media_computer_HAL_bsp/\libhal_bsp.a(alt_sys_init.o)
 .comment       0x0000000000000023       0x24 ../media_computer_HAL_bsp/\libhal_bsp.a(altera_avalon_cfi_flash.o)
 .comment       0x0000000000000023       0x24 ../media_computer_HAL_bsp/\libhal_bsp.a(altera_avalon_cfi_flash_table.o)
 .comment       0x0000000000000023       0x24 ../media_computer_HAL_bsp/\libhal_bsp.a(altera_avalon_jtag_uart_fd.o)
 .comment       0x0000000000000023       0x24 ../media_computer_HAL_bsp/\libhal_bsp.a(altera_avalon_jtag_uart_init.o)
 .comment       0x0000000000000023       0x24 ../media_computer_HAL_bsp/\libhal_bsp.a(altera_avalon_jtag_uart_ioctl.o)
 .comment       0x0000000000000023       0x24 ../media_computer_HAL_bsp/\libhal_bsp.a(altera_avalon_jtag_uart_read.o)
 .comment       0x0000000000000023       0x24 ../media_computer_HAL_bsp/\libhal_bsp.a(altera_avalon_jtag_uart_write.o)
 .comment       0x0000000000000023       0x24 ../media_computer_HAL_bsp/\libhal_bsp.a(altera_avalon_timer_sc.o)
 .comment       0x0000000000000023       0x24 ../media_computer_HAL_bsp/\libhal_bsp.a(altera_up_avalon_character_lcd.o)
 .comment       0x0000000000000023       0x24 ../media_computer_HAL_bsp/\libhal_bsp.a(altera_up_avalon_ps2.o)
 .comment       0x0000000000000023       0x24 ../media_computer_HAL_bsp/\libhal_bsp.a(altera_up_avalon_rs232.o)
 .comment       0x0000000000000023       0x24 ../media_computer_HAL_bsp/\libhal_bsp.a(altera_up_avalon_video_character_buffer_with_dma.o)
 .comment       0x0000000000000023       0x24 ../media_computer_HAL_bsp/\libhal_bsp.a(altera_up_avalon_video_pixel_buffer_dma.o)
 .comment       0x0000000000000023       0x24 ../media_computer_HAL_bsp/\libhal_bsp.a(alt_alarm_start.o)
 .comment       0x0000000000000023       0x24 ../media_computer_HAL_bsp/\libhal_bsp.a(alt_close.o)
 .comment       0x0000000000000023       0x24 ../media_computer_HAL_bsp/\libhal_bsp.a(alt_dcache_flush.o)
 .comment       0x0000000000000023       0x24 ../media_computer_HAL_bsp/\libhal_bsp.a(alt_dcache_flush_all.o)
 .comment       0x0000000000000023       0x24 ../media_computer_HAL_bsp/\libhal_bsp.a(alt_dev.o)
 .comment       0x0000000000000023       0x24 ../media_computer_HAL_bsp/\libhal_bsp.a(alt_dev_llist_insert.o)
 .comment       0x0000000000000023       0x24 ../media_computer_HAL_bsp/\libhal_bsp.a(alt_do_ctors.o)
 .comment       0x0000000000000023       0x24 ../media_computer_HAL_bsp/\libhal_bsp.a(alt_do_dtors.o)
 .comment       0x0000000000000023       0x24 ../media_computer_HAL_bsp/\libhal_bsp.a(alt_errno.o)
 .comment       0x0000000000000023       0x24 ../media_computer_HAL_bsp/\libhal_bsp.a(alt_find_dev.o)
 .comment       0x0000000000000023       0x24 ../media_computer_HAL_bsp/\libhal_bsp.a(alt_flash_dev.o)
 .comment       0x0000000000000023       0x24 ../media_computer_HAL_bsp/\libhal_bsp.a(alt_icache_flush_all.o)
 .comment       0x0000000000000023       0x24 ../media_computer_HAL_bsp/\libhal_bsp.a(alt_io_redirect.o)
 .comment       0x0000000000000023       0x24 ../media_computer_HAL_bsp/\libhal_bsp.a(alt_irq_register.o)
 .comment       0x0000000000000023       0x24 ../media_computer_HAL_bsp/\libhal_bsp.a(alt_irq_vars.o)
 .comment       0x0000000000000023       0x24 ../media_computer_HAL_bsp/\libhal_bsp.a(alt_open.o)
 .comment       0x0000000000000023       0x24 ../media_computer_HAL_bsp/\libhal_bsp.a(alt_release_fd.o)
 .comment       0x0000000000000023       0x24 ../media_computer_HAL_bsp/\libhal_bsp.a(alt_tick.o)
 .comment       0x0000000000000023       0x24 ../media_computer_HAL_bsp/\libhal_bsp.a(altera_nios2_gen2_irq.o)
 .comment       0x0000000000000023       0x24 ../media_computer_HAL_bsp/\libhal_bsp.a(altera_avalon_cfi_flash_amd.o)
 .comment       0x0000000000000023       0x24 ../media_computer_HAL_bsp/\libhal_bsp.a(altera_avalon_cfi_flash_intel.o)
 .comment       0x0000000000000023       0x24 ../media_computer_HAL_bsp/\libhal_bsp.a(alt_find_file.o)
 .comment       0x0000000000000023       0x24 ../media_computer_HAL_bsp/\libhal_bsp.a(alt_get_fd.o)
 .comment       0x0000000000000023       0x24 ../media_computer_HAL_bsp/\libhal_bsp.a(alt_icache_flush.o)
 .comment       0x0000000000000023       0x24 ../media_computer_HAL_bsp/\libhal_bsp.a(alt_irq_handler.o)
 .comment       0x0000000000000023       0x24 ../media_computer_HAL_bsp/\libhal_bsp.a(alt_usleep.o)
 .comment       0x0000000000000023       0x24 ../media_computer_HAL_bsp/\libhal_bsp.a(alt_busy_sleep.o)
 .comment       0x0000000000000023       0x24 ../media_computer_HAL_bsp/\libhal_bsp.a(alt_instruction_exception_entry.o)
 .comment       0x0000000000000023       0x24 c:/intelfpga/17.1/nios2eds/bin/gnu/h-x86_64-mingw32/bin/../lib/gcc/nios2-elf/5.3.0/../../../../../H-x86_64-mingw32/nios2-elf/lib\libc.a(lib_a-atexit.o)
 .comment       0x0000000000000023       0x24 c:/intelfpga/17.1/nios2eds/bin/gnu/h-x86_64-mingw32/bin/../lib/gcc/nios2-elf/5.3.0/../../../../../H-x86_64-mingw32/nios2-elf/lib\libc.a(lib_a-exit.o)
 .comment       0x0000000000000023       0x24 c:/intelfpga/17.1/nios2eds/bin/gnu/h-x86_64-mingw32/bin/../lib/gcc/nios2-elf/5.3.0/../../../../../H-x86_64-mingw32/nios2-elf/lib\libc.a(lib_a-impure.o)
 .comment       0x0000000000000023       0x24 c:/intelfpga/17.1/nios2eds/bin/gnu/h-x86_64-mingw32/bin/../lib/gcc/nios2-elf/5.3.0/../../../../../H-x86_64-mingw32/nios2-elf/lib\libc.a(lib_a-int_errno.o)
 .comment       0x0000000000000023       0x24 c:/intelfpga/17.1/nios2eds/bin/gnu/h-x86_64-mingw32/bin/../lib/gcc/nios2-elf/5.3.0/../../../../../H-x86_64-mingw32/nios2-elf/lib\libc.a(lib_a-memcmp.o)
 .comment       0x0000000000000023       0x24 c:/intelfpga/17.1/nios2eds/bin/gnu/h-x86_64-mingw32/bin/../lib/gcc/nios2-elf/5.3.0/../../../../../H-x86_64-mingw32/nios2-elf/lib\libc.a(lib_a-putc.o)
 .comment       0x0000000000000023       0x24 c:/intelfpga/17.1/nios2eds/bin/gnu/h-x86_64-mingw32/bin/../lib/gcc/nios2-elf/5.3.0/../../../../../H-x86_64-mingw32/nios2-elf/lib\libc.a(lib_a-strcmp.o)
 .comment       0x0000000000000023       0x24 c:/intelfpga/17.1/nios2eds/bin/gnu/h-x86_64-mingw32/bin/../lib/gcc/nios2-elf/5.3.0/../../../../../H-x86_64-mingw32/nios2-elf/lib\libc.a(lib_a-strlen.o)
 .comment       0x0000000000000023       0x24 c:/intelfpga/17.1/nios2eds/bin/gnu/h-x86_64-mingw32/bin/../lib/gcc/nios2-elf/5.3.0/../../../../../H-x86_64-mingw32/nios2-elf/lib\libc.a(lib_a-wbuf.o)
 .comment       0x0000000000000023       0x24 c:/intelfpga/17.1/nios2eds/bin/gnu/h-x86_64-mingw32/bin/../lib/gcc/nios2-elf/5.3.0/../../../../../H-x86_64-mingw32/nios2-elf/lib\libc.a(lib_a-wsetup.o)
 .comment       0x0000000000000023       0x24 c:/intelfpga/17.1/nios2eds/bin/gnu/h-x86_64-mingw32/bin/../lib/gcc/nios2-elf/5.3.0/../../../../../H-x86_64-mingw32/nios2-elf/lib\libc.a(lib_a-__atexit.o)
 .comment       0x0000000000000023       0x24 c:/intelfpga/17.1/nios2eds/bin/gnu/h-x86_64-mingw32/bin/../lib/gcc/nios2-elf/5.3.0/../../../../../H-x86_64-mingw32/nios2-elf/lib\libc.a(lib_a-__call_atexit.o)
 .comment       0x0000000000000023       0x24 c:/intelfpga/17.1/nios2eds/bin/gnu/h-x86_64-mingw32/bin/../lib/gcc/nios2-elf/5.3.0/../../../../../H-x86_64-mingw32/nios2-elf/lib\libc.a(lib_a-fflush.o)
 .comment       0x0000000000000023       0x24 c:/intelfpga/17.1/nios2eds/bin/gnu/h-x86_64-mingw32/bin/../lib/gcc/nios2-elf/5.3.0/../../../../../H-x86_64-mingw32/nios2-elf/lib\libc.a(lib_a-findfp.o)
 .comment       0x0000000000000023       0x24 c:/intelfpga/17.1/nios2eds/bin/gnu/h-x86_64-mingw32/bin/../lib/gcc/nios2-elf/5.3.0/../../../../../H-x86_64-mingw32/nios2-elf/lib\libc.a(lib_a-freer.o)
 .comment       0x0000000000000023       0x24 c:/intelfpga/17.1/nios2eds/bin/gnu/h-x86_64-mingw32/bin/../lib/gcc/nios2-elf/5.3.0/../../../../../H-x86_64-mingw32/nios2-elf/lib\libc.a(lib_a-fwalk.o)
 .comment       0x0000000000000023       0x24 c:/intelfpga/17.1/nios2eds/bin/gnu/h-x86_64-mingw32/bin/../lib/gcc/nios2-elf/5.3.0/../../../../../H-x86_64-mingw32/nios2-elf/lib\libc.a(lib_a-makebuf.o)
 .comment       0x0000000000000023       0x24 c:/intelfpga/17.1/nios2eds/bin/gnu/h-x86_64-mingw32/bin/../lib/gcc/nios2-elf/5.3.0/../../../../../H-x86_64-mingw32/nios2-elf/lib\libc.a(lib_a-mallocr.o)
 .comment       0x0000000000000023       0x24 c:/intelfpga/17.1/nios2eds/bin/gnu/h-x86_64-mingw32/bin/../lib/gcc/nios2-elf/5.3.0/../../../../../H-x86_64-mingw32/nios2-elf/lib\libc.a(lib_a-memset.o)
 .comment       0x0000000000000023       0x24 c:/intelfpga/17.1/nios2eds/bin/gnu/h-x86_64-mingw32/bin/../lib/gcc/nios2-elf/5.3.0/../../../../../H-x86_64-mingw32/nios2-elf/lib\libc.a(lib_a-sbrkr.o)
 .comment       0x0000000000000023       0x24 c:/intelfpga/17.1/nios2eds/bin/gnu/h-x86_64-mingw32/bin/../lib/gcc/nios2-elf/5.3.0/../../../../../H-x86_64-mingw32/nios2-elf/lib\libc.a(lib_a-stdio.o)
 .comment       0x0000000000000023       0x24 c:/intelfpga/17.1/nios2eds/bin/gnu/h-x86_64-mingw32/bin/../lib/gcc/nios2-elf/5.3.0/../../../../../H-x86_64-mingw32/nios2-elf/lib\libc.a(lib_a-writer.o)
 .comment       0x0000000000000023       0x24 c:/intelfpga/17.1/nios2eds/bin/gnu/h-x86_64-mingw32/bin/../lib/gcc/nios2-elf/5.3.0/../../../../../H-x86_64-mingw32/nios2-elf/lib\libc.a(closer.o)
 .comment       0x0000000000000023       0x24 c:/intelfpga/17.1/nios2eds/bin/gnu/h-x86_64-mingw32/bin/../lib/gcc/nios2-elf/5.3.0/../../../../../H-x86_64-mingw32/nios2-elf/lib\libc.a(lib_a-fclose.o)
 .comment       0x0000000000000023       0x24 c:/intelfpga/17.1/nios2eds/bin/gnu/h-x86_64-mingw32/bin/../lib/gcc/nios2-elf/5.3.0/../../../../../H-x86_64-mingw32/nios2-elf/lib\libc.a(lib_a-fstatr.o)
 .comment       0x0000000000000023       0x24 c:/intelfpga/17.1/nios2eds/bin/gnu/h-x86_64-mingw32/bin/../lib/gcc/nios2-elf/5.3.0/../../../../../H-x86_64-mingw32/nios2-elf/lib\libc.a(lib_a-isattyr.o)
 .comment       0x0000000000000023       0x24 c:/intelfpga/17.1/nios2eds/bin/gnu/h-x86_64-mingw32/bin/../lib/gcc/nios2-elf/5.3.0/../../../../../H-x86_64-mingw32/nios2-elf/lib\libc.a(lib_a-lseekr.o)
 .comment       0x0000000000000023       0x24 c:/intelfpga/17.1/nios2eds/bin/gnu/h-x86_64-mingw32/bin/../lib/gcc/nios2-elf/5.3.0/../../../../../H-x86_64-mingw32/nios2-elf/lib\libc.a(lib_a-readr.o)
 .comment       0x0000000000000023       0x24 c:/intelfpga/17.1/nios2eds/bin/gnu/h-x86_64-mingw32/bin/../lib/gcc/nios2-elf/5.3.0\libgcc.a(lib2-divmod.o)
 .comment       0x0000000000000023       0x24 ../media_computer_HAL_bsp/\libhal_bsp.a(alt_exit.o)
 .comment       0x0000000000000023       0x24 ../media_computer_HAL_bsp/\libhal_bsp.a(alt_fstat.o)
 .comment       0x0000000000000023       0x24 ../media_computer_HAL_bsp/\libhal_bsp.a(alt_isatty.o)
 .comment       0x0000000000000023       0x24 ../media_computer_HAL_bsp/\libhal_bsp.a(alt_lseek.o)
 .comment       0x0000000000000023       0x24 ../media_computer_HAL_bsp/\libhal_bsp.a(alt_malloc_lock.o)
 .comment       0x0000000000000023       0x24 ../media_computer_HAL_bsp/\libhal_bsp.a(alt_read.o)
 .comment       0x0000000000000023       0x24 ../media_computer_HAL_bsp/\libhal_bsp.a(alt_sbrk.o)
 .comment       0x0000000000000023       0x24 ../media_computer_HAL_bsp/\libhal_bsp.a(alt_write.o)

.debug
 *(.debug)

.line
 *(.line)

.debug_srcinfo
 *(.debug_srcinfo)

.debug_sfnames
 *(.debug_sfnames)

.debug_aranges  0x0000000000000000      0xbb8
 *(.debug_aranges)
 .debug_aranges
                0x0000000000000000       0x28 ../media_computer_HAL_bsp//obj/HAL/src/crt0.o
 .debug_aranges
                0x0000000000000028       0x20 obj/default/media_graphics_HAL.o
 .debug_aranges
                0x0000000000000048       0x20 c:/intelfpga/17.1/nios2eds/bin/gnu/h-x86_64-mingw32/bin/../lib/gcc/nios2-elf/5.3.0/../../../../../H-x86_64-mingw32/nios2-elf/lib\libc.a(lib_a-memcpy.o)
 .debug_aranges
                0x0000000000000068       0x20 ../media_computer_HAL_bsp/\libhal_bsp.a(alt_load.o)
 .debug_aranges
                0x0000000000000088       0x20 ../media_computer_HAL_bsp/\libhal_bsp.a(alt_main.o)
 .debug_aranges
                0x00000000000000a8       0x20 ../media_computer_HAL_bsp/\libhal_bsp.a(alt_printf.o)
 .debug_aranges
                0x00000000000000c8       0x20 ../media_computer_HAL_bsp/\libhal_bsp.a(alt_putchar.o)
 .debug_aranges
                0x00000000000000e8       0x20 ../media_computer_HAL_bsp/\libhal_bsp.a(alt_sys_init.o)
 .debug_aranges
                0x0000000000000108       0x20 ../media_computer_HAL_bsp/\libhal_bsp.a(altera_avalon_cfi_flash.o)
 .debug_aranges
                0x0000000000000128       0x20 ../media_computer_HAL_bsp/\libhal_bsp.a(altera_avalon_cfi_flash_table.o)
 .debug_aranges
                0x0000000000000148       0x20 ../media_computer_HAL_bsp/\libhal_bsp.a(altera_avalon_jtag_uart_fd.o)
 .debug_aranges
                0x0000000000000168       0x20 ../media_computer_HAL_bsp/\libhal_bsp.a(altera_avalon_jtag_uart_init.o)
 .debug_aranges
                0x0000000000000188       0x20 ../media_computer_HAL_bsp/\libhal_bsp.a(altera_avalon_jtag_uart_ioctl.o)
 .debug_aranges
                0x00000000000001a8       0x20 ../media_computer_HAL_bsp/\libhal_bsp.a(altera_avalon_jtag_uart_read.o)
 .debug_aranges
                0x00000000000001c8       0x20 ../media_computer_HAL_bsp/\libhal_bsp.a(altera_avalon_jtag_uart_write.o)
 .debug_aranges
                0x00000000000001e8       0x20 ../media_computer_HAL_bsp/\libhal_bsp.a(altera_avalon_timer_sc.o)
 .debug_aranges
                0x0000000000000208       0x20 ../media_computer_HAL_bsp/\libhal_bsp.a(altera_up_avalon_character_lcd.o)
 .debug_aranges
                0x0000000000000228       0x20 ../media_computer_HAL_bsp/\libhal_bsp.a(altera_up_avalon_ps2.o)
 .debug_aranges
                0x0000000000000248       0x20 ../media_computer_HAL_bsp/\libhal_bsp.a(altera_up_avalon_rs232.o)
 .debug_aranges
                0x0000000000000268       0x20 ../media_computer_HAL_bsp/\libhal_bsp.a(altera_up_avalon_video_character_buffer_with_dma.o)
 .debug_aranges
                0x0000000000000288       0x20 ../media_computer_HAL_bsp/\libhal_bsp.a(altera_up_avalon_video_pixel_buffer_dma.o)
 .debug_aranges
                0x00000000000002a8       0x20 ../media_computer_HAL_bsp/\libhal_bsp.a(alt_alarm_start.o)
 .debug_aranges
                0x00000000000002c8       0x20 ../media_computer_HAL_bsp/\libhal_bsp.a(alt_close.o)
 .debug_aranges
                0x00000000000002e8       0x20 ../media_computer_HAL_bsp/\libhal_bsp.a(alt_dcache_flush.o)
 .debug_aranges
                0x0000000000000308       0x20 ../media_computer_HAL_bsp/\libhal_bsp.a(alt_dcache_flush_all.o)
 .debug_aranges
                0x0000000000000328       0x20 ../media_computer_HAL_bsp/\libhal_bsp.a(alt_dev.o)
 .debug_aranges
                0x0000000000000348       0x20 ../media_computer_HAL_bsp/\libhal_bsp.a(alt_dev_llist_insert.o)
 .debug_aranges
                0x0000000000000368       0x20 ../media_computer_HAL_bsp/\libhal_bsp.a(alt_do_ctors.o)
 .debug_aranges
                0x0000000000000388       0x20 ../media_computer_HAL_bsp/\libhal_bsp.a(alt_do_dtors.o)
 .debug_aranges
                0x00000000000003a8       0x18 ../media_computer_HAL_bsp/\libhal_bsp.a(alt_errno.o)
 .debug_aranges
                0x00000000000003c0       0x20 ../media_computer_HAL_bsp/\libhal_bsp.a(alt_find_dev.o)
 .debug_aranges
                0x00000000000003e0       0x20 ../media_computer_HAL_bsp/\libhal_bsp.a(alt_flash_dev.o)
 .debug_aranges