Flow report for DE2_115_MEDIA_COMPUTER
Thu Feb 09 12:15:59 2023
Quartus Prime Version 17.1.1 Internal Build 593 12/11/2017 SJ Standard Edition


---------------------
; Table of Contents ;
---------------------
  1. Legal Notice
  2. Flow Summary
  3. Flow Settings
  4. Flow Non-Default Global Settings
  5. Flow Elapsed Time
  6. Flow OS Summary
  7. Flow Log
  8. Flow Messages
  9. Flow Suppressed Messages



----------------
; Legal Notice ;
----------------
Copyright (C) 2017  Intel Corporation. All rights reserved.
Your use of Intel Corporation's design tools, logic functions 
and other software and tools, and its AMPP partner logic 
functions, and any output files from any of the foregoing 
(including device programming or simulation files), and any 
associated documentation or information are expressly subject 
to the terms and conditions of the Intel Program License 
Subscription Agreement, the Intel Quartus Prime License Agreement,
the Intel FPGA IP License Agreement, or other applicable license
agreement, including, without limitation, that your use is for
the sole purpose of programming logic devices manufactured by
Intel and sold by Intel or its authorized distributors.  Please
refer to the applicable agreement for further details.



+-----------------------------------------------------------------------------------------------+
; Flow Summary                                                                                  ;
+------------------------------------+----------------------------------------------------------+
; Flow Status                        ; Successful - Thu Feb 09 12:15:59 2023                    ;
; Quartus Prime Version              ; 17.1.1 Internal Build 593 12/11/2017 SJ Standard Edition ;
; Revision Name                      ; DE2_115_MEDIA_COMPUTER                                   ;
; Top-level Entity Name              ; DE2_115_Media_Computer                                   ;
; Family                             ; Cyclone IV E                                             ;
; Device                             ; EP4CE115F29C7                                            ;
; Timing Models                      ; Final                                                    ;
; Total logic elements               ; 13,240 / 114,480 ( 12 % )                                ;
;     Total combinational functions  ; 11,894 / 114,480 ( 10 % )                                ;
;     Dedicated logic registers      ; 8,215 / 114,480 ( 7 % )                                  ;
; Total registers                    ; 8334                                                     ;
; Total pins                         ; 359 / 529 ( 68 % )                                       ;
; Total virtual pins                 ; 0                                                        ;
; Total memory bits                  ; 381,312 / 3,981,312 ( 10 % )                             ;
; Embedded Multiplier 9-bit elements ; 16 / 532 ( 3 % )                                         ;
; Total PLLs                         ; 3 / 4 ( 75 % )                                           ;
+------------------------------------+----------------------------------------------------------+


+--------------------------------------------+
; Flow Settings                              ;
+-------------------+------------------------+
; Option            ; Setting                ;
+-------------------+------------------------+
; Start date & time ; 02/09/2023 12:12:02    ;
; Main task         ; Compilation            ;
; Revision Name     ; DE2_115_MEDIA_COMPUTER ;
+-------------------+------------------------+


+---------------------------------------------------------------------------------------------------------------------------------------------------------------+
; Flow Non-Default Global Settings                                                                                                                              ;
+-------------------------------------+---------------------------------------------------------------+---------------+------------------------+----------------+
; Assignment Name                     ; Value                                                         ; Default Value ; Entity Name            ; Section Id     ;
+-------------------------------------+---------------------------------------------------------------+---------------+------------------------+----------------+
; COMPILER_SIGNATURE_ID               ; 242211430917474.167594112127956                               ; --            ; --                     ; --             ;
; EDA_OUTPUT_DATA_FORMAT              ; Verilog Hdl                                                   ; --            ; --                     ; eda_simulation ;
; EDA_SIMULATION_TOOL                 ; ModelSim-Altera (Verilog)                                     ; <None>        ; --                     ; --             ;
; EDA_TIME_SCALE                      ; 1 ps                                                          ; --            ; --                     ; eda_simulation ;
; MAX_CORE_JUNCTION_TEMP              ; 85                                                            ; --            ; --                     ; --             ;
; MIN_CORE_JUNCTION_TEMP              ; 0                                                             ; --            ; --                     ; --             ;
; MISC_FILE                           ; nios_system/synthesis/../nios_system.cmp                      ; --            ; --                     ; --             ;
; MISC_FILE                           ; nios_system/synthesis/../../nios_system.qsys                  ; --            ; --                     ; --             ;
; NOMINAL_CORE_SUPPLY_VOLTAGE         ; 1.2V                                                          ; --            ; --                     ; --             ;
; PARTITION_COLOR                     ; -- (Not supported for targeted family)                        ; --            ; DE2_115_Media_Computer ; Top            ;
; PARTITION_FITTER_PRESERVATION_LEVEL ; -- (Not supported for targeted family)                        ; --            ; DE2_115_Media_Computer ; Top            ;
; PARTITION_NETLIST_TYPE              ; -- (Not supported for targeted family)                        ; --            ; DE2_115_Media_Computer ; Top            ;
; POWER_BOARD_THERMAL_MODEL           ; None (CONSERVATIVE)                                           ; --            ; --                     ; --             ;
; POWER_PRESET_COOLING_SOLUTION       ; 23 MM HEAT SINK WITH 200 LFPM AIRFLOW                         ; --            ; --                     ; --             ;
; PROJECT_OUTPUT_DIRECTORY            ; output_files                                                  ; --            ; --                     ; --             ;
; SLD_FILE                            ; nios_system/synthesis/nios_system.regmap                      ; --            ; --                     ; --             ;
; SLD_FILE                            ; nios_system/synthesis/nios_system.debuginfo                   ; --            ; --                     ; --             ;
; SLD_INFO                            ; QSYS_NAME nios_system HAS_SOPCINFO 1 GENERATION_ID 1675940081 ; --            ; nios_system            ; --             ;
; SOPCINFO_FILE                       ; nios_system/synthesis/../../nios_system.sopcinfo              ; --            ; --                     ; --             ;
; SYNTHESIS_ONLY_QIP                  ; On                                                            ; --            ; --                     ; --             ;
+-------------------------------------+---------------------------------------------------------------+---------------+------------------------+----------------+


+-------------------------------------------------------------------------------------------------------------------------------+
; Flow Elapsed Time                                                                                                             ;
+---------------------------+--------------+-------------------------+---------------------+------------------------------------+
; Module Name               ; Elapsed Time ; Average Processors Used ; Peak Virtual Memory ; Total CPU Time (on all processors) ;
+---------------------------+--------------+-------------------------+---------------------+------------------------------------+
; Analysis & Synthesis      ; 00:01:54     ; 1.0                     ; 5236 MB             ; 00:02:18                           ;
; Fitter                    ; 00:00:56     ; 1.1                     ; 6043 MB             ; 00:01:18                           ;
; Assembler                 ; 00:00:15     ; 1.0                     ; 4752 MB             ; 00:00:04                           ;
; TimeQuest Timing Analyzer ; 00:00:10     ; 1.3                     ; 4995 MB             ; 00:00:11                           ;
; EDA Netlist Writer        ; 00:00:25     ; 1.0                     ; 4840 MB             ; 00:00:14                           ;
; Total                     ; 00:03:40     ; --                      ; --                  ; 00:04:05                           ;
+---------------------------+--------------+-------------------------+---------------------+------------------------------------+


+-----------------------------------------------------------------------------------------+
; Flow OS Summary                                                                         ;
+---------------------------+------------------+------------+------------+----------------+
; Module Name               ; Machine Hostname ; OS Name    ; OS Version ; Processor type ;
+---------------------------+------------------+------------+------------+----------------+
; Analysis & Synthesis      ; labpro02         ; Windows 10 ; 10.0       ; x86_64         ;
; Fitter                    ; labpro02         ; Windows 10 ; 10.0       ; x86_64         ;
; Assembler                 ; labpro02         ; Windows 10 ; 10.0       ; x86_64         ;
; TimeQuest Timing Analyzer ; labpro02         ; Windows 10 ; 10.0       ; x86_64         ;
; EDA Netlist Writer        ; labpro02         ; Windows 10 ; 10.0       ; x86_64         ;
+---------------------------+------------------+------------+------------+----------------+


------------
; Flow Log ;
------------
quartus_map --read_settings_files=on --write_settings_files=off DE2_115_MEDIA_COMPUTER -c DE2_115_MEDIA_COMPUTER
quartus_fit --read_settings_files=off --write_settings_files=off DE2_115_MEDIA_COMPUTER -c DE2_115_MEDIA_COMPUTER
quartus_asm --read_settings_files=off --write_settings_files=off DE2_115_MEDIA_COMPUTER -c DE2_115_MEDIA_COMPUTER
quartus_sta DE2_115_MEDIA_COMPUTER -c DE2_115_MEDIA_COMPUTER
quartus_eda --read_settings_files=off --write_settings_files=off DE2_115_MEDIA_COMPUTER -c DE2_115_MEDIA_COMPUTER



